
> Configure project :
Fabric Loom: 1.10.5

> Task :compileJava UP-TO-DATE
> Task :processResources UP-TO-DATE
> Task :classes UP-TO-DATE
> Task :generateLog4jConfig UP-TO-DATE
> Task :generateRemapClasspath UP-TO-DATE
> Task :generateDLIConfig UP-TO-DATE
> Task :configureLaunch UP-TO-DATE

> Task :runServer
[21:24:10] [main/INFO] (FabricLoader/GameProvider) Loading Minecraft 1.21.6 with Fabric Loader 0.16.14
[21:24:10] [main/INFO] (FabricLoader) Loading 42 mods:
	- chunky 1.4.40
	- coreswap1216 1.21.6-0.1.0
	- fabric-api 0.127.0+1.21.6
	- fabric-api-base 0.4.63+9ec45cd89c
	- fabric-api-lookup-api-v1 1.6.99+9ec45cd89c
	- fabric-biome-api-v1 16.0.10+fa6cb72b9c
	- fabric-block-api-v1 1.1.2+78dbe4fb9c
	- fabric-block-view-api-v2 1.0.30+d32f812d9c
	- fabric-command-api-v2 2.2.52+b39a696a9c
	- fabric-content-registries-v0 10.0.17+fa6cb72b9c
	- fabric-convention-tags-v1 2.1.37+7f945d5b9c
	- fabric-convention-tags-v2 2.15.2+d9a896309c
	- fabric-crash-report-info-v1 0.3.14+fa6cb72b9c
	- fabric-data-attachment-api-v1 1.8.8+d9a896309c
	- fabric-data-generation-api-v1 23.2.0+a12c79229c
	- fabric-dimensions-v1 4.0.18+75fa737a9c
	- fabric-entity-events-v1 2.1.0+c9e472739c
	- fabric-events-interaction-v0 4.0.22+0d4d74479c
	- fabric-game-rule-api-v1 1.0.71+9ec45cd89c
	- fabric-gametest-api-v1 3.1.8+39ce47f59c
	- fabric-item-api-v1 11.4.2+5e29f1899c
	- fabric-item-group-api-v1 4.2.12+9ec45cd89c
	- fabric-lifecycle-events-v1 2.6.2+db4dfd859c
	- fabric-loot-api-v2 3.0.54+3f89f5a59c
	- fabric-loot-api-v3 2.0.1+f40817309c
	- fabric-message-api-v1 6.1.0+8efa0e499c
	- fabric-networking-api-v1 5.0.0+d32f812d9c
	- fabric-object-builder-api-v1 21.1.5+946cf7899c
	- fabric-particles-v1 4.1.6+c1dce2189c
	- fabric-recipe-api-v1 8.1.13+39ce47f59c
	- fabric-registry-sync-v0 6.1.25+9ec45cd89c
	- fabric-rendering-fluids-v1 3.1.29+fa6cb72b9c
	- fabric-resource-conditions-api-v1 5.0.23+908cbc919c
	- fabric-resource-loader-v0 3.1.10+fa6cb72b9c
	- fabric-screen-handler-api-v1 1.3.134+d32f812d9c
	- fabric-tag-api-v1 1.2.0+75110b049c
	- fabric-transfer-api-v1 6.0.4+074c84ee9c
	- fabric-transitive-access-wideners-v1 6.4.0+ac3e15d19c
	- fabricloader 0.16.14
	- java 21
	- minecraft 1.21.6
	- mixinextras 0.4.1
[21:24:13] [main/INFO] (FabricLoader/Mixin) SpongePowered MIXIN Subsystem Version=0.8.7 Source=file:/E:/PYTHON/CoreSwap/.gradle-home/caches/modules-2/files-2.1/net.fabricmc/sponge-mixin/0.15.5+mixin.0.8.7/22f9eb729e216a091673a574a5906dc1b9027fb3/sponge-mixin-0.15.5+mixin.0.8.7.jar Service=Knot/Fabric Env=SERVER
[21:24:13] [main/INFO] (FabricLoader/Mixin) Loaded Fabric development mappings for mixin remapper!
[21:24:13] [main/INFO] (FabricLoader/Mixin) Compatibility level set to JAVA_21
[21:24:14] [main/INFO] (FabricLoader/MixinExtras|Service) Initializing MixinExtras via com.llamalad7.mixinextras.service.MixinExtrasServiceImpl(version=0.4.1).
[21:24:15] [main/WARN] (WmiQueryHandler) COM exception querying Win32_Processor, which might not be on your system. Will not attempt to query it again. Error was -2147217405: (HRESULT: 80041003)
[21:24:15] [main/WARN] (WmiQueryHandler) COM exception querying Win32_Processor, which might not be on your system. Will not attempt to query it again. Error was -2147217405: (HRESULT: 80041003)
[21:24:15] [main/WARN] (WmiQueryHandler) COM exception querying Win32_PhysicalMemory, which might not be on your system. Will not attempt to query it again. Error was -2147217405: (HRESULT: 80041003)
[21:24:21] [main/INFO] (Minecraft) Environment: Environment[sessionHost=https://sessionserver.mojang.com, servicesHost=https://api.minecraftservices.com, name=PROD]
[21:24:21] [main/INFO] (Minecraft) No existing world data, creating new world
[21:24:22] [main/INFO] (Minecraft) Loaded 1407 recipes
[21:24:22] [main/INFO] (Minecraft) Loaded 1520 advancements
[21:24:22] [main/INFO] (BiomeModificationImpl) Applied 0 biome modifications to 0 of 65 new biomes in 1.370 ms
[21:24:22] [Server thread/INFO] (Minecraft) Starting minecraft server version 1.21.6
[21:24:22] [Server thread/INFO] (Minecraft) Loading properties
[21:24:22] [Server thread/INFO] (Minecraft) Default game type: SURVIVAL
[21:24:22] [Server thread/INFO] (Minecraft) Generating keypair
[21:24:22] [Server thread/INFO] (Minecraft) Starting Minecraft server on *:25565
[21:24:23] [Server thread/INFO] (Minecraft) Using default channel type
[21:24:23] [Server thread/WARN] (Minecraft) **** SERVER IS RUNNING IN OFFLINE/INSECURE MODE!
[21:24:23] [Server thread/WARN] (Minecraft) The server will make no attempt to authenticate usernames. Beware.
[21:24:23] [Server thread/WARN] (Minecraft) While this makes the game possible to play without internet access, it also opens up the ability for hackers to connect with any username they choose.
[21:24:23] [Server thread/WARN] (Minecraft) To change this, set "online-mode" to "true" in the server.properties file.
[21:24:23] [Server thread/INFO] (Minecraft) Preparing level "world"
[21:24:25] [Server thread/INFO] (Minecraft) Preparing start region for dimension minecraft:overworld
[21:24:25] [Worker-Main-5/INFO] (Minecraft) Preparing spawn area: 2%
[21:24:25] [Worker-Main-13/INFO] (Minecraft) Preparing spawn area: 2%
[21:24:26] [Worker-Main-11/INFO] (Minecraft) Preparing spawn area: 18%
[21:24:26] [Worker-Main-21/INFO] (Minecraft) Preparing spawn area: 18%
[21:24:27] [Worker-Main-16/INFO] (Minecraft) Preparing spawn area: 75%
[21:24:27] [Server thread/INFO] (Minecraft) Time elapsed: 2008 ms
[21:24:27] [Server thread/INFO] (Minecraft) Done (3.997s)! For help, type "help"
[21:24:27] [Server thread/INFO] (Minecraft) Starting remote control listener
[21:24:27] [Server thread/INFO] (Minecraft) Thread RCON Listener started
[21:24:27] [Server thread/INFO] (Minecraft) RCON running on 0.0.0.0:25575
[21:24:27] [Server thread/INFO] (Minecraft) [STDOUT]: [CppBridge] init seed=-424242424242424242 worldgenDir=E:\PYTHON\CoreSwap\versions\1.21.6\data\worldgen enabled=true stageMask=3 env.CORESWAP_DEFAULT_BLOCK=null
[21:24:27] [Server thread/INFO] (Minecraft) [STDOUT]: [CppBridge] dll=E:\PYTHON\CoreSwap\.tmp\java-tmp\coreswap-native\worldgen.dll size=2457088 sha256=abd7d8893d22e030...
[21:24:27] [Server thread/INFO] (Minecraft) [STDOUT]: [CppBridge] initNether seed=-424242424242424242 enabled=true stageMask=3
[21:24:27] [Server thread/INFO] (Minecraft) [STDOUT]: [CppBridge] initEnd seed=-424242424242424242 enabled=true stageMask=3
[21:24:27] [Server thread/INFO] (Minecraft) [STDOUT]: [BenchMod] CoreSwap replace mode: C++ worldgen active
[21:24:35] [RCON Listener #1/INFO] (Minecraft) Thread RCON Client /127.0.0.1 started
[21:24:35] [Worker-Main-16/INFO] (Minecraft) [STDOUT]: [WG-BULKWB-SENTINEL] armed: concurrent same-chunk write detector active (non-reentrant, in-flight overlap only; mirrors vanilla LockHelper semantics)
[21:24:35] [Worker-Main-16/INFO] (Minecraft) [STDOUT]: [WG-CONTENT-WB] chunk(127,126) hash=8c2464dea06aacfd dh=261d1831a63ab13c nz=32512
[21:24:35] [Worker-Main-12/INFO] (Minecraft) [STDOUT]: [WG-CONTENT-WB] chunk(128,130) hash=386aab6813b550b7 dh=e2f4b017ca7e4ef3 nz=29406
[21:24:35] [Worker-Main-6/INFO] (Minecraft) [STDOUT]: [WG-CONTENT-WB] chunk(128,128) hash=50cf96cfa4b3d4e1 dh=dc58f747577f4e2f nz=32032
[21:24:35] [Worker-Main-20/INFO] (Minecraft) [STDOUT]: [WG-CONTENT-WB] chunk(126,127) hash=5f74141fd156db25 dh=caf1d67f2ec5de15 nz=32069
[21:24:35] [Worker-Main-11/INFO] (Minecraft) [STDOUT]: [WG-CONTENT-WB] chunk(126,130) hash=753951f1de9c6e49 dh=9d6547f76be01637 nz=30671
[21:24:35] [Worker-Main-22/INFO] (Minecraft) [STDOUT]: [WG-CONTENT-WB] chunk(129,130) hash=a8b5219ce5fc830b dh=f68cd7856702de40 nz=30783
[21:24:35] [Worker-Main-10/INFO] (Minecraft) [STDOUT]: [WG-CONTENT-WB] chunk(128,127) hash=6fdab15a600c6189 dh=89f0d7de36fc5f58 nz=31443
[21:24:35] [Worker-Main-21/INFO] (Minecraft) [STDOUT]: [WG-CONTENT-WB] chunk(128,129) hash=b2e2d0ca43e77c05 dh=b7a49aeb3175b251 nz=28318
[21:24:35] [Worker-Main-1/INFO] (Minecraft) [STDOUT]: [WG-CONTENT-WB] chunk(126,128) hash=1446234f593a5540 dh=b76928edf5225ffe nz=31295
[21:24:35] [Worker-Main-23/INFO] (Minecraft) [STDOUT]: [WG-CONTENT-WB] chunk(126,126) hash=20294a030c8c57b0 dh=3b6bb726990ad39c nz=31222
[21:24:36] [Worker-Main-8/INFO] (Minecraft) [STDOUT]: [WG-CONTENT-WB] chunk(127,130) hash=e15e292820426c0 dh=d897207f53f619ca nz=30728
[21:24:36] [Worker-Main-18/INFO] (Minecraft) [STDOUT]: [WG-CONTENT-WB] chunk(129,127) hash=7c78364db1e4e217 dh=1e4b7840873ec252 nz=34734
[21:24:36] [Worker-Main-9/INFO] (Minecraft) [STDOUT]: [WG-CONTENT-WB] chunk(130,128) hash=cfc1e4ddd597e114 dh=c887d68c919522cb nz=33183
[21:24:36] [Worker-Main-13/INFO] (Minecraft) [STDOUT]: [WG-CONTENT-WB] chunk(126,129) hash=699eb565d6078e28 dh=5421c790c21f6052 nz=29259
[21:24:36] [Worker-Main-2/INFO] (Minecraft) [STDOUT]: [WG-CONTENT-WB] chunk(129,129) hash=a5575ffbe09b2817 dh=26a43cab2aed5df3 nz=32156
[21:24:36] [Worker-Main-3/INFO] (Minecraft) [STDOUT]: [WG-CONTENT-WB] chunk(127,127) hash=acf9bc7440bdae54 dh=900bfb2b8717f106 nz=31714
[21:24:36] [Worker-Main-5/INFO] (Minecraft) [STDOUT]: [WG-CONTENT-WB] chunk(128,126) hash=75bd3a7ea7dd4320 dh=3a96545cd7ec8f32 nz=31099
[21:24:36] [Worker-Main-14/INFO] (Minecraft) [STDOUT]: [WG-CONTENT-WB] chunk(129,128) hash=edbbdeb55039d83c dh=7ee458a5eac1399e nz=33126
[21:24:36] [Worker-Main-7/INFO] (Minecraft) [STDOUT]: [WG-CONTENT-WB] chunk(130,127) hash=62c84bc15eb4e983 dh=5135fe2ca8e15527 nz=29170
[21:24:36] [Worker-Main-17/INFO] (Minecraft) [STDOUT]: [WG-CONTENT-WB] chunk(127,128) hash=d8b337ea3639bc93 dh=8cca8988ee79ef16 nz=28932
[21:24:36] [Worker-Main-19/INFO] (Minecraft) [STDOUT]: [WG-CONTENT-WB] chunk(130,126) hash=8b4d859a5959d3ad dh=5a20469be9e9184d nz=30853
[21:24:36] [Worker-Main-15/INFO] (Minecraft) [STDOUT]: [WG-CONTENT-WB] chunk(127,129) hash=212c2d45b3711612 dh=657d7d5d1d8f62c8 nz=30117
[21:24:36] [Worker-Main-4/INFO] (Minecraft) [STDOUT]: [WG-CONTENT-WB] chunk(129,126) hash=cc71e19753a553d3 dh=ade0916bde3dda82 nz=34179
[21:24:36] [Worker-Main-16/INFO] (Minecraft) [STDOUT]: [WG-CONTENT-WB] chunk(130,129) hash=8a89b8551eded4ac dh=c92f283ec9805017 nz=32912
[21:24:36] [Worker-Main-12/INFO] (Minecraft) [STDOUT]: [WG-CONTENT-WB] chunk(130,130) hash=f9bb64d13eb94235 dh=737fb0e588f7535c nz=32472
[21:24:36] [Worker-Main-11/INFO] (Minecraft) [STDOUT]: [WG-CONTENT-WB] chunk(125,129) hash=e22185d6abe16ee0 dh=81024927d09322ad nz=30124
[21:24:36] [Worker-Main-20/INFO] (Minecraft) [STDOUT]: [WG-CONTENT-WB] chunk(125,126) hash=6172d4009db85c2d dh=cb2c1f8a4b3961f nz=31600
[21:24:36] [Worker-Main-1/INFO] (Minecraft) [STDOUT]: [WG-CONTENT-WB] chunk(125,127) hash=abd93962d473e781 dh=e74a439b0514235 nz=31705
[21:24:36] [Worker-Main-21/INFO] (Minecraft) [STDOUT]: [WG-CONTENT-WB] chunk(125,125) hash=b2b3a5ae9367b5e1 dh=94641360832680b6 nz=31691
[21:24:36] [Worker-Main-22/INFO] (Minecraft) [STDOUT]: [WG-CONTENT-WB] chunk(125,128) hash=8efd8bc80f6669d9 dh=ec04412c51aa420 nz=32372
[21:24:36] [Worker-Main-6/INFO] (Minecraft) [STDOUT]: [WG-CONTENT-WB] chunk(126,125) hash=7eb46ee6b81954ab dh=1e3e0f350a66d1ff nz=31901
[21:24:36] [Worker-Main-10/INFO] (Minecraft) [STDOUT]: [WG-CONTENT-WB] chunk(127,125) hash=b79c9c6ac365fddb dh=ab6b1defba82ecfa nz=32499
[21:24:36] [Worker-Main-23/INFO] (Minecraft) [STDOUT]: [WG-CONTENT-WB] chunk(128,125) hash=d4de6d0a52f08040 dh=385e639b0cef52a0 nz=31373
[21:24:36] [Worker-Main-9/INFO] (Minecraft) [STDOUT]: [WG-CONTENT-WB] chunk(125,130) hash=c4716045867b137a dh=6b17f7fbc6a192de nz=28820
[21:24:36] [Worker-Main-19/INFO] (Minecraft) [STDOUT]: [WG-CONTENT-WB] chunk(126,131) hash=600706ffbf23eb97 dh=b8e47e051d6e3bc6 nz=31645
[21:24:36] [Worker-Main-17/INFO] (Minecraft) [STDOUT]: [WG-CONTENT-WB] chunk(125,131) hash=362190c963b0fb75 dh=962cc76af51080b3 nz=30792
[21:24:36] [Worker-Main-8/INFO] (Minecraft) [STDOUT]: [WG-CONTENT-WB] chunk(129,125) hash=a81f9fb3043b3b6e dh=944f2c68b2f553f5 nz=31996
[21:24:36] [Worker-Main-13/INFO] (Minecraft) [STDOUT]: [WG-CONTENT-WB] chunk(131,126) hash=82f67a3f5adb9cfb dh=4e26e57744577c7f nz=22976
[21:24:36] [Worker-Main-2/INFO] (Minecraft) [STDOUT]: [WG-CONTENT-WB] chunk(131,127) hash=56fe8441beb19ed0 dh=ac1218c9192cc392 nz=26649
[21:24:36] [Worker-Main-18/INFO] (Minecraft) [STDOUT]: [WG-CONTENT-WB] chunk(130,125) hash=b1ea2a988fde8fa4 dh=4affc10dc76d0bd3 nz=31641
[21:24:36] [Worker-Main-15/INFO] (Minecraft) [STDOUT]: [WG-CONTENT-WB] chunk(127,131) hash=13b2ba67dd858d8c dh=667e68a952e7d4a nz=32228
[21:24:36] [Worker-Main-7/INFO] (Minecraft) [STDOUT]: [WG-CONTENT-WB] chunk(131,125) hash=d2d769788c9998b4 dh=bcd6ff7639f5f303 nz=22212
[21:24:36] [Worker-Main-14/INFO] (Minecraft) [STDOUT]: [WG-CONTENT-WB] chunk(131,130) hash=7673607939d53036 dh=95fdd64b2d9e845c nz=32482
[21:24:36] [Worker-Main-3/INFO] (Minecraft) [STDOUT]: [WG-CONTENT-WB] chunk(131,128) hash=24156f86afcf2ec6 dh=9030e6c9fbbf1a27 nz=31469
[21:24:36] [Worker-Main-5/INFO] (Minecraft) [STDOUT]: [WG-CONTENT-WB] chunk(131,129) hash=9bc15d37709794db dh=9ab5e57b4a9bfb7c nz=32394
[21:24:36] [Worker-Main-4/INFO] (Minecraft) [STDOUT]: [WG-CONTENT-WB] chunk(128,131) hash=b513498ceb13227 dh=a0fea04f98e840f0 nz=32017
[21:24:36] [Worker-Main-16/INFO] (Minecraft) [STDOUT]: [WG-CONTENT-WB] chunk(129,131) hash=90f0028b8e7d3865 dh=fcdb07e1bf490b79 nz=32298
[21:24:36] [Worker-Main-4/INFO] (Minecraft) [STDOUT]: [WG-CONTENT-WB] chunk(130,131) hash=3eab276f60799f7e dh=a7a1391264913c3c nz=32200
[21:24:36] [Worker-Main-3/INFO] (Minecraft) [STDOUT]: [WG-CONTENT-WB] chunk(131,131) hash=3409668fd4f4c8db dh=76f7404dd655015b nz=31889
[21:24:36] [Worker-Main-22/INFO] (Minecraft) [STDOUT]: [WG-CONTENT-WB] chunk(127,132) hash=f5d5fa4a1a2e53bb dh=c641de37bb9c7e5b nz=32509
[21:24:36] [Worker-Main-15/INFO] (Minecraft) [STDOUT]: [WG-CONTENT-WB] chunk(128,132) hash=d48959a116dfc15 dh=4103772ddb009f9b nz=31854
[21:24:36] [Worker-Main-11/INFO] (Minecraft) [STDOUT]: [WG-CONTENT-WB] chunk(129,132) hash=6859e4c3b467482a dh=f804f7059e4ccf2b nz=31977
[21:24:36] [Worker-Main-9/INFO] (Minecraft) [STDOUT]: [WG-CONTENT-WB] chunk(130,132) hash=eabc326f12f5e7c7 dh=7aead97d6e34f72c nz=32506
[21:24:36] [Worker-Main-19/INFO] (Minecraft) [STDOUT]: [WG-CONTENT-WB] chunk(131,132) hash=fc552485823ba297 dh=2ca2f738f8cef241 nz=31780
[21:24:36] [Worker-Main-1/INFO] (Minecraft) [STDOUT]: [WG-CONTENT-WB] chunk(126,132) hash=2f6358ab83b5724d dh=9a8955bacfa32dc2 nz=32446
[21:24:36] [Worker-Main-17/INFO] (Minecraft) [STDOUT]: [WG-CONTENT-WB] chunk(128,133) hash=6fb668ac6cce29e4 dh=6210642263095edc nz=31593
[21:24:36] [Worker-Main-5/INFO] (Minecraft) [STDOUT]: [WG-CONTENT-WB] chunk(124,126) hash=7f5fcc1ed4704901 dh=d464283dc8a3e10d nz=32429
[21:24:36] [Worker-Main-21/INFO] (Minecraft) [STDOUT]: [WG-CONTENT-WB] chunk(127,133) hash=112d565670e67205 dh=e52b5377e5fd59b8 nz=31916
[21:24:36] [Worker-Main-16/INFO] (Minecraft) [STDOUT]: [WG-CONTENT-WB] chunk(126,133) hash=e495a4a5c1dd29fa dh=73b3945bedc98f4d nz=32510
[21:24:36] [Worker-Main-23/INFO] (Minecraft) [STDOUT]: [WG-CONTENT-WB] chunk(129,133) hash=2945f0f193cf0a50 dh=a46ab2320daff6bb nz=32110
[21:24:36] [Worker-Main-10/INFO] (Minecraft) [STDOUT]: [WG-CONTENT-WB] chunk(131,133) hash=efe4fbbbae4ddc0 dh=22ca5b17bcc6c4eb nz=32334
[21:24:36] [Worker-Main-14/INFO] (Minecraft) [STDOUT]: [WG-CONTENT-WB] chunk(125,133) hash=2839f6a52f0f27d8 dh=d840a9ca2fc169d9 nz=32339
[21:24:36] [Worker-Main-2/INFO] (Minecraft) [STDOUT]: [WG-CONTENT-WB] chunk(124,129) hash=56910f5aef427e1f dh=bd0aabf71f7dcd95 nz=27933
[21:24:36] [Worker-Main-3/INFO] (Minecraft) [STDOUT]: [WG-CONTENT-WB] chunk(126,124) hash=77c27e8b96b2ee7f dh=99d2076ac8c0fac3 nz=32255
[21:24:36] [Worker-Main-18/INFO] (Minecraft) [STDOUT]: [WG-CONTENT-WB] chunk(125,124) hash=fc39e9e683dc9939 dh=63dbcca6a943a3c nz=31796
[21:24:36] [Worker-Main-6/INFO] (Minecraft) [STDOUT]: [WG-CONTENT-WB] chunk(124,127) hash=31fbc99f31d6daf dh=aa26f96629e57876 nz=31949
[21:24:36] [Worker-Main-20/INFO] (Minecraft) [STDOUT]: [WG-CONTENT-WB] chunk(130,133) hash=588097a896cf6c1c dh=6566c5def7a31777 nz=32511
[21:24:36] [Worker-Main-7/INFO] (Minecraft) [STDOUT]: [WG-CONTENT-WB] chunk(124,128) hash=6869bb36d5843648 dh=3cb75b09049b4694 nz=31531
[21:24:36] [Worker-Main-8/INFO] (Minecraft) [STDOUT]: [WG-CONTENT-WB] chunk(125,132) hash=593f952ba95742d3 dh=d082f7febd4f6c79 nz=32384
[21:24:36] [Worker-Main-12/INFO] (Minecraft) [STDOUT]: [WG-CONTENT-WB] chunk(124,125) hash=8bbaf92cccabc754 dh=46f674b29afa48e9 nz=31460
[21:24:36] [Worker-Main-13/INFO] (Minecraft) [STDOUT]: [WG-CONTENT-WB] chunk(124,124) hash=7073d7e3bb50192e dh=bf4731f6519986cf nz=29812
[21:24:36] [Worker-Main-4/INFO] (Minecraft) [STDOUT]: [WG-CONTENT-WB] chunk(127,124) hash=7cad63393ddc9bc3 dh=6b2a282caf2fc073 nz=32407
[21:24:36] [Worker-Main-22/INFO] (Minecraft) [STDOUT]: [WG-CONTENT-WB] chunk(128,124) hash=94145dcfe181d148 dh=f9d699b145a1039 nz=29845
[21:24:36] [Worker-Main-9/INFO] (Minecraft) [STDOUT]: [WG-CONTENT-WB] chunk(124,130) hash=7a1243bf589490cd dh=5ca4c1c0b6e24bc9 nz=22956
[21:24:36] [Worker-Main-15/INFO] (Minecraft) [STDOUT]: [WG-CONTENT-WB] chunk(129,124) hash=5c46698891d59ade dh=f29ec8c758699cf6 nz=30678
[21:24:36] [Worker-Main-11/INFO] (Minecraft) [STDOUT]: [WG-CONTENT-WB] chunk(130,124) hash=34a1e236d5a8020d dh=b80a260025391c8d nz=33210
[21:24:36] [Worker-Main-8/INFO] (Minecraft) [STDOUT]: [WG-CONTENT-WB] chunk(128,134) hash=22d1220bd67a8b82 dh=b4bb7324d036a84 nz=32509
[21:24:36] [Worker-Main-3/INFO] (Minecraft) [STDOUT]: [WG-CONTENT-WB] chunk(126,134) hash=162c0049a61a6a51 dh=98169001ef2427d6 nz=32380
[21:24:36] [Worker-Main-16/INFO] (Minecraft) [STDOUT]: [WG-CONTENT-WB] chunk(129,134) hash=af46a4c6b83f1db7 dh=618e1b982734cc64 nz=32512
[21:24:36] [Worker-Main-22/INFO] (Minecraft) [STDOUT]: [WG-CONTENT-WB] chunk(132,124) hash=b6daf8c5466e1d90 dh=36143c65ba3e9395 nz=24078
[21:24:36] [Worker-Main-5/INFO] (Minecraft) [STDOUT]: [WG-CONTENT-WB] chunk(127,134) hash=7002d0af8928c6ef dh=4046af6e5daad2b9 nz=31951
[21:24:36] [Worker-Main-20/INFO] (Minecraft) [STDOUT]: [WG-CONTENT-WB] chunk(132,130) hash=1dac80adea33b3d0 dh=c761c41b19ee797f nz=31223
[21:24:36] [Worker-Main-1/INFO] (Minecraft) [STDOUT]: [WG-CONTENT-WB] chunk(124,131) hash=e2017bca287b3f0b dh=16365247c51b782f nz=26821
[21:24:36] [Worker-Main-18/INFO] (Minecraft) [STDOUT]: [WG-CONTENT-WB] chunk(132,129) hash=139b7aadbbd4ff96 dh=4fc3f34caaf5aa99 nz=29895
[21:24:36] [Worker-Main-10/INFO] (Minecraft) [STDOUT]: [WG-CONTENT-WB] chunk(131,124) hash=395172908e66a6bc dh=d9322c3442ea4cb1 nz=27377
[21:24:36] [Worker-Main-13/INFO] (Minecraft) [STDOUT]: [WG-CONTENT-WB] chunk(130,134) hash=c290ee0f98038fd3 dh=e620673258c89692 nz=32509
[21:24:36] [Worker-Main-9/INFO] (Minecraft) [STDOUT]: [WG-CONTENT-WB] chunk(132,132) hash=f91b7f7249df7f78 dh=d46f57d42133c62e nz=32503
[21:24:36] [Worker-Main-21/INFO] (Minecraft) [STDOUT]: [WG-CONTENT-WB] chunk(124,132) hash=2e0889894af8885f dh=e162d7cd076e63a4 nz=31349
[21:24:36] [Worker-Main-4/INFO] (Minecraft) [STDOUT]: [WG-CONTENT-WB] chunk(132,126) hash=7f6437e52dfa55d7 dh=7548a06670d3aaea nz=22082
[21:24:36] [Worker-Main-17/INFO] (Minecraft) [STDOUT]: [WG-CONTENT-WB] chunk(132,125) hash=7f7199f2d1ec45ee dh=cba0d99fb4e0cfec nz=20598
[21:24:36] [Worker-Main-6/INFO] (Minecraft) [STDOUT]: [WG-CONTENT-WB] chunk(132,127) hash=eb79fb3a55442be4 dh=dfb4540d6276ede nz=29003
[21:24:36] [Worker-Main-14/INFO] (Minecraft) [STDOUT]: [WG-CONTENT-WB] chunk(125,134) hash=6ff5950ac4baae06 dh=bf8de4041433f71c nz=32194
[21:24:36] [Worker-Main-23/INFO] (Minecraft) [STDOUT]: [WG-CONTENT-WB] chunk(132,131) hash=42ea6733721eb641 dh=173df8ced985de4e nz=32362
[21:24:36] [Worker-Main-2/INFO] (Minecraft) [STDOUT]: [WG-CONTENT-WB] chunk(132,128) hash=16a70708e4844ba4 dh=d6d89fc70e23fd1a nz=31602
[21:24:36] [Worker-Main-12/INFO] (Minecraft) [STDOUT]: [WG-CONTENT-WB] chunk(131,134) hash=f28ee9a6983edc67 dh=9c4d513a5b9c133f nz=32261
[21:24:36] [Worker-Main-15/INFO] (Minecraft) [STDOUT]: [WG-CONTENT-WB] chunk(124,133) hash=18a2d1045ab82ad2 dh=6dccabc1c41b5488 nz=30908
[21:24:36] [Worker-Main-7/INFO] (Minecraft) [STDOUT]: [WG-CONTENT-WB] chunk(124,134) hash=78fd6c37d3cc3087 dh=b9dfeab07cf5356 nz=32213
[21:24:36] [Worker-Main-3/INFO] (Minecraft) [STDOUT]: [WG-CONTENT-WB] chunk(125,135) hash=b854534bdf5813b0 dh=f4dbb8ddc024a4b nz=32483
[21:24:36] [Worker-Main-8/INFO] (Minecraft) [STDOUT]: [WG-CONTENT-WB] chunk(128,135) hash=5f0af63288188fd8 dh=7445ca8d6c6c0853 nz=29847
[21:24:36] [Worker-Main-16/INFO] (Minecraft) [STDOUT]: [WG-CONTENT-WB] chunk(126,135) hash=2328e5dd261fa0c1 dh=5a773b47f394a07 nz=32128
[21:24:36] [Worker-Main-11/INFO] (Minecraft) [STDOUT]: [WG-CONTENT-WB] chunk(129,135) hash=96bedf68feab4259 dh=6920bc6c44fc3b2b nz=31133
[21:24:36] [Worker-Main-19/INFO] (Minecraft) [STDOUT]: [WG-CONTENT-WB] chunk(127,135) hash=b67ebf6dff4b4972 dh=8ef5dbec2e4323b6 nz=32056
[21:24:36] [Worker-Main-5/INFO] (Minecraft) [STDOUT]: [WG-CONTENT-WB] chunk(131,135) hash=247d11d4e9a89a36 dh=a75546c810e35b00 nz=32338
[21:24:36] [Worker-Main-22/INFO] (Minecraft) [STDOUT]: [WG-CONTENT-WB] chunk(130,135) hash=922750944f07788a dh=d09423a90b7c61c nz=31196
[21:24:36] [Worker-Main-10/INFO] (Minecraft) [STDOUT]: [WG-CONTENT-WB] chunk(132,133) hash=5f205bb4288cbf7b dh=648d1d6ccd83a484 nz=32208
[21:24:36] [Worker-Main-12/INFO] (Minecraft) [STDOUT]: [WG-CONTENT-WB] chunk(132,134) hash=c85158bb263d2599 dh=a8d13ae0ede7bd79 nz=32349
[21:24:36] [Worker-Main-17/INFO] (Minecraft) [STDOUT]: [WG-CONTENT-WB] chunk(129,136) hash=71b689219e92b27e dh=98d39894ab5a77c3 nz=31043
[21:24:36] [Worker-Main-6/INFO] (Minecraft) [STDOUT]: [WG-CONTENT-WB] chunk(126,136) hash=a08d90c5fbcadd46 dh=25bf39278bac549b nz=32180
[21:24:36] [Worker-Main-8/INFO] (Minecraft) [STDOUT]: [WG-CONTENT-WB] chunk(130,136) hash=82c64499810dbc44 dh=c80f437c42c22aab nz=29573
[21:24:36] [Worker-Main-1/INFO] (Minecraft) [STDOUT]: [WG-CONTENT-WB] chunk(125,136) hash=3a3e1b1679b9e886 dh=74cdd6d3cda34615 nz=32238
[21:24:36] [Worker-Main-3/INFO] (Minecraft) [STDOUT]: [WG-CONTENT-WB] chunk(128,136) hash=5e1313307104f2c9 dh=c5ef32d4479cb248 nz=29572
[21:24:36] [Worker-Main-13/INFO] (Minecraft) [STDOUT]: [WG-CONTENT-WB] chunk(127,136) hash=5fb382d4df05c2b8 dh=6286f367a0bd3f49 nz=31661
[21:24:36] [Worker-Main-15/INFO] (Minecraft) [STDOUT]: [WG-CONTENT-WB] chunk(131,136) hash=9aa010d195455f5c dh=f9f1f0051e52fd76 nz=30656
[21:24:36] [Worker-Main-19/INFO] (Minecraft) [STDOUT]: [WG-CONTENT-WB] chunk(129,137) hash=f4804d02b93b5fef dh=bf91a83ad3b998c6 nz=32483
[21:24:36] [Worker-Main-9/INFO] (Minecraft) [STDOUT]: [WG-CONTENT-WB] chunk(126,137) hash=f5f92d7ee58b8da5 dh=77e01f9ebce48bce nz=32506
[21:24:36] [Worker-Main-15/INFO] (Minecraft) [STDOUT]: [WG-CONTENT-WB] chunk(128,137) hash=5c0d31da395221cf dh=6ce159c28873f188 nz=32481
[21:24:36] [Worker-Main-14/INFO] (Minecraft) [STDOUT]: [WG-CONTENT-WB] chunk(125,137) hash=7d543b1cbcfe6efa dh=49cdbe1660715630 nz=32512
[21:24:36] [Worker-Main-22/INFO] (Minecraft) [STDOUT]: [WG-CONTENT-WB] chunk(130,137) hash=d3be5f769241471b dh=e78aef85c174787c nz=32287
[21:24:36] [Worker-Main-6/INFO] (Minecraft) [STDOUT]: [WG-CONTENT-WB] chunk(127,137) hash=2a6c34ab79618032 dh=d3a1a4d45f13d186 nz=32252
[21:24:36] [Worker-Main-12/INFO] (Minecraft) [STDOUT]: [WG-CONTENT-WB] chunk(126,138) hash=bd17951977a04e92 dh=bcbd06d9ed977917 nz=32512
[21:24:36] [Worker-Main-11/INFO] (Minecraft) [STDOUT]: [WG-CONTENT-WB] chunk(131,138) hash=44a4bfc4ef80c8f6 dh=521616170c53d605 nz=32512
[21:24:36] [Worker-Main-2/INFO] (Minecraft) [STDOUT]: [WG-CONTENT-WB] chunk(129,138) hash=2ba7612017ea7e12 dh=d3eb2444ca83d8b4 nz=32512
[21:24:36] [Worker-Main-18/INFO] (Minecraft) [STDOUT]: [WG-CONTENT-WB] chunk(128,138) hash=81fcb0894acdad19 dh=fd4975f05dd7d6d4 nz=32512
[21:24:36] [Worker-Main-5/INFO] (Minecraft) [STDOUT]: [WG-CONTENT-WB] chunk(131,137) hash=50ec9629a6eecbb4 dh=a68274fe0d596a57 nz=32508
[21:24:36] [Worker-Main-8/INFO] (Minecraft) [STDOUT]: [WG-CONTENT-WB] chunk(130,138) hash=aaf1d99495f21640 dh=90c4200583ea153b nz=32509
[21:24:36] [Worker-Main-23/INFO] (Minecraft) [STDOUT]: [WG-CONTENT-WB] chunk(127,138) hash=78acd480720b5935 dh=65d5ec72eb3d5f5 nz=32512
[21:24:36] [Worker-Main-7/INFO] (Minecraft) [STDOUT]: [WG-CONTENT-WB] chunk(125,138) hash=dbd8a56c9da6a0fd dh=8e49f6bddbef0aa1 nz=32430
[21:24:36] [Worker-Main-4/INFO] (Minecraft) [STDOUT]: [WG-CONTENT-WB] chunk(124,135) hash=2a4eb562a89948f7 dh=e952cec84f07b30d nz=32069
[21:24:36] [Worker-Main-13/INFO] (Minecraft) [STDOUT]: [WG-CONTENT-WB] chunk(132,135) hash=a92db2e1562b958 dh=2664ffc637a0a67d nz=32382
[21:24:36] [Worker-Main-3/INFO] (Minecraft) [STDOUT]: [WG-CONTENT-WB] chunk(124,137) hash=e24ce5fa3b8eddf0 dh=be14dd3a4c93a8c9 nz=32079
[21:24:36] [Worker-Main-20/INFO] (Minecraft) [STDOUT]: [WG-CONTENT-WB] chunk(124,136) hash=a235636ba6892cf0 dh=12dfc1307ed5d497 nz=32225
[21:24:36] [Worker-Main-1/INFO] (Minecraft) [STDOUT]: [WG-CONTENT-WB] chunk(132,136) hash=129f1b6b6949745 dh=f8e91c306e67fb44 nz=33080
[21:24:36] [Worker-Main-9/INFO] (Minecraft) [STDOUT]: [WG-CONTENT-WB] chunk(130,139) hash=f2d94261870c27c4 dh=879d5d0cbdd124f3 nz=32505
[21:24:36] [Worker-Main-16/INFO] (Minecraft) [STDOUT]: [WG-CONTENT-WB] chunk(124,138) hash=10f6472ed77ea7f2 dh=537310b8c5065e nz=32312
[21:24:36] [Worker-Main-21/INFO] (Minecraft) [STDOUT]: [WG-CONTENT-WB] chunk(126,139) hash=2e0ec8bf8630d2fd dh=e64b36a1d913bc5 nz=32512
[21:24:36] [Worker-Main-17/INFO] (Minecraft) [STDOUT]: [WG-CONTENT-WB] chunk(127,139) hash=1fc942429b068ec5 dh=e50faeb82dfa9121 nz=32512
[21:24:36] [Worker-Main-10/INFO] (Minecraft) [STDOUT]: [WG-CONTENT-WB] chunk(128,139) hash=822968c66df351da dh=6a20b89bd23451eb nz=32512
[21:24:36] [Worker-Main-19/INFO] (Minecraft) [STDOUT]: [WG-CONTENT-WB] chunk(129,139) hash=dc200bfc2489cb96 dh=e64b36a1d913bc5 nz=32512
[21:24:36] [Worker-Main-6/INFO] (Minecraft) [STDOUT]: [WG-CONTENT-WB] chunk(132,137) hash=b8e2ce107f911bc7 dh=cdde1a779b205cdc nz=32503
[21:24:36] [Worker-Main-3/INFO] (Minecraft) [STDOUT]: [WG-CONTENT-WB] chunk(132,138) hash=2de56e9d8801c27d dh=af78669b437a7f99 nz=32512
[21:24:36] [Worker-Main-14/INFO] (Minecraft) [STDOUT]: [WG-CONTENT-WB] chunk(124,139) hash=6c26e7b43bbb4693 dh=af023b58c30b8c0b nz=32507
[21:24:36] [Worker-Main-22/INFO] (Minecraft) [STDOUT]: [WG-CONTENT-WB] chunk(125,139) hash=a621e05baafdb839 dh=e194414e63d8fa05 nz=32512
[21:24:36] [Worker-Main-18/INFO] (Minecraft) [STDOUT]: [WG-CONTENT-WB] chunk(131,139) hash=2ca36d8cde06d631 dh=1b02d048626b8426 nz=32512
[21:24:36] [Worker-Main-20/INFO] (Minecraft) [STDOUT]: [WG-CONTENT-WB] chunk(132,139) hash=50a4cd7dd1400787 dh=dee47f3f98034dd4 nz=32512
[21:24:36] [Worker-Main-13/INFO] (Minecraft) [STDOUT]: [WG-CONTENT-WB] chunk(129,140) hash=c44b82e4b05960dd dh=e64b36a1d913bc5 nz=32512
[21:24:36] [Worker-Main-1/INFO] (Minecraft) [STDOUT]: [WG-CONTENT-WB] chunk(128,140) hash=7fc7ce3e8fa3b522 dh=37491220d1a227c5 nz=32512
[21:24:36] [Worker-Main-16/INFO] (Minecraft) [STDOUT]: [WG-CONTENT-WB] chunk(130,140) hash=b154f610b75113ed dh=968ac94035db17ff nz=32512
[21:24:36] [Worker-Main-19/INFO] (Minecraft) [STDOUT]: [WG-CONTENT-WB] chunk(127,140) hash=11319fbb032af05e dh=dc841cf523884370 nz=32512
[21:24:36] [Worker-Main-15/INFO] (Minecraft) [STDOUT]: [WG-CONTENT-WB] chunk(126,140) hash=1c7a2c148b8bed56 dh=d4d9982206d25d3 nz=32512
[21:24:36] [Worker-Main-23/INFO] (Minecraft) [STDOUT]: [WG-CONTENT-WB] chunk(131,140) hash=c332c934e9286b04 dh=ff28c2d321ab9bfd nz=32512
[21:24:36] [Worker-Main-9/INFO] (Minecraft) [STDOUT]: [WG-CONTENT-WB] chunk(125,140) hash=b2205e4998b07f36 dh=285bd4e98a1e176b nz=32512
[21:24:36] [Worker-Main-8/INFO] (Minecraft) [STDOUT]: [WG-CONTENT-WB] chunk(130,141) hash=12686b99beef1672 dh=1cd0ce56178636e2 nz=32512
[21:24:36] [Worker-Main-4/INFO] (Minecraft) [STDOUT]: [WG-CONTENT-WB] chunk(127,141) hash=b2c532365a4186b1 dh=9844a2f36d587023 nz=32512
[21:24:36] [Worker-Main-1/INFO] (Minecraft) [STDOUT]: [WG-CONTENT-WB] chunk(129,141) hash=194834672b564b39 dh=2566bec73671e47b nz=32512
[21:24:36] [Worker-Main-13/INFO] (Minecraft) [STDOUT]: [WG-CONTENT-WB] chunk(128,141) hash=cbe34dd598eaf811 dh=c7ec2ab9db155690 nz=32512
[21:24:36] [Worker-Main-3/INFO] (Minecraft) [STDOUT]: [WG-CONTENT-WB] chunk(125,141) hash=bbda91b9210eb9f5 dh=e32288fc56d8a97c nz=32512
[21:24:36] [Worker-Main-11/INFO] (Minecraft) [STDOUT]: [WG-CONTENT-WB] chunk(126,141) hash=6f4726fa01754565 dh=7bf3c81cd1c4085d nz=32512
[21:24:36] [Worker-Main-14/INFO] (Minecraft) [STDOUT]: [WG-CONTENT-WB] chunk(127,142) hash=42b7aba02ec7a1d2 dh=b392850faaa2761 nz=32512
[21:24:36] [Worker-Main-5/INFO] (Minecraft) [STDOUT]: [WG-CONTENT-WB] chunk(126,142) hash=b5033c33efade0d2 dh=52ad5485830cc6d8 nz=32512
[21:24:36] [Worker-Main-22/INFO] (Minecraft) [STDOUT]: [WG-CONTENT-WB] chunk(128,142) hash=9aba838dcd252a1a dh=adad2850b5bd9036 nz=32512
[21:24:36] [Worker-Main-7/INFO] (Minecraft) [STDOUT]: [WG-CONTENT-WB] chunk(129,142) hash=487804eab90c2915 dh=2fdc541dae22bd9a nz=32512
[21:24:36] [Worker-Main-10/INFO] (Minecraft) [STDOUT]: [WG-CONTENT-WB] chunk(130,142) hash=565eca8cc5f186a dh=543fe1a8e5f963f4 nz=32749
[21:24:36] [Worker-Main-17/INFO] (Minecraft) [STDOUT]: [WG-CONTENT-WB] chunk(125,142) hash=e1cf7b8d97f094d6 dh=eb0a92b56d5a073a nz=32512
[21:24:36] [Worker-Main-2/INFO] (Minecraft) [STDOUT]: [WG-CONTENT-WB] chunk(124,140) hash=f297a28024ae899 dh=d38f1c93dcc760e1 nz=32512
[21:24:36] [Worker-Main-21/INFO] (Minecraft) [STDOUT]: [WG-CONTENT-WB] chunk(131,141) hash=70dce73f0e53bc3f dh=7bcf362eb7f26782 nz=32512
[21:24:36] [Worker-Main-16/INFO] (Minecraft) [STDOUT]: [WG-CONTENT-WB] chunk(131,142) hash=cf15b15d44a2cf76 dh=61774ab90658c76 nz=34952
[21:24:36] [Worker-Main-20/INFO] (Minecraft) [STDOUT]: [WG-CONTENT-WB] chunk(124,141) hash=69e46331987a03fd dh=c9a41c56f6d077ca nz=32512
[21:24:36] [Worker-Main-18/INFO] (Minecraft) [STDOUT]: [WG-CONTENT-WB] chunk(132,140) hash=6bc57ae14a7235bf dh=5b1a076da0c88dac nz=32540
[21:24:37] [Worker-Main-12/INFO] (Minecraft) [STDOUT]: [WG-CONTENT-WB] chunk(125,143) hash=189c0ba561739c75 dh=cafa66408ab18afc nz=32512
[21:24:37] [Worker-Main-19/INFO] (Minecraft) [STDOUT]: [WG-CONTENT-WB] chunk(124,142) hash=d01254abdae50de3 dh=38d0b77f985cb043 nz=32499
[21:24:37] [Worker-Main-23/INFO] (Minecraft) [STDOUT]: [WG-CONTENT-WB] chunk(127,143) hash=78216631c2bcaba4 dh=b759614dc1d1bd5c nz=36907
[21:24:37] [Worker-Main-6/INFO] (Minecraft) [STDOUT]: [WG-CONTENT-WB] chunk(126,143) hash=86910f614e2d95db dh=c27c5c87a703910 nz=32650
[21:24:37] [Worker-Main-9/INFO] (Minecraft) [STDOUT]: [WG-CONTENT-WB] chunk(129,143) hash=f02d0561bfd6bac1 dh=a5d9f6acffca67da nz=35490
[21:24:37] [Worker-Main-15/INFO] (Minecraft) [STDOUT]: [WG-CONTENT-WB] chunk(128,143) hash=b92e445adfad30af dh=2edbdcb4728d700f nz=36002
[21:24:37] [Worker-Main-4/INFO] (Minecraft) [STDOUT]: [WG-CONTENT-WB] chunk(124,143) hash=e4f82f44139111a6 dh=88ada1983e7af54a nz=32512
[21:24:37] [Worker-Main-5/INFO] (Minecraft) [STDOUT]: [WG-CONTENT-WB] chunk(130,143) hash=aac8ce5caca37299 dh=6aafda794ff134ef nz=35497
[21:24:37] [Worker-Main-13/INFO] (Minecraft) [STDOUT]: [WG-CONTENT-WB] chunk(131,143) hash=337ab68276358f59 dh=878341ba3461ec07 nz=36290
[21:24:37] [Worker-Main-12/INFO] (Minecraft) [STDOUT]: [WG-CONTENT-WB] chunk(125,144) hash=5b60c030a4560c6a dh=358f8256495242cd nz=32512
[21:24:37] [Worker-Main-6/INFO] (Minecraft) [STDOUT]: [WG-CONTENT-WB] chunk(132,141) hash=b15573eae67b50a5 dh=2664329871309592 nz=34365
[21:24:37] [Worker-Main-1/INFO] (Minecraft) [STDOUT]: [WG-CONTENT-WB] chunk(127,144) hash=694e7d8a7c93e9f9 dh=886f8697a6f0b564 nz=37531
[21:24:37] [Worker-Main-4/INFO] (Minecraft) [STDOUT]: [WG-CONTENT-WB] chunk(126,144) hash=d55e27b87767f458 dh=77c2169a5d0e0d98 nz=33749
[21:24:37] [Worker-Main-8/INFO] (Minecraft) [STDOUT]: [WG-CONTENT-WB] chunk(132,142) hash=62902478ad163d64 dh=355fa719ff7fd06b nz=35630
[21:24:37] [Worker-Main-16/INFO] (Minecraft) [STDOUT]: [WG-CONTENT-WB] chunk(128,144) hash=c4b05a827f9e2374 dh=424ba0a8e0b6e651 nz=37772
[21:24:37] [Worker-Main-2/INFO] (Minecraft) [STDOUT]: [WG-CONTENT-WB] chunk(129,144) hash=c755161c2246e88d dh=38fe1e57d7573f7e nz=37639
[21:24:37] [Worker-Main-18/INFO] (Minecraft) [STDOUT]: [WG-CONTENT-WB] chunk(131,144) hash=9fcc76d8f299fdfc dh=f3ace4f2dbf0b7f3 nz=35510
[21:24:37] [Worker-Main-21/INFO] (Minecraft) [STDOUT]: [WG-CONTENT-WB] chunk(130,144) hash=7d454bbde3757e28 dh=e93775d3fe61f29d nz=36420
[21:24:37] [Worker-Main-17/INFO] (Minecraft) [STDOUT]: [WG-CONTENT-WB] chunk(128,145) hash=58c949be061582fd dh=b37e71272e22a0ff nz=36538
[21:24:37] [Worker-Main-7/INFO] (Minecraft) [STDOUT]: [WG-CONTENT-WB] chunk(127,145) hash=5e325c816b79efa1 dh=8b0842fc4d250432 nz=36279
[21:24:37] [Worker-Main-9/INFO] (Minecraft) [STDOUT]: [WG-CONTENT-WB] chunk(132,143) hash=6ca535c63196b198 dh=24406caf81d4b77a nz=35071
[21:24:37] [Worker-Main-20/INFO] (Minecraft) [STDOUT]: [WG-CONTENT-WB] chunk(126,145) hash=c511de29a1abdae9 dh=2d1d6808e3b36e34 nz=33536
[21:24:37] [Worker-Main-11/INFO] (Minecraft) [STDOUT]: [WG-CONTENT-WB] chunk(129,145) hash=e84a7772d9129b17 dh=38b0ea18ce5575ba nz=36149
[21:24:37] [Worker-Main-10/INFO] (Minecraft) [STDOUT]: [WG-CONTENT-WB] chunk(124,144) hash=d099b19e76bf3dfc dh=25813127c8fae7c6 nz=32512
[21:24:37] [Worker-Main-13/INFO] (Minecraft) [STDOUT]: [WG-CONTENT-WB] chunk(130,145) hash=14bed1e5ff86d84 dh=b633c1e62a23a8fc nz=35065
[21:24:37] [Worker-Main-23/INFO] (Minecraft) [STDOUT]: [WG-CONTENT-WB] chunk(125,145) hash=b1c7cda8d1c8bf6e dh=a77f8c7a5ae05d8 nz=32512
[21:24:37] [Worker-Main-5/INFO] (Minecraft) [STDOUT]: [WG-CONTENT-WB] chunk(131,145) hash=aabcf784fbd35251 dh=f7c33dfc327b1b0f nz=34718
[21:24:37] [Worker-Main-14/INFO] (Minecraft) [STDOUT]: [WG-CONTENT-WB] chunk(124,145) hash=6060b96172ae86aa dh=e8ade974b9deccf7 nz=32512
[21:24:37] [Worker-Main-15/INFO] (Minecraft) [STDOUT]: [WG-CONTENT-WB] chunk(126,146) hash=98835475b1f0200c dh=bd1505a7ecfa8f3d nz=32897
[21:24:37] [Worker-Main-19/INFO] (Minecraft) [STDOUT]: [WG-CONTENT-WB] chunk(127,146) hash=390afb7ca1f4bb0a dh=fba43564f6f5de37 nz=35352
[21:24:37] [Worker-Main-3/INFO] (Minecraft) [STDOUT]: [WG-CONTENT-WB] chunk(128,146) hash=ebd6411ce4d0c2f3 dh=afa1774a528a3a09 nz=34892
[21:24:37] [Worker-Main-16/INFO] (Minecraft) [STDOUT]: [WG-CONTENT-WB] chunk(124,146) hash=e7af896efbba43bd dh=37f80b70344cf643 nz=32512
[21:24:37] [Worker-Main-22/INFO] (Minecraft) [STDOUT]: [WG-CONTENT-WB] chunk(129,146) hash=d364cd03a2221841 dh=83478ea81e684403 nz=35526
[21:24:37] [Worker-Main-6/INFO] (Minecraft) [STDOUT]: [WG-CONTENT-WB] chunk(132,144) hash=dfc4ef9e90d0222a dh=51bf6431b353d8d4 nz=34721
[21:24:37] [Worker-Main-12/INFO] (Minecraft) [STDOUT]: [WG-CONTENT-WB] chunk(130,146) hash=9b2378bed257da36 dh=5c7bbbfcb2862821 nz=34720
[21:24:37] [Worker-Main-2/INFO] (Minecraft) [STDOUT]: [WG-CONTENT-WB] chunk(125,146) hash=f05a3eb7f72214ce dh=a79da3384fadbf23 nz=32512
[21:24:37] [Worker-Main-1/INFO] (Minecraft) [STDOUT]: [WG-CONTENT-WB] chunk(131,146) hash=6e35e2a656c8ab02 dh=36c161518f6d006c nz=34410
[21:24:37] [Worker-Main-4/INFO] (Minecraft) [STDOUT]: [WG-CONTENT-WB] chunk(132,145) hash=4824d48fcffeeec1 dh=73ecfc6d4f80fd1a nz=35043
[21:24:37] [Worker-Main-8/INFO] (Minecraft) [STDOUT]: [WG-CONTENT-WB] chunk(132,146) hash=9db32420c1f3d111 dh=918b2b045fa970d5 nz=36616
[21:24:37] [Worker-Main-19/INFO] (Minecraft) [STDOUT]: [WG-CONTENT-WB] chunk(133,134) hash=33a407faa4a2267b dh=63e00087670e440d nz=32474
[21:24:37] [Worker-Main-20/INFO] (Minecraft) [STDOUT]: [WG-CONTENT-WB] chunk(133,139) hash=658e61d03718209e dh=33c95e40272bd800 nz=33889
[21:24:37] [Worker-Main-8/INFO] (Minecraft) [STDOUT]: [WG-CONTENT-WB] chunk(133,137) hash=23683ed031c6b968 dh=e0de545ac4690145 nz=34376
[21:24:37] [Worker-Main-4/INFO] (Minecraft) [STDOUT]: [WG-CONTENT-WB] chunk(133,132) hash=f32347c7ab098084 dh=6e143217346b8f7 nz=32512
[21:24:37] [Worker-Main-23/INFO] (Minecraft) [STDOUT]: [WG-CONTENT-WB] chunk(133,128) hash=d6af6a7fd4cb9f08 dh=8dc8be618c8f0b4e nz=32512
[21:24:37] [Worker-Main-10/INFO] (Minecraft) [STDOUT]: [WG-CONTENT-WB] chunk(133,138) hash=a7f8bf14c8a77cf1 dh=cdbdc48cd44039cf nz=33553
[21:24:37] [Worker-Main-2/INFO] (Minecraft) [STDOUT]: [WG-CONTENT-WB] chunk(133,131) hash=be0d6939d762e8c2 dh=2cf69002ee1cd15d nz=32300
[21:24:37] [Worker-Main-22/INFO] (Minecraft) [STDOUT]: [WG-CONTENT-WB] chunk(133,133) hash=89875a50f3ba0868 dh=87c1ada1cab6ef72 nz=32228
[21:24:37] [Worker-Main-3/INFO] (Minecraft) [STDOUT]: [WG-CONTENT-WB] chunk(133,126) hash=635304e2d383bca4 dh=dc66930764d024f4 nz=25017
[21:24:37] [Worker-Main-13/INFO] (Minecraft) [STDOUT]: [WG-CONTENT-WB] chunk(133,125) hash=c37c98fabcb67192 dh=1d4424ccf7bf3c1f nz=22578
[21:24:37] [Worker-Main-12/INFO] (Minecraft) [STDOUT]: [WG-CONTENT-WB] chunk(133,141) hash=9189093525b2ac3e dh=d048b99e2455276 nz=35571
[21:24:37] [Worker-Main-7/INFO] (Minecraft) [STDOUT]: [WG-CONTENT-WB] chunk(133,127) hash=24d342e2b48775f6 dh=271819e7061f8bc6 nz=30596
[21:24:37] [Worker-Main-18/INFO] (Minecraft) [STDOUT]: [WG-CONTENT-WB] chunk(133,130) hash=f0efa7dc4ab7479a dh=ea831a77f34fb3e9 nz=29732
[21:24:37] [Worker-Main-1/INFO] (Minecraft) [STDOUT]: [WG-CONTENT-WB] chunk(133,136) hash=cdcdca2791dd8261 dh=bdc83cc205a4a79d nz=33288
[21:24:37] [Worker-Main-15/INFO] (Minecraft) [STDOUT]: [WG-CONTENT-WB] chunk(133,140) hash=c881aa0450a6f284 dh=20e38681b3ce5e54 nz=34769
[21:24:37] [Worker-Main-11/INFO] (Minecraft) [STDOUT]: [WG-CONTENT-WB] chunk(133,135) hash=85fd193e13031982 dh=ed0e9b2ad6a0bc77 nz=32156
[21:24:37] [Worker-Main-5/INFO] (Minecraft) [STDOUT]: [WG-CONTENT-WB] chunk(133,129) hash=50556c6599a2d958 dh=2d06286c7e310d4f nz=31779
[21:24:37] [Worker-Main-21/INFO] (Minecraft) [STDOUT]: [WG-CONTENT-WB] chunk(133,142) hash=3a2c4a21927166c6 dh=5482ddbf630e6b77 nz=34696
[21:24:37] [Worker-Main-17/INFO] (Minecraft) [STDOUT]: [WG-CONTENT-WB] chunk(134,125) hash=dbdda103023b7fb4 dh=cd917fff107a2695 nz=19778
[21:24:37] [Worker-Main-6/INFO] (Minecraft) [STDOUT]: [WG-CONTENT-WB] chunk(133,143) hash=bbccaf2d96056e86 dh=fbc27ad869fa4640 nz=33210
[21:24:37] [Worker-Main-9/INFO] (Minecraft) [STDOUT]: [WG-CONTENT-WB] chunk(134,126) hash=84047e728f5897f2 dh=c91b6753f81e3932 nz=24242
[21:24:37] [Worker-Main-16/INFO] (Minecraft) [STDOUT]: [WG-CONTENT-WB] chunk(133,144) hash=5b6b15384c690e5 dh=d286e8f283fb6347 nz=31704
[21:24:37] [Worker-Main-14/INFO] (Minecraft) [STDOUT]: [WG-CONTENT-WB] chunk(133,145) hash=feff654b87fb5289 dh=2032fbe2465d07a8 nz=35761
[21:24:37] [Worker-Main-19/INFO] (Minecraft) [STDOUT]: [WG-CONTENT-WB] chunk(134,127) hash=2a3bde80370c712d dh=c98e51cf642d269d nz=31650
[21:24:37] [Worker-Main-20/INFO] (Minecraft) [STDOUT]: [WG-CONTENT-WB] chunk(134,128) hash=d870660da747ff8e dh=2df1eb2802d431b5 nz=32055
[21:24:37] [Worker-Main-8/INFO] (Minecraft) [STDOUT]: [WG-CONTENT-WB] chunk(134,129) hash=20bf8d478b8cc74d dh=52bc662db56e66d6 nz=32524
[21:24:37] [Worker-Main-10/INFO] (Minecraft) [STDOUT]: [WG-CONTENT-WB] chunk(134,131) hash=b806edf732076f24 dh=6665a4281580d615 nz=31508
[21:24:37] [Worker-Main-4/INFO] (Minecraft) [STDOUT]: [WG-CONTENT-WB] chunk(134,130) hash=2919f43896415cce dh=fb3b0009b7d2d9e3 nz=29644
[21:24:37] [Worker-Main-23/INFO] (Minecraft) [STDOUT]: [WG-CONTENT-WB] chunk(133,146) hash=7b81488bdd057ec6 dh=6615431f7700383d nz=37156
[21:24:37] [Worker-Main-21/INFO] (Minecraft) [STDOUT]: [WG-CONTENT-WB] chunk(134,132) hash=4bec7240afedca9c dh=64d70f6302bf24fe nz=32512
[21:24:37] [Worker-Main-3/INFO] (Minecraft) [STDOUT]: [WG-CONTENT-WB] chunk(134,136) hash=30fc1f54bfcff814 dh=4cd65a27f9e9c6df nz=33946
[21:24:37] [Worker-Main-8/INFO] (Minecraft) [STDOUT]: [WG-CONTENT-WB] chunk(134,137) hash=d1f9d10de0ef25bb dh=2b36da4c1dc7538d nz=34258
[21:24:37] [Worker-Main-4/INFO] (Minecraft) [STDOUT]: [WG-CONTENT-WB] chunk(134,133) hash=9036e3ddade0199e dh=4e65c339fd29910 nz=32198
[21:24:37] [Worker-Main-19/INFO] (Minecraft) [STDOUT]: [WG-CONTENT-WB] chunk(134,135) hash=92e76a3124e2b3b dh=12003906989e7626 nz=32567
[21:24:37] [Worker-Main-18/INFO] (Minecraft) [STDOUT]: [WG-CONTENT-WB] chunk(134,138) hash=9d375860a634518b dh=de65fbdf5d7da4ce nz=34217
[21:24:37] [Worker-Main-23/INFO] (Minecraft) [STDOUT]: [WG-CONTENT-WB] chunk(134,139) hash=9e145530511ba4c dh=1d8274618f8ef0 nz=33637
[21:24:37] [Worker-Main-14/INFO] (Minecraft) [STDOUT]: [WG-CONTENT-WB] chunk(134,134) hash=b55a0c5cbb4e87c4 dh=b3999b21798e93e2 nz=32082
[21:24:37] [Worker-Main-6/INFO] (Minecraft) [STDOUT]: [WG-CONTENT-WB] chunk(134,140) hash=aebcb9da2f791105 dh=269afd518d3f3da9 nz=34608
[21:24:37] [Worker-Main-20/INFO] (Minecraft) [STDOUT]: [WG-CONTENT-WB] chunk(134,141) hash=8867ec3bdad57ba4 dh=c249cad16ce548a4 nz=34593
[21:24:37] [Worker-Main-2/INFO] (Minecraft) [STDOUT]: [WG-CONTENT-WB] chunk(134,143) hash=726f746b97d64aca dh=a8e30e4dc6b41771 nz=32258
[21:24:37] [Worker-Main-15/INFO] (Minecraft) [STDOUT]: [WG-CONTENT-WB] chunk(135,126) hash=f636c1271d8f4bad dh=6dccc0c894bb54ba nz=28023
[21:24:37] [Worker-Main-17/INFO] (Minecraft) [STDOUT]: [WG-CONTENT-WB] chunk(134,144) hash=69f1d1873a6a77cd dh=d95c63a5e9045 nz=32826
[21:24:37] [Worker-Main-7/INFO] (Minecraft) [STDOUT]: [WG-CONTENT-WB] chunk(134,142) hash=319045a5714ed1e3 dh=7c21e287272ad676 nz=33103
[21:24:37] [Worker-Main-13/INFO] (Minecraft) [STDOUT]: [WG-CONTENT-WB] chunk(135,131) hash=c584d7564e904553 dh=9280ea395d83ee1b nz=32096
[21:24:37] [Worker-Main-12/INFO] (Minecraft) [STDOUT]: [WG-CONTENT-WB] chunk(135,125) hash=412faf051e5a2284 dh=eb3234c136af34c5 nz=22083
[21:24:37] [Worker-Main-1/INFO] (Minecraft) [STDOUT]: [WG-CONTENT-WB] chunk(135,128) hash=c4047c220c9e4fa0 dh=df2e3813c7b18b1f nz=31417
[21:24:37] [Worker-Main-9/INFO] (Minecraft) [STDOUT]: [WG-CONTENT-WB] chunk(135,127) hash=3a9cd6f6dafb1c77 dh=1146dddab8ad99c9 nz=31571
[21:24:37] [Worker-Main-11/INFO] (Minecraft) [STDOUT]: [WG-CONTENT-WB] chunk(135,132) hash=fcfcf6e56f94df93 dh=3409ac2ac93e0de9 nz=32512
[21:24:37] [Worker-Main-5/INFO] (Minecraft) [STDOUT]: [WG-CONTENT-WB] chunk(135,129) hash=6bca20f5b60926d8 dh=7ffa25e002b304e nz=33374
[21:24:37] [Worker-Main-10/INFO] (Minecraft) [STDOUT]: [WG-CONTENT-WB] chunk(135,130) hash=836adb06f75b422d dh=45ae69086972fa25 nz=30278
[21:24:37] [Worker-Main-22/INFO] (Minecraft) [STDOUT]: [WG-CONTENT-WB] chunk(134,145) hash=21be5dac041c6516 dh=c367776da13e67f0 nz=35175
[21:24:37] [Worker-Main-4/INFO] (Minecraft) [STDOUT]: [WG-CONTENT-WB] chunk(135,133) hash=2f865a4fd968946 dh=84a4add20be7722a nz=32275
[21:24:37] [Worker-Main-16/INFO] (Minecraft) [STDOUT]: [WG-CONTENT-WB] chunk(134,146) hash=a50f196b813ad37d dh=3fbc28f9c9aefdb8 nz=36863
[21:24:37] [Worker-Main-1/INFO] (Minecraft) [STDOUT]: [WG-CONTENT-WB] chunk(135,134) hash=ad66a5da3e522ca1 dh=e006e96087d7ff40 nz=32258
[21:24:37] [Worker-Main-21/INFO] (Minecraft) [STDOUT]: [WG-CONTENT-WB] chunk(135,135) hash=18c8ae0fac58f7eb dh=b9ebee4d944ccfd5 nz=32448
[21:24:37] [Worker-Main-15/INFO] (Minecraft) [STDOUT]: [WG-CONTENT-WB] chunk(135,136) hash=75990d35b3d5f9c6 dh=79420b219b1d5cc2 nz=33408
[21:24:37] [Worker-Main-1/INFO] (Minecraft) [STDOUT]: [WG-CONTENT-WB] chunk(135,137) hash=6ff3ae493c78b84f dh=838260a07942d573 nz=33846
[21:24:37] [Worker-Main-15/INFO] (Minecraft) [STDOUT]: [WG-CONTENT-WB] chunk(135,138) hash=7256b8038b6f51c9 dh=2315bd0b86c16d4d nz=33982
[21:24:37] [Worker-Main-3/INFO] (Minecraft) [STDOUT]: [WG-CONTENT-WB] chunk(135,140) hash=59738d0764863ab dh=f1ed06899a0a801 nz=34368
[21:24:37] [Worker-Main-22/INFO] (Minecraft) [STDOUT]: [WG-CONTENT-WB] chunk(135,139) hash=d8684521167dc46 dh=d8b65ff38e523036 nz=34085
[21:24:37] [Worker-Main-12/INFO] (Minecraft) [STDOUT]: [WG-CONTENT-WB] chunk(135,141) hash=9868f47167bc171c dh=8fa6c1c1ef77a62 nz=33285
[21:24:37] [Worker-Main-5/INFO] (Minecraft) [STDOUT]: [WG-CONTENT-WB] chunk(135,143) hash=1513e823ea8bbf21 dh=cd2d5c1d81a2391b nz=33089
[21:24:37] [Worker-Main-2/INFO] (Minecraft) [STDOUT]: [WG-CONTENT-WB] chunk(135,144) hash=6d55d42891af475b dh=a0868e8fce91675a nz=32363
[21:24:37] [Worker-Main-1/INFO] (Minecraft) [STDOUT]: [WG-CONTENT-WB] chunk(135,142) hash=86f197be11b0875c dh=5a8454bc8772667c nz=30571
[21:24:37] [Worker-Main-12/INFO] (Minecraft) [STDOUT]: [WG-CONTENT-WB] chunk(135,145) hash=bd9295fdd97224b6 dh=7d6ca55ae3d1bc8b nz=32989
[21:24:37] [Worker-Main-4/INFO] (Minecraft) [STDOUT]: [WG-CONTENT-WB] chunk(126,147) hash=f8560d8bda257c8 dh=29f02671b45905eb nz=32512
[21:24:37] [Worker-Main-16/INFO] (Minecraft) [STDOUT]: [WG-CONTENT-WB] chunk(125,147) hash=a3813f31401c76b9 dh=b0378d9b412fd618 nz=32512
[21:24:37] [Worker-Main-11/INFO] (Minecraft) [STDOUT]: [WG-CONTENT-WB] chunk(136,132) hash=515b7a67153aaea dh=3ea06d7c6c9e4977 nz=32659
[21:24:37] [Worker-Main-20/INFO] (Minecraft) [STDOUT]: [WG-CONTENT-WB] chunk(136,126) hash=d5cb5eed08db145d dh=282d5af0eecf77d1 nz=28075
[21:24:37] [Worker-Main-14/INFO] (Minecraft) [STDOUT]: [WG-CONTENT-WB] chunk(136,133) hash=8f012f8b80be3528 dh=18ce6a91355de372 nz=32000
[21:24:37] [Worker-Main-7/INFO] (Minecraft) [STDOUT]: [WG-CONTENT-WB] chunk(136,131) hash=f9954e9da67beb02 dh=556113be2cc2497a nz=32372
[21:24:37] [Worker-Main-15/INFO] (Minecraft) [STDOUT]: [WG-CONTENT-WB] chunk(136,129) hash=58318a41286198e7 dh=7440e9fdee45153 nz=33688
[21:24:37] [Worker-Main-6/INFO] (Minecraft) [STDOUT]: [WG-CONTENT-WB] chunk(127,147) hash=b37fba5fbb3c225f dh=e6a75c8316f33671 nz=33560
[21:24:37] [Worker-Main-13/INFO] (Minecraft) [STDOUT]: [WG-CONTENT-WB] chunk(136,135) hash=e05612592bc39802 dh=1d9360651ccfc5ae nz=32429
[21:24:37] [Worker-Main-3/INFO] (Minecraft) [STDOUT]: [WG-CONTENT-WB] chunk(136,128) hash=4d9fa90c3c7b4883 dh=f79a4f484bcabbc1 nz=34888
[21:24:37] [Worker-Main-21/INFO] (Minecraft) [STDOUT]: [WG-CONTENT-WB] chunk(136,134) hash=5b6660d4ef27d5c dh=665e8027bf33008d nz=32434
[21:24:37] [Worker-Main-10/INFO] (Minecraft) [STDOUT]: [WG-CONTENT-WB] chunk(128,147) hash=8093210d9de0dbd9 dh=744205d7634ac20e nz=33931
[21:24:37] [Worker-Main-9/INFO] (Minecraft) [STDOUT]: [WG-CONTENT-WB] chunk(136,125) hash=891627b8e07c4945 dh=7ebf0ad96dff2ea4 nz=25083
[21:24:37] [Worker-Main-23/INFO] (Minecraft) [STDOUT]: [WG-CONTENT-WB] chunk(136,127) hash=a43584c0649b952d dh=5aad143e3cc3cbdd nz=34409
[21:24:37] [Worker-Main-22/INFO] (Minecraft) [STDOUT]: [WG-CONTENT-WB] chunk(136,130) hash=149907ffbd6b993a dh=a918a8cbfcb9a0d nz=30983
[21:24:37] [Worker-Main-19/INFO] (Minecraft) [STDOUT]: [WG-CONTENT-WB] chunk(136,136) hash=6b137f6163ff2c5d dh=73da1c2183a8f433 nz=32512
[21:24:37] [Worker-Main-8/INFO] (Minecraft) [STDOUT]: [WG-CONTENT-WB] chunk(129,147) hash=c7c543872c2d32c4 dh=eb7478b653473661 nz=34468
[21:24:37] [Worker-Main-18/INFO] (Minecraft) [STDOUT]: [WG-CONTENT-WB] chunk(136,137) hash=a073619543d4561f dh=e2d6069ea4c88c4e nz=32133
[21:24:37] [Worker-Main-17/INFO] (Minecraft) [STDOUT]: [WG-CONTENT-WB] chunk(136,138) hash=26648070c978fe42 dh=942d509dd29d7de nz=31266
[21:24:38] [Worker-Main-5/INFO] (Minecraft) [STDOUT]: [WG-CONTENT-WB] chunk(136,139) hash=110ded72dc72fece dh=f2d44de07c81aea2 nz=32121
[21:24:38] [Worker-Main-2/INFO] (Minecraft) [STDOUT]: [WG-CONTENT-WB] chunk(135,146) hash=c222ea23ba47e1d4 dh=6813c488ca9ca204 nz=33629
[21:24:38] [Worker-Main-4/INFO] (Minecraft) [STDOUT]: [WG-CONTENT-WB] chunk(124,147) hash=2476bf93e823c7a2 dh=db1343a97737090f nz=32512
[21:24:38] [Worker-Main-3/INFO] (Minecraft) [STDOUT]: [WG-CONTENT-WB] chunk(133,124) hash=219a74f1bc17b488 dh=25512d7566b407dd nz=24714
[21:24:38] [Worker-Main-6/INFO] (Minecraft) [STDOUT]: [WG-CONTENT-WB] chunk(136,141) hash=91b16d92e3d07bd dh=901ea3a9d4a410da nz=31909
[21:24:38] [Worker-Main-7/INFO] (Minecraft) [STDOUT]: [WG-CONTENT-WB] chunk(136,143) hash=ebb83d17cd8e1c04 dh=65ad8c9b54dcb086 nz=32358
[21:24:38] [Worker-Main-20/INFO] (Minecraft) [STDOUT]: [WG-CONTENT-WB] chunk(136,142) hash=9c4f660833d2f624 dh=efbc1e9d30ee0ece nz=31904
[21:24:38] [Worker-Main-12/INFO] (Minecraft) [STDOUT]: [WG-CONTENT-WB] chunk(133,147) hash=e20d8d493aed2702 dh=3a8e21303f8cce53 nz=38118
[21:24:38] [Worker-Main-15/INFO] (Minecraft) [STDOUT]: [WG-CONTENT-WB] chunk(136,140) hash=9042870be514f181 dh=26452db71767c99b nz=31886
[21:24:38] [Worker-Main-1/INFO] (Minecraft) [STDOUT]: [WG-CONTENT-WB] chunk(130,147) hash=ada9689d88b0b6b3 dh=2650df36cc5a46aa nz=34103
[21:24:38] [Worker-Main-14/INFO] (Minecraft) [STDOUT]: [WG-CONTENT-WB] chunk(132,147) hash=49d3f04363e2551a dh=45c41adc174f87ee nz=36921
[21:24:38] [Worker-Main-13/INFO] (Minecraft) [STDOUT]: [WG-CONTENT-WB] chunk(131,147) hash=2a6adba8072bd00b dh=e7789034e5a7084f nz=34126
[21:24:38] [Worker-Main-18/INFO] (Minecraft) [STDOUT]: [WG-CONTENT-WB] chunk(136,144) hash=ee96f6f3449713db dh=20ae5256888f57f0 nz=32512
[21:24:38] [Worker-Main-11/INFO] (Minecraft) [STDOUT]: [WG-CONTENT-WB] chunk(136,145) hash=91f22f9271d271c3 dh=7810652096aa1227 nz=32244
[21:24:38] [Worker-Main-19/INFO] (Minecraft) [STDOUT]: [WG-CONTENT-WB] chunk(136,146) hash=3658efee48a53dc7 dh=b310c3760d6ae007 nz=32703
[21:24:38] [Worker-Main-16/INFO] (Minecraft) [STDOUT]: [WG-CONTENT-WB] chunk(137,128) hash=a9d783ce5b78c914 dh=878c0a082ffc237f nz=35684
[21:24:38] [Worker-Main-13/INFO] (Minecraft) [STDOUT]: [WG-CONTENT-WB] chunk(137,129) hash=5f00df62f4e2470e dh=b27f6f074f7e3a9b nz=33217
[21:24:38] [Worker-Main-8/INFO] (Minecraft) [STDOUT]: [WG-CONTENT-WB] chunk(137,130) hash=ba46ad948905e4d2 dh=314551ccb68efba7 nz=34119
[21:24:38] [Worker-Main-1/INFO] (Minecraft) [STDOUT]: [WG-CONTENT-WB] chunk(137,131) hash=da18c4e6a3add27c dh=25f45a5cea913843 nz=35148
[21:24:38] [Worker-Main-15/INFO] (Minecraft) [STDOUT]: [WG-CONTENT-WB] chunk(137,132) hash=51e37534bfa1468e dh=e8dd46f99ebf627b nz=34586
[21:24:38] [Worker-Main-21/INFO] (Minecraft) [STDOUT]: [WG-CONTENT-WB] chunk(137,125) hash=435389e88e9520f7 dh=ec6cfa1c0ea52de5 nz=30359
[21:24:38] [Worker-Main-2/INFO] (Minecraft) [STDOUT]: [WG-CONTENT-WB] chunk(137,127) hash=8ac0fe0296dd3d9b dh=cfb71ca4a8d836b8 nz=34649
[21:24:38] [Worker-Main-17/INFO] (Minecraft) [STDOUT]: [WG-CONTENT-WB] chunk(137,126) hash=d09e59dab8249fac dh=5fe928e27b977cd3 nz=33217
[21:24:38] [Worker-Main-20/INFO] (Minecraft) [STDOUT]: [WG-CONTENT-WB] chunk(137,133) hash=60cb34963ab2ead6 dh=2a9338ea74c40fc5 nz=32707
[21:24:38] [Worker-Main-3/INFO] (Minecraft) [STDOUT]: [WG-CONTENT-WB] chunk(137,134) hash=8d53dc199300fa46 dh=9cf01eafb63e5fd4 nz=32512
[21:24:38] [Worker-Main-14/INFO] (Minecraft) [STDOUT]: [WG-CONTENT-WB] chunk(137,139) hash=3403f5b9052b4c dh=7dcf9e18af0011f5 nz=31337
[21:24:38] [Worker-Main-7/INFO] (Minecraft) [STDOUT]: [WG-CONTENT-WB] chunk(137,142) hash=41bc795242b48694 dh=eccb507616af8369 nz=32119
[21:24:38] [Worker-Main-10/INFO] (Minecraft) [STDOUT]: [WG-CONTENT-WB] chunk(134,124) hash=2242b20315db708 dh=4ad31ae657c24d4f nz=23181
[21:24:38] [Worker-Main-23/INFO] (Minecraft) [STDOUT]: [WG-CONTENT-WB] chunk(137,140) hash=49618bc4f1220886 dh=3adf6ed12cae9f52 nz=30491
[21:24:38] [Worker-Main-4/INFO] (Minecraft) [STDOUT]: [WG-CONTENT-WB] chunk(137,143) hash=a42566fa9f8cc397 dh=e750590f4f385d28 nz=32494
[21:24:38] [Worker-Main-12/INFO] (Minecraft) [STDOUT]: [WG-CONTENT-WB] chunk(137,141) hash=fe284baea12c6be7 dh=ad1a0d332bc9c959 nz=31335
[21:24:38] [Worker-Main-5/INFO] (Minecraft) [STDOUT]: [WG-CONTENT-WB] chunk(137,138) hash=d19902e970de01f3 dh=46796315e3377024 nz=31362
[21:24:38] [Worker-Main-18/INFO] (Minecraft) [STDOUT]: [WG-CONTENT-WB] chunk(135,124) hash=942fd041e3b88001 dh=8ecc709e1923bb02 nz=27463
[21:24:38] [Worker-Main-9/INFO] (Minecraft) [STDOUT]: [WG-CONTENT-WB] chunk(137,137) hash=d97eaf41e288c783 dh=26ff49cb47bc22b7 nz=32423
[21:24:38] [Worker-Main-6/INFO] (Minecraft) [STDOUT]: [WG-CONTENT-WB] chunk(137,135) hash=6eadfc467d7016cb dh=5f09db9007033754 nz=32512
[21:24:38] [Worker-Main-11/INFO] (Minecraft) [STDOUT]: [WG-CONTENT-WB] chunk(137,144) hash=dde2bb7b4d0b1f9a dh=70508b4666db28e4 nz=32456
[21:24:38] [Worker-Main-22/INFO] (Minecraft) [STDOUT]: [WG-CONTENT-WB] chunk(137,136) hash=b6b496c0e4304323 dh=88e10395c370f3e5 nz=32512
[21:24:38] [Worker-Main-19/INFO] (Minecraft) [STDOUT]: [WG-CONTENT-WB] chunk(137,145) hash=8ecccef4979ea955 dh=45a1f8ca7a3234f3 nz=31554
[21:24:38] [Worker-Main-16/INFO] (Minecraft) [STDOUT]: [WG-CONTENT-WB] chunk(137,146) hash=6eb6408d97b4665c dh=593057a4414a346a nz=33622
[21:24:38] [Worker-Main-10/INFO] (Minecraft) [STDOUT]: [WG-CONTENT-WB] chunk(138,127) hash=7e0f8aca27c5fce8 dh=78432bd0e6e1f66d nz=36912
[21:24:38] [Worker-Main-8/INFO] (Minecraft) [STDOUT]: [WG-CONTENT-WB] chunk(138,128) hash=544c5375a3b3adad dh=953b467fe25cf704 nz=35590
[21:24:38] [Worker-Main-15/INFO] (Minecraft) [STDOUT]: [WG-CONTENT-WB] chunk(138,132) hash=f6910a7818ce4ca0 dh=b48619789c303a7e nz=38289
[21:24:38] [Worker-Main-23/INFO] (Minecraft) [STDOUT]: [WG-CONTENT-WB] chunk(138,129) hash=24edb77348148857 dh=d3a3eb35f038a76d nz=35934
[21:24:38] [Worker-Main-20/INFO] (Minecraft) [STDOUT]: [WG-CONTENT-WB] chunk(134,147) hash=ee9666c4ef72fc44 dh=6515c40e65156797 nz=38418
[21:24:38] [Worker-Main-14/INFO] (Minecraft) [STDOUT]: [WG-CONTENT-WB] chunk(138,126) hash=80f7ab9ab6dae26f dh=b3a55a1114f0575 nz=37533
[21:24:38] [Worker-Main-4/INFO] (Minecraft) [STDOUT]: [WG-CONTENT-WB] chunk(138,131) hash=436cc3b1561592b dh=57d4d0f56ba40b8b nz=37886
[21:24:38] [Worker-Main-19/INFO] (Minecraft) [STDOUT]: [WG-CONTENT-WB] chunk(138,130) hash=e772cd78a6681f51 dh=99b9e5caac084858 nz=37247
[21:24:38] [Worker-Main-12/INFO] (Minecraft) [STDOUT]: [WG-CONTENT-WB] chunk(138,133) hash=42b97ce4f5ee6646 dh=8ecf78a70f158461 nz=36905
[21:24:38] [Worker-Main-2/INFO] (Minecraft) [STDOUT]: [WG-CONTENT-WB] chunk(138,134) hash=9c174c6427d9a4aa dh=d07070b944a4ba3c nz=34185
[21:24:38] [Worker-Main-18/INFO] (Minecraft) [STDOUT]: [WG-CONTENT-WB] chunk(138,139) hash=4570e478510faf53 dh=6cc20b5032a7ac89 nz=31751
[21:24:38] [Worker-Main-3/INFO] (Minecraft) [STDOUT]: [WG-CONTENT-WB] chunk(138,140) hash=31cb0414e71d3055 dh=8058fbe31cd7dac9 nz=31304
[21:24:38] [Worker-Main-17/INFO] (Minecraft) [STDOUT]: [WG-CONTENT-WB] chunk(138,135) hash=8dd1fa40470cb7b2 dh=43f93f10226a626e nz=33692
[21:24:38] [Worker-Main-13/INFO] (Minecraft) [STDOUT]: [WG-CONTENT-WB] chunk(138,142) hash=e85515224aaa515f dh=28173721f2cd76b3 nz=32097
[21:24:38] [Worker-Main-11/INFO] (Minecraft) [STDOUT]: [WG-CONTENT-WB] chunk(138,145) hash=fafc1dfcd6bf66a5 dh=d0ca016653a1e5ba nz=32305
[21:24:38] [Worker-Main-22/INFO] (Minecraft) [STDOUT]: [WG-CONTENT-WB] chunk(138,141) hash=462755d047057c6e dh=b2479a8525051c2d nz=32039
[21:24:38] [Worker-Main-16/INFO] (Minecraft) [STDOUT]: [WG-CONTENT-WB] chunk(138,144) hash=31d969dc81b6be15 dh=77fa28d88367a3f0 nz=31399
[21:24:38] [Worker-Main-7/INFO] (Minecraft) [STDOUT]: [WG-CONTENT-WB] chunk(138,143) hash=563df462185e4a25 dh=5cc152911cf2a1d0 nz=32493
[21:24:38] [Worker-Main-6/INFO] (Minecraft) [STDOUT]: [WG-CONTENT-WB] chunk(138,136) hash=e131df7d4bb6d8 dh=4f6b977525b7ca6c nz=33251
[21:24:38] [Worker-Main-21/INFO] (Minecraft) [STDOUT]: [WG-CONTENT-WB] chunk(138,146) hash=3029878104bc0464 dh=3276577faf38a167 nz=33701
[21:24:38] [Worker-Main-5/INFO] (Minecraft) [STDOUT]: [WG-CONTENT-WB] chunk(138,138) hash=ce93ee192bdca6d1 dh=fba5c110c4fa0b22 nz=32309
[21:24:38] [Worker-Main-1/INFO] (Minecraft) [STDOUT]: [WG-CONTENT-WB] chunk(138,125) hash=e327b7b416d6d4e dh=f2ec892207cac6be nz=36991
[21:24:38] [Worker-Main-9/INFO] (Minecraft) [STDOUT]: [WG-CONTENT-WB] chunk(138,137) hash=bd7f69cd297fa6e2 dh=caa6d18a4819dd24 nz=33152
[21:24:38] [Worker-Main-8/INFO] (Minecraft) [STDOUT]: [WG-CONTENT-WB] chunk(139,126) hash=770a4350c57a0970 dh=2fd93074c438bba9 nz=36904
[21:24:38] [Worker-Main-23/INFO] (Minecraft) [STDOUT]: [WG-CONTENT-WB] chunk(139,128) hash=ed16d79e2f4a4ace dh=99b5bb84ce2b73ef nz=35843
[21:24:38] [Worker-Main-15/INFO] (Minecraft) [STDOUT]: [WG-CONTENT-WB] chunk(139,127) hash=fa20cca30e42e966 dh=493ee7f380f01794 nz=36256
[21:24:38] [Worker-Main-4/INFO] (Minecraft) [STDOUT]: [WG-CONTENT-WB] chunk(139,131) hash=dd25c61fb16811f1 dh=88beef7b570e3346 nz=39375
[21:24:38] [Worker-Main-10/INFO] (Minecraft) [STDOUT]: [WG-CONTENT-WB] chunk(139,125) hash=4e443f48c7fc8eaa dh=f82ecf6abe780935 nz=37042
[21:24:38] [Worker-Main-14/INFO] (Minecraft) [STDOUT]: [WG-CONTENT-WB] chunk(139,130) hash=43dc54b397ad546b dh=16dd812f514f9a82 nz=38300
[21:24:38] [Worker-Main-20/INFO] (Minecraft) [STDOUT]: [WG-CONTENT-WB] chunk(139,129) hash=2339eb2e54a92be9 dh=e71de473bdd9fa0f nz=36353
[21:24:38] [Worker-Main-10/INFO] (Minecraft) [STDOUT]: [WG-CONTENT-WB] chunk(139,133) hash=2cb77ca52e4f4a42 dh=fa6fd28ce71d0116 nz=40170
[21:24:38] [Worker-Main-12/INFO] (Minecraft) [STDOUT]: [WG-CONTENT-WB] chunk(139,132) hash=4a9d2ebd7f67de2d dh=eb54786a6918ae0 nz=39624
[21:24:38] [Worker-Main-21/INFO] (Minecraft) [STDOUT]: [WG-CONTENT-WB] chunk(139,134) hash=2c9fd40de16f6510 dh=5e41c6281bba8278 nz=37425
[21:24:38] [Worker-Main-13/INFO] (Minecraft) [STDOUT]: [WG-CONTENT-WB] chunk(139,138) hash=e3957ae6af92c36e dh=bde11453fa34ca6c nz=33650
[21:24:38] [Worker-Main-4/INFO] (Minecraft) [STDOUT]: [WG-CONTENT-WB] chunk(139,141) hash=631c15c908f59d3e dh=f6813bc3805d2264 nz=32471
[21:24:38] [Worker-Main-20/INFO] (Minecraft) [STDOUT]: [WG-CONTENT-WB] chunk(139,139) hash=e111aa5d2db30d8 dh=9210afa46eb9777b nz=32746
[21:24:38] [Worker-Main-18/INFO] (Minecraft) [STDOUT]: [WG-CONTENT-WB] chunk(139,140) hash=3900e6306bf6e355 dh=6d58352bada7a55 nz=32460
[21:24:38] [Worker-Main-2/INFO] (Minecraft) [STDOUT]: [WG-CONTENT-WB] chunk(139,143) hash=3e7e4b9953c3694c dh=c6c86b3a34239713 nz=32503
[21:24:38] [Worker-Main-3/INFO] (Minecraft) [STDOUT]: [WG-CONTENT-WB] chunk(140,126) hash=4d2adda2203beb72 dh=c8678ba378844dc5 nz=35976
[21:24:38] [Worker-Main-1/INFO] (Minecraft) [STDOUT]: [WG-CONTENT-WB] chunk(139,142) hash=fa4a65722c7e1252 dh=e7054d3ff5d77f3b nz=32368
[21:24:38] [Worker-Main-23/INFO] (Minecraft) [STDOUT]: [WG-CONTENT-WB] chunk(140,129) hash=b9368b84bf07d0f5 dh=136504d241b5fc65 nz=35881
[21:24:38] [Worker-Main-11/INFO] (Minecraft) [STDOUT]: [WG-CONTENT-WB] chunk(140,127) hash=2dd5e6c355b8160e dh=7102b536df71ea5d nz=35473
[21:24:38] [Worker-Main-15/INFO] (Minecraft) [STDOUT]: [WG-CONTENT-WB] chunk(140,128) hash=faac35fe5ec5f174 dh=55fa38a10f182292 nz=35981
[21:24:38] [Worker-Main-8/INFO] (Minecraft) [STDOUT]: [WG-CONTENT-WB] chunk(140,125) hash=8df55a01c771f4f3 dh=88420f6c157692d4 nz=36129
[21:24:38] [Worker-Main-5/INFO] (Minecraft) [STDOUT]: [WG-CONTENT-WB] chunk(140,131) hash=dbf81ce8f78ea2c4 dh=b5e32f907cc4b3d6 nz=41379
[21:24:38] [Worker-Main-7/INFO] (Minecraft) [STDOUT]: [WG-CONTENT-WB] chunk(140,130) hash=38530779ac3f707d dh=8bcd31f73a8cdd nz=37808
[21:24:38] [Worker-Main-14/INFO] (Minecraft) [STDOUT]: [WG-CONTENT-WB] chunk(139,144) hash=b9f9ed1ce3af7a63 dh=4e1f8b764f9cd22 nz=30931
[21:24:38] [Worker-Main-17/INFO] (Minecraft) [STDOUT]: [WG-CONTENT-WB] chunk(139,145) hash=4607e4781cbc4775 dh=a0024ca62a89ee5b nz=32374
[21:24:38] [Worker-Main-16/INFO] (Minecraft) [STDOUT]: [WG-CONTENT-WB] chunk(139,135) hash=fa2fb45adb330c72 dh=30e1ee95f2ed6297 nz=37279
[21:24:38] [Worker-Main-9/INFO] (Minecraft) [STDOUT]: [WG-CONTENT-WB] chunk(140,133) hash=cd5fbf8d1631afed dh=237427b13820fbee nz=42918
[21:24:38] [Worker-Main-22/INFO] (Minecraft) [STDOUT]: [WG-CONTENT-WB] chunk(139,137) hash=c97b97696bd6304 dh=51d457925aa37fa5 nz=35729
[21:24:38] [Worker-Main-6/INFO] (Minecraft) [STDOUT]: [WG-CONTENT-WB] chunk(140,132) hash=79e3857f48411430 dh=9c6cab4eb27c6f9a nz=41641
[21:24:38] [Worker-Main-19/INFO] (Minecraft) [STDOUT]: [WG-CONTENT-WB] chunk(139,136) hash=b62a512cffe66a31 dh=59deb05edb891871 nz=36268
[21:24:38] [Worker-Main-21/INFO] (Minecraft) [STDOUT]: [WG-CONTENT-WB] chunk(136,124) hash=f144d41ab804dc48 dh=fb64c65ea57b8ae5 nz=30362
[21:24:38] [Worker-Main-10/INFO] (Minecraft) [STDOUT]: [WG-CONTENT-WB] chunk(135,147) hash=9377680cad4e7745 dh=3423f45f638aeef3 nz=36413
[21:24:38] [Worker-Main-12/INFO] (Minecraft) [STDOUT]: [WG-CONTENT-WB] chunk(136,147) hash=bf0c3eae9671f043 dh=45e80ed5e2c77a5c nz=34358
[21:24:38] [Worker-Main-18/INFO] (Minecraft) [STDOUT]: [WG-CONTENT-WB] chunk(139,146) hash=56678c9278055cf0 dh=c1c5a27cc06035d6 nz=34015
[21:24:38] [Worker-Main-20/INFO] (Minecraft) [STDOUT]: [WG-CONTENT-WB] chunk(137,124) hash=1a1a1cad29fbffe0 dh=763a745499d84426 nz=31880
[21:24:38] [Worker-Main-13/INFO] (Minecraft) [STDOUT]: [WG-CONTENT-WB] chunk(140,134) hash=bebcdb640ec4efcc dh=d098818079d25b5a nz=41806
[21:24:38] [Worker-Main-14/INFO] (Minecraft) [STDOUT]: [WG-CONTENT-WB] chunk(140,135) hash=23cda9fcb194d4ed dh=a0320f3feb325073 nz=40219
[21:24:38] [Worker-Main-1/INFO] (Minecraft) [STDOUT]: [WG-CONTENT-WB] chunk(140,136) hash=e8ddf296fa37ada6 dh=9b7882a22e129d08 nz=39515
[21:24:38] [Worker-Main-13/INFO] (Minecraft) [STDOUT]: [WG-CONTENT-WB] chunk(140,139) hash=a4cd8fe760bdc249 dh=fff79db3a5b3070c nz=34507
[21:24:38] [Worker-Main-4/INFO] (Minecraft) [STDOUT]: [WG-CONTENT-WB] chunk(137,147) hash=8af078f01469edbf dh=f81a70aeda1361e5 nz=35668
[21:24:38] [Worker-Main-17/INFO] (Minecraft) [STDOUT]: [WG-CONTENT-WB] chunk(141,131) hash=89bfd3ff6b861d15 dh=7c904c9b12d41cf0 nz=39777
[21:24:38] [Worker-Main-12/INFO] (Minecraft) [STDOUT]: [WG-CONTENT-WB] chunk(141,129) hash=d41c3e6a7461bea5 dh=295c5ddbca1c81aa nz=37493
[21:24:38] [Worker-Main-10/INFO] (Minecraft) [STDOUT]: [WG-CONTENT-WB] chunk(140,140) hash=8c0f503cb2e71986 dh=55c2837e18e745da nz=34292
[21:24:38] [Worker-Main-18/INFO] (Minecraft) [STDOUT]: [WG-CONTENT-WB] chunk(141,126) hash=f253abcd324514d5 dh=eea0d2cc1c13152 nz=35589
[21:24:38] [Worker-Main-22/INFO] (Minecraft) [STDOUT]: [WG-CONTENT-WB] chunk(138,147) hash=e528a4675384fb49 dh=7e2ef79c24ce51ed nz=36296
[21:24:38] [Worker-Main-11/INFO] (Minecraft) [STDOUT]: [WG-CONTENT-WB] chunk(140,142) hash=96e9b5cc479398d7 dh=8ffa2924f8ea4ee0 nz=34022
[21:24:38] [Worker-Main-6/INFO] (Minecraft) [STDOUT]: [WG-CONTENT-WB] chunk(138,124) hash=e1704bbe1c9b84b6 dh=d65c49fd18de4006 nz=36355
[21:24:38] [Worker-Main-20/INFO] (Minecraft) [STDOUT]: [WG-CONTENT-WB] chunk(139,124) hash=54294d0fa8f37a03 dh=5d3a7735e4499557 nz=35572
[21:24:38] [Worker-Main-16/INFO] (Minecraft) [STDOUT]: [WG-CONTENT-WB] chunk(141,125) hash=7defabe3b424c2cc dh=13c0ce91f3b1f28d nz=34733
[21:24:38] [Worker-Main-8/INFO] (Minecraft) [STDOUT]: [WG-CONTENT-WB] chunk(141,128) hash=abb8c01122d605de dh=ca3bc33ed407ed6e nz=36534
[21:24:38] [Worker-Main-23/INFO] (Minecraft) [STDOUT]: [WG-CONTENT-WB] chunk(141,132) hash=c336a44d10c35f7b dh=f56967d547ebbd8f nz=41760
[21:24:38] [Worker-Main-21/INFO] (Minecraft) [STDOUT]: [WG-CONTENT-WB] chunk(140,144) hash=a5643419baceb6cb dh=ec7c0effe8d84395 nz=32984
[21:24:38] [Worker-Main-7/INFO] (Minecraft) [STDOUT]: [WG-CONTENT-WB] chunk(140,143) hash=742a578f260073b4 dh=7261a0d588895472 nz=34142
[21:24:38] [Worker-Main-9/INFO] (Minecraft) [STDOUT]: [WG-CONTENT-WB] chunk(140,138) hash=3cb33aa6f57fe49d dh=9d3a274a0558e45b nz=35459
[21:24:38] [Worker-Main-2/INFO] (Minecraft) [STDOUT]: [WG-CONTENT-WB] chunk(141,127) hash=d96561882d10ab2c dh=b9b11e39fa87babf nz=35766
[21:24:38] [Worker-Main-3/INFO] (Minecraft) [STDOUT]: [WG-CONTENT-WB] chunk(140,145) hash=6783f7c70b25e76e dh=3f8012f3ff879b6d nz=34973
[21:24:38] [Worker-Main-5/INFO] (Minecraft) [STDOUT]: [WG-CONTENT-WB] chunk(141,130) hash=36bf148ce26ef4ca dh=8916b18e82654518 nz=37939
[21:24:38] [Worker-Main-1/INFO] (Minecraft) [STDOUT]: [WG-CONTENT-WB] chunk(141,134) hash=ca2e467b7093488b dh=4730b366c3542cbc nz=44572
[21:24:38] [Worker-Main-15/INFO] (Minecraft) [STDOUT]: [WG-CONTENT-WB] chunk(140,141) hash=75e739bd834f3e73 dh=b1345f9e5f27b294 nz=34464
[21:24:38] [Worker-Main-14/INFO] (Minecraft) [STDOUT]: [WG-CONTENT-WB] chunk(141,133) hash=f96ed399266f70cd dh=28f63a6d7428a001 nz=44842
[21:24:38] [Worker-Main-19/INFO] (Minecraft) [STDOUT]: [WG-CONTENT-WB] chunk(140,137) hash=903b2e4cfde606a9 dh=fb5341c67b622580 nz=37653
[21:24:38] [Worker-Main-13/INFO] (Minecraft) [STDOUT]: [WG-CONTENT-WB] chunk(141,135) hash=176772c5dfcb8a78 dh=ac5b17fdcd9eae3f nz=43405
[21:24:39] [Worker-Main-4/INFO] (Minecraft) [STDOUT]: [WG-CONTENT-WB] chunk(141,136) hash=afec53601e7166f8 dh=b8df8d19a4c65ec6 nz=41292
[21:24:39] [Worker-Main-5/INFO] (Minecraft) [STDOUT]: [WG-CONTENT-WB] chunk(141,140) hash=559a28be29f61d0d dh=315af1304bf0bd1b nz=34931
[21:24:39] [Worker-Main-1/INFO] (Minecraft) [STDOUT]: [WG-CONTENT-WB] chunk(141,141) hash=94132ff29bc7250a dh=ad73a284b4dbfc60 nz=35156
[21:24:39] [Worker-Main-10/INFO] (Minecraft) [STDOUT]: [WG-CONTENT-WB] chunk(140,146) hash=291b41232613a733 dh=84846f3a940f8a71 nz=35601
[21:24:39] [Worker-Main-20/INFO] (Minecraft) [STDOUT]: [WG-CONTENT-WB] chunk(141,142) hash=277b817833afe03f dh=629a22cc9274d889 nz=34266
[21:24:39] [Worker-Main-17/INFO] (Minecraft) [STDOUT]: [WG-CONTENT-WB] chunk(140,124) hash=f77a708b312b1fec dh=f552a020a9a8dce4 nz=34771
[21:24:39] [Worker-Main-6/INFO] (Minecraft) [STDOUT]: [WG-CONTENT-WB] chunk(141,143) hash=e64f33aa5f681e9c dh=22e946156e308aa6 nz=34801
[21:24:39] [Worker-Main-21/INFO] (Minecraft) [STDOUT]: [WG-CONTENT-WB] chunk(139,147) hash=b1f7703e92db6e4 dh=db23a3b35a099b14 nz=35963
[21:24:39] [Worker-Main-16/INFO] (Minecraft) [STDOUT]: [WG-CONTENT-WB] chunk(142,128) hash=83f1169ea9bcb864 dh=7ca03bbd63f587ae nz=35718
[21:24:39] [Worker-Main-8/INFO] (Minecraft) [STDOUT]: [WG-CONTENT-WB] chunk(141,144) hash=ed36afd71b60c3bb dh=8fbee5d0dd1aa1d0 nz=38322
[21:24:39] [Worker-Main-11/INFO] (Minecraft) [STDOUT]: [WG-CONTENT-WB] chunk(141,139) hash=e46652b671e7b5a1 dh=a3947a1b3ab2d399 nz=35785
[21:24:39] [Worker-Main-2/INFO] (Minecraft) [STDOUT]: [WG-CONTENT-WB] chunk(142,126) hash=7f1ee9cb5639cdae dh=958c5d57e7cdf828 nz=34292
[21:24:39] [Worker-Main-18/INFO] (Minecraft) [STDOUT]: [WG-CONTENT-WB] chunk(142,129) hash=74d35b86ec40899f dh=fc193bda91c40c3a nz=35576
[21:24:39] [Worker-Main-9/INFO] (Minecraft) [STDOUT]: [WG-CONTENT-WB] chunk(142,127) hash=3b3fca8ffb79dc7 dh=bde1a26b84908774 nz=35114
[21:24:39] [Worker-Main-3/INFO] (Minecraft) [STDOUT]: [WG-CONTENT-WB] chunk(142,130) hash=81c4f38dfc118911 dh=b6d9363f233d8555 nz=37119
[21:24:39] [Worker-Main-23/INFO] (Minecraft) [STDOUT]: [WG-CONTENT-WB] chunk(142,131) hash=5d64100731e1754f dh=8ab8be35ca99c919 nz=39276
[21:24:39] [Worker-Main-4/INFO] (Minecraft) [STDOUT]: [WG-CONTENT-WB] chunk(142,125) hash=487097c4aa33fb07 dh=8baf2d1dff34156a nz=32376
[21:24:39] [Worker-Main-12/INFO] (Minecraft) [STDOUT]: [WG-CONTENT-WB] chunk(142,132) hash=7f9187937a52aa9a dh=9b609d8455016536 nz=40963
[21:24:39] [Worker-Main-22/INFO] (Minecraft) [STDOUT]: [WG-CONTENT-WB] chunk(142,133) hash=d00bbd7e7923fdc1 dh=758ef8907421aed0 nz=44352
[21:24:39] [Worker-Main-15/INFO] (Minecraft) [STDOUT]: [WG-CONTENT-WB] chunk(142,134) hash=c210c03025974a5b dh=6bdb43d5a5afdc9c nz=44871
[21:24:39] [Worker-Main-19/INFO] (Minecraft) [STDOUT]: [WG-CONTENT-WB] chunk(142,135) hash=7ae2a44d5fc7e3d8 dh=553dcb0ad0c8432 nz=45284
[21:24:39] [Worker-Main-13/INFO] (Minecraft) [STDOUT]: [WG-CONTENT-WB] chunk(141,138) hash=a607d35638989a72 dh=7e614a6dcadbbc1b nz=37309
[21:24:39] [Worker-Main-7/INFO] (Minecraft) [STDOUT]: [WG-CONTENT-WB] chunk(142,136) hash=46bf183203c9a6e4 dh=16a2d57d5d826c90 nz=43468
[21:24:39] [Worker-Main-10/INFO] (Minecraft) [STDOUT]: [WG-CONTENT-WB] chunk(141,145) hash=d3dd1928757df180 dh=ed8ce5dd3756fc35 nz=36333
[21:24:39] [Worker-Main-17/INFO] (Minecraft) [STDOUT]: [WG-CONTENT-WB] chunk(141,124) hash=241cd5cdb4bf1823 dh=8037729e22ef0b05 nz=33094
[21:24:39] [Worker-Main-21/INFO] (Minecraft) [STDOUT]: [WG-CONTENT-WB] chunk(140,147) hash=e2593408b1c54be9 dh=fb88c14449dfd16 nz=36605
[21:24:39] [Worker-Main-6/INFO] (Minecraft) [STDOUT]: [WG-CONTENT-WB] chunk(141,146) hash=1a66a78b335b1531 dh=443b94ce993552d5 nz=37210
[21:24:39] [Worker-Main-14/INFO] (Minecraft) [STDOUT]: [WG-CONTENT-WB] chunk(141,137) hash=28f5c42c2aa1cd10 dh=ee18d77bf519c281 nz=39501
[21:24:39] [Worker-Main-5/INFO] (Minecraft) [STDOUT]: [WG-CONTENT-WB] chunk(142,137) hash=3e0864b1599b4bc7 dh=15d8722cda0ae42c nz=40634
[21:24:39] [Worker-Main-1/INFO] (Minecraft) [STDOUT]: [WG-CONTENT-WB] chunk(142,138) hash=5ca0685ece811ad9 dh=d9e304e1980e501c nz=37274
[21:24:39] [Worker-Main-23/INFO] (Minecraft) [STDOUT]: [WG-CONTENT-WB] chunk(142,141) hash=d375544ec309c818 dh=d103526ccc14f48e nz=33495
[21:24:39] [Worker-Main-18/INFO] (Minecraft) [STDOUT]: [WG-CONTENT-WB] chunk(143,125) hash=58f9936a2bb4592a dh=e715d2d074a8dce5 nz=30945
[21:24:39] [Worker-Main-16/INFO] (Minecraft) [STDOUT]: [WG-CONTENT-WB] chunk(143,130) hash=6a835a8e92778e75 dh=efa71962e05abfab nz=36119
[21:24:39] [Worker-Main-15/INFO] (Minecraft) [STDOUT]: [WG-CONTENT-WB] chunk(142,142) hash=fe8303e58aec88e3 dh=6de63876725b6e12 nz=31840
[21:24:39] [Worker-Main-14/INFO] (Minecraft) [STDOUT]: [WG-CONTENT-WB] chunk(143,128) hash=a8e754301b655158 dh=a54b3184bee3e475 nz=34736
[21:24:39] [Worker-Main-20/INFO] (Minecraft) [STDOUT]: [WG-CONTENT-WB] chunk(143,127) hash=8c6c5d7be2e8fa36 dh=431b39b3c9d33299 nz=34888
[21:24:39] [Worker-Main-12/INFO] (Minecraft) [STDOUT]: [WG-CONTENT-WB] chunk(143,126) hash=a584029a9671ee11 dh=9dce8c784332309f nz=32233
[21:24:39] [Worker-Main-8/INFO] (Minecraft) [STDOUT]: [WG-CONTENT-WB] chunk(143,131) hash=fa361e866a9fac62 dh=985a9275ea303254 nz=40562
[21:24:39] [Worker-Main-2/INFO] (Minecraft) [STDOUT]: [WG-CONTENT-WB] chunk(143,129) hash=27054a1fe9f28846 dh=daf46d630ba8171 nz=34851
[21:24:39] [Worker-Main-11/INFO] (Minecraft) [STDOUT]: [WG-CONTENT-WB] chunk(142,140) hash=2cea51d7fdeb5f9b dh=df61f4dcd90c07c1 nz=34228
[21:24:39] [Worker-Main-17/INFO] (Minecraft) [STDOUT]: [WG-CONTENT-WB] chunk(142,143) hash=5864f79f9ea24bb8 dh=5d4b8e9d2eed50a nz=32423
[21:24:39] [Worker-Main-6/INFO] (Minecraft) [STDOUT]: [WG-CONTENT-WB] chunk(143,133) hash=e234cc4dab7699b3 dh=ec86266d2a1bf4e1 nz=41092
[21:24:39] [Worker-Main-7/INFO] (Minecraft) [STDOUT]: [WG-CONTENT-WB] chunk(143,135) hash=7946a879ea1ad39b dh=598f51a73b54550c nz=42238
[21:24:39] [Worker-Main-5/INFO] (Minecraft) [STDOUT]: [WG-CONTENT-WB] chunk(143,134) hash=e18fc522bf725aaf dh=1baca74f82d303d6 nz=41011
[21:24:39] [Worker-Main-9/INFO] (Minecraft) [STDOUT]: [WG-CONTENT-WB] chunk(142,145) hash=f54cd592da051527 dh=7d0b76b74de69c78 nz=37635
[21:24:39] [Worker-Main-10/INFO] (Minecraft) [STDOUT]: [WG-CONTENT-WB] chunk(143,132) hash=cd8badd794c1bddc dh=7487e28860b7fd9f nz=41285
[21:24:39] [Worker-Main-4/INFO] (Minecraft) [STDOUT]: [WG-CONTENT-WB] chunk(142,144) hash=ab99d756d7d4d125 dh=6d22d61417322695 nz=34247
[21:24:39] [Worker-Main-13/INFO] (Minecraft) [STDOUT]: [WG-CONTENT-WB] chunk(142,146) hash=762842dbc396afc4 dh=ffa36d0066e1a47b nz=36293
[21:24:39] [Worker-Main-1/INFO] (Minecraft) [STDOUT]: [WG-CONTENT-WB] chunk(142,124) hash=7244b348feecb1d9 dh=675f08ef14422dcc nz=31056
[21:24:39] [Worker-Main-19/INFO] (Minecraft) [STDOUT]: [WG-CONTENT-WB] chunk(143,136) hash=e9ebdf6b2838d4b dh=97691aeda8ab7d88 nz=40163
[21:24:39] [Worker-Main-22/INFO] (Minecraft) [STDOUT]: [WG-CONTENT-WB] chunk(142,139) hash=c80388637d719afa dh=428402e446cbfd17 nz=35607
[21:24:39] [Worker-Main-21/INFO] (Minecraft) [STDOUT]: [WG-CONTENT-WB] chunk(143,137) hash=3fa5931d7eabca21 dh=37f1ab8d2df23f22 nz=39172
[21:24:39] [Worker-Main-3/INFO] (Minecraft) [STDOUT]: [WG-CONTENT-WB] chunk(143,138) hash=c8ce045b2970b742 dh=ec51cf7e9e5d4f63 nz=36045
[21:24:39] [Worker-Main-23/INFO] (Minecraft) [STDOUT]: [WG-CONTENT-WB] chunk(141,147) hash=1d54dcbade686ac9 dh=d1e66fd7f6c23091 nz=35802
[21:24:39] [Worker-Main-8/INFO] (Minecraft) [STDOUT]: [WG-CONTENT-WB] chunk(143,139) hash=5497364041fe9d15 dh=92db9dabe2e080f0 nz=34805
[21:24:39] [Worker-Main-14/INFO] (Minecraft) [STDOUT]: [WG-CONTENT-WB] chunk(143,124) hash=1fcf2350d8ece04a dh=93cbef9db6640d7b nz=31028
[21:24:39] [Worker-Main-6/INFO] (Minecraft) [STDOUT]: [WG-CONTENT-WB] chunk(143,140) hash=f95bfbabc5d1a42 dh=e131113753ebed68 nz=35630
[21:24:39] [Worker-Main-9/INFO] (Minecraft) [STDOUT]: [WG-CONTENT-WB] chunk(144,128) hash=38466b522a90e6c7 dh=36d1ca4ffc413e29 nz=33938
[21:24:39] [Worker-Main-11/INFO] (Minecraft) [STDOUT]: [WG-CONTENT-WB] chunk(144,129) hash=b86a4dda1d26512d dh=43e45bb226aa7ab7 nz=33672
[21:24:39] [Worker-Main-13/INFO] (Minecraft) [STDOUT]: [WG-CONTENT-WB] chunk(142,147) hash=54c296e5cf30c599 dh=fee02e7105213675 nz=34120
[21:24:39] [Worker-Main-2/INFO] (Minecraft) [STDOUT]: [WG-CONTENT-WB] chunk(143,144) hash=91959d0952754f05 dh=693f2c70bd12c6b8 nz=31574
[21:24:39] [Worker-Main-16/INFO] (Minecraft) [STDOUT]: [WG-CONTENT-WB] chunk(143,142) hash=aeeb234ee1d702c5 dh=f6c7374d43a7d9a nz=33188
[21:24:39] [Worker-Main-3/INFO] (Minecraft) [STDOUT]: [WG-CONTENT-WB] chunk(143,141) hash=7e999a986d5e6a3a dh=799e002aac170975 nz=35480
[21:24:39] [Worker-Main-7/INFO] (Minecraft) [STDOUT]: [WG-CONTENT-WB] chunk(143,143) hash=79ba99c94806e6e5 dh=7dbb976b223934d8 nz=31284
[21:24:39] [Worker-Main-21/INFO] (Minecraft) [STDOUT]: [WG-CONTENT-WB] chunk(144,125) hash=ce1ae7e32cef98f9 dh=122fe44c8343113 nz=31902
[21:24:39] [Worker-Main-4/INFO] (Minecraft) [STDOUT]: [WG-CONTENT-WB] chunk(144,126) hash=5ec774e0ce1e990 dh=5f56ca035c817cf2 nz=32317
[21:24:39] [Worker-Main-12/INFO] (Minecraft) [STDOUT]: [WG-CONTENT-WB] chunk(143,145) hash=6714dca7498434dc dh=c5d24251e622c48d nz=29706
[21:24:39] [Worker-Main-22/INFO] (Minecraft) [STDOUT]: [WG-CONTENT-WB] chunk(144,127) hash=d015e4a07115f07e dh=75198af24625ab0f nz=33288
[21:24:39] [Worker-Main-19/INFO] (Minecraft) [STDOUT]: [WG-CONTENT-WB] chunk(144,130) hash=b34d6b1ef6884ab3 dh=94338a6abb9b62f7 nz=35141
[21:24:39] [Worker-Main-10/INFO] (Minecraft) [STDOUT]: [WG-CONTENT-WB] chunk(144,131) hash=113c55225f96975b dh=25ddbe4ca1bc9e94 nz=37462
[21:24:39] [Worker-Main-23/INFO] (Minecraft) [STDOUT]: [WG-CONTENT-WB] chunk(144,132) hash=c442319a938006dc dh=92855a269f1beef3 nz=40420
[21:24:39] [Worker-Main-8/INFO] (Minecraft) [STDOUT]: [WG-CONTENT-WB] chunk(144,134) hash=22086e87a2180f78 dh=bf7342ceba4a743d nz=40320
[21:24:39] [Worker-Main-15/INFO] (Minecraft) [STDOUT]: [WG-CONTENT-WB] chunk(143,146) hash=eca943583325e5be dh=ff1d7997bb740b7b nz=29955
[21:24:39] [Worker-Main-20/INFO] (Minecraft) [STDOUT]: [WG-CONTENT-WB] chunk(144,135) hash=22fad7e9ff301f3f dh=23f1ddb613e3cf23 nz=39144
[21:24:39] [Worker-Main-5/INFO] (Minecraft) [STDOUT]: [WG-CONTENT-WB] chunk(144,133) hash=d88d84daa6245e93 dh=fef94a196e1716a5 nz=40038
[21:24:39] [Worker-Main-17/INFO] (Minecraft) [STDOUT]: [WG-CONTENT-WB] chunk(144,136) hash=b973b2ecd5eaf00c dh=b5bf281dcdbaac56 nz=39668
[21:24:39] [Worker-Main-18/INFO] (Minecraft) [STDOUT]: [WG-CONTENT-WB] chunk(144,138) hash=58fa58fe4a869d10 dh=c7937cbc9799bf29 nz=36033
[21:24:39] [Worker-Main-1/INFO] (Minecraft) [STDOUT]: [WG-CONTENT-WB] chunk(144,137) hash=3e389971331e6af4 dh=8feb6105d8d0d6c nz=37785
[21:24:39] [Worker-Main-14/INFO] (Minecraft) [STDOUT]: [WG-CONTENT-WB] chunk(144,139) hash=135561915c0e1615 dh=dfa2c00941dc4df2 nz=32014
[21:24:39] [Worker-Main-21/INFO] (Minecraft) [STDOUT]: [WG-CONTENT-WB] chunk(144,140) hash=1ce97224c9dad8c1 dh=880b464f2b1a4fee nz=35122
[21:24:39] [Worker-Main-16/INFO] (Minecraft) [STDOUT]: [WG-CONTENT-WB] chunk(144,141) hash=4e26a3ce70847000 dh=d4412337f83d0d14 nz=33851
[21:24:39] [Worker-Main-9/INFO] (Minecraft) [STDOUT]: [WG-CONTENT-WB] chunk(145,125) hash=9dbcc846e4785d63 dh=d514aa2767c87046 nz=32327
[21:24:39] [Worker-Main-3/INFO] (Minecraft) [STDOUT]: [WG-CONTENT-WB] chunk(145,127) hash=1a7846559eaa4b1 dh=ba92a242bbea9640 nz=30545
[21:24:39] [Worker-Main-20/INFO] (Minecraft) [STDOUT]: [WG-CONTENT-WB] chunk(145,126) hash=43b656ca2a50ff7e dh=1c36abaea49ecc4a nz=32489
[21:24:39] [Worker-Main-12/INFO] (Minecraft) [STDOUT]: [WG-CONTENT-WB] chunk(145,129) hash=b17b9289f5975777 dh=82ed9ad886cb74b3 nz=29853
[21:24:39] [Worker-Main-7/INFO] (Minecraft) [STDOUT]: [WG-CONTENT-WB] chunk(144,146) hash=67b558cc49dc0200 dh=b0bcd91914895a40 nz=29002
[21:24:39] [Worker-Main-18/INFO] (Minecraft) [STDOUT]: [WG-CONTENT-WB] chunk(145,130) hash=3eab8bd2d577f34c dh=fee21e20548d51b9 nz=31925
[21:24:39] [Worker-Main-6/INFO] (Minecraft) [STDOUT]: [WG-CONTENT-WB] chunk(145,128) hash=911ae52083c2a7ec dh=e4ec4b35c93ad650 nz=30098
[21:24:39] [Worker-Main-22/INFO] (Minecraft) [STDOUT]: [WG-CONTENT-WB] chunk(145,131) hash=a9ccbd0f1e27f46 dh=93d4cb37775702e6 nz=32443
[21:24:39] [Worker-Main-10/INFO] (Minecraft) [STDOUT]: [WG-CONTENT-WB] chunk(144,144) hash=8354cf7d58a4977 dh=22facd28241a0744 nz=27529
[21:24:39] [Worker-Main-5/INFO] (Minecraft) [STDOUT]: [WG-CONTENT-WB] chunk(144,143) hash=17e5e53ea1da9fe6 dh=84b83dd5dfc09788 nz=31545
[21:24:39] [Worker-Main-16/INFO] (Minecraft) [STDOUT]: [WG-CONTENT-WB] chunk(144,142) hash=19453673e223b4a6 dh=6daa6376d79d4123 nz=31250
[21:24:39] [Worker-Main-13/INFO] (Minecraft) [STDOUT]: [WG-CONTENT-WB] chunk(144,145) hash=f6a5cd52b65113c7 dh=3ac9a22ab11cab4 nz=28923
[21:24:39] [Worker-Main-15/INFO] (Minecraft) [STDOUT]: [WG-CONTENT-WB] chunk(145,132) hash=439d784ebb79efa4 dh=59bd137bc17e2bd5 nz=36724
[21:24:39] [Worker-Main-21/INFO] (Minecraft) [STDOUT]: [WG-CONTENT-WB] chunk(145,134) hash=a3c6dfe17a5a073c dh=23114082de36e60 nz=38422
[21:24:39] [Worker-Main-14/INFO] (Minecraft) [STDOUT]: [WG-CONTENT-WB] chunk(145,133) hash=39c1725dc6c03819 dh=3486e6546b8ca9a1 nz=35427
[21:24:39] [Worker-Main-4/INFO] (Minecraft) [STDOUT]: [WG-CONTENT-WB] chunk(145,136) hash=3d3d65a0da17424a dh=c3c89cdcb7e65600 nz=45063
[21:24:39] [Worker-Main-8/INFO] (Minecraft) [STDOUT]: [WG-CONTENT-WB] chunk(145,135) hash=958276295f87bf40 dh=5c569c1f1bead10e nz=42333
[21:24:39] [Worker-Main-23/INFO] (Minecraft) [STDOUT]: [WG-CONTENT-WB] chunk(145,138) hash=8f82cae0b45cf5d2 dh=5b27dca7c125a529 nz=35639
[21:24:39] [Worker-Main-1/INFO] (Minecraft) [STDOUT]: [WG-CONTENT-WB] chunk(145,139) hash=fb919201047a7587 dh=2e7f823f2df2d2b8 nz=33489
[21:24:39] [Worker-Main-2/INFO] (Minecraft) [STDOUT]: [WG-CONTENT-WB] chunk(145,141) hash=ce7d6f2dd73ae5af dh=9fe8420962a0e3ae nz=37925
[21:24:39] [Worker-Main-11/INFO] (Minecraft) [STDOUT]: [WG-CONTENT-WB] chunk(145,137) hash=33044d7a68af84a1 dh=baf80d15417e1475 nz=39447
[21:24:39] [Worker-Main-19/INFO] (Minecraft) [STDOUT]: [WG-CONTENT-WB] chunk(145,142) hash=3ddb6946748a2dba dh=7052db93930f7d4e nz=38207
[21:24:39] [Worker-Main-17/INFO] (Minecraft) [STDOUT]: [WG-CONTENT-WB] chunk(145,140) hash=4665893da0cefdc2 dh=a93ed740b0c4c423 nz=35146
[21:24:40] [Worker-Main-12/INFO] (Minecraft) [STDOUT]: [WG-CONTENT-WB] chunk(146,125) hash=9c40f9bedca958f2 dh=e8bc4318e6e4cded nz=33122
[21:24:40] [Worker-Main-14/INFO] (Minecraft) [STDOUT]: [WG-CONTENT-WB] chunk(144,124) hash=f1e189a7b58d4f85 dh=e0148fae0a731251 nz=31378
[21:24:40] [Worker-Main-3/INFO] (Minecraft) [STDOUT]: [WG-CONTENT-WB] chunk(146,130) hash=f5b7e001f49ff8aa dh=bf4ff1d183186e96 nz=32709
[21:24:40] [Worker-Main-15/INFO] (Minecraft) [STDOUT]: [WG-CONTENT-WB] chunk(145,146) hash=7d1141e4ee4c195e dh=ac5792766eddedd0 nz=30852
[21:24:40] [Worker-Main-21/INFO] (Minecraft) [STDOUT]: [WG-CONTENT-WB] chunk(145,145) hash=8bd0cc7c4389661d dh=63d35f4dcf889563 nz=29361
[21:24:40] [Worker-Main-4/INFO] (Minecraft) [STDOUT]: [WG-CONTENT-WB] chunk(145,143) hash=b4768c38b80e636f dh=f6e897b99095e077 nz=35522
[21:24:40] [Worker-Main-20/INFO] (Minecraft) [STDOUT]: [WG-CONTENT-WB] chunk(143,147) hash=68c66c8de2c21378 dh=df9aeabbc53b8c39 nz=35972
[21:24:40] [Worker-Main-9/INFO] (Minecraft) [STDOUT]: [WG-CONTENT-WB] chunk(146,139) hash=587c16a6ca3fd923 dh=9c5bcd4e7d40334b nz=34527
[21:24:40] [Worker-Main-1/INFO] (Minecraft) [STDOUT]: [WG-CONTENT-WB] chunk(145,144) hash=9d0a13936adcca01 dh=69d88f3513d41c8b nz=32773
[21:24:40] [Worker-Main-23/INFO] (Minecraft) [STDOUT]: [WG-CONTENT-WB] chunk(146,132) hash=2045eba5946596de dh=e506ff53a023344a nz=32275
[21:24:40] [Worker-Main-2/INFO] (Minecraft) [STDOUT]: [WG-CONTENT-WB] chunk(146,129) hash=42496e55641d8a55 dh=2658f14c0872789b nz=32291
[21:24:40] [Worker-Main-5/INFO] (Minecraft) [STDOUT]: [WG-CONTENT-WB] chunk(146,127) hash=9fc2d27a7154402f dh=67b7e82f4b53ca54 nz=31916
[21:24:40] [Worker-Main-19/INFO] (Minecraft) [STDOUT]: [WG-CONTENT-WB] chunk(146,128) hash=bfcfe44dedb897d3 dh=2ad311d0d6ff54b3 nz=31574
[21:24:40] [Worker-Main-11/INFO] (Minecraft) [STDOUT]: [WG-CONTENT-WB] chunk(146,131) hash=e97bbf7d8d4773cb dh=c8c7d6b5a37b2757 nz=30774
[21:24:40] [Worker-Main-18/INFO] (Minecraft) [STDOUT]: [WG-CONTENT-WB] chunk(146,126) hash=6dc25801cff6ea0c dh=a8b83fb9e9c4bd58 nz=32510
[21:24:40] [Worker-Main-7/INFO] (Minecraft) [STDOUT]: [WG-CONTENT-WB] chunk(146,133) hash=5d114e9fee08e551 dh=1d100ba0bc760d3c nz=34492
[21:24:40] [Worker-Main-8/INFO] (Minecraft) [STDOUT]: [WG-CONTENT-WB] chunk(146,135) hash=63fbe4e40dfd37b7 dh=f770eb8ea6456411 nz=42687
[21:24:40] [Worker-Main-17/INFO] (Minecraft) [STDOUT]: [WG-CONTENT-WB] chunk(146,134) hash=781e66b5d5435d7c dh=6dcc97e239a868f8 nz=39457
[21:24:40] [Worker-Main-16/INFO] (Minecraft) [STDOUT]: [WG-CONTENT-WB] chunk(146,136) hash=db7d4c3d42aa7744 dh=e382b4d783bce266 nz=44029
[21:24:40] [Worker-Main-13/INFO] (Minecraft) [STDOUT]: [WG-CONTENT-WB] chunk(145,124) hash=674d5b4ffca50954 dh=aa21320d961d9637 nz=32041
[21:24:40] [Worker-Main-6/INFO] (Minecraft) [STDOUT]: [WG-CONTENT-WB] chunk(146,137) hash=83b7d6643bf1722b dh=4afc73be1c9a0e2c nz=39827
[21:24:40] [Worker-Main-22/INFO] (Minecraft) [STDOUT]: [WG-CONTENT-WB] chunk(146,138) hash=af0822da23b36e9d dh=47f74bf3aee5f489 nz=37745
[21:24:40] [Worker-Main-10/INFO] (Minecraft) [STDOUT]: [WG-CONTENT-WB] chunk(146,124) hash=26dd0bbf6d97ddcb dh=12c89d2801dc83c5 nz=32700
[21:24:40] [Worker-Main-12/INFO] (Minecraft) [STDOUT]: [WG-CONTENT-WB] chunk(146,140) hash=37585ffc69a05dd0 dh=ac9ce760fa9dcd5e nz=36413
[21:24:40] [Worker-Main-15/INFO] (Minecraft) [STDOUT]: [WG-CONTENT-WB] chunk(146,143) hash=610dedb25fba5676 dh=d456342d8b1a7698 nz=37399
[21:24:40] [Worker-Main-3/INFO] (Minecraft) [STDOUT]: [WG-CONTENT-WB] chunk(146,142) hash=174719b657ed218c dh=398fc33bc0c690b9 nz=38584
[21:24:40] [Worker-Main-14/INFO] (Minecraft) [STDOUT]: [WG-CONTENT-WB] chunk(146,141) hash=79ce5dc21e063b75 dh=4db4620997aaad3f nz=37706
[21:24:40] [Worker-Main-1/INFO] (Minecraft) [STDOUT]: [WG-CONTENT-WB] chunk(146,144) hash=5ac2a8193e2a34b1 dh=d3abc2c277833f05 nz=35123
[21:24:40] [Server thread/INFO] (Minecraft) [Rcon: Marked 256 chunks in minecraft:overworld from [128, 128] to [143, 143] to be force loaded]
[21:24:40] [Server thread/WARN] (Minecraft) Can't keep up! Is the server overloaded? Running 4983ms or 99 ticks behind
[21:24:40] [RCON Client /127.0.0.1 #2/INFO] (Minecraft) Thread RCON Client /127.0.0.1 shutting down
[21:24:40] [Worker-Main-15/INFO] (Minecraft) [STDOUT]: [WG-CONTENT-WB] chunk(146,145) hash=9ab21988dd0b48fa dh=b31dfedccd5a8e2f nz=31443
[21:24:40] [Worker-Main-17/INFO] (Minecraft) [STDOUT]: [WG-CONTENT-WB] chunk(146,146) hash=b5bba145db02b1a1 dh=739c5652796f842d nz=30624
[21:24:40] [Worker-Main-1/INFO] (Minecraft) [STDOUT]: [WG-CONTENT-WB] chunk(144,147) hash=98c2442f2aee5c4b dh=9e0a1eb2dacdd7b9 nz=29738
[21:24:40] [Worker-Main-5/INFO] (Minecraft) [STDOUT]: [WG-CONTENT-WB] chunk(145,147) hash=c52e37842af60caa dh=a40a450c3d9ba4c0 nz=31440
[21:24:40] [Worker-Main-20/INFO] (Minecraft) [STDOUT]: [WG-CONTENT-WB] chunk(147,128) hash=cd9f183b330d7a6b dh=d4ca0a8f30355821 nz=32445
[21:24:40] [Worker-Main-8/INFO] (Minecraft) [STDOUT]: [WG-CONTENT-WB] chunk(147,126) hash=2dc6f7025fedb1e4 dh=a4a3d076aa987f99 nz=32512
[21:24:40] [Worker-Main-13/INFO] (Minecraft) [STDOUT]: [WG-CONTENT-WB] chunk(147,127) hash=ae6e178769b10139 dh=3c82812635c8f125 nz=32512
[21:24:40] [Worker-Main-14/INFO] (Minecraft) [STDOUT]: [WG-CONTENT-WB] chunk(146,147) hash=15ed763526543447 dh=977d31b53aa31ee8 nz=32159
[21:24:40] [Worker-Main-16/INFO] (Minecraft) [STDOUT]: [WG-CONTENT-WB] chunk(147,125) hash=e5cd936bb13095af dh=ddd2f97fe5c3b660 nz=32836
[21:24:40] [Worker-Main-7/INFO] (Minecraft) [STDOUT]: [WG-CONTENT-WB] chunk(147,129) hash=cc27463491fe0f79 dh=77b9e02484469c6e nz=32969
[21:24:40] [Worker-Main-12/INFO] (Minecraft) [STDOUT]: [WG-CONTENT-WB] chunk(147,133) hash=1fa833f60a930220 dh=e80d765f327b7cbd nz=34100
[21:24:40] [Worker-Main-10/INFO] (Minecraft) [STDOUT]: [WG-CONTENT-WB] chunk(147,139) hash=1d51c408e6ce7889 dh=5649220022cd789d nz=35920
[21:24:40] [Worker-Main-21/INFO] (Minecraft) [STDOUT]: [WG-CONTENT-WB] chunk(147,130) hash=584636ff4680c5ce dh=a0a2fef7e9758531 nz=32580
[21:24:40] [Worker-Main-23/INFO] (Minecraft) [STDOUT]: [WG-CONTENT-WB] chunk(147,134) hash=38d17effa5df042f dh=772ae571e886aca8 nz=34857
[21:24:40] [Worker-Main-11/INFO] (Minecraft) [STDOUT]: [WG-CONTENT-WB] chunk(147,132) hash=82540b7d5151043f dh=16e0d6e0d384a4e4 nz=32962
[21:24:40] [Worker-Main-18/INFO] (Minecraft) [STDOUT]: [WG-CONTENT-WB] chunk(147,140) hash=72b7ba06a99693cb dh=4567a9cc2b9f6484 nz=38111
[21:24:40] [Worker-Main-4/INFO] (Minecraft) [STDOUT]: [WG-CONTENT-WB] chunk(147,131) hash=ef96932117b5a453 dh=17f5e535813be9ff nz=31096
[21:24:40] [Worker-Main-3/INFO] (Minecraft) [STDOUT]: [WG-CONTENT-WB] chunk(147,137) hash=743e3c25962a2b37 dh=105ca4aa4f501a9 nz=40604
[21:24:40] [Worker-Main-6/INFO] (Minecraft) [STDOUT]: [WG-CONTENT-WB] chunk(147,136) hash=92830518f8485f4a dh=229fb0e71f6ecdc4 nz=41357
[21:24:40] [Worker-Main-9/INFO] (Minecraft) [STDOUT]: [WG-CONTENT-WB] chunk(147,124) hash=f2b62dcd0852e1c0 dh=df8de0e2fc9b6707 nz=33773
[21:24:40] [Worker-Main-19/INFO] (Minecraft) [STDOUT]: [WG-CONTENT-WB] chunk(147,138) hash=7dc5616b54406ecb dh=aa4928fdab11198b nz=39766
[21:24:40] [Worker-Main-2/INFO] (Minecraft) [STDOUT]: [WG-CONTENT-WB] chunk(147,135) hash=49ec118880d2dd6e dh=754070b5e0249e4b nz=38932
[21:24:40] [Worker-Main-15/INFO] (Minecraft) [STDOUT]: [WG-CONTENT-WB] chunk(147,143) hash=9f11f6a783b0e4dc dh=bec89b23942db302 nz=37262
[21:24:40] [Worker-Main-22/INFO] (Minecraft) [STDOUT]: [WG-CONTENT-WB] chunk(147,141) hash=caf72a682e435d4a dh=77a30904aa58da1e nz=39091
[21:24:40] [Worker-Main-17/INFO] (Minecraft) [STDOUT]: [WG-CONTENT-WB] chunk(147,142) hash=3b212d55cf20367f dh=e5eb6111128640a8 nz=39021
[21:24:40] [Worker-Main-20/INFO] (Minecraft) [STDOUT]: [WG-CONTENT-WB] chunk(147,146) hash=4412cb11b41d4dc3 dh=8fb4a93101c1646 nz=32343
[21:24:40] [Worker-Main-5/INFO] (Minecraft) [STDOUT]: [WG-CONTENT-WB] chunk(147,145) hash=e780a149bbd0e6c0 dh=f689fe5033bca2fa nz=32534
[21:24:40] [Worker-Main-1/INFO] (Minecraft) [STDOUT]: [WG-CONTENT-WB] chunk(147,144) hash=9e65a83569fdc16a dh=9f17a4dcdb74eba0 nz=33410
[21:24:40] [Worker-Main-8/INFO] (Minecraft) [STDOUT]: [WG-CONTENT-WB] chunk(147,147) hash=a90eef165ac668f4 dh=6f9fa5f12d2c54e9 nz=32431
[21:24:54] [RCON Listener #1/INFO] (Minecraft) Thread RCON Client /127.0.0.1 started
[21:24:54] [Server thread/INFO] (Minecraft) [Rcon: Stopping the server]
[21:24:54] [RCON Client /127.0.0.1 #3/INFO] (Minecraft) Thread RCON Client /127.0.0.1 shutting down
[21:24:54] [Server thread/INFO] (Minecraft) Stopping server
[21:24:54] [Server thread/INFO] (Minecraft) Saving players
[21:24:54] [Server thread/INFO] (Minecraft) Saving worlds
[21:24:54] [Server thread/INFO] (Minecraft) Saving chunks for level 'ServerLevel[world]'/minecraft:overworld
[21:24:56] [Server thread/INFO] (Minecraft) Saving chunks for level 'ServerLevel[world]'/minecraft:the_end
[21:24:56] [Server thread/INFO] (Minecraft) Saving chunks for level 'ServerLevel[world]'/minecraft:the_nether
[21:24:56] [Server thread/INFO] (Minecraft) ThreadedAnvilChunkStorage (world): All chunks are saved
[21:24:56] [Server thread/INFO] (Minecraft) ThreadedAnvilChunkStorage (DIM1): All chunks are saved
[21:24:56] [Server thread/INFO] (Minecraft) ThreadedAnvilChunkStorage (DIM-1): All chunks are saved
[21:24:56] [Server thread/INFO] (Minecraft) ThreadedAnvilChunkStorage: All dimensions are saved
[21:24:56] [Server thread/INFO] (Minecraft) Thread RCON Listener stopped

[Incubating] Problems report is available at: file:///E:/PYTHON/CoreSwap/versions/1.21.6/java/build/reports/problems/problems-report.html

Deprecated Gradle features were used in this build, making it incompatible with Gradle 9.0.

You can use '--warning-mode all' to show the individual deprecation warnings and determine if they come from your own scripts or plugins.

For more on this, please refer to https://docs.gradle.org/8.13/userguide/command_line_interface.html#sec:command_line_warnings in the Gradle documentation.

BUILD SUCCESSFUL in 54s
6 actionable tasks: 1 executed, 5 up-to-date
