Starting a Gradle Daemon (subsequent builds will be faster)

> Configure project :
Fabric Loom: 1.10.5

> Configure project :content-test
Fabric Loom: 1.10.5

> Task :compileJava

> Task :processResources UP-TO-DATE
> Task :classes
> Task :generateLog4jConfig UP-TO-DATE
> Task :generateRemapClasspath UP-TO-DATE
> Task :generateDLIConfig UP-TO-DATE
> Task :configureLaunch UP-TO-DATE

> Task :runServer
[21:09:45] [main/INFO] (FabricLoader/GameProvider) Loading Minecraft 1.20.1 with Fabric Loader 0.15.11
[21:09:45] [main/INFO] (FabricLoader) Loading 48 mods:
	- chunky 1.3.146
	- coreswap 1.20.1-1.0.29
	- fabric-api 0.92.0+1.20.1
	- fabric-api-base 0.4.31+1802ada577
	- fabric-api-lookup-api-v1 1.6.36+1802ada577
	- fabric-biome-api-v1 13.0.13+1802ada577
	- fabric-block-api-v1 1.0.11+1802ada577
	- fabric-block-view-api-v2 1.0.1+1802ada577
	- fabric-command-api-v1 1.2.34+f71b366f77
	- fabric-command-api-v2 2.2.13+1802ada577
	- fabric-commands-v0 0.2.51+df3654b377
	- fabric-containers-v0 0.1.64+df3654b377
	- fabric-content-registries-v0 4.0.11+1802ada577
	- fabric-convention-tags-v1 1.5.5+1802ada577
	- fabric-crash-report-info-v1 0.2.19+1802ada577
	- fabric-data-attachment-api-v1 1.0.0+de0fd6d177
	- fabric-data-generation-api-v1 12.3.4+1802ada577
	- fabric-dimensions-v1 2.1.54+1802ada577
	- fabric-entity-events-v1 1.6.0+1c78457f77
	- fabric-events-interaction-v0 0.6.2+1802ada577
	- fabric-events-lifecycle-v0 0.2.63+df3654b377
	- fabric-game-rule-api-v1 1.0.40+1802ada577
	- fabric-gametest-api-v1 1.2.13+1802ada577
	- fabric-item-api-v1 2.1.28+1802ada577
	- fabric-item-group-api-v1 4.0.12+1802ada577
	- fabric-lifecycle-events-v1 2.2.22+1802ada577
	- fabric-loot-api-v2 1.2.1+1802ada577
	- fabric-loot-tables-v1 1.1.45+9e7660c677
	- fabric-message-api-v1 5.1.9+1802ada577
	- fabric-mining-level-api-v1 2.1.50+1802ada577
	- fabric-networking-api-v1 1.3.11+1802ada577
	- fabric-networking-v0 0.3.51+df3654b377
	- fabric-object-builder-api-v1 11.1.3+1802ada577
	- fabric-particles-v1 1.1.2+1802ada577
	- fabric-recipe-api-v1 1.0.21+1802ada577
	- fabric-registry-sync-v0 2.3.3+1802ada577
	- fabric-rendering-data-attachment-v1 0.3.37+92a0d36777
	- fabric-rendering-fluids-v1 3.0.28+1802ada577
	- fabric-resource-conditions-api-v1 2.3.8+1802ada577
	- fabric-resource-loader-v0 0.11.10+1802ada577
	- fabric-screen-handler-api-v1 1.3.30+1802ada577
	- fabric-transfer-api-v1 3.3.4+1802ada577
	- fabric-transitive-access-wideners-v1 4.3.1+1802ada577
	- fabricloader 0.15.11
	- java 17
	- minecraft 1.20.1
	- mixinextras 0.3.5
	- testcontent 1.0.0
[21:09:49] [main/INFO] (FabricLoader/Mixin) SpongePowered MIXIN Subsystem Version=0.8.5 Source=file:/E:/PYTHON/CoreSwap/.gradle-home/caches/modules-2/files-2.1/net.fabricmc/sponge-mixin/0.13.3+mixin.0.8.5/9527e6b0d2449408958fd1302594dc65ec5ade9c/sponge-mixin-0.13.3+mixin.0.8.5.jar Service=Knot/Fabric Env=SERVER
[21:09:49] [main/INFO] (FabricLoader/Mixin) Loaded Fabric development mappings for mixin remapper!
[21:09:49] [main/INFO] (FabricLoader/Mixin) Compatibility level set to JAVA_16
[21:09:49] [main/INFO] (FabricLoader/Mixin) Compatibility level set to JAVA_17
[21:09:50] [main/INFO] (FabricLoader/MixinExtras|Service) Initializing MixinExtras via com.llamalad7.mixinextras.service.MixinExtrasServiceImpl(version=0.3.5).
[21:09:52] [main/WARN] (WmiQueryHandler) COM exception querying Win32_Processor, which might not be on your system. Will not attempt to query it again. Error was -2147217405: (HRESULT: 80041003)
[21:09:52] [main/WARN] (WmiQueryHandler) COM exception querying Win32_Processor, which might not be on your system. Will not attempt to query it again. Error was -2147217405: (HRESULT: 80041003)
[21:09:52] [main/WARN] (WmiQueryHandler) COM exception querying Win32_VideoController, which might not be on your system. Will not attempt to query it again. Error was -2147217405: (HRESULT: 80041003)
[21:09:52] [main/WARN] (WmiQueryHandler) COM exception querying Win32_PhysicalMemory, which might not be on your system. Will not attempt to query it again. Error was -2147217405: (HRESULT: 80041003)
[21:10:01] [main/INFO] (Minecraft) [STDOUT]: [TestContent] registered testcontent:test_brick raw=1003 testcontent:test_lamp raw=1004
[21:10:02] [main/INFO] (Minecraft) Environment: authHost='https://authserver.mojang.com', accountsHost='https://api.mojang.com', sessionHost='https://sessionserver.mojang.com', servicesHost='https://api.minecraftservices.com', name='PROD'
[21:10:04] [main/INFO] (Minecraft) Loaded 7 recipes
[21:10:04] [main/INFO] (Minecraft) Loaded 1271 advancements
[21:10:04] [main/INFO] (BiomeModificationImpl) Applied 0 biome modifications to 0 of 64 new biomes in 2.754 ms
[21:10:04] [Server thread/INFO] (Minecraft) Starting minecraft server version 1.20.1
[21:10:04] [Server thread/INFO] (Minecraft) Loading properties
[21:10:04] [Server thread/INFO] (Minecraft) Default game type: SURVIVAL
[21:10:04] [Server thread/INFO] (Minecraft) Generating keypair
[21:10:05] [Server thread/INFO] (Minecraft) Starting Minecraft server on *:25565
[21:10:05] [Server thread/INFO] (Minecraft) Using default channel type
[21:10:05] [Server thread/INFO] (Minecraft) Preparing level "world"
[21:10:08] [Server thread/INFO] (Minecraft) Preparing start region for dimension minecraft:overworld
[21:10:08] [Worker-Main-16/INFO] (Minecraft) Preparing spawn area: 0%
[21:10:08] [Worker-Main-6/INFO] (Minecraft) Preparing spawn area: 0%
[21:10:09] [Worker-Main-22/INFO] (Minecraft) Preparing spawn area: 0%
[21:10:09] [Worker-Main-20/INFO] (Minecraft) Preparing spawn area: 1%
[21:10:10] [Worker-Main-3/INFO] (Minecraft) Preparing spawn area: 3%
[21:10:10] [Worker-Main-5/INFO] (Minecraft) Preparing spawn area: 5%
[21:10:11] [Worker-Main-5/INFO] (Minecraft) Preparing spawn area: 9%
[21:10:11] [Worker-Main-3/INFO] (Minecraft) Preparing spawn area: 13%
[21:10:12] [Worker-Main-6/INFO] (Minecraft) Preparing spawn area: 17%
[21:10:12] [Worker-Main-2/INFO] (Minecraft) Preparing spawn area: 22%
[21:10:13] [Worker-Main-9/INFO] (Minecraft) Preparing spawn area: 27%
[21:10:13] [Worker-Main-1/INFO] (Minecraft) Preparing spawn area: 33%
[21:10:14] [Worker-Main-1/INFO] (Minecraft) Preparing spawn area: 39%
[21:10:14] [Worker-Main-7/INFO] (Minecraft) Preparing spawn area: 43%
[21:10:15] [Worker-Main-23/INFO] (Minecraft) Preparing spawn area: 49%
[21:10:15] [Worker-Main-7/INFO] (Minecraft) Preparing spawn area: 55%
[21:10:16] [Worker-Main-8/INFO] (Minecraft) Preparing spawn area: 60%
[21:10:16] [Worker-Main-6/INFO] (Minecraft) Preparing spawn area: 66%
[21:10:17] [Worker-Main-17/INFO] (Minecraft) Preparing spawn area: 70%
[21:10:17] [Worker-Main-1/INFO] (Minecraft) Preparing spawn area: 75%
[21:10:18] [Worker-Main-12/INFO] (Minecraft) Preparing spawn area: 81%
[21:10:18] [Worker-Main-14/INFO] (Minecraft) Preparing spawn area: 85%
[21:10:19] [Worker-Main-11/INFO] (Minecraft) Preparing spawn area: 90%
[21:10:19] [Worker-Main-17/INFO] (Minecraft) Preparing spawn area: 95%
[21:10:20] [Server thread/INFO] (Minecraft) Time elapsed: 11813 ms
[21:10:20] [Server thread/INFO] (Minecraft) Done (14.316s)! For help, type "help"
[21:10:20] [Server thread/INFO] (Minecraft) Starting remote control listener
[21:10:20] [Server thread/INFO] (Minecraft) Thread RCON Listener started
[21:10:20] [Server thread/INFO] (Minecraft) RCON running on 0.0.0.0:25575
[21:10:20] [Server thread/INFO] (Minecraft) [STDOUT]: [CppBridge] init seed=123456789012345678 worldgenDir=E:\PYTHON\CoreSwap\versions\1.20.1\data\worldgen enabled=true stageMask=3 env.CORESWAP_DEFAULT_BLOCK=null
[21:10:20] [Server thread/INFO] (Minecraft) [STDOUT]: [CppBridge] dll=E:\PYTHON\CoreSwap\.tmp\java-tmp\coreswap-native\worldgen.dll size=2457088 sha256=dd3b645f2c79d2cb...
[21:10:20] [Server thread/INFO] (Minecraft) [STDOUT]: [CppBridge] initNether seed=123456789012345678 enabled=true stageMask=3
[21:10:20] [Server thread/INFO] (Minecraft) [STDOUT]: [CppBridge] initEnd seed=123456789012345678 enabled=true stageMask=3
[21:10:20] [Server thread/INFO] (Minecraft) [STDOUT]: [BenchMod] CoreSwap replace mode: C++ worldgen active
[21:10:29] [RCON Listener #1/INFO] (Minecraft) Thread RCON Client /127.0.0.1 started
[21:10:29] [Worker-Main-4/INFO] (Minecraft) [STDOUT]: [WG-BULKWB-SENTINEL] armed: concurrent same-chunk write detector active (non-reentrant, in-flight overlap only; mirrors vanilla LockHelper semantics)
[21:10:29] [Worker-Main-4/INFO] (Minecraft) [STDOUT]: [WG-CONTENT-WB] chunk(-8,-8) hash=6c309750d446988 dh=8e835a9d1a0c2a40 nz=31040
[21:10:29] [Worker-Main-21/INFO] (Minecraft) [STDOUT]: [WG-CONTENT-WB] chunk(-9,-9) hash=b34840bfccc28d dh=77455fa7eebea38a nz=31759
[21:10:29] [Worker-Main-21/INFO] (Minecraft) [STDOUT]: [WG-CONTENT-WB] chunk(-8,-9) hash=3adea6bfb8718e98 dh=85f441df2e35a020 nz=32403
[21:10:29] [Worker-Main-5/INFO] (Minecraft) [STDOUT]: [WG-CONTENT-WB] chunk(-7,-8) hash=fa5bda9f2952a88d dh=9dc885d701671d8c nz=30239
[21:10:29] [Worker-Main-21/INFO] (Minecraft) [STDOUT]: [WG-CONTENT-WB] chunk(-9,-8) hash=21e0b20db3d2ddff dh=2ecd1df77b28b97b nz=30569
[21:10:29] [Worker-Main-5/INFO] (Minecraft) [STDOUT]: [WG-CONTENT-WB] chunk(-7,-9) hash=53afdaf5a17f37b6 dh=a4035b732121d767 nz=30766
[21:10:29] [Worker-Main-6/INFO] (Minecraft) [STDOUT]: [WG-CONTENT-WB] chunk(-9,-7) hash=278320c2321bc1f7 dh=99f9a1940627fdd4 nz=30546
[21:10:29] [Worker-Main-21/INFO] (Minecraft) [STDOUT]: [WG-CONTENT-WB] chunk(-8,-7) hash=1f5b67aae70fd861 dh=1f426a43ea44eb3c nz=28941
[21:10:29] [Worker-Main-21/INFO] (Minecraft) [STDOUT]: [WG-CONTENT-WB] chunk(-7,-7) hash=4f12fe97be7ddda1 dh=51795854d64e7418 nz=30128
[21:10:29] [Worker-Main-1/INFO] (Minecraft) [STDOUT]: [WG-CONTENT-WB] chunk(-9,-10) hash=cc343dd11bd2cfdb dh=2af70d6ca54e69f9 nz=32457
[21:10:29] [Worker-Main-5/INFO] (Minecraft) [STDOUT]: [WG-CONTENT-WB] chunk(-8,-10) hash=3efc40ca0dd07889 dh=ee29a21d037b9af9 nz=32512
[21:10:29] [Worker-Main-5/INFO] (Minecraft) [STDOUT]: [WG-CONTENT-WB] chunk(-10,-10) hash=7c390b413c9b8b95 dh=3563a1895d56c77f nz=31365
[21:10:30] [Worker-Main-1/INFO] (Minecraft) [STDOUT]: [WG-CONTENT-WB] chunk(-10,-9) hash=be3b2c1004575aaa dh=37e647d17b63012c nz=30743
[21:10:30] [Worker-Main-1/INFO] (Minecraft) [STDOUT]: [WG-CONTENT-WB] chunk(-10,-8) hash=2cff4349d67b3e4b dh=7115ced9d4da0193 nz=31255
[21:10:30] [Worker-Main-1/INFO] (Minecraft) [STDOUT]: [WG-CONTENT-WB] chunk(-7,-10) hash=5d9304beaf124428 dh=5c28c631121646da nz=32116
[21:10:30] [Worker-Main-2/INFO] (Minecraft) [STDOUT]: [WG-CONTENT-WB] chunk(-6,-7) hash=c4198c1b3709e9ac dh=b6026f67a5128fd nz=32111
[21:10:30] [Worker-Main-2/INFO] (Minecraft) [STDOUT]: [WG-CONTENT-WB] chunk(-10,-7) hash=ea4cb973b661bae9 dh=18851b1c63fc1783 nz=29533
[21:10:30] [Worker-Main-5/INFO] (Minecraft) [STDOUT]: [WG-CONTENT-WB] chunk(-6,-8) hash=1db42138cde2fc16 dh=6d924d683b5454bc nz=32337
[21:10:30] [Worker-Main-1/INFO] (Minecraft) [STDOUT]: [WG-CONTENT-WB] chunk(-6,-10) hash=a0b24c4d4b519e0d dh=6b7d66f4a8618d1c nz=30567
[21:10:30] [Worker-Main-1/INFO] (Minecraft) [STDOUT]: [WG-CONTENT-WB] chunk(-6,-9) hash=4ec9a65b74ddb593 dh=55cb2a03ea10615 nz=31701
[21:10:30] [Worker-Main-2/INFO] (Minecraft) [STDOUT]: [WG-CONTENT-WB] chunk(-9,-6) hash=885fd3606dce2f8f dh=4957e9e63e554fd5 nz=27824
[21:10:30] [Worker-Main-1/INFO] (Minecraft) [STDOUT]: [WG-CONTENT-WB] chunk(-8,-6) hash=17961b9f3d33662e dh=d6468566fc2213c4 nz=28719
[21:10:30] [Worker-Main-14/INFO] (Minecraft) [STDOUT]: [WG-CONTENT-WB] chunk(-7,-6) hash=ef448d8bb069f42a dh=f29dd22163bfe2d0 nz=29860
[21:10:30] [Worker-Main-1/INFO] (Minecraft) [STDOUT]: [WG-CONTENT-WB] chunk(-6,-6) hash=a183ef15c58e8f08 dh=cdf54d7df4e6036a nz=29933
[21:10:30] [Worker-Main-5/INFO] (Minecraft) [STDOUT]: [WG-CONTENT-WB] chunk(-10,-6) hash=7149b243a716ffa8 dh=e1fc6b587e157d06 nz=29018
[21:10:30] [Worker-Main-5/INFO] (Minecraft) [STDOUT]: [WG-CONTENT-WB] chunk(-5,-6) hash=92c2816dde5cdd86 dh=8193cdbecde31b52 nz=30040
[21:10:30] [Worker-Main-2/INFO] (Minecraft) [STDOUT]: [WG-CONTENT-WB] chunk(-4,-6) hash=d1c8ccb2eb784f57 dh=5210ebfe52a8b210 nz=29919
[21:10:30] [Worker-Main-8/INFO] (Minecraft) [STDOUT]: [WG-CONTENT-WB] chunk(-5,-8) hash=1324144edfa7bbbd dh=671d8438d0a94f9b nz=31858
[21:10:30] [Worker-Main-8/INFO] (Minecraft) [STDOUT]: [WG-CONTENT-WB] chunk(-5,-7) hash=58b4b3ada10c7cad dh=c07055809cb4f935 nz=30278
[21:10:30] [Worker-Main-7/INFO] (Minecraft) [STDOUT]: [WG-CONTENT-WB] chunk(-5,-9) hash=1d59956989e03af2 dh=38e8b7761baaa4f8 nz=32417
[21:10:30] [Worker-Main-7/INFO] (Minecraft) [STDOUT]: [WG-CONTENT-WB] chunk(-8,-5) hash=5b116ca3b9c99d74 dh=5ca718808021bfdf nz=30963
[21:10:30] [Worker-Main-7/INFO] (Minecraft) [STDOUT]: [WG-CONTENT-WB] chunk(-7,-5) hash=8c438439117ea3ef dh=22af8d2e90542637 nz=31545
[21:10:30] [Worker-Main-7/INFO] (Minecraft) [STDOUT]: [WG-CONTENT-WB] chunk(-6,-5) hash=4f3d7e6bf60a3b6f dh=aed350327a966e8c nz=32124
[21:10:31] [Worker-Main-7/INFO] (Minecraft) [STDOUT]: [WG-CONTENT-WB] chunk(-5,-5) hash=6878363de32b33cf dh=ec0bed0bcafba3fd nz=31938
[21:10:31] [Worker-Main-16/INFO] (Minecraft) [STDOUT]: [WG-CONTENT-WB] chunk(-4,-5) hash=a9f09a45c1a6fcdb dh=96c897aec1d80da5 nz=28921
[21:10:31] [Worker-Main-18/INFO] (Minecraft) [STDOUT]: [WG-CONTENT-WB] chunk(-11,-10) hash=77c68d6072635ee7 dh=39b6e6c56b58f5a nz=31146
[21:10:31] [Worker-Main-21/INFO] (Minecraft) [STDOUT]: [WG-CONTENT-WB] chunk(-11,-9) hash=6563896db2eb29cf dh=c2eedb588fe56273 nz=31539
[21:10:31] [Worker-Main-18/INFO] (Minecraft) [STDOUT]: [WG-CONTENT-WB] chunk(-10,-11) hash=ef99c8d29014d3d dh=2e3bde29c9bb46d7 nz=32368
[21:10:31] [Worker-Main-21/INFO] (Minecraft) [STDOUT]: [WG-CONTENT-WB] chunk(-11,-8) hash=3e08a125afa6819b dh=ed47ffbd0e498d8f nz=30744
[21:10:31] [Worker-Main-18/INFO] (Minecraft) [STDOUT]: [WG-CONTENT-WB] chunk(-11,-11) hash=cfc082c70360203f dh=f721330b0f6026ab nz=32294
[21:10:31] [Worker-Main-21/INFO] (Minecraft) [STDOUT]: [WG-CONTENT-WB] chunk(-9,-11) hash=64feba618df5dd8b dh=3b3ec45b932d1976 nz=32512
[21:10:31] [Worker-Main-18/INFO] (Minecraft) [STDOUT]: [WG-CONTENT-WB] chunk(-11,-7) hash=e47cecca8f2ac40c dh=a81b9dcbff7a2dfd nz=27815
[21:10:31] [Worker-Main-1/INFO] (Minecraft) [STDOUT]: [WG-CONTENT-WB] chunk(-8,-11) hash=9a7a2a0ccc69cf12 dh=1d32b8e3959b735e nz=32512
[21:10:31] [Worker-Main-1/INFO] (Minecraft) [STDOUT]: [WG-CONTENT-WB] chunk(-11,-6) hash=f71c1a2125e6a703 dh=b347a80f4480f187 nz=28175
[21:10:31] [Worker-Main-18/INFO] (Minecraft) [STDOUT]: [WG-CONTENT-WB] chunk(-7,-11) hash=22576146f12d6dd dh=9104336af61bd95 nz=32508
[21:10:31] [Worker-Main-18/INFO] (Minecraft) [STDOUT]: [WG-CONTENT-WB] chunk(-10,-5) hash=4134c00ab70b03b1 dh=70467ddccb5b7c85 nz=29053
[21:10:31] [Worker-Main-1/INFO] (Minecraft) [STDOUT]: [WG-CONTENT-WB] chunk(-9,-5) hash=416ac8bc718ab1a5 dh=a162d75d8cdff07d nz=28390
[21:10:31] [Worker-Main-18/INFO] (Minecraft) [STDOUT]: [WG-CONTENT-WB] chunk(-11,-5) hash=84c64197c472a2d3 dh=eb767efb15a588f1 nz=28765
[21:10:31] [Worker-Main-1/INFO] (Minecraft) [STDOUT]: [WG-CONTENT-WB] chunk(-5,-10) hash=a82c6bf891137a8d dh=46fbf7a8ddd7107 nz=31844
[21:10:31] [Worker-Main-1/INFO] (Minecraft) [STDOUT]: [WG-CONTENT-WB] chunk(-6,-11) hash=98718f00e3a4a1fa dh=b549e487d250dd6a nz=31848
[21:10:31] [Worker-Main-7/INFO] (Minecraft) [STDOUT]: [WG-CONTENT-WB] chunk(-5,-11) hash=7a3083e209343e40 dh=6e4bed68db8bb1ac nz=31403
[21:10:31] [Worker-Main-15/INFO] (Minecraft) [STDOUT]: [WG-CONTENT-WB] chunk(-4,-7) hash=8871b09e075acb98 dh=f19a57a8317e996c nz=32096
[21:10:31] [Worker-Main-21/INFO] (Minecraft) [STDOUT]: [WG-CONTENT-WB] chunk(-4,-9) hash=950798e8f3f1521e dh=c35682f2d0d2c122 nz=32512
[21:10:31] [Worker-Main-15/INFO] (Minecraft) [STDOUT]: [WG-CONTENT-WB] chunk(-4,-8) hash=5f10408d63424253 dh=e1adf7ab7e5980cc nz=32511
[21:10:32] [Worker-Main-22/INFO] (Minecraft) [STDOUT]: [WG-CONTENT-WB] chunk(-8,-4) hash=6d67911b432df43 dh=ed13177491300bec nz=32459
[21:10:32] [Worker-Main-2/INFO] (Minecraft) [STDOUT]: [WG-CONTENT-WB] chunk(-11,-4) hash=89e398102d70c768 dh=28569f67a57d01bc nz=28762
[21:10:32] [Worker-Main-2/INFO] (Minecraft) [STDOUT]: [WG-CONTENT-WB] chunk(-10,-4) hash=e6269d2f987e90db dh=f552338590db02b3 nz=29256
[21:10:32] [Worker-Main-9/INFO] (Minecraft) [STDOUT]: [WG-CONTENT-WB] chunk(-7,-4) hash=98e0d7fc4658e84e dh=fb625804d59d105e nz=32121
[21:10:32] [Worker-Main-2/INFO] (Minecraft) [STDOUT]: [WG-CONTENT-WB] chunk(-9,-4) hash=6e7d0c13e8624413 dh=2f5262d961ccd169 nz=31840
[21:10:32] [Worker-Main-22/INFO] (Minecraft) [STDOUT]: [WG-CONTENT-WB] chunk(-6,-4) hash=2e0508c96a6a88d3 dh=a4ef377db2d4f26a nz=32101
[21:10:32] [Worker-Main-22/INFO] (Minecraft) [STDOUT]: [WG-CONTENT-WB] chunk(-5,-4) hash=468f257140aadf80 dh=478a1d5ca9681387 nz=32477
[21:10:32] [Worker-Main-2/INFO] (Minecraft) [STDOUT]: [WG-CONTENT-WB] chunk(-4,-4) hash=838bbed066a88370 dh=77c03d5e076d2bea nz=30081
[21:10:32] [Worker-Main-5/INFO] (Minecraft) [STDOUT]: [WG-CONTENT-WB] chunk(-12,-11) hash=28739737e05353f6 dh=1d66404226271ad2 nz=32395
[21:10:32] [Worker-Main-5/INFO] (Minecraft) [STDOUT]: [WG-CONTENT-WB] chunk(-12,-10) hash=eb20dbe6ed7fdaa3 dh=ab8a04ae2db3cb09 nz=32503
[21:10:32] [Worker-Main-5/INFO] (Minecraft) [STDOUT]: [WG-CONTENT-WB] chunk(-12,-9) hash=32777a7893e34cc5 dh=6d1790bc45c6eac7 nz=32491
[21:10:32] [Worker-Main-3/INFO] (Minecraft) [STDOUT]: [WG-CONTENT-WB] chunk(-12,-8) hash=82aa33f91d0ad8db dh=6ea2edc7d0fcde7d nz=31758
[21:10:32] [Worker-Main-5/INFO] (Minecraft) [STDOUT]: [WG-CONTENT-WB] chunk(-12,-7) hash=3bd4578eef3da102 dh=857a0f35bdf14e80 nz=28019
[21:10:32] [Worker-Main-1/INFO] (Minecraft) [STDOUT]: [WG-CONTENT-WB] chunk(-6,-3) hash=e333bbfe713d7985 dh=df49113440107041 nz=31807
[21:10:32] [Worker-Main-11/INFO] (Minecraft) [STDOUT]: [WG-CONTENT-WB] chunk(-8,-3) hash=3f7ca4ac91cd7245 dh=8933b45754dc516d nz=32512
[21:10:32] [Worker-Main-11/INFO] (Minecraft) [STDOUT]: [WG-CONTENT-WB] chunk(-7,-3) hash=98da9c4faa707c3a dh=e4231431dc935ebc nz=32087
[21:10:32] [Worker-Main-11/INFO] (Minecraft) [STDOUT]: [WG-CONTENT-WB] chunk(-5,-3) hash=23b8f1877b986d28 dh=a05da5f97007ab2b nz=32122
[21:10:32] [Worker-Main-11/INFO] (Minecraft) [STDOUT]: [WG-CONTENT-WB] chunk(-11,-3) hash=67629b06ce354e4f dh=1207324d5c11ad64 nz=30259
[21:10:32] [Worker-Main-2/INFO] (Minecraft) [STDOUT]: [WG-CONTENT-WB] chunk(-10,-3) hash=2c981d3140d8ded4 dh=4508fac979f32d5e nz=27417
[21:10:32] [Worker-Main-11/INFO] (Minecraft) [STDOUT]: [WG-CONTENT-WB] chunk(-9,-3) hash=f1bb08dd27463839 dh=2358f43a90337a4d nz=31196
[21:10:32] [Worker-Main-2/INFO] (Minecraft) [STDOUT]: [WG-CONTENT-WB] chunk(-4,-3) hash=66cd4aa67f4dff4a dh=26642c26532cc518 nz=30378
[21:10:33] [Worker-Main-11/INFO] (Minecraft) [STDOUT]: [WG-CONTENT-WB] chunk(-9,-12) hash=c33c2b1cea91f98b dh=47fb9307bbcbf60d nz=32512
[21:10:33] [Worker-Main-17/INFO] (Minecraft) [STDOUT]: [WG-CONTENT-WB] chunk(-8,-12) hash=86f975296fe694a dh=e0f2784fe21d0252 nz=32512
[21:10:33] [Worker-Main-17/INFO] (Minecraft) [STDOUT]: [WG-CONTENT-WB] chunk(-10,-12) hash=758e537b97c67184 dh=dda65942d8f9e0b2 nz=31997
[21:10:33] [Worker-Main-21/INFO] (Minecraft) [STDOUT]: [WG-CONTENT-WB] chunk(-12,-12) hash=f3451cc9b34e0c90 dh=f9535170fae84b78 nz=29706
[21:10:33] [Worker-Main-17/INFO] (Minecraft) [STDOUT]: [WG-CONTENT-WB] chunk(-11,-12) hash=87c507eca91b8fab dh=eda73660f07358cb nz=31893
[21:10:33] [Worker-Main-21/INFO] (Minecraft) [STDOUT]: [WG-CONTENT-WB] chunk(-7,-12) hash=605b2b7f43750c5d dh=1c7283c595f4e0c7 nz=31514
[21:10:33] [Worker-Main-17/INFO] (Minecraft) [STDOUT]: [WG-CONTENT-WB] chunk(-6,-12) hash=5676950b076247d8 dh=aa1b9d509d4e0b96 nz=31988
[21:10:33] [Worker-Main-7/INFO] (Minecraft) [STDOUT]: [WG-CONTENT-WB] chunk(-5,-12) hash=fadb9c08b8a72f00 dh=3cfcfbd6ebf9db56 nz=32171
[21:10:33] [Worker-Main-7/INFO] (Minecraft) [STDOUT]: [WG-CONTENT-WB] chunk(-12,-6) hash=7d435a7fd3d01317 dh=c82dbab61b9380f5 nz=25271
[21:10:33] [Worker-Main-17/INFO] (Minecraft) [STDOUT]: [WG-CONTENT-WB] chunk(-12,-5) hash=920bdac8f1e9146f dh=9690a1befc5d2947 nz=29833
[21:10:33] [Worker-Main-17/INFO] (Minecraft) [STDOUT]: [WG-CONTENT-WB] chunk(-4,-10) hash=9a7ec7a1b67b60e2 dh=5d5ae6002669a301 nz=31883
[21:10:33] [Worker-Main-17/INFO] (Minecraft) [STDOUT]: [WG-CONTENT-WB] chunk(-12,-4) hash=6949def3633e6aaf dh=e98a9cd6af63b5eb nz=31365
[21:10:33] [Worker-Main-17/INFO] (Minecraft) [STDOUT]: [WG-CONTENT-WB] chunk(-12,-3) hash=d1d2310b7ef1fc6b dh=d6ea2adab7cde64b nz=32376
[21:10:33] [Worker-Main-21/INFO] (Minecraft) [STDOUT]: [WG-CONTENT-WB] chunk(-4,-12) hash=cdf9509213d30d64 dh=8b67e472ec900360 nz=31543
[21:10:33] [Worker-Main-11/INFO] (Minecraft) [STDOUT]: [WG-CONTENT-WB] chunk(-4,-11) hash=f6ad32c22a808023 dh=507df2424c5905e3 nz=31909
[21:10:33] [Worker-Main-7/INFO] (Minecraft) [STDOUT]: [WG-CONTENT-WB] chunk(-11,-2) hash=a9914f54eb05767f dh=458e7236dcf8ece9 nz=30855
[21:10:33] [Worker-Main-17/INFO] (Minecraft) [STDOUT]: [WG-CONTENT-WB] chunk(-6,-2) hash=3fa6f86631c8c3bd dh=b4dc3c68944b3761 nz=32499
[21:10:33] [Worker-Main-7/INFO] (Minecraft) [STDOUT]: [WG-CONTENT-WB] chunk(-5,-2) hash=e65f13ff66f6c8ca dh=3e07272d65612663 nz=32512
[21:10:33] [Worker-Main-17/INFO] (Minecraft) [STDOUT]: [WG-CONTENT-WB] chunk(-10,-2) hash=2d797e4b2d239ca8 dh=41fe028963ead485 nz=30075
[21:10:33] [Worker-Main-17/INFO] (Minecraft) [STDOUT]: [WG-CONTENT-WB] chunk(-9,-2) hash=fd70173b707a2e70 dh=8a6b213650fa6a86 nz=28679
[21:10:33] [Worker-Main-17/INFO] (Minecraft) [STDOUT]: [WG-CONTENT-WB] chunk(-8,-2) hash=f7ed7823765cff69 dh=d2d165f4585a3847 nz=31107
[21:10:33] [Worker-Main-21/INFO] (Minecraft) [STDOUT]: [WG-CONTENT-WB] chunk(-7,-2) hash=6583725539943098 dh=516429c98d4954e9 nz=32307
[21:10:34] [Worker-Main-9/INFO] (Minecraft) [STDOUT]: [WG-CONTENT-WB] chunk(-4,-2) hash=420b50da82b50d8b dh=958812546bdfa467 nz=30946
[21:10:34] [Worker-Main-3/INFO] (Minecraft) [STDOUT]: [WG-CONTENT-WB] chunk(-5,-1) hash=743067cfe011da07 dh=4de5423eafd11fed nz=32242
[21:10:34] [Worker-Main-17/INFO] (Minecraft) [STDOUT]: [WG-CONTENT-WB] chunk(-6,-1) hash=bf01d7560badb388 dh=b2d7a2327a2c206 nz=32252
[21:10:34] [Worker-Main-17/INFO] (Minecraft) [STDOUT]: [WG-CONTENT-WB] chunk(-7,-1) hash=bfd08a4752a265c8 dh=755f724d97c4e337 nz=31910
[21:10:34] [Worker-Main-17/INFO] (Minecraft) [STDOUT]: [WG-CONTENT-WB] chunk(-10,-1) hash=189103fc4223a33c dh=abf2c1a3d076015 nz=31368
[21:10:34] [Worker-Main-8/INFO] (Minecraft) [STDOUT]: [WG-CONTENT-WB] chunk(-9,-1) hash=a9bbf34eef1d8297 dh=28adfad5f628aab3 nz=30262
[21:10:34] [Worker-Main-17/INFO] (Minecraft) [STDOUT]: [WG-CONTENT-WB] chunk(-11,-1) hash=bdfb8c91717e4fb dh=c5fd85497c7f0bb3 nz=31507
[21:10:34] [Worker-Main-23/INFO] (Minecraft) [STDOUT]: [WG-CONTENT-WB] chunk(-8,-1) hash=77b5ea2eb7aee285 dh=7e7ed32081363a2f nz=30969
[21:10:34] [Worker-Main-17/INFO] (Minecraft) [STDOUT]: [WG-CONTENT-WB] chunk(-4,-1) hash=f92ada29ad142e5 dh=db5d95617fa5f938 nz=30666
[21:10:34] [Worker-Main-8/INFO] (Minecraft) [STDOUT]: [WG-CONTENT-WB] chunk(-12,-2) hash=b85b6120d69df91d dh=b2f8477d8e78a0c3 nz=32061
[21:10:34] [Worker-Main-3/INFO] (Minecraft) [STDOUT]: [WG-CONTENT-WB] chunk(-12,-1) hash=2c10e18254e09d12 dh=c6bd0658633ac3f3 nz=32156
[21:10:34] [Worker-Main-22/INFO] (Minecraft) [STDOUT]: [WG-CONTENT-WB] chunk(-9,0) hash=a7c491411f3c5fea dh=846d9e4678dfadce nz=32529
[21:10:34] [Worker-Main-16/INFO] (Minecraft) [STDOUT]: [WG-CONTENT-WB] chunk(-11,0) hash=c67261aa1ac7d367 dh=8c4335fca62b147b nz=32413
[21:10:34] [Worker-Main-3/INFO] (Minecraft) [STDOUT]: [WG-CONTENT-WB] chunk(-6,0) hash=8b0fea3d09dc2e2d dh=214a2f5c8d7738c7 nz=32512
[21:10:34] [Worker-Main-22/INFO] (Minecraft) [STDOUT]: [WG-CONTENT-WB] chunk(-8,0) hash=fc92a19e4326a84d dh=44ece8329eab16a9 nz=31332
[21:10:34] [Worker-Main-22/INFO] (Minecraft) [STDOUT]: [WG-CONTENT-WB] chunk(-5,0) hash=87304cbd686880c2 dh=446acf87b42af35a nz=32489
[21:10:34] [Worker-Main-16/INFO] (Minecraft) [STDOUT]: [WG-CONTENT-WB] chunk(-7,0) hash=e7bbec3339eb1d54 dh=19e085d2074122a4 nz=31299
[21:10:34] [Worker-Main-8/INFO] (Minecraft) [STDOUT]: [WG-CONTENT-WB] chunk(-10,0) hash=c3ec8303181f7da2 dh=79e1d6d8c2298110 nz=32328
[21:10:34] [Worker-Main-16/INFO] (Minecraft) [STDOUT]: [WG-CONTENT-WB] chunk(-4,0) hash=dcdf24d95ee2c31a dh=86355c219eed84c4 nz=32133
[21:10:35] [Worker-Main-9/INFO] (Minecraft) [STDOUT]: [WG-CONTENT-WB] chunk(-12,0) hash=95e949c10bd82afa dh=37c625dd54447412 nz=32472
[21:10:35] [Worker-Main-22/INFO] (Minecraft) [STDOUT]: [WG-CONTENT-WB] chunk(-9,1) hash=e26173f4e446002e dh=9d8f75d3911a02f0 nz=32723
[21:10:35] [Worker-Main-16/INFO] (Minecraft) [STDOUT]: [WG-CONTENT-WB] chunk(-5,1) hash=a5cf6c91533f9c72 dh=f76f46f59dda2206 nz=32460
[21:10:35] [Worker-Main-22/INFO] (Minecraft) [STDOUT]: [WG-CONTENT-WB] chunk(-8,1) hash=209dc7ccd1df2a98 dh=a0e73da682afe411 nz=31137
[21:10:35] [Worker-Main-22/INFO] (Minecraft) [STDOUT]: [WG-CONTENT-WB] chunk(-7,1) hash=aa8cb711f3b0461 dh=ff8ed385d3dcf99b nz=32811
[21:10:35] [Worker-Main-9/INFO] (Minecraft) [STDOUT]: [WG-CONTENT-WB] chunk(-6,1) hash=ec159f1edc02255a dh=4be654fb1867b46b nz=32343
[21:10:35] [Worker-Main-9/INFO] (Minecraft) [STDOUT]: [WG-CONTENT-WB] chunk(-10,1) hash=8b81bd83773f6b1 dh=de694858366d468f nz=32572
[21:10:35] [Worker-Main-9/INFO] (Minecraft) [STDOUT]: [WG-CONTENT-WB] chunk(-11,1) hash=7611d167cc0700c9 dh=1a3cda7b214e33a nz=32782
[21:10:35] [Worker-Main-7/INFO] (Minecraft) [STDOUT]: [WG-CONTENT-WB] chunk(-4,1) hash=b771b4b43b3a62ad dh=e9912ef9c65c5fc4 nz=31490
[21:10:35] [Worker-Main-13/INFO] (Minecraft) [STDOUT]: [WG-CONTENT-WB] chunk(-12,1) hash=6d5a95f45dbd3a77 dh=bb663f69b4ebdb4b nz=32777
[21:10:35] [Worker-Main-9/INFO] (Minecraft) [STDOUT]: [WG-CONTENT-WB] chunk(-7,2) hash=5bb036eb53789291 dh=7ea08bb79a3c359b nz=33048
[21:10:35] [Worker-Main-19/INFO] (Minecraft) [STDOUT]: [WG-CONTENT-WB] chunk(-11,2) hash=caf7d7ea3959b98e dh=11fe29eef36453c8 nz=32649
[21:10:35] [Worker-Main-13/INFO] (Minecraft) [STDOUT]: [WG-CONTENT-WB] chunk(-6,2) hash=988ed12f3533b0d dh=fb8c195e930554ab nz=32528
[21:10:35] [Worker-Main-13/INFO] (Minecraft) [STDOUT]: [WG-CONTENT-WB] chunk(-10,2) hash=330a716da986ad3a dh=b7ae7cb9bcc26ec9 nz=32452
[21:10:35] [Worker-Main-13/INFO] (Minecraft) [STDOUT]: [WG-CONTENT-WB] chunk(-5,2) hash=d868dbc0ba450547 dh=910533676b332395 nz=32512
[21:10:35] [Worker-Main-9/INFO] (Minecraft) [STDOUT]: [WG-CONTENT-WB] chunk(-8,2) hash=f24d9fd17d43051a dh=ad2d1929effca3e8 nz=31632
[21:10:35] [Worker-Main-9/INFO] (Minecraft) [STDOUT]: [WG-CONTENT-WB] chunk(-9,2) hash=10cbf4c5db1c27ca dh=b83c0bdec61c5d5 nz=32105
[21:10:36] [Worker-Main-13/INFO] (Minecraft) [STDOUT]: [WG-CONTENT-WB] chunk(-4,2) hash=b9b64ed9c8dca6eb dh=ae70f86bf72a802b nz=31145
[21:10:36] [Worker-Main-6/INFO] (Minecraft) [STDOUT]: [WG-CONTENT-WB] chunk(-10,3) hash=13ed7e85fce6fed7 dh=58a8a6904a7a7040 nz=31968
[21:10:36] [Worker-Main-18/INFO] (Minecraft) [STDOUT]: [WG-CONTENT-WB] chunk(-9,3) hash=fd867f43ff4c3407 dh=acd6f957f5178d4 nz=32456
[21:10:36] [Worker-Main-18/INFO] (Minecraft) [STDOUT]: [WG-CONTENT-WB] chunk(-8,3) hash=48e09f293fac98dc dh=a285806d61c140ca nz=31990
[21:10:36] [Worker-Main-11/INFO] (Minecraft) [STDOUT]: [WG-CONTENT-WB] chunk(-11,3) hash=232b001902ca05a1 dh=25767df606aa6d8c nz=32352
[21:10:36] [Worker-Main-6/INFO] (Minecraft) [STDOUT]: [WG-CONTENT-WB] chunk(-7,3) hash=c06e9b2e0878a085 dh=22971026503a8578 nz=31754
[21:10:36] [Worker-Main-3/INFO] (Minecraft) [STDOUT]: [WG-CONTENT-WB] chunk(-6,3) hash=1a2f2ba9f568a997 dh=4bb1620997b75601 nz=31454
[21:10:36] [Worker-Main-3/INFO] (Minecraft) [STDOUT]: [WG-CONTENT-WB] chunk(-5,3) hash=333e7f0641810f0b dh=7a008f9786c5878 nz=32330
[21:10:36] [Worker-Main-18/INFO] (Minecraft) [STDOUT]: [WG-CONTENT-WB] chunk(-4,3) hash=816031cbf475880e dh=d6386e41d4a563af nz=31037
[21:10:36] [Worker-Main-11/INFO] (Minecraft) [STDOUT]: [WG-CONTENT-WB] chunk(-12,2) hash=b31a4de4667517f2 dh=2ebc3092ec858a11 nz=32788
[21:10:36] [Worker-Main-15/INFO] (Minecraft) [STDOUT]: [WG-CONTENT-WB] chunk(-6,4) hash=f41607600f35bfa8 dh=97eff9928f4ae46c nz=30085
[21:10:36] [Worker-Main-2/INFO] (Minecraft) [STDOUT]: [WG-CONTENT-WB] chunk(-5,4) hash=107dc1ecd7196247 dh=da339b2d799fe5fb nz=31467
[21:10:36] [Worker-Main-10/INFO] (Minecraft) [STDOUT]: [WG-CONTENT-WB] chunk(-7,4) hash=793e5217d20033ca dh=fbc6a9db6baab798 nz=28932
[21:10:36] [Worker-Main-10/INFO] (Minecraft) [STDOUT]: [WG-CONTENT-WB] chunk(-9,4) hash=1ca08fda57e1adce dh=f886cf03f6fa736a nz=32052
[21:10:36] [Worker-Main-15/INFO] (Minecraft) [STDOUT]: [WG-CONTENT-WB] chunk(-8,4) hash=e6ca003e735abb63 dh=8f375a998d40187f nz=31986
[21:10:36] [Worker-Main-1/INFO] (Minecraft) [STDOUT]: [WG-CONTENT-WB] chunk(-12,3) hash=2878cf8ae11f220b dh=69e535777b768dd nz=32752
[21:10:37] [Worker-Main-10/INFO] (Minecraft) [STDOUT]: [WG-CONTENT-WB] chunk(-4,4) hash=1a2f072b5dc6f19a dh=5b9afc374a4003c3 nz=28424
[21:10:37] [Worker-Main-9/INFO] (Minecraft) [STDOUT]: [WG-CONTENT-WB] chunk(-10,4) hash=2644c20765433fbc dh=414b8fe725e3cfa0 nz=32384
[21:10:37] [Worker-Main-8/INFO] (Minecraft) [STDOUT]: [WG-CONTENT-WB] chunk(-11,4) hash=f1ad9b80febebf4d dh=e588d6c500d5c8f3 nz=32512
[21:10:37] [Worker-Main-8/INFO] (Minecraft) [STDOUT]: [WG-CONTENT-WB] chunk(-12,4) hash=8d746d1cf1b4ddcc dh=3c25651d86d57590 nz=32514
[21:10:37] [Worker-Main-5/INFO] (Minecraft) [STDOUT]: [WG-CONTENT-WB] chunk(-12,5) hash=c54eb6287a938b8e dh=c00c18d1e5314089 nz=32340
[21:10:37] [Worker-Main-1/INFO] (Minecraft) [STDOUT]: [WG-CONTENT-WB] chunk(-9,5) hash=64d63aba4ac833d7 dh=186489c715917ae3 nz=30508
[21:10:37] [Worker-Main-1/INFO] (Minecraft) [STDOUT]: [WG-CONTENT-WB] chunk(-7,5) hash=623771e927ccfa05 dh=70f4d9e8aebb7b8a nz=29974
[21:10:37] [Worker-Main-1/INFO] (Minecraft) [STDOUT]: [WG-CONTENT-WB] chunk(-5,5) hash=6b1637a6ca42b916 dh=3733afe34ce62b22 nz=24562
[21:10:37] [Worker-Main-1/INFO] (Minecraft) [STDOUT]: [WG-CONTENT-WB] chunk(-6,5) hash=5cbf752bc47ce694 dh=c1c362a6faf2509c nz=26520
[21:10:37] [Worker-Main-5/INFO] (Minecraft) [STDOUT]: [WG-CONTENT-WB] chunk(-11,5) hash=4038862ff3297ff8 dh=1887d49173e32506 nz=32282
[21:10:37] [Worker-Main-1/INFO] (Minecraft) [STDOUT]: [WG-CONTENT-WB] chunk(-8,5) hash=fbb14a3f7093215a dh=e4decd9347cf3e13 nz=30818
[21:10:37] [Worker-Main-9/INFO] (Minecraft) [STDOUT]: [WG-CONTENT-WB] chunk(-10,5) hash=9bc29fe8c5d7e95a dh=b2a2f8dd44d2a23c nz=31721
[21:10:37] [Worker-Main-19/INFO] (Minecraft) [STDOUT]: [WG-CONTENT-WB] chunk(-4,5) hash=9d19f5acc99b60aa dh=e2b7425f604efc05 nz=22208
[21:10:37] [Worker-Main-2/INFO] (Minecraft) [STDOUT]: [WG-CONTENT-WB] chunk(-11,6) hash=6974aae1bf1f4d3f dh=10e597e52791d48d nz=32497
[21:10:37] [Worker-Main-2/INFO] (Minecraft) [STDOUT]: [WG-CONTENT-WB] chunk(-10,6) hash=5d8f42ec0cebb21c dh=db9e386f351233e6 nz=32484
[21:10:37] [Worker-Main-2/INFO] (Minecraft) [STDOUT]: [WG-CONTENT-WB] chunk(-9,6) hash=e67043d7757a6b35 dh=3897c82f8aa376fc nz=32414
[21:10:37] [Worker-Main-5/INFO] (Minecraft) [STDOUT]: [WG-CONTENT-WB] chunk(-8,6) hash=a9b683592db7e1c3 dh=ba7ab20c34b7b686 nz=30719
[21:10:38] [Worker-Main-10/INFO] (Minecraft) [STDOUT]: [WG-CONTENT-WB] chunk(-7,6) hash=96daf6084f29841a dh=4bb847282fdbc7b6 nz=26574
[21:10:38] [Worker-Main-10/INFO] (Minecraft) [STDOUT]: [WG-CONTENT-WB] chunk(-6,6) hash=8579c591f80dc49e dh=c5542c43f0d36f6a nz=25568
[21:10:38] [Worker-Main-10/INFO] (Minecraft) [STDOUT]: [WG-CONTENT-WB] chunk(-5,6) hash=e5eeffe900c4b0cf dh=c609d866970f08d2 nz=26483
[21:10:38] [Worker-Main-10/INFO] (Minecraft) [STDOUT]: [WG-CONTENT-WB] chunk(-12,6) hash=e1b33a8f5639966d dh=5fe665c8de86a48f nz=32511
[21:10:38] [Worker-Main-10/INFO] (Minecraft) [STDOUT]: [WG-CONTENT-WB] chunk(-4,6) hash=b178db63fa1493b9 dh=fe37e5df43bdbf12 nz=30846
[21:10:38] [Worker-Main-2/INFO] (Minecraft) [STDOUT]: [WG-CONTENT-WB] chunk(-6,7) hash=e61bbdbc81611df6 dh=2d108e3f4306d925 nz=28350
[21:10:38] [Worker-Main-10/INFO] (Minecraft) [STDOUT]: [WG-CONTENT-WB] chunk(-8,7) hash=9a6eca310d8ad584 dh=4234cb88741cfdc nz=32176
[21:10:38] [Worker-Main-10/INFO] (Minecraft) [STDOUT]: [WG-CONTENT-WB] chunk(-7,7) hash=c72d5cbbbd8e9de6 dh=b411d4be2c9d2a49 nz=28434
[21:10:38] [Worker-Main-2/INFO] (Minecraft) [STDOUT]: [WG-CONTENT-WB] chunk(-10,7) hash=687832660cdef5e2 dh=b3188ba861a730a2 nz=32509
[21:10:38] [Worker-Main-2/INFO] (Minecraft) [STDOUT]: [WG-CONTENT-WB] chunk(-9,7) hash=6be712f677be167a dh=fb66a1f9571f319a nz=32478
[21:10:38] [Worker-Main-10/INFO] (Minecraft) [STDOUT]: [WG-CONTENT-WB] chunk(-5,7) hash=cbd6bbf5920a3767 dh=ef761a1beb415cdd nz=29914
[21:10:38] [Worker-Main-10/INFO] (Minecraft) [STDOUT]: [WG-CONTENT-WB] chunk(-11,7) hash=eac4bf3ba6f7aace dh=3ad499932d8a16fa nz=32442
[21:10:38] [Worker-Main-2/INFO] (Minecraft) [STDOUT]: [WG-CONTENT-WB] chunk(-12,7) hash=e0b7ab141200cfe7 dh=a0223acfb2457099 nz=32512
[21:10:38] [Worker-Main-13/INFO] (Minecraft) [STDOUT]: [WG-CONTENT-WB] chunk(-4,7) hash=fc8a73cf6b77c0bf dh=23faa7631c309c08 nz=32787
[21:10:38] [Worker-Main-2/INFO] (Minecraft) [STDOUT]: [WG-CONTENT-WB] chunk(-8,8) hash=25a13f82bab67f35 dh=c1d5ae62826d078c nz=32416
[21:10:38] [Worker-Main-5/INFO] (Minecraft) [STDOUT]: [WG-CONTENT-WB] chunk(-10,8) hash=aa0596f80abf128f dh=488854a82229587 nz=32512
[21:10:38] [Worker-Main-5/INFO] (Minecraft) [STDOUT]: [WG-CONTENT-WB] chunk(-9,8) hash=9175fdf5a1e93b76 dh=85991d5017d1ad2a nz=32421
[21:10:39] [Worker-Main-1/INFO] (Minecraft) [STDOUT]: [WG-CONTENT-WB] chunk(-7,8) hash=9a2e35e5ea376638 dh=9adcc06d36eef02b nz=32041
[21:10:39] [Worker-Main-2/INFO] (Minecraft) [STDOUT]: [WG-CONTENT-WB] chunk(-11,8) hash=ebd0129ab348f797 dh=c873e8ad7efa1cad nz=32512
[21:10:39] [Worker-Main-2/INFO] (Minecraft) [STDOUT]: [WG-CONTENT-WB] chunk(-6,8) hash=a44ff4a7b9c95325 dh=41dc0c154d5577cc nz=30021
[21:10:39] [Worker-Main-1/INFO] (Minecraft) [STDOUT]: [WG-CONTENT-WB] chunk(-5,8) hash=62a251738d30e035 dh=3a0d08124047ba95 nz=31560
[21:10:39] [Worker-Main-4/INFO] (Minecraft) [STDOUT]: [WG-CONTENT-WB] chunk(-12,8) hash=8b99fe380fbc135a dh=b107de03cde3651c nz=32512
[21:10:39] [Worker-Main-22/INFO] (Minecraft) [STDOUT]: [WG-CONTENT-WB] chunk(-4,8) hash=f9cb37d30b59cf3c dh=3f614e43f2173a37 nz=32488
[21:10:39] [Worker-Main-7/INFO] (Minecraft) [STDOUT]: [WG-CONTENT-WB] chunk(-12,9) hash=50676810f5182d8 dh=bc720094dc6b70e8 nz=32512
[21:10:39] [Worker-Main-12/INFO] (Minecraft) [STDOUT]: [WG-CONTENT-WB] chunk(-5,9) hash=d7d3cccda65fafc0 dh=d57a736cc12aa844 nz=31909
[21:10:39] [Worker-Main-12/INFO] (Minecraft) [STDOUT]: [WG-CONTENT-WB] chunk(-10,9) hash=a0832411bf62c213 dh=abe17084d26a99d8 nz=32511
[21:10:39] [Worker-Main-5/INFO] (Minecraft) [STDOUT]: [WG-CONTENT-WB] chunk(-9,9) hash=9c20cb5a069f11a7 dh=a5ef33fb48306676 nz=31502
[21:10:39] [Worker-Main-5/INFO] (Minecraft) [STDOUT]: [WG-CONTENT-WB] chunk(-11,9) hash=da6d02f703782e07 dh=bc2ddfbaddae9745 nz=32512
[21:10:39] [Worker-Main-10/INFO] (Minecraft) [STDOUT]: [WG-CONTENT-WB] chunk(-8,9) hash=8b5ccf5e9ae871c1 dh=1521a244a5ce424a nz=30578
[21:10:39] [Worker-Main-5/INFO] (Minecraft) [STDOUT]: [WG-CONTENT-WB] chunk(-7,9) hash=31c6c0e51342ffb5 dh=b98751d4188b0867 nz=32408
[21:10:39] [Worker-Main-5/INFO] (Minecraft) [STDOUT]: [WG-CONTENT-WB] chunk(-6,9) hash=b88eb7c25cc3dd97 dh=24a4f67463136950 nz=31952
[21:10:39] [Worker-Main-12/INFO] (Minecraft) [STDOUT]: [WG-CONTENT-WB] chunk(-4,9) hash=40a216d6215ad5ad dh=52e00c4b6720337 nz=31616
[21:10:39] [Worker-Main-15/INFO] (Minecraft) [STDOUT]: [WG-CONTENT-WB] chunk(-12,10) hash=2605c4a36eaf190b dh=b60fc3e25c36f2bf nz=32512
[21:10:40] [Worker-Main-12/INFO] (Minecraft) [STDOUT]: [WG-CONTENT-WB] chunk(-6,10) hash=705ebf92e98e085c dh=1d104a420a276e9 nz=26087
[21:10:40] [Worker-Main-12/INFO] (Minecraft) [STDOUT]: [WG-CONTENT-WB] chunk(-11,10) hash=10e77e9bb3619547 dh=44039638378d5e8b nz=32512
[21:10:40] [Worker-Main-2/INFO] (Minecraft) [STDOUT]: [WG-CONTENT-WB] chunk(-8,10) hash=fc506773fb056d66 dh=8a2cc91b98ee736b nz=31442
[21:10:40] [Worker-Main-2/INFO] (Minecraft) [STDOUT]: [WG-CONTENT-WB] chunk(-5,10) hash=c1068ae43e6986da dh=b9f53e37c65da7ff nz=25505
[21:10:40] [Worker-Main-9/INFO] (Minecraft) [STDOUT]: [WG-CONTENT-WB] chunk(-10,10) hash=edc15d80d1bede64 dh=faae292cb71b6a02 nz=32512
[21:10:40] [Worker-Main-6/INFO] (Minecraft) [STDOUT]: [WG-CONTENT-WB] chunk(-9,10) hash=c7b026d7e07efaca dh=18f77bd3f8a26ada nz=29124
[21:10:40] [Worker-Main-2/INFO] (Minecraft) [STDOUT]: [WG-CONTENT-WB] chunk(-7,10) hash=9c0b99ca0da8d19c dh=a86eb7a2649559b9 nz=30526
[21:10:40] [Worker-Main-2/INFO] (Minecraft) [STDOUT]: [WG-CONTENT-WB] chunk(-3,-1) hash=b090bc3081c9c034 dh=e22522c9b48aaa6e nz=31117
[21:10:40] [Worker-Main-2/INFO] (Minecraft) [STDOUT]: [WG-CONTENT-WB] chunk(-3,-5) hash=9e3efbb265d086ca dh=858b8d1103c3ea84 nz=29147
[21:10:40] [Worker-Main-2/INFO] (Minecraft) [STDOUT]: [WG-CONTENT-WB] chunk(-3,-6) hash=dae78e27c81d0cc0 dh=a28c4ad9c3dae32a nz=30602
[21:10:40] [Worker-Main-2/INFO] (Minecraft) [STDOUT]: [WG-CONTENT-WB] chunk(-3,5) hash=ca4ed425b10e426d dh=9fb51ed1a37d031c nz=24847
[21:10:40] [Worker-Main-2/INFO] (Minecraft) [STDOUT]: [WG-CONTENT-WB] chunk(-3,8) hash=897658448e49cdc0 dh=781c3caedab4c94a nz=32897
[21:10:40] [Worker-Main-6/INFO] (Minecraft) [STDOUT]: [WG-CONTENT-WB] chunk(-3,6) hash=2781e3bf19cd3003 dh=6f2f39148d02bde7 nz=34369
[21:10:40] [Worker-Main-6/INFO] (Minecraft) [STDOUT]: [WG-CONTENT-WB] chunk(-3,9) hash=a6566eac886d3a58 dh=f3b400fa81121f04 nz=30628
[21:10:40] [Worker-Main-6/INFO] (Minecraft) [STDOUT]: [WG-CONTENT-WB] chunk(-3,4) hash=943d893f345f47da dh=81c6708a07272e6e nz=31636
[21:10:40] [Worker-Main-9/INFO] (Minecraft) [STDOUT]: [WG-CONTENT-WB] chunk(-3,0) hash=1ce67aace7a27e1b dh=a6af1b8d2c6c9101 nz=31558
[21:10:40] [Worker-Main-9/INFO] (Minecraft) [STDOUT]: [WG-CONTENT-WB] chunk(-3,-4) hash=22bb6d51969fee4 dh=c8bc2230b4d081a5 nz=32127
[21:10:40] [Worker-Main-6/INFO] (Minecraft) [STDOUT]: [WG-CONTENT-WB] chunk(-3,1) hash=7bbd548c06fbf6d9 dh=459d9b0644bfc6d8 nz=32290
[21:10:40] [Worker-Main-2/INFO] (Minecraft) [STDOUT]: [WG-CONTENT-WB] chunk(-3,-2) hash=8297ead2429e0608 dh=a6a7da7321e4c86 nz=31184
[21:10:41] [Worker-Main-2/INFO] (Minecraft) [STDOUT]: [WG-CONTENT-WB] chunk(-4,10) hash=da86f0dd12de2a8 dh=21b6d5cfe75607c4 nz=23618
[21:10:41] [Worker-Main-6/INFO] (Minecraft) [STDOUT]: [WG-CONTENT-WB] chunk(-3,7) hash=267da738d1530c87 dh=720841d570448c29 nz=36488
[21:10:41] [Worker-Main-9/INFO] (Minecraft) [STDOUT]: [WG-CONTENT-WB] chunk(-3,3) hash=9a928292cc6361e7 dh=d8a3b2ae8736b63b nz=32512
[21:10:41] [Worker-Main-12/INFO] (Minecraft) [STDOUT]: [WG-CONTENT-WB] chunk(-3,-3) hash=8e4bbd26cb3640af dh=5a6a115bfc750b68 nz=31806
[21:10:41] [Worker-Main-2/INFO] (Minecraft) [STDOUT]: [WG-CONTENT-WB] chunk(-3,2) hash=6129fbfa9dd957a2 dh=4057065d94a8266e nz=32512
[21:10:41] [Worker-Main-9/INFO] (Minecraft) [STDOUT]: [WG-CONTENT-WB] chunk(-3,10) hash=d243d72d5fb4cd53 dh=724f7956e4879f0 nz=19001
[21:10:41] [Worker-Main-1/INFO] (Minecraft) [STDOUT]: [WG-CONTENT-WB] chunk(-2,-5) hash=1089c31426178f7f dh=8b45b6a33d21e33c nz=28611
[21:10:41] [Worker-Main-9/INFO] (Minecraft) [STDOUT]: [WG-CONTENT-WB] chunk(-2,-3) hash=da2c6f825b8336ad dh=8c575053131e2520 nz=32512
[21:10:41] [Worker-Main-9/INFO] (Minecraft) [STDOUT]: [WG-CONTENT-WB] chunk(-2,-1) hash=d0de86fd2b419819 dh=cca5cc0f4aae6c7 nz=30581
[21:10:41] [Worker-Main-9/INFO] (Minecraft) [STDOUT]: [WG-CONTENT-WB] chunk(-2,9) hash=9acab13609f8e58e dh=7e34d907d38978c9 nz=30545
[21:10:41] [Worker-Main-9/INFO] (Minecraft) [STDOUT]: [WG-CONTENT-WB] chunk(-2,10) hash=e569661d7bf20b47 dh=8b98879ba54e138b nz=18184
[21:10:41] [Worker-Main-9/INFO] (Minecraft) [STDOUT]: [WG-CONTENT-WB] chunk(-2,5) hash=6e882e33fff557d4 dh=8f08f9d587080e3e nz=29080
[21:10:41] [Worker-Main-3/INFO] (Minecraft) [STDOUT]: [WG-CONTENT-WB] chunk(-2,0) hash=84e06e01fbaf0a77 dh=21bd4356e8d41a52 nz=32192
[21:10:41] [Worker-Main-9/INFO] (Minecraft) [STDOUT]: [WG-CONTENT-WB] chunk(-2,8) hash=cea892a3e089e50f dh=62431b67c4c4f861 nz=32804
[21:10:41] [Worker-Main-3/INFO] (Minecraft) [STDOUT]: [WG-CONTENT-WB] chunk(-2,-6) hash=250ca3cb51a33c45 dh=71dee6dba4dcb618 nz=31085
[21:10:41] [Worker-Main-3/INFO] (Minecraft) [STDOUT]: [WG-CONTENT-WB] chunk(-2,-4) hash=8fe662f02afde32a dh=c60d63d7b15b38af nz=32441
[21:10:42] [Worker-Main-4/INFO] (Minecraft) [STDOUT]: [WG-CONTENT-WB] chunk(-2,1) hash=740b9b55f18ab50 dh=222533017cd76ad4 nz=32398
[21:10:42] [Worker-Main-9/INFO] (Minecraft) [STDOUT]: [WG-CONTENT-WB] chunk(-2,2) hash=a2c91e6cf5ec839c dh=e8444defc58269a9 nz=32512
[21:10:42] [Worker-Main-4/INFO] (Minecraft) [STDOUT]: [WG-CONTENT-WB] chunk(-2,-2) hash=38e8c08f85c4bfa1 dh=47d6314d805b336a nz=32034
[21:10:42] [Worker-Main-4/INFO] (Minecraft) [STDOUT]: [WG-CONTENT-WB] chunk(-2,4) hash=66452e20dbde02fd dh=ade3edfeee8526e7 nz=33403
[21:10:42] [Worker-Main-3/INFO] (Minecraft) [STDOUT]: [WG-CONTENT-WB] chunk(-2,7) hash=ea0accfc73a00ed5 dh=3dfdf142aa0af5da nz=34951
[21:10:42] [Worker-Main-9/INFO] (Minecraft) [STDOUT]: [WG-CONTENT-WB] chunk(-2,3) hash=ac7bc8189395d5f9 dh=c0f6805807385b2d nz=32512
[21:10:42] [Worker-Main-9/INFO] (Minecraft) [STDOUT]: [WG-CONTENT-WB] chunk(-2,6) hash=8eb47c0ca5f64b5d dh=85ade8664f4763eb nz=32098
[21:10:42] [Worker-Main-17/INFO] (Minecraft) [STDOUT]: [WG-CONTENT-WB] chunk(-3,-8) hash=f31750b9afcf58cf dh=640dc99ec18d8604 nz=32512
[21:10:42] [Worker-Main-1/INFO] (Minecraft) [STDOUT]: [WG-CONTENT-WB] chunk(-3,-7) hash=abc9ca843ffea72 dh=7823f77476c315e7 nz=32488
[21:10:42] [Worker-Main-14/INFO] (Minecraft) [STDOUT]: [WG-CONTENT-WB] chunk(-3,-10) hash=89ab080c98f802fc dh=a6b06354b15181b2 nz=32270
[21:10:42] [Worker-Main-14/INFO] (Minecraft) [STDOUT]: [WG-CONTENT-WB] chunk(-3,-9) hash=f1a8aa39da77ded8 dh=950bfb926534758 nz=32512
[21:10:42] [Worker-Main-1/INFO] (Minecraft) [STDOUT]: [WG-CONTENT-WB] chunk(-3,-11) hash=803fa73f31664544 dh=a37e5ca7b93eced4 nz=31790
[21:10:42] [Worker-Main-20/INFO] (Minecraft) [STDOUT]: [WG-CONTENT-WB] chunk(-8,11) hash=a804bf2c7c2a566f dh=1474ae7ea4511e6c nz=31606
[21:10:42] [Worker-Main-19/INFO] (Minecraft) [STDOUT]: [WG-CONTENT-WB] chunk(-2,-7) hash=8243567c1d9e7118 dh=2309536e162b8c2d nz=32301
[21:10:42] [Worker-Main-5/INFO] (Minecraft) [STDOUT]: [WG-CONTENT-WB] chunk(-2,-9) hash=1614f177245b65f3 dh=3ec378ead8b36468 nz=32512
[21:10:42] [Worker-Main-1/INFO] (Minecraft) [STDOUT]: [WG-CONTENT-WB] chunk(-2,-10) hash=1d1c331339f00e67 dh=8121079dcfa81b79 nz=32419
[21:10:42] [Worker-Main-5/INFO] (Minecraft) [STDOUT]: [WG-CONTENT-WB] chunk(-2,-8) hash=26e4a9a58e0dd404 dh=73d8506eba141c6 nz=32465
[21:10:42] [Worker-Main-19/INFO] (Minecraft) [STDOUT]: [WG-CONTENT-WB] chunk(-2,-11) hash=8ca81e392384a515 dh=20b6244381aa6815 nz=31653
[21:10:43] [Worker-Main-1/INFO] (Minecraft) [STDOUT]: [WG-CONTENT-WB] chunk(-9,11) hash=ad2adfd54fbc8e0e dh=4b36a766b0f505f2 nz=32502
[21:10:43] [Worker-Main-5/INFO] (Minecraft) [STDOUT]: [WG-CONTENT-WB] chunk(-7,11) hash=8385d86ca2c60dc9 dh=32c734349ad54126 nz=25760
[21:10:43] [Worker-Main-8/INFO] (Minecraft) [STDOUT]: [WG-CONTENT-WB] chunk(-6,11) hash=89d955a0a985f025 dh=6143a87e9578ac4d nz=17483
[21:10:43] [Worker-Main-15/INFO] (Minecraft) [STDOUT]: [WG-CONTENT-WB] chunk(-3,-12) hash=fe956fe9fbe1adc dh=e1a8e76b528adbc2 nz=32300
[21:10:43] [Worker-Main-7/INFO] (Minecraft) [STDOUT]: [WG-CONTENT-WB] chunk(-12,11) hash=3ce780ae8904945d dh=521616170c53d605 nz=32512
[21:10:43] [Worker-Main-9/INFO] (Minecraft) [STDOUT]: [WG-CONTENT-WB] chunk(-11,11) hash=1a7a8e4d7ea91165 dh=2aa41a46e0898ef7 nz=32512
[21:10:43] [Worker-Main-9/INFO] (Minecraft) [STDOUT]: [WG-CONTENT-WB] chunk(-10,11) hash=8d955a2a1e5031e0 dh=213599dc5ec3c6c4 nz=32512
[21:10:43] [Worker-Main-7/INFO] (Minecraft) [STDOUT]: [WG-CONTENT-WB] chunk(-5,11) hash=242b9d13505010c5 dh=89d39a3f0567c9e9 nz=16474
[21:10:43] [Worker-Main-11/INFO] (Minecraft) [STDOUT]: [WG-CONTENT-WB] chunk(-4,11) hash=2993a305f5c0aee2 dh=ed39a07254341e6e nz=15135
[21:10:43] [Worker-Main-9/INFO] (Minecraft) [STDOUT]: [WG-CONTENT-WB] chunk(-3,11) hash=2a1a64c66cdb8ec4 dh=34d3bd653b7cf00c nz=15541
[21:10:43] [Worker-Main-7/INFO] (Minecraft) [STDOUT]: [WG-CONTENT-WB] chunk(-2,11) hash=b3db7775cff3d6b0 dh=ecf4ea398f196e52 nz=18493
[21:10:43] [Worker-Main-9/INFO] (Minecraft) [STDOUT]: [WG-CONTENT-WB] chunk(-1,-7) hash=9d4f9439d1bef07b dh=8e85075a84865e67 nz=32480
[21:10:43] [Worker-Main-1/INFO] (Minecraft) [STDOUT]: [WG-CONTENT-WB] chunk(-1,-8) hash=e1dc4bc3ee65df73 dh=1e9aa3585aa41655 nz=30849
[21:10:43] [Worker-Main-7/INFO] (Minecraft) [STDOUT]: [WG-CONTENT-WB] chunk(-1,-9) hash=9c3c1e29e223fd50 dh=4e661edc18137b2c nz=32478
[21:10:43] [Worker-Main-8/INFO] (Minecraft) [STDOUT]: [WG-CONTENT-WB] chunk(-1,-10) hash=bd4fcc0c582f7201 dh=f4ca4cece90b25dd nz=32512
[21:10:43] [Worker-Main-1/INFO] (Minecraft) [STDOUT]: [WG-CONTENT-WB] chunk(-1,-11) hash=4def30ef40ee4154 dh=53c4b7fb85559130 nz=30956
[21:10:43] [Worker-Main-18/INFO] (Minecraft) [STDOUT]: [WG-CONTENT-WB] chunk(-2,-12) hash=d646c6c91165c3e8 dh=f0494643525d4950 nz=32512
[21:10:43] [Worker-Main-8/INFO] (Minecraft) [STDOUT]: [WG-CONTENT-WB] chunk(-1,-12) hash=6eff14c842bfac06 dh=49b8e727f8f59dfa nz=32474
[21:10:44] [Worker-Main-3/INFO] (Minecraft) [STDOUT]: [WG-CONTENT-WB] chunk(0,-7) hash=a3e7c20848a91f64 dh=992b6019e193430d nz=31483
[21:10:44] [Worker-Main-7/INFO] (Minecraft) [STDOUT]: [WG-CONTENT-WB] chunk(0,-8) hash=231cf6bd38c7aeaa dh=b03484107eb2704f nz=32020
[21:10:44] [Worker-Main-7/INFO] (Minecraft) [STDOUT]: [WG-CONTENT-WB] chunk(0,-10) hash=1c72e9401c811c79 dh=8b6667c7c2078113 nz=31911
[21:10:44] [Worker-Main-3/INFO] (Minecraft) [STDOUT]: [WG-CONTENT-WB] chunk(0,-9) hash=65c06ca8a49c7d9 dh=bd8f70a3d725cccf nz=31246
[21:10:44] [Worker-Main-2/INFO] (Minecraft) [STDOUT]: [WG-CONTENT-WB] chunk(0,-11) hash=64e516d08bbe197e dh=372ae0816199df36 nz=30740
[21:10:44] [Worker-Main-1/INFO] (Minecraft) [STDOUT]: [WG-CONTENT-WB] chunk(1,-7) hash=c3432f957c6ef496 dh=efd2abc6c228cb74 nz=32311
[21:10:44] [Worker-Main-17/INFO] (Minecraft) [STDOUT]: [WG-CONTENT-WB] chunk(0,-12) hash=37efcc56992f77c2 dh=4af61910a971fb4a nz=32144
[21:10:44] [Worker-Main-17/INFO] (Minecraft) [STDOUT]: [WG-CONTENT-WB] chunk(1,-8) hash=13fccff0a4c64fff dh=f51572e0120a6c7d nz=30907
[21:10:44] [Worker-Main-3/INFO] (Minecraft) [STDOUT]: [WG-CONTENT-WB] chunk(1,-11) hash=ebc0c79964eb1d39 dh=e72ee702f307b5ab nz=29908
[21:10:44] [Worker-Main-17/INFO] (Minecraft) [STDOUT]: [WG-CONTENT-WB] chunk(1,-9) hash=24870bbcf37d0987 dh=cad221885a3e3ac8 nz=28793
[21:10:44] [Worker-Main-14/INFO] (Minecraft) [STDOUT]: [WG-CONTENT-WB] chunk(1,-10) hash=5434f7e0f760af02 dh=b5c1a53ed9e90c16 nz=28384
[21:10:44] [Worker-Main-14/INFO] (Minecraft) [STDOUT]: [WG-CONTENT-WB] chunk(1,-12) hash=feb90525305ccc0f dh=2d994ae7b935cd5b nz=30431
[21:10:44] [Worker-Main-15/INFO] (Minecraft) [STDOUT]: [WG-CONTENT-WB] chunk(2,-8) hash=b32ea9f91173fb6a dh=785e784903972e0 nz=30331
[21:10:44] [Worker-Main-15/INFO] (Minecraft) [STDOUT]: [WG-CONTENT-WB] chunk(2,-7) hash=bdffea0bfa4fa660 dh=b672df3ca92d4011 nz=32512
[21:10:44] [Worker-Main-15/INFO] (Minecraft) [STDOUT]: [WG-CONTENT-WB] chunk(2,-9) hash=a0539d19f76897fe dh=f84163fe72ad900c nz=28660
[21:10:44] [Worker-Main-7/INFO] (Minecraft) [STDOUT]: [WG-CONTENT-WB] chunk(2,-11) hash=a551163c3d7d9bd7 dh=ce2eadda8488766d nz=30541
[21:10:44] [Worker-Main-13/INFO] (Minecraft) [STDOUT]: [WG-CONTENT-WB] chunk(2,-10) hash=c3ca33b01cd3b8e9 dh=d430db7421e77d2d nz=25575
[21:10:44] [Worker-Main-7/INFO] (Minecraft) [STDOUT]: [WG-CONTENT-WB] chunk(2,-12) hash=b2d6f7d5751b1fc4 dh=4b7dbafaeee0036e nz=30194
[21:10:44] [Worker-Main-7/INFO] (Minecraft) [STDOUT]: [WG-CONTENT-WB] chunk(3,-8) hash=ef6fc940972f9fbe dh=392f9a4b5fd3e4d2 nz=29539
[21:10:44] [Worker-Main-13/INFO] (Minecraft) [STDOUT]: [WG-CONTENT-WB] chunk(3,-7) hash=c7edac37d51b90e2 dh=ec0f360477ea195c nz=32512
[21:10:44] [Worker-Main-11/INFO] (Minecraft) [STDOUT]: [WG-CONTENT-WB] chunk(3,-11) hash=227b1f79edf17f85 dh=49fe7d2f28e080f8 nz=26859
[21:10:44] [Worker-Main-17/INFO] (Minecraft) [STDOUT]: [WG-CONTENT-WB] chunk(3,-9) hash=b51aa47efd058421 dh=e6a7415dd9c5ed4e nz=27595
[21:10:45] [Worker-Main-22/INFO] (Minecraft) [STDOUT]: [WG-CONTENT-WB] chunk(3,-10) hash=2a88675921ee1ecd dh=271420e9640df597 nz=28945
[21:10:45] [Worker-Main-6/INFO] (Minecraft) [STDOUT]: [WG-CONTENT-WB] chunk(3,-12) hash=51bead35836196a0 dh=bd11bdd1b6f3bfea nz=29926
[21:10:45] [Worker-Main-16/INFO] (Minecraft) [STDOUT]: [WG-CONTENT-WB] chunk(4,-10) hash=a71dc3dbb24f2620 dh=cd0bb26675945eb6 nz=29488
[21:10:45] [Worker-Main-10/INFO] (Minecraft) [STDOUT]: [WG-CONTENT-WB] chunk(4,-7) hash=7836cb04eb775051 dh=2148e315a21bf9a9 nz=32512
[21:10:45] [Worker-Main-10/INFO] (Minecraft) [STDOUT]: [WG-CONTENT-WB] chunk(4,-8) hash=99136e4f77016147 dh=238b0cac09addbfd nz=29856
[21:10:45] [Worker-Main-16/INFO] (Minecraft) [STDOUT]: [WG-CONTENT-WB] chunk(4,-11) hash=93fc93cafb087f9 dh=1746513b50a7ef26 nz=29434
[21:10:45] [Worker-Main-19/INFO] (Minecraft) [STDOUT]: [WG-CONTENT-WB] chunk(4,-9) hash=132cdd86a9d77cb9 dh=8c5a3efd013f85c nz=28522
[21:10:45] [Worker-Main-10/INFO] (Minecraft) [STDOUT]: [WG-CONTENT-WB] chunk(4,-12) hash=a28d76b26a85b6d7 dh=631b8fcdc4c1cb6d nz=32483
[21:10:45] [Worker-Main-16/INFO] (Minecraft) [STDOUT]: [WG-CONTENT-WB] chunk(5,-7) hash=88654938dce7577b dh=bb8c18917fa02164 nz=32501
[21:10:45] [Worker-Main-13/INFO] (Minecraft) [STDOUT]: [WG-CONTENT-WB] chunk(5,-8) hash=82fdc20b70788246 dh=f3a0270fd35e6bfe nz=30863
[21:10:45] [Worker-Main-14/INFO] (Minecraft) [STDOUT]: [WG-CONTENT-WB] chunk(5,-10) hash=4b9b82a1f95f35fe dh=2538af54bd248812 nz=30747
[21:10:45] [Worker-Main-22/INFO] (Minecraft) [STDOUT]: [WG-CONTENT-WB] chunk(5,-9) hash=75131b6089d5ba8d dh=f2d1b44dad39ae7f nz=30948
[21:10:45] [Worker-Main-14/INFO] (Minecraft) [STDOUT]: [WG-CONTENT-WB] chunk(5,-11) hash=987d5fea9445fa89 dh=b54f66e42a7c77af nz=30600
[21:10:45] [Worker-Main-14/INFO] (Minecraft) [STDOUT]: [WG-CONTENT-WB] chunk(5,-12) hash=7af944f01adda dh=d55c653026509dda nz=32490
[21:10:45] [Worker-Main-5/INFO] (Minecraft) [STDOUT]: [WG-CONTENT-WB] chunk(6,-8) hash=e5d6cb454caa3c6d dh=e7a566fb4422341c nz=31222
[21:10:45] [Worker-Main-11/INFO] (Minecraft) [STDOUT]: [WG-CONTENT-WB] chunk(6,-7) hash=e4be8b5929edc892 dh=2de5adaadab4a0b3 nz=32512
[21:10:45] [Worker-Main-13/INFO] (Minecraft) [STDOUT]: [WG-CONTENT-WB] chunk(6,-9) hash=1b2875930366e556 dh=882e19aea3e3793f nz=31055
[21:10:45] [Worker-Main-11/INFO] (Minecraft) [STDOUT]: [WG-CONTENT-WB] chunk(6,-11) hash=30db58467ee6ace8 dh=59cce5f5782b5e0 nz=30379
[21:10:45] [Worker-Main-11/INFO] (Minecraft) [STDOUT]: [WG-CONTENT-WB] chunk(6,-10) hash=6c9ff1a08157d86b dh=714926e20b5f68b8 nz=30109
[21:10:45] [Worker-Main-5/INFO] (Minecraft) [STDOUT]: [WG-CONTENT-WB] chunk(6,-12) hash=8fa583a8a2b3a5b0 dh=a4e7de012bac2229 nz=30913
[21:10:45] [Worker-Main-4/INFO] (Minecraft) [STDOUT]: [WG-CONTENT-WB] chunk(7,-10) hash=aa86fd976d135e59 dh=99a53115c871aa07 nz=31143
[21:10:46] [Worker-Main-4/INFO] (Minecraft) [STDOUT]: [WG-CONTENT-WB] chunk(7,-12) hash=3758b9028cd1b70d dh=a1ef92f87760d752 nz=29766
[21:10:46] [Worker-Main-18/INFO] (Minecraft) [STDOUT]: [WG-CONTENT-WB] chunk(7,-11) hash=4dd82ec61bc00f34 dh=b59ebcf974b92e75 nz=29430
[21:10:46] [Worker-Main-6/INFO] (Minecraft) [STDOUT]: [WG-CONTENT-WB] chunk(7,-9) hash=d5b83e5a27fff145 dh=3b37132c3ebc8ec8 nz=32211
[21:10:46] [Worker-Main-6/INFO] (Minecraft) [STDOUT]: [WG-CONTENT-WB] chunk(7,-8) hash=c713b56a34e40c86 dh=7174246ce297a10 nz=32512
[21:10:46] [Worker-Main-6/INFO] (Minecraft) [STDOUT]: [WG-CONTENT-WB] chunk(7,-7) hash=e8fd0a8869c3bc93 dh=ad893ad562f0b635 nz=32512
[21:10:46] [Worker-Main-19/INFO] (Minecraft) [STDOUT]: [WG-CONTENT-WB] chunk(8,-7) hash=15f6cb7635b3875a dh=994331a3a2412dae nz=32512
[21:10:46] [Worker-Main-11/INFO] (Minecraft) [STDOUT]: [WG-CONTENT-WB] chunk(8,-8) hash=e5e0e2e815e417cd dh=af8387a93dea6f70 nz=32512
[21:10:46] [Worker-Main-14/INFO] (Minecraft) [STDOUT]: [WG-CONTENT-WB] chunk(8,-10) hash=a8e264b0ec7edbc dh=e0bc18446bf58b4d nz=32505
[21:10:46] [Worker-Main-14/INFO] (Minecraft) [STDOUT]: [WG-CONTENT-WB] chunk(8,-11) hash=1b3550fcdd158dc4 dh=337891f1f84c1be5 nz=31874
[21:10:46] [Worker-Main-19/INFO] (Minecraft) [STDOUT]: [WG-CONTENT-WB] chunk(8,-9) hash=2bf3c4841fa28084 dh=f96cd55103d31bac nz=32472
[21:10:46] [Worker-Main-19/INFO] (Minecraft) [STDOUT]: [WG-CONTENT-WB] chunk(8,-12) hash=e6b09d77875cb91 dh=52d5490a09cb485f nz=31191
[21:10:46] [Worker-Main-19/INFO] (Minecraft) [STDOUT]: [WG-CONTENT-WB] chunk(9,-7) hash=d4c79b4fd848cbe6 dh=6330c0e35ba769d2 nz=32512
[21:10:46] [Worker-Main-19/INFO] (Minecraft) [STDOUT]: [WG-CONTENT-WB] chunk(9,-8) hash=f51561219faf0a75 dh=76bdd734c8221314 nz=32512
[21:10:46] [Worker-Main-19/INFO] (Minecraft) [STDOUT]: [WG-CONTENT-WB] chunk(9,-9) hash=7ec5b9083d3e009a dh=9555083684afb9f nz=32392
[21:10:46] [Worker-Main-11/INFO] (Minecraft) [STDOUT]: [WG-CONTENT-WB] chunk(9,-10) hash=4bef8cc37a7dc92c dh=16b015cd54b6f33 nz=32512
[21:10:46] [Worker-Main-11/INFO] (Minecraft) [STDOUT]: [WG-CONTENT-WB] chunk(9,-11) hash=6706fe53bc439acc dh=ece9ba6b2c476ab8 nz=32508
[21:10:46] [Worker-Main-9/INFO] (Minecraft) [STDOUT]: [WG-CONTENT-WB] chunk(9,-12) hash=e1d3c8a3c8306bbb dh=1ae3d8f14de82f3f nz=32064
[21:10:46] [Server thread/INFO] (Minecraft) [Rcon: Marked [-8, -8] chunks in minecraft:overworld from [-8, -8] to [7, 7] to be force loaded]
[21:10:46] [Server thread/WARN] (Minecraft) Can't keep up! Is the server overloaded? Running 17417ms or 348 ticks behind
[21:10:46] [RCON Client /127.0.0.1 #2/INFO] (Minecraft) Thread RCON Client /127.0.0.1 shutting down
[21:10:46] [Worker-Main-13/INFO] (Minecraft) [STDOUT]: [WG-CONTENT-WB] chunk(10,-7) hash=eacd2266bd72031d dh=b011c3b604941f0b nz=32512
[21:10:46] [Worker-Main-13/INFO] (Minecraft) [STDOUT]: [WG-CONTENT-WB] chunk(10,-9) hash=5dc5b96826c877a7 dh=3224ee7c3dd26329 nz=32506
[21:10:46] [Worker-Main-21/INFO] (Minecraft) [STDOUT]: [WG-CONTENT-WB] chunk(10,-8) hash=4ad4e70647a668a1 dh=11b1a4a7edda10fc nz=32413
[21:10:46] [Worker-Main-9/INFO] (Minecraft) [STDOUT]: [WG-CONTENT-WB] chunk(10,-10) hash=ba2cd0c06e9a43b4 dh=8ad575b34a1c58ea nz=32512
[21:10:46] [Worker-Main-21/INFO] (Minecraft) [STDOUT]: [WG-CONTENT-WB] chunk(10,-11) hash=9a9b69909de63f8e dh=ec7539f092a314f5 nz=32432
[21:10:46] [Worker-Main-16/INFO] (Minecraft) [STDOUT]: [WG-CONTENT-WB] chunk(10,-12) hash=e9837b53be3b66d3 dh=a95e23bc1f1f34a3 nz=32071
[21:10:46] [Worker-Main-16/INFO] (Minecraft) [STDOUT]: [WG-CONTENT-WB] chunk(11,-7) hash=c379461ca357aef6 dh=436392a09d091156 nz=31981
[21:10:47] [Worker-Main-7/INFO] (Minecraft) [STDOUT]: [WG-CONTENT-WB] chunk(11,-12) hash=effb008c7868d998 dh=73814022e28ce382 nz=29121
[21:10:47] [Worker-Main-7/INFO] (Minecraft) [STDOUT]: [WG-CONTENT-WB] chunk(11,-11) hash=496f5240a24714d2 dh=887dd92e36e611b3 nz=32016
[21:10:47] [Worker-Main-7/INFO] (Minecraft) [STDOUT]: [WG-CONTENT-WB] chunk(11,-10) hash=7358782bef243b49 dh=fd534eb755b3427f nz=32478
[21:10:47] [Worker-Main-21/INFO] (Minecraft) [STDOUT]: [WG-CONTENT-WB] chunk(11,-9) hash=5da771a805576c5c dh=4400b75f79c191ea nz=32314
[21:10:47] [Worker-Main-21/INFO] (Minecraft) [STDOUT]: [WG-CONTENT-WB] chunk(11,-8) hash=fda0104d810bcbd8 dh=2a85fd251428719c nz=32456
[21:11:01] [RCON Listener #1/INFO] (Minecraft) Thread RCON Client /127.0.0.1 started
[21:11:01] [Server thread/INFO] (Minecraft) [Rcon: Stopping the server]
[21:11:01] [RCON Client /127.0.0.1 #3/INFO] (Minecraft) Thread RCON Client /127.0.0.1 shutting down
[21:11:01] [Server thread/INFO] (Minecraft) Stopping server
[21:11:01] [Server thread/INFO] (Minecraft) Saving players
[21:11:01] [Server thread/INFO] (Minecraft) Saving worlds
[21:11:01] [Server thread/INFO] (Minecraft) Saving chunks for level 'ServerLevel[world]'/minecraft:overworld
[21:11:05] [Server thread/INFO] (Minecraft) Saving chunks for level 'ServerLevel[world]'/minecraft:the_end
[21:11:05] [Server thread/INFO] (Minecraft) Saving chunks for level 'ServerLevel[world]'/minecraft:the_nether
[21:11:05] [Server thread/INFO] (Minecraft) ThreadedAnvilChunkStorage (world): All chunks are saved
[21:11:05] [Server thread/INFO] (Minecraft) ThreadedAnvilChunkStorage (DIM1): All chunks are saved
[21:11:05] [Server thread/INFO] (Minecraft) ThreadedAnvilChunkStorage (DIM-1): All chunks are saved
[21:11:05] [Server thread/INFO] (Minecraft) ThreadedAnvilChunkStorage: All dimensions are saved
[21:11:05] [Server thread/INFO] (Minecraft) Thread RCON Listener stopped

[Incubating] Problems report is available at: file:///E:/PYTHON/CoreSwap/versions/1.20.1/java/build/reports/problems/problems-report.html

BUILD SUCCESSFUL in 1m 42s
6 actionable tasks: 2 executed, 4 up-to-date
