
> Configure project :
Fabric Loom: 1.10.5

> Configure project :content-test
Fabric Loom: 1.10.5

> Task :compileJava UP-TO-DATE
> Task :processResources UP-TO-DATE
> Task :classes UP-TO-DATE
> Task :generateLog4jConfig UP-TO-DATE
> Task :generateRemapClasspath UP-TO-DATE
> Task :generateDLIConfig UP-TO-DATE
> Task :configureLaunch UP-TO-DATE

> Task :runServer
[21:20:31] [main/INFO] (FabricLoader/GameProvider) Loading Minecraft 1.20.1 with Fabric Loader 0.15.11
[21:20:31] [main/INFO] (FabricLoader) Loading 48 mods:
	- chunky 1.3.146
	- coreswap 1.20.1-1.0.29
	- fabric-api 0.92.0+1.20.1
	- fabric-api-base 0.4.31+1802ada577
	- fabric-api-lookup-api-v1 1.6.36+1802ada577
	- fabric-biome-api-v1 13.0.13+1802ada577
	- fabric-block-api-v1 1.0.11+1802ada577
	- fabric-block-view-api-v2 1.0.1+1802ada577
	- fabric-command-api-v1 1.2.34+f71b366f77
	- fabric-command-api-v2 2.2.13+1802ada577
	- fabric-commands-v0 0.2.51+df3654b377
	- fabric-containers-v0 0.1.64+df3654b377
	- fabric-content-registries-v0 4.0.11+1802ada577
	- fabric-convention-tags-v1 1.5.5+1802ada577
	- fabric-crash-report-info-v1 0.2.19+1802ada577
	- fabric-data-attachment-api-v1 1.0.0+de0fd6d177
	- fabric-data-generation-api-v1 12.3.4+1802ada577
	- fabric-dimensions-v1 2.1.54+1802ada577
	- fabric-entity-events-v1 1.6.0+1c78457f77
	- fabric-events-interaction-v0 0.6.2+1802ada577
	- fabric-events-lifecycle-v0 0.2.63+df3654b377
	- fabric-game-rule-api-v1 1.0.40+1802ada577
	- fabric-gametest-api-v1 1.2.13+1802ada577
	- fabric-item-api-v1 2.1.28+1802ada577
	- fabric-item-group-api-v1 4.0.12+1802ada577
	- fabric-lifecycle-events-v1 2.2.22+1802ada577
	- fabric-loot-api-v2 1.2.1+1802ada577
	- fabric-loot-tables-v1 1.1.45+9e7660c677
	- fabric-message-api-v1 5.1.9+1802ada577
	- fabric-mining-level-api-v1 2.1.50+1802ada577
	- fabric-networking-api-v1 1.3.11+1802ada577
	- fabric-networking-v0 0.3.51+df3654b377
	- fabric-object-builder-api-v1 11.1.3+1802ada577
	- fabric-particles-v1 1.1.2+1802ada577
	- fabric-recipe-api-v1 1.0.21+1802ada577
	- fabric-registry-sync-v0 2.3.3+1802ada577
	- fabric-rendering-data-attachment-v1 0.3.37+92a0d36777
	- fabric-rendering-fluids-v1 3.0.28+1802ada577
	- fabric-resource-conditions-api-v1 2.3.8+1802ada577
	- fabric-resource-loader-v0 0.11.10+1802ada577
	- fabric-screen-handler-api-v1 1.3.30+1802ada577
	- fabric-transfer-api-v1 3.3.4+1802ada577
	- fabric-transitive-access-wideners-v1 4.3.1+1802ada577
	- fabricloader 0.15.11
	- java 17
	- minecraft 1.20.1
	- mixinextras 0.3.5
	- testcontent 1.0.0
[21:20:34] [main/INFO] (FabricLoader/Mixin) SpongePowered MIXIN Subsystem Version=0.8.5 Source=file:/E:/PYTHON/CoreSwap/.gradle-home/caches/modules-2/files-2.1/net.fabricmc/sponge-mixin/0.13.3+mixin.0.8.5/9527e6b0d2449408958fd1302594dc65ec5ade9c/sponge-mixin-0.13.3+mixin.0.8.5.jar Service=Knot/Fabric Env=SERVER
[21:20:34] [main/INFO] (FabricLoader/Mixin) Loaded Fabric development mappings for mixin remapper!
[21:20:34] [main/INFO] (FabricLoader/Mixin) Compatibility level set to JAVA_16
[21:20:34] [main/INFO] (FabricLoader/Mixin) Compatibility level set to JAVA_17
[21:20:35] [main/INFO] (FabricLoader/MixinExtras|Service) Initializing MixinExtras via com.llamalad7.mixinextras.service.MixinExtrasServiceImpl(version=0.3.5).
[21:20:36] [main/WARN] (WmiQueryHandler) COM exception querying Win32_Processor, which might not be on your system. Will not attempt to query it again. Error was -2147217405: (HRESULT: 80041003)
[21:20:36] [main/WARN] (WmiQueryHandler) COM exception querying Win32_Processor, which might not be on your system. Will not attempt to query it again. Error was -2147217405: (HRESULT: 80041003)
[21:20:36] [main/WARN] (WmiQueryHandler) COM exception querying Win32_VideoController, which might not be on your system. Will not attempt to query it again. Error was -2147217405: (HRESULT: 80041003)
[21:20:36] [main/WARN] (WmiQueryHandler) COM exception querying Win32_PhysicalMemory, which might not be on your system. Will not attempt to query it again. Error was -2147217405: (HRESULT: 80041003)
[21:20:44] [main/INFO] (Minecraft) [STDOUT]: [TestContent] registered testcontent:test_brick raw=1003 testcontent:test_lamp raw=1004
[21:20:44] [main/INFO] (Minecraft) Environment: authHost='https://authserver.mojang.com', accountsHost='https://api.mojang.com', sessionHost='https://sessionserver.mojang.com', servicesHost='https://api.minecraftservices.com', name='PROD'
[21:20:46] [main/INFO] (Minecraft) Loaded 7 recipes
[21:20:46] [main/INFO] (Minecraft) Loaded 1271 advancements
[21:20:46] [main/INFO] (BiomeModificationImpl) Applied 0 biome modifications to 0 of 64 new biomes in 1.697 ms
[21:20:46] [Server thread/INFO] (Minecraft) Starting minecraft server version 1.20.1
[21:20:46] [Server thread/INFO] (Minecraft) Loading properties
[21:20:46] [Server thread/INFO] (Minecraft) Default game type: SURVIVAL
[21:20:46] [Server thread/INFO] (Minecraft) Generating keypair
[21:20:46] [Server thread/INFO] (Minecraft) Starting Minecraft server on *:25565
[21:20:47] [Server thread/INFO] (Minecraft) Using default channel type
[21:20:47] [Server thread/INFO] (Minecraft) Preparing level "world"
[21:20:49] [Server thread/INFO] (Minecraft) Preparing start region for dimension minecraft:overworld
[21:20:50] [Worker-Main-2/INFO] (Minecraft) Preparing spawn area: 0%
[21:20:50] [Worker-Main-10/INFO] (Minecraft) Preparing spawn area: 0%
[21:20:50] [Worker-Main-3/INFO] (Minecraft) Preparing spawn area: 0%
[21:20:51] [Worker-Main-1/INFO] (Minecraft) Preparing spawn area: 0%
[21:20:51] [Worker-Main-5/INFO] (Minecraft) Preparing spawn area: 3%
[21:20:52] [Worker-Main-1/INFO] (Minecraft) Preparing spawn area: 6%
[21:20:52] [Worker-Main-21/INFO] (Minecraft) Preparing spawn area: 9%
[21:20:53] [Worker-Main-22/INFO] (Minecraft) Preparing spawn area: 15%
[21:20:53] [Worker-Main-14/INFO] (Minecraft) Preparing spawn area: 23%
[21:20:54] [Worker-Main-20/INFO] (Minecraft) Preparing spawn area: 27%
[21:20:54] [Worker-Main-16/INFO] (Minecraft) Preparing spawn area: 33%
[21:20:55] [Worker-Main-19/INFO] (Minecraft) Preparing spawn area: 40%
[21:20:55] [Worker-Main-8/INFO] (Minecraft) Preparing spawn area: 42%
[21:20:56] [Worker-Main-22/INFO] (Minecraft) Preparing spawn area: 46%
[21:20:56] [Worker-Main-4/INFO] (Minecraft) Preparing spawn area: 52%
[21:20:57] [Worker-Main-10/INFO] (Minecraft) Preparing spawn area: 59%
[21:20:57] [Worker-Main-10/INFO] (Minecraft) Preparing spawn area: 67%
[21:20:58] [Worker-Main-19/INFO] (Minecraft) Preparing spawn area: 72%
[21:20:58] [Worker-Main-12/INFO] (Minecraft) Preparing spawn area: 78%
[21:20:59] [Worker-Main-2/INFO] (Minecraft) Preparing spawn area: 84%
[21:20:59] [Worker-Main-11/INFO] (Minecraft) Preparing spawn area: 89%
[21:21:00] [Server thread/INFO] (Minecraft) Time elapsed: 10493 ms
[21:21:00] [Server thread/INFO] (Minecraft) Done (12.647s)! For help, type "help"
[21:21:00] [Server thread/INFO] (Minecraft) Starting remote control listener
[21:21:00] [Server thread/INFO] (Minecraft) Thread RCON Listener started
[21:21:00] [Server thread/INFO] (Minecraft) RCON running on 0.0.0.0:25575
[21:21:00] [Server thread/INFO] (Minecraft) [STDOUT]: [CppBridge] init seed=-987654321098765432 worldgenDir=E:\PYTHON\CoreSwap\versions\1.20.1\data\worldgen enabled=true stageMask=3 env.CORESWAP_DEFAULT_BLOCK=null
[21:21:00] [Server thread/INFO] (Minecraft) [STDOUT]: [CppBridge] dll=E:\PYTHON\CoreSwap\.tmp\java-tmp\coreswap-native\worldgen.dll size=2457088 sha256=dd3b645f2c79d2cb...
[21:21:00] [Server thread/INFO] (Minecraft) [STDOUT]: [CppBridge] initNether seed=-987654321098765432 enabled=true stageMask=3
[21:21:00] [Server thread/INFO] (Minecraft) [STDOUT]: [CppBridge] initEnd seed=-987654321098765432 enabled=true stageMask=3
[21:21:00] [Server thread/INFO] (Minecraft) [STDOUT]: [BenchMod] CoreSwap replace mode: C++ worldgen active
[21:21:07] [RCON Listener #1/INFO] (Minecraft) Thread RCON Client /127.0.0.1 started
[21:21:08] [Worker-Main-2/INFO] (Minecraft) [STDOUT]: [WG-BULKWB-SENTINEL] armed: concurrent same-chunk write detector active (non-reentrant, in-flight overlap only; mirrors vanilla LockHelper semantics)
[21:21:08] [Worker-Main-2/INFO] (Minecraft) [STDOUT]: [WG-CONTENT-WB] chunk(128,128) hash=bd2bb2b0d554884 dh=4d25fb3f33b980d5 nz=32136
[21:21:08] [Worker-Main-5/INFO] (Minecraft) [STDOUT]: [WG-CONTENT-WB] chunk(127,128) hash=c591b2d6f2cc7949 dh=9413005211bfb0c nz=32172
[21:21:08] [Worker-Main-5/INFO] (Minecraft) [STDOUT]: [WG-CONTENT-WB] chunk(127,127) hash=38cff2e6e2ba7734 dh=c5d9b0aa82f33ec8 nz=32398
[21:21:08] [Worker-Main-15/INFO] (Minecraft) [STDOUT]: [WG-CONTENT-WB] chunk(128,127) hash=2094e8040c9115a2 dh=676abb416ffeafd4 nz=32512
[21:21:08] [Worker-Main-5/INFO] (Minecraft) [STDOUT]: [WG-CONTENT-WB] chunk(129,127) hash=a9307e0050924df0 dh=c6bc9a9a7eaa50d5 nz=31546
[21:21:08] [Worker-Main-5/INFO] (Minecraft) [STDOUT]: [WG-CONTENT-WB] chunk(129,128) hash=17edb18fb705ca55 dh=b1f45bc300c4767f nz=32316
[21:21:08] [Worker-Main-5/INFO] (Minecraft) [STDOUT]: [WG-CONTENT-WB] chunk(127,129) hash=f802032434db6475 dh=d43a2ab22c153027 nz=32241
[21:21:08] [Worker-Main-5/INFO] (Minecraft) [STDOUT]: [WG-CONTENT-WB] chunk(128,129) hash=4fd7896c17fd0586 dh=2f6ff7fb8513f19c nz=32024
[21:21:08] [Worker-Main-14/INFO] (Minecraft) [STDOUT]: [WG-CONTENT-WB] chunk(129,129) hash=12cf5eb82fc75e54 dh=f053ee3841f67826 nz=32232
[21:21:08] [Worker-Main-5/INFO] (Minecraft) [STDOUT]: [WG-CONTENT-WB] chunk(127,126) hash=eba6275bddc53f32 dh=87368b359692df36 nz=32440
[21:21:08] [Worker-Main-5/INFO] (Minecraft) [STDOUT]: [WG-CONTENT-WB] chunk(128,126) hash=f35b0bf4126ec9de dh=3994621a654afcd7 nz=32998
[21:21:08] [Worker-Main-5/INFO] (Minecraft) [STDOUT]: [WG-CONTENT-WB] chunk(126,126) hash=79cc3c9a39d76624 dh=cb0c17ea3b494af4 nz=32227
[21:21:08] [Worker-Main-7/INFO] (Minecraft) [STDOUT]: [WG-CONTENT-WB] chunk(126,128) hash=ece860f0b886454 dh=a7d19c26a0c43456 nz=32464
[21:21:08] [Worker-Main-7/INFO] (Minecraft) [STDOUT]: [WG-CONTENT-WB] chunk(126,127) hash=e7deb479b89d395a dh=b9f9b693729f6438 nz=32377
[21:21:08] [Worker-Main-11/INFO] (Minecraft) [STDOUT]: [WG-CONTENT-WB] chunk(129,126) hash=ab1b9e485401809b dh=2f5638111efc0ccd nz=32326
[21:21:08] [Worker-Main-11/INFO] (Minecraft) [STDOUT]: [WG-CONTENT-WB] chunk(126,129) hash=c1f3d1492f1bab49 dh=fd08a907bb17d9ef nz=32167
[21:21:09] [Worker-Main-7/INFO] (Minecraft) [STDOUT]: [WG-CONTENT-WB] chunk(126,130) hash=4fa79ff75b6ae545 dh=e9eed2bf5dfc9fc3 nz=32270
[21:21:09] [Worker-Main-5/INFO] (Minecraft) [STDOUT]: [WG-CONTENT-WB] chunk(130,127) hash=16898ad7de0e4584 dh=db9c55c37957277a nz=32490
[21:21:09] [Worker-Main-7/INFO] (Minecraft) [STDOUT]: [WG-CONTENT-WB] chunk(130,126) hash=d09fa024f3e55b2d dh=b3c9e92d7ca240e4 nz=31481
[21:21:09] [Worker-Main-7/INFO] (Minecraft) [STDOUT]: [WG-CONTENT-WB] chunk(130,128) hash=857e33a7202e2814 dh=b1752da061d100a5 nz=32323
[21:21:09] [Worker-Main-5/INFO] (Minecraft) [STDOUT]: [WG-CONTENT-WB] chunk(130,129) hash=46120f57ba202a8b dh=f7f18db5fd94c53f nz=32280
[21:21:09] [Worker-Main-5/INFO] (Minecraft) [STDOUT]: [WG-CONTENT-WB] chunk(127,130) hash=d6e6b4fb258b7e1 dh=c0b14e728f328429 nz=32512
[21:21:09] [Worker-Main-5/INFO] (Minecraft) [STDOUT]: [WG-CONTENT-WB] chunk(128,130) hash=68f0bb2c809eabd3 dh=11c34281fa28ff51 nz=32368
[21:21:09] [Worker-Main-7/INFO] (Minecraft) [STDOUT]: [WG-CONTENT-WB] chunk(129,130) hash=ddfc2fa132334f87 dh=9e03f61ae885f26f nz=32460
[21:21:09] [Worker-Main-7/INFO] (Minecraft) [STDOUT]: [WG-CONTENT-WB] chunk(130,130) hash=6b7f21c6118b1b59 dh=2a10ec5678d0ba84 nz=31680
[21:21:09] [Worker-Main-8/INFO] (Minecraft) [STDOUT]: [WG-CONTENT-WB] chunk(125,126) hash=78484662f5690ace dh=7b4170c9e922c700 nz=32473
[21:21:09] [Worker-Main-8/INFO] (Minecraft) [STDOUT]: [WG-CONTENT-WB] chunk(125,125) hash=c746a2edd6ad7c2e dh=d7112de3868df250 nz=29138
[21:21:09] [Worker-Main-8/INFO] (Minecraft) [STDOUT]: [WG-CONTENT-WB] chunk(126,125) hash=d2f6df2fe71b50db dh=4c0471f486aad78 nz=31923
[21:21:09] [Worker-Main-6/INFO] (Minecraft) [STDOUT]: [WG-CONTENT-WB] chunk(125,127) hash=6a44c7a5770f0e77 dh=e1f3bfe8e929a60f nz=32295
[21:21:09] [Worker-Main-6/INFO] (Minecraft) [STDOUT]: [WG-CONTENT-WB] chunk(125,128) hash=17b6db58d8288d6c dh=67386543afafaebc nz=32019
[21:21:09] [Worker-Main-6/INFO] (Minecraft) [STDOUT]: [WG-CONTENT-WB] chunk(125,129) hash=98e04503bf300782 dh=2abe154d90957e66 nz=32201
[21:21:09] [Worker-Main-7/INFO] (Minecraft) [STDOUT]: [WG-CONTENT-WB] chunk(127,125) hash=219f606beea483e1 dh=e7f8a6697d47048 nz=32002
[21:21:09] [Worker-Main-14/INFO] (Minecraft) [STDOUT]: [WG-CONTENT-WB] chunk(128,125) hash=cc669be9fc4295a4 dh=ddf4136cd3bd8a61 nz=33147
[21:21:09] [Worker-Main-6/INFO] (Minecraft) [STDOUT]: [WG-CONTENT-WB] chunk(126,131) hash=172ccb0ef4da39fd dh=1b1a9bbef7a4c9f nz=32215
[21:21:09] [Worker-Main-7/INFO] (Minecraft) [STDOUT]: [WG-CONTENT-WB] chunk(127,131) hash=94b6a04436a3fbe0 dh=6b899edcc318b0c2 nz=32512
[21:21:09] [Worker-Main-6/INFO] (Minecraft) [STDOUT]: [WG-CONTENT-WB] chunk(128,131) hash=e235f39438947165 dh=b59a38b84bcf595c nz=32400
[21:21:09] [Worker-Main-14/INFO] (Minecraft) [STDOUT]: [WG-CONTENT-WB] chunk(129,131) hash=2001218691d1d2e4 dh=2aff8eb2e9dcbb6c nz=32319
[21:21:10] [Worker-Main-13/INFO] (Minecraft) [STDOUT]: [WG-CONTENT-WB] chunk(130,131) hash=dfe30a56d8c8291e dh=2a4d28927ab0bee2 nz=32240
[21:21:10] [Worker-Main-18/INFO] (Minecraft) [STDOUT]: [WG-CONTENT-WB] chunk(125,130) hash=8e141ff70fa1e48c dh=d453143a49fd6704 nz=32458
[21:21:10] [Worker-Main-18/INFO] (Minecraft) [STDOUT]: [WG-CONTENT-WB] chunk(125,131) hash=8b9fd6f72f90e78b dh=12b8c25ad9b6e34e nz=32460
[21:21:10] [Worker-Main-12/INFO] (Minecraft) [STDOUT]: [WG-CONTENT-WB] chunk(131,127) hash=21488138c09922c5 dh=ae650a47512f46a0 nz=26534
[21:21:10] [Worker-Main-18/INFO] (Minecraft) [STDOUT]: [WG-CONTENT-WB] chunk(131,128) hash=f41673bbd977ff4e dh=78a99e5d767cf937 nz=30367
[21:21:10] [Worker-Main-21/INFO] (Minecraft) [STDOUT]: [WG-CONTENT-WB] chunk(131,129) hash=5bca2823d104789a dh=ffed74ea126f3142 nz=31668
[21:21:10] [Worker-Main-4/INFO] (Minecraft) [STDOUT]: [WG-CONTENT-WB] chunk(131,130) hash=484fd96bab05920f dh=dcc1a46c85e9cb4 nz=30860
[21:21:10] [Worker-Main-4/INFO] (Minecraft) [STDOUT]: [WG-CONTENT-WB] chunk(131,131) hash=ce5877f1e72710cf dh=206d2a50c853156b nz=31863
[21:21:10] [Worker-Main-4/INFO] (Minecraft) [STDOUT]: [WG-CONTENT-WB] chunk(131,126) hash=5c9b384765e63010 dh=2cb358051f15d323 nz=23707
[21:21:10] [Worker-Main-4/INFO] (Minecraft) [STDOUT]: [WG-CONTENT-WB] chunk(129,125) hash=5e9ce6dc2922c375 dh=b4a96d78c3a7237c nz=34533
[21:21:10] [Worker-Main-21/INFO] (Minecraft) [STDOUT]: [WG-CONTENT-WB] chunk(130,125) hash=7120be5534572728 dh=3f517d1bd161ec10 nz=34234
[21:21:10] [Worker-Main-21/INFO] (Minecraft) [STDOUT]: [WG-CONTENT-WB] chunk(131,125) hash=dba061e0fe9d9109 dh=7558fe8e212759b5 nz=23100
[21:21:10] [Worker-Main-5/INFO] (Minecraft) [STDOUT]: [WG-CONTENT-WB] chunk(124,125) hash=3a570f3b8610c42 dh=8d6372bef943114a nz=29583
[21:21:10] [Worker-Main-8/INFO] (Minecraft) [STDOUT]: [WG-CONTENT-WB] chunk(124,126) hash=b6b0979b8723661c dh=d83f3c1965127646 nz=32282
[21:21:10] [Worker-Main-19/INFO] (Minecraft) [STDOUT]: [WG-CONTENT-WB] chunk(124,127) hash=7c8bf73afa419f79 dh=112acea921bf2905 nz=32340
[21:21:10] [Worker-Main-19/INFO] (Minecraft) [STDOUT]: [WG-CONTENT-WB] chunk(124,128) hash=c33d263dd0e8b415 dh=a8c9f433106fa017 nz=32276
[21:21:10] [Worker-Main-8/INFO] (Minecraft) [STDOUT]: [WG-CONTENT-WB] chunk(124,129) hash=71e41eb6082f934a dh=70ff6de2f5e2f25a nz=32071
[21:21:10] [Worker-Main-4/INFO] (Minecraft) [STDOUT]: [WG-CONTENT-WB] chunk(130,132) hash=7238ced907e19886 dh=cdc3bf7f0d3afdca nz=32319
[21:21:10] [Worker-Main-2/INFO] (Minecraft) [STDOUT]: [WG-CONTENT-WB] chunk(126,132) hash=d99d2724c3043bc7 dh=c350a390686c3bb nz=32332
[21:21:10] [Worker-Main-8/INFO] (Minecraft) [STDOUT]: [WG-CONTENT-WB] chunk(127,132) hash=beb7b3658e5067c5 dh=6006fb5ec81c953 nz=32430
[21:21:11] [Worker-Main-8/INFO] (Minecraft) [STDOUT]: [WG-CONTENT-WB] chunk(125,132) hash=2fb5ac1bdda077be dh=3c7ec55fcf27128 nz=32512
[21:21:11] [Worker-Main-8/INFO] (Minecraft) [STDOUT]: [WG-CONTENT-WB] chunk(128,132) hash=33a6be3efaed73ab dh=2ea175db00d35808 nz=32382
[21:21:11] [Worker-Main-8/INFO] (Minecraft) [STDOUT]: [WG-CONTENT-WB] chunk(129,132) hash=1d98d8aec130eb2d dh=19d5a458158be291 nz=31873
[21:21:11] [Worker-Main-4/INFO] (Minecraft) [STDOUT]: [WG-CONTENT-WB] chunk(131,132) hash=5ba76db2b71ceca5 dh=74dfbdc7e0cffc5 nz=31537
[21:21:11] [Worker-Main-2/INFO] (Minecraft) [STDOUT]: [WG-CONTENT-WB] chunk(128,124) hash=f3164645f9a365d4 dh=900531628a37436d nz=32461
[21:21:11] [Worker-Main-2/INFO] (Minecraft) [STDOUT]: [WG-CONTENT-WB] chunk(129,124) hash=810d7e95c917a566 dh=c2cb2e7f19048817 nz=34762
[21:21:11] [Worker-Main-2/INFO] (Minecraft) [STDOUT]: [WG-CONTENT-WB] chunk(130,124) hash=18d60136aa2064 dh=9c775f042c5c4092 nz=35595
[21:21:11] [Worker-Main-2/INFO] (Minecraft) [STDOUT]: [WG-CONTENT-WB] chunk(131,124) hash=69f9f885ae3e8b3d dh=803904c75d14a128 nz=25201
[21:21:11] [Worker-Main-3/INFO] (Minecraft) [STDOUT]: [WG-CONTENT-WB] chunk(126,133) hash=73ad22ec224ac45f dh=a7961a4d7b63f97c nz=32330
[21:21:11] [Worker-Main-4/INFO] (Minecraft) [STDOUT]: [WG-CONTENT-WB] chunk(127,133) hash=e606319336d1f6a4 dh=2525234c87e21b83 nz=32512
[21:21:11] [Worker-Main-4/INFO] (Minecraft) [STDOUT]: [WG-CONTENT-WB] chunk(125,133) hash=f24cf4d400f6d983 dh=71b780005ed1e332 nz=32512
[21:21:11] [Worker-Main-4/INFO] (Minecraft) [STDOUT]: [WG-CONTENT-WB] chunk(128,133) hash=5e6be36cc28cbb0f dh=5c408390efbd519d nz=32508
[21:21:11] [Worker-Main-11/INFO] (Minecraft) [STDOUT]: [WG-CONTENT-WB] chunk(129,133) hash=ec0c9877b3acb192 dh=f05a9844a72a3715 nz=32098
[21:21:11] [Worker-Main-11/INFO] (Minecraft) [STDOUT]: [WG-CONTENT-WB] chunk(130,133) hash=2dc7b4e778ec58bc dh=797a48fd0ec2c16c nz=32113
[21:21:11] [Worker-Main-4/INFO] (Minecraft) [STDOUT]: [WG-CONTENT-WB] chunk(131,133) hash=55f128c2f4a38332 dh=f4ca0dd9b466b906 nz=29503
[21:21:11] [Worker-Main-3/INFO] (Minecraft) [STDOUT]: [WG-CONTENT-WB] chunk(124,130) hash=3e8d44a55e460931 dh=4419b6752192bd0b nz=32266
[21:21:11] [Worker-Main-16/INFO] (Minecraft) [STDOUT]: [WG-CONTENT-WB] chunk(132,124) hash=8ade1c8ae5fd74d9 dh=765fd9f1da9d2c1a nz=21899
[21:21:11] [Worker-Main-16/INFO] (Minecraft) [STDOUT]: [WG-CONTENT-WB] chunk(132,125) hash=c0ff195044e3ef2c dh=ec59485fd92f7105 nz=14955
[21:21:11] [Worker-Main-3/INFO] (Minecraft) [STDOUT]: [WG-CONTENT-WB] chunk(132,126) hash=93c3cb4c0680b202 dh=523af232209b9412 nz=16437
[21:21:11] [Worker-Main-13/INFO] (Minecraft) [STDOUT]: [WG-CONTENT-WB] chunk(132,127) hash=9814ab57b7563ea0 dh=90c2d8931660b203 nz=20945
[21:21:12] [Worker-Main-3/INFO] (Minecraft) [STDOUT]: [WG-CONTENT-WB] chunk(127,124) hash=5148c2718f1d3935 dh=acf32332e0703d32 nz=31051
[21:21:12] [Worker-Main-13/INFO] (Minecraft) [STDOUT]: [WG-CONTENT-WB] chunk(124,131) hash=4fca0fc56d6f2779 dh=4cd1892841e0311f nz=32390
[21:21:12] [Worker-Main-16/INFO] (Minecraft) [STDOUT]: [WG-CONTENT-WB] chunk(125,124) hash=53196fe1e0956812 dh=d0007265c391f386 nz=27355
[21:21:12] [Worker-Main-16/INFO] (Minecraft) [STDOUT]: [WG-CONTENT-WB] chunk(126,124) hash=ee5ff0dc9dff641a dh=d1ee0ffe050eef3 nz=29116
[21:21:12] [Worker-Main-16/INFO] (Minecraft) [STDOUT]: [WG-CONTENT-WB] chunk(132,128) hash=36fc34275ebe956d dh=f2741a738e36bb2 nz=23328
[21:21:12] [Worker-Main-16/INFO] (Minecraft) [STDOUT]: [WG-CONTENT-WB] chunk(132,129) hash=f129617baebd42e7 dh=4504e2d2a46824c8 nz=28332
[21:21:12] [Worker-Main-20/INFO] (Minecraft) [STDOUT]: [WG-CONTENT-WB] chunk(132,130) hash=d5402ba4e3151ef7 dh=c34fa37b68db1f7 nz=30453
[21:21:12] [Worker-Main-4/INFO] (Minecraft) [STDOUT]: [WG-CONTENT-WB] chunk(125,134) hash=ac5f9677b513e480 dh=7ca268ca5f3c640a nz=32480
[21:21:12] [Worker-Main-12/INFO] (Minecraft) [STDOUT]: [WG-CONTENT-WB] chunk(126,134) hash=68e10d39ec4192a9 dh=82b4a81e58513d03 nz=31849
[21:21:12] [Worker-Main-12/INFO] (Minecraft) [STDOUT]: [WG-CONTENT-WB] chunk(127,134) hash=d3be16fcfde11895 dh=108c167dcf1095a nz=32512
[21:21:12] [Worker-Main-12/INFO] (Minecraft) [STDOUT]: [WG-CONTENT-WB] chunk(128,134) hash=a59fbaa2703f6064 dh=d0af0ea54c47cebd nz=32408
[21:21:12] [Worker-Main-4/INFO] (Minecraft) [STDOUT]: [WG-CONTENT-WB] chunk(129,134) hash=63aff1cb194a4b71 dh=d56bd434d7ef9d3b nz=32142
[21:21:12] [Worker-Main-12/INFO] (Minecraft) [STDOUT]: [WG-CONTENT-WB] chunk(130,134) hash=1d60d741002b5f78 dh=40c103c4cdb03c29 nz=32130
[21:21:12] [Worker-Main-16/INFO] (Minecraft) [STDOUT]: [WG-CONTENT-WB] chunk(131,134) hash=c32d5d2c21a275cf dh=a2670971099d83fc nz=30726
[21:21:12] [Worker-Main-11/INFO] (Minecraft) [STDOUT]: [WG-CONTENT-WB] chunk(124,132) hash=1970951f656ff0d8 dh=cec219dbd548a7da nz=32512
[21:21:12] [Worker-Main-16/INFO] (Minecraft) [STDOUT]: [WG-CONTENT-WB] chunk(126,135) hash=2ae5f128467c9c0 dh=570b366a5b95091d nz=32453
[21:21:12] [Worker-Main-16/INFO] (Minecraft) [STDOUT]: [WG-CONTENT-WB] chunk(125,135) hash=3c4d5dca6eb80d1c dh=a7c504399d3bd12a nz=32452
[21:21:12] [Worker-Main-11/INFO] (Minecraft) [STDOUT]: [WG-CONTENT-WB] chunk(132,131) hash=c11996c415323c0b dh=3828a9274c3c96c0 nz=27731
[21:21:12] [Worker-Main-11/INFO] (Minecraft) [STDOUT]: [WG-CONTENT-WB] chunk(124,124) hash=6a88a30343ecfa2a dh=b0997ce3a3008ac1 nz=27585
[21:21:12] [Worker-Main-11/INFO] (Minecraft) [STDOUT]: [WG-CONTENT-WB] chunk(124,133) hash=f377d98350d92935 dh=6d756b202cde84d5 nz=32512
[21:21:13] [Worker-Main-20/INFO] (Minecraft) [STDOUT]: [WG-CONTENT-WB] chunk(132,132) hash=48b92fff735c8e7 dh=9a73ed13bf957c6a nz=27875
[21:21:13] [Worker-Main-20/INFO] (Minecraft) [STDOUT]: [WG-CONTENT-WB] chunk(124,134) hash=92f7057fd6a3db1 dh=6e55514497bd55ed nz=32511
[21:21:13] [Worker-Main-11/INFO] (Minecraft) [STDOUT]: [WG-CONTENT-WB] chunk(132,133) hash=50503dc82e7a0178 dh=b32927bfaabd66b7 nz=28100
[21:21:13] [Worker-Main-19/INFO] (Minecraft) [STDOUT]: [WG-CONTENT-WB] chunk(132,134) hash=e45b6b463ae3493c dh=133265e8a0f93c87 nz=26909
[21:21:13] [Worker-Main-20/INFO] (Minecraft) [STDOUT]: [WG-CONTENT-WB] chunk(127,135) hash=5eb7410ac1be1ec8 dh=f87437e588f96a03 nz=32512
[21:21:13] [Worker-Main-15/INFO] (Minecraft) [STDOUT]: [WG-CONTENT-WB] chunk(128,135) hash=32c525e9d4f05259 dh=9ef1aa7c9ba431cb nz=32512
[21:21:13] [Worker-Main-4/INFO] (Minecraft) [STDOUT]: [WG-CONTENT-WB] chunk(129,135) hash=f0c61a2439c65dd3 dh=d495e587f5c06f79 nz=32511
[21:21:13] [Worker-Main-15/INFO] (Minecraft) [STDOUT]: [WG-CONTENT-WB] chunk(130,135) hash=19fe113a3d6754cb dh=b3fa273994d4f2cf nz=32333
[21:21:13] [Worker-Main-15/INFO] (Minecraft) [STDOUT]: [WG-CONTENT-WB] chunk(131,135) hash=77886b8bc7b2ec23 dh=7af09b1ca3e8b7a6 nz=32033
[21:21:13] [Worker-Main-18/INFO] (Minecraft) [STDOUT]: [WG-CONTENT-WB] chunk(124,135) hash=f7547b3992d34ebb dh=53d3c284ae9385d0 nz=32512
[21:21:13] [Worker-Main-18/INFO] (Minecraft) [STDOUT]: [WG-CONTENT-WB] chunk(130,136) hash=43081a3668dbf635 dh=10365e11039073f3 nz=32241
[21:21:13] [Worker-Main-12/INFO] (Minecraft) [STDOUT]: [WG-CONTENT-WB] chunk(126,136) hash=a698d9289fc7a988 dh=2f6960602ccf252b nz=32428
[21:21:13] [Worker-Main-12/INFO] (Minecraft) [STDOUT]: [WG-CONTENT-WB] chunk(125,136) hash=261b0a6a0d9c898b dh=f99b4c11e512defd nz=32459
[21:21:13] [Worker-Main-12/INFO] (Minecraft) [STDOUT]: [WG-CONTENT-WB] chunk(128,136) hash=77b8384bf0378c05 dh=2ffeb48a6b2a308c nz=32512
[21:21:13] [Worker-Main-18/INFO] (Minecraft) [STDOUT]: [WG-CONTENT-WB] chunk(129,136) hash=6dfb1edfaa02737c dh=1dd04a801491b443 nz=32252
[21:21:13] [Worker-Main-6/INFO] (Minecraft) [STDOUT]: [WG-CONTENT-WB] chunk(127,136) hash=f024040dc6275941 dh=59998344fea95b5 nz=32369
[21:21:13] [Worker-Main-10/INFO] (Minecraft) [STDOUT]: [WG-CONTENT-WB] chunk(132,135) hash=8855f7943a370dec dh=4be300ac4906bb87 nz=28966
[21:21:13] [Worker-Main-18/INFO] (Minecraft) [STDOUT]: [WG-CONTENT-WB] chunk(124,136) hash=e72610755cdf73ec dh=1ef6a7ab2b031004 nz=32512
[21:21:13] [Worker-Main-18/INFO] (Minecraft) [STDOUT]: [WG-CONTENT-WB] chunk(131,136) hash=d0f8ba5665c3fbee dh=6f5b719875f9947f nz=31070
[21:21:13] [Worker-Main-4/INFO] (Minecraft) [STDOUT]: [WG-CONTENT-WB] chunk(128,137) hash=e31a532150010c26 dh=9a27eb4d3f8b09d0 nz=32512
[21:21:13] [Worker-Main-7/INFO] (Minecraft) [STDOUT]: [WG-CONTENT-WB] chunk(129,137) hash=53a6b3d5350b668c dh=3095580125037bf0 nz=32389
[21:21:14] [Worker-Main-4/INFO] (Minecraft) [STDOUT]: [WG-CONTENT-WB] chunk(126,137) hash=8f555ac21ba449bd dh=70b1ba1a1fefcf5c nz=32486
[21:21:14] [Worker-Main-7/INFO] (Minecraft) [STDOUT]: [WG-CONTENT-WB] chunk(130,137) hash=9b06a623c5f6cff6 dh=2fca905c915b5f80 nz=31233
[21:21:14] [Worker-Main-7/INFO] (Minecraft) [STDOUT]: [WG-CONTENT-WB] chunk(127,137) hash=bd1fd57d799a5765 dh=da249c01ed737205 nz=32512
[21:21:14] [Worker-Main-4/INFO] (Minecraft) [STDOUT]: [WG-CONTENT-WB] chunk(125,137) hash=6933091037f2bfb2 dh=603d8b37ffb878f4 nz=31773
[21:21:14] [Worker-Main-4/INFO] (Minecraft) [STDOUT]: [WG-CONTENT-WB] chunk(131,137) hash=838a8451e66d8982 dh=a5c9ee7ce64af42e nz=31651
[21:21:14] [Worker-Main-21/INFO] (Minecraft) [STDOUT]: [WG-CONTENT-WB] chunk(129,138) hash=e3acdd6e87104ccc dh=87af2f566daae8cd nz=32499
[21:21:14] [Worker-Main-11/INFO] (Minecraft) [STDOUT]: [WG-CONTENT-WB] chunk(128,138) hash=fe0fc697bdd55b1d dh=f8ef092c9e9b3cd1 nz=32512
[21:21:14] [Worker-Main-15/INFO] (Minecraft) [STDOUT]: [WG-CONTENT-WB] chunk(131,138) hash=b7011a4e1ed7684f dh=52744dfa1208f07b nz=32509
[21:21:14] [Worker-Main-7/INFO] (Minecraft) [STDOUT]: [WG-CONTENT-WB] chunk(126,138) hash=375d9f866c4d3a94 dh=9a4838268dc05068 nz=32484
[21:21:14] [Worker-Main-15/INFO] (Minecraft) [STDOUT]: [WG-CONTENT-WB] chunk(130,138) hash=e26457c64a8c4756 dh=edb42bc797c935e nz=31747
[21:21:14] [Worker-Main-14/INFO] (Minecraft) [STDOUT]: [WG-CONTENT-WB] chunk(125,138) hash=53996e7336b4e6ce dh=d0a9d7785035fa02 nz=31905
[21:21:14] [Worker-Main-7/INFO] (Minecraft) [STDOUT]: [WG-CONTENT-WB] chunk(127,138) hash=bc32ac82c0ee6db4 dh=d68af3fc416afc0c nz=32512
[21:21:14] [Worker-Main-7/INFO] (Minecraft) [STDOUT]: [WG-CONTENT-WB] chunk(124,137) hash=534eeae2b1313b7e dh=f1cb65fc9093fa4 nz=32504
[21:21:14] [Worker-Main-15/INFO] (Minecraft) [STDOUT]: [WG-CONTENT-WB] chunk(132,136) hash=19686e31b7944118 dh=5dbc38639c39b15f nz=32389
[21:21:14] [Worker-Main-14/INFO] (Minecraft) [STDOUT]: [WG-CONTENT-WB] chunk(132,137) hash=2d87a883deb38cbf dh=1699f68f8b58cca3 nz=32512
[21:21:14] [Worker-Main-6/INFO] (Minecraft) [STDOUT]: [WG-CONTENT-WB] chunk(132,138) hash=2fd5e2fe8a4bb2ed dh=20f5d554a23f7503 nz=32405
[21:21:14] [Worker-Main-6/INFO] (Minecraft) [STDOUT]: [WG-CONTENT-WB] chunk(124,138) hash=3264dbae93faf16f dh=dbb17f07a197e80d nz=31825
[21:21:14] [Worker-Main-22/INFO] (Minecraft) [STDOUT]: [WG-CONTENT-WB] chunk(129,139) hash=f30299319e7c1af7 dh=b6846f91fad1f067 nz=32495
[21:21:14] [Worker-Main-22/INFO] (Minecraft) [STDOUT]: [WG-CONTENT-WB] chunk(128,139) hash=4e5cbe90d482fa9e dh=f18d6096a38d28fd nz=32504
[21:21:14] [Worker-Main-22/INFO] (Minecraft) [STDOUT]: [WG-CONTENT-WB] chunk(130,139) hash=30147e09362917b9 dh=7492e683bafece79 nz=31809
[21:21:14] [Worker-Main-22/INFO] (Minecraft) [STDOUT]: [WG-CONTENT-WB] chunk(131,139) hash=515437787f9ae281 dh=beac4707fc943437 nz=32512
[21:21:15] [Worker-Main-23/INFO] (Minecraft) [STDOUT]: [WG-CONTENT-WB] chunk(127,139) hash=444c42abfee976cc dh=be003032f710a0ee nz=32156
[21:21:15] [Worker-Main-22/INFO] (Minecraft) [STDOUT]: [WG-CONTENT-WB] chunk(126,139) hash=c124938676e9cda3 dh=d685876330b8ab0f nz=32420
[21:21:15] [Worker-Main-23/INFO] (Minecraft) [STDOUT]: [WG-CONTENT-WB] chunk(125,139) hash=dcbe3e8c3a6ddee0 dh=2530ea7a9af17f16 nz=32225
[21:21:15] [Worker-Main-13/INFO] (Minecraft) [STDOUT]: [WG-CONTENT-WB] chunk(132,139) hash=da0f025eb7ddc402 dh=1bb5fbc6addac214 nz=30290
[21:21:15] [Worker-Main-16/INFO] (Minecraft) [STDOUT]: [WG-CONTENT-WB] chunk(124,139) hash=cd1f94a7f9cbc1f2 dh=80d761e9334e5d76 nz=31846
[21:21:15] [Worker-Main-6/INFO] (Minecraft) [STDOUT]: [WG-CONTENT-WB] chunk(127,140) hash=39eeda8953df0c78 dh=48ea9afdc780a46 nz=31754
[21:21:15] [Worker-Main-6/INFO] (Minecraft) [STDOUT]: [WG-CONTENT-WB] chunk(128,140) hash=319aa1652410fc78 dh=3558ce074dd1c4fa nz=32512
[21:21:15] [Worker-Main-16/INFO] (Minecraft) [STDOUT]: [WG-CONTENT-WB] chunk(129,140) hash=8c26b045c7b03b70 dh=7e1bbc6558ade836 nz=32459
[21:21:15] [Worker-Main-10/INFO] (Minecraft) [STDOUT]: [WG-CONTENT-WB] chunk(130,140) hash=2698e3517231e582 dh=107c49b4ad33a92e nz=32447
[21:21:15] [Worker-Main-10/INFO] (Minecraft) [STDOUT]: [WG-CONTENT-WB] chunk(131,140) hash=1419eac72f34181f dh=32ae0944f1c0ded1 nz=32512
[21:21:15] [Worker-Main-8/INFO] (Minecraft) [STDOUT]: [WG-CONTENT-WB] chunk(125,140) hash=ba0a146aeca23b5 dh=3860dca3eaffb69a nz=31040
[21:21:15] [Worker-Main-8/INFO] (Minecraft) [STDOUT]: [WG-CONTENT-WB] chunk(126,140) hash=40f7454b061ed3f3 dh=de456b58a3c9120 nz=31720
[21:21:15] [Worker-Main-10/INFO] (Minecraft) [STDOUT]: [WG-CONTENT-WB] chunk(124,140) hash=d9a7349597a5e9ef dh=bc244bcd37679055 nz=27487
[21:21:15] [Worker-Main-8/INFO] (Minecraft) [STDOUT]: [WG-CONTENT-WB] chunk(132,140) hash=ff6a78f9a76fe0a1 dh=1a4e4c7de84112d nz=31831
[21:21:15] [Worker-Main-3/INFO] (Minecraft) [STDOUT]: [WG-CONTENT-WB] chunk(128,141) hash=4ce22c9e116bc66b dh=c79fbda36b2c918b nz=32249
[21:21:15] [Worker-Main-11/INFO] (Minecraft) [STDOUT]: [WG-CONTENT-WB] chunk(129,141) hash=df71e95cf93920fc dh=431fcf64ae521466 nz=32255
[21:21:15] [Worker-Main-7/INFO] (Minecraft) [STDOUT]: [WG-CONTENT-WB] chunk(130,141) hash=57fa44c43e5be1c7 dh=d10af5170973e69d nz=32512
[21:21:15] [Worker-Main-7/INFO] (Minecraft) [STDOUT]: [WG-CONTENT-WB] chunk(131,141) hash=6f9900d3ff8e44c7 dh=66ba2f80f30c038b nz=32512
[21:21:15] [Worker-Main-7/INFO] (Minecraft) [STDOUT]: [WG-CONTENT-WB] chunk(125,141) hash=2f64f5cc2b9764b dh=a829cdc82e89c581 nz=28351
[21:21:15] [Worker-Main-7/INFO] (Minecraft) [STDOUT]: [WG-CONTENT-WB] chunk(126,141) hash=12c1a538dba20c3c dh=e12d18533479dc84 nz=32510
[21:21:15] [Worker-Main-3/INFO] (Minecraft) [STDOUT]: [WG-CONTENT-WB] chunk(127,141) hash=edcc260d0c66205d dh=93884cf26e1b1a3d nz=31825
[21:21:16] [Worker-Main-7/INFO] (Minecraft) [STDOUT]: [WG-CONTENT-WB] chunk(124,141) hash=cf37903216677fb0 dh=a8b0650ce521aab8 nz=23921
[21:21:16] [Worker-Main-11/INFO] (Minecraft) [STDOUT]: [WG-CONTENT-WB] chunk(132,141) hash=466325ea33523998 dh=9ab9d08e2d2b2b54 nz=32512
[21:21:16] [Worker-Main-8/INFO] (Minecraft) [STDOUT]: [WG-CONTENT-WB] chunk(124,142) hash=1355dfb89f6faf0a dh=863f5018c72a1a34 nz=25705
[21:21:16] [Worker-Main-19/INFO] (Minecraft) [STDOUT]: [WG-CONTENT-WB] chunk(125,142) hash=a8dd3c1b8b1ae6bb dh=130f612a51055a7f nz=27859
[21:21:16] [Worker-Main-20/INFO] (Minecraft) [STDOUT]: [WG-CONTENT-WB] chunk(126,142) hash=7fc14203cf5747dd dh=24c32cfae21f46b9 nz=31940
[21:21:16] [Worker-Main-20/INFO] (Minecraft) [STDOUT]: [WG-CONTENT-WB] chunk(131,142) hash=69f1acab097afa4a dh=22e879209d4799ca nz=32512
[21:21:16] [Worker-Main-20/INFO] (Minecraft) [STDOUT]: [WG-CONTENT-WB] chunk(130,142) hash=34f5c0b95a4eb52e dh=5e7d95daa4336b1c nz=32512
[21:21:16] [Worker-Main-10/INFO] (Minecraft) [STDOUT]: [WG-CONTENT-WB] chunk(127,142) hash=472793cba8d800ef dh=bf8efea23ec1c2cd nz=31421
[21:21:16] [Worker-Main-18/INFO] (Minecraft) [STDOUT]: [WG-CONTENT-WB] chunk(128,142) hash=ec5c120dc55e3a5b dh=9613397959e3867b nz=31098
[21:21:16] [Worker-Main-18/INFO] (Minecraft) [STDOUT]: [WG-CONTENT-WB] chunk(129,142) hash=bd5aa0707fc41823 dh=67171cad4e8a10a9 nz=32375
[21:21:16] [Worker-Main-18/INFO] (Minecraft) [STDOUT]: [WG-CONTENT-WB] chunk(132,142) hash=486e5bccfa38e705 dh=c478927c1aadabc3 nz=32512
[21:21:16] [Worker-Main-21/INFO] (Minecraft) [STDOUT]: [WG-CONTENT-WB] chunk(124,143) hash=3699ecee08eddd9c dh=e2aafc8b0b27918c nz=30428
[21:21:16] [Worker-Main-23/INFO] (Minecraft) [STDOUT]: [WG-CONTENT-WB] chunk(128,143) hash=a59c78079a9eac44 dh=d35fbb2b503c8936 nz=31618
[21:21:16] [Worker-Main-16/INFO] (Minecraft) [STDOUT]: [WG-CONTENT-WB] chunk(129,143) hash=b0a50d954bc0564c dh=6400bb2e72f67c68 nz=30671
[21:21:16] [Worker-Main-16/INFO] (Minecraft) [STDOUT]: [WG-CONTENT-WB] chunk(126,143) hash=88b40dc215bdf59e dh=8ca9b0f768e8fff8 nz=29685
[21:21:16] [Worker-Main-22/INFO] (Minecraft) [STDOUT]: [WG-CONTENT-WB] chunk(131,143) hash=91e48e4619062067 dh=8c4d306acecd1cef nz=32506
[21:21:16] [Worker-Main-21/INFO] (Minecraft) [STDOUT]: [WG-CONTENT-WB] chunk(130,143) hash=ceca665a02c5d328 dh=794a4d1622692f6c nz=31661
[21:21:16] [Worker-Main-21/INFO] (Minecraft) [STDOUT]: [WG-CONTENT-WB] chunk(125,143) hash=b4e6b23f8c50d82b dh=6f889eed3519fb29 nz=26981
[21:21:16] [Worker-Main-23/INFO] (Minecraft) [STDOUT]: [WG-CONTENT-WB] chunk(127,143) hash=db51f92cff76dc6 dh=c73151255f634296 nz=31270
[21:21:16] [Worker-Main-7/INFO] (Minecraft) [STDOUT]: [WG-CONTENT-WB] chunk(132,143) hash=b7a760dc01ecb5d dh=f19c72a14b26061f nz=32512
[21:21:16] [Worker-Main-10/INFO] (Minecraft) [STDOUT]: [WG-CONTENT-WB] chunk(127,144) hash=3edb6058591c583 dh=668373365f5efcc7 nz=31886
[21:21:17] [Worker-Main-10/INFO] (Minecraft) [STDOUT]: [WG-CONTENT-WB] chunk(128,144) hash=ff0d698553822a57 dh=a8f23e1646c78f25 nz=31322
[21:21:17] [Worker-Main-10/INFO] (Minecraft) [STDOUT]: [WG-CONTENT-WB] chunk(126,144) hash=38249caff4833504 dh=75d1ad24d1523129 nz=32186
[21:21:17] [Worker-Main-1/INFO] (Minecraft) [STDOUT]: [WG-CONTENT-WB] chunk(125,144) hash=189850088e1770de dh=25e987f59ce5136e nz=31173
[21:21:17] [Worker-Main-2/INFO] (Minecraft) [STDOUT]: [WG-CONTENT-WB] chunk(129,144) hash=e0264a696efcd7f9 dh=3875694bf2da878b nz=31945
[21:21:17] [Worker-Main-1/INFO] (Minecraft) [STDOUT]: [WG-CONTENT-WB] chunk(130,144) hash=bf7f0404d769853b dh=1d873da407e1e4f6 nz=30798
[21:21:17] [Worker-Main-1/INFO] (Minecraft) [STDOUT]: [WG-CONTENT-WB] chunk(131,144) hash=25a7b4dd3dbc7a2a dh=93222c1a673d78df nz=31525
[21:21:17] [Worker-Main-4/INFO] (Minecraft) [STDOUT]: [WG-CONTENT-WB] chunk(132,144) hash=967cc1f26a84cbfa dh=7d4c03338ac0a28a nz=32400
[21:21:17] [Worker-Main-7/INFO] (Minecraft) [STDOUT]: [WG-CONTENT-WB] chunk(125,145) hash=4738c99b0918a9dd dh=8022a34ed34d8fcf nz=32455
[21:21:17] [Worker-Main-7/INFO] (Minecraft) [STDOUT]: [WG-CONTENT-WB] chunk(130,145) hash=1077dce45175de61 dh=d14763c32cbd1e25 nz=32512
[21:21:17] [Worker-Main-7/INFO] (Minecraft) [STDOUT]: [WG-CONTENT-WB] chunk(127,145) hash=ed87965094e5188a dh=84db0d01faa4f01e nz=31061
[21:21:17] [Worker-Main-21/INFO] (Minecraft) [STDOUT]: [WG-CONTENT-WB] chunk(128,145) hash=13aaf5223264ef05 dh=3c82372bc4da41f nz=32491
[21:21:17] [Worker-Main-17/INFO] (Minecraft) [STDOUT]: [WG-CONTENT-WB] chunk(126,145) hash=1c4949d75c6d74e0 dh=1e56b98b03dd2ece nz=31871
[21:21:17] [Worker-Main-17/INFO] (Minecraft) [STDOUT]: [WG-CONTENT-WB] chunk(129,145) hash=d66956a474730856 dh=a281f6e337991d72 nz=32512
[21:21:17] [Worker-Main-21/INFO] (Minecraft) [STDOUT]: [WG-CONTENT-WB] chunk(131,145) hash=a266dafdc4bd8245 dh=f275feebcf8c7d35 nz=31729
[21:21:17] [Worker-Main-21/INFO] (Minecraft) [STDOUT]: [WG-CONTENT-WB] chunk(124,144) hash=7318a48197bc2d9b dh=9a074255e80082f9 nz=31989
[21:21:17] [Worker-Main-1/INFO] (Minecraft) [STDOUT]: [WG-CONTENT-WB] chunk(124,145) hash=b295edc320bfff07 dh=6fd5112b5e7c4eb5 nz=31230
[21:21:17] [Worker-Main-1/INFO] (Minecraft) [STDOUT]: [WG-CONTENT-WB] chunk(132,145) hash=5d6df992b0da56a0 dh=deb7b10bf137984c nz=27299
[21:21:17] [Worker-Main-20/INFO] (Minecraft) [STDOUT]: [WG-CONTENT-WB] chunk(125,146) hash=9458a42d91b46577 dh=545b3b177bfc2d1f nz=32417
[21:21:17] [Worker-Main-20/INFO] (Minecraft) [STDOUT]: [WG-CONTENT-WB] chunk(126,146) hash=6b03ef7417ca066e dh=87b94278a2e209d2 nz=30483
[21:21:17] [Worker-Main-20/INFO] (Minecraft) [STDOUT]: [WG-CONTENT-WB] chunk(131,146) hash=957b426a0e45409e dh=ddc2c8f734c492f2 nz=32512
[21:21:17] [Worker-Main-5/INFO] (Minecraft) [STDOUT]: [WG-CONTENT-WB] chunk(127,146) hash=b658f2740cbcb7a6 dh=ac52d1412f560dd6 nz=30293
[21:21:17] [Worker-Main-20/INFO] (Minecraft) [STDOUT]: [WG-CONTENT-WB] chunk(132,146) hash=18fe9e466405ceaa dh=c17acf5e19f9ad84 nz=32512
[21:21:18] [Worker-Main-20/INFO] (Minecraft) [STDOUT]: [WG-CONTENT-WB] chunk(128,146) hash=99f73dcc34a54ee1 dh=b46ae51410c21f3a nz=31112
[21:21:18] [Worker-Main-20/INFO] (Minecraft) [STDOUT]: [WG-CONTENT-WB] chunk(129,146) hash=1f6414da6ff8604a dh=dd2727b57f9ab222 nz=32510
[21:21:18] [Worker-Main-20/INFO] (Minecraft) [STDOUT]: [WG-CONTENT-WB] chunk(130,146) hash=e79e7457cd6ffe9e dh=cdeba77f52cc97a2 nz=32512
[21:21:18] [Worker-Main-20/INFO] (Minecraft) [STDOUT]: [WG-CONTENT-WB] chunk(133,135) hash=daa565505495a444 dh=9468e3dce52d56f4 nz=27476
[21:21:18] [Worker-Main-20/INFO] (Minecraft) [STDOUT]: [WG-CONTENT-WB] chunk(133,134) hash=fb6384dfa19f65dd dh=e33376bc7388a8bb nz=26126
[21:21:18] [Worker-Main-20/INFO] (Minecraft) [STDOUT]: [WG-CONTENT-WB] chunk(133,129) hash=580bb3c774353551 dh=2fa1dca8b425800b nz=28638
[21:21:18] [Worker-Main-20/INFO] (Minecraft) [STDOUT]: [WG-CONTENT-WB] chunk(133,130) hash=511f9d2afceba21f dh=734f8de6c00828d3 nz=29647
[21:21:18] [Worker-Main-1/INFO] (Minecraft) [STDOUT]: [WG-CONTENT-WB] chunk(133,133) hash=a22096622865254e dh=ddf6592e02057a92 nz=27545
[21:21:18] [Worker-Main-10/INFO] (Minecraft) [STDOUT]: [WG-CONTENT-WB] chunk(133,131) hash=73e4ffb6958605c1 dh=1d13ebacec7d3c50 nz=25577
[21:21:18] [Worker-Main-14/INFO] (Minecraft) [STDOUT]: [WG-CONTENT-WB] chunk(133,132) hash=a1aee56bdbd2eb57 dh=72603655d2774ef6 nz=29580
[21:21:18] [Worker-Main-15/INFO] (Minecraft) [STDOUT]: [WG-CONTENT-WB] chunk(133,128) hash=7af1221cf1d9f363 dh=5b6c071fea2ad2ae nz=25359
[21:21:18] [Worker-Main-15/INFO] (Minecraft) [STDOUT]: [WG-CONTENT-WB] chunk(133,126) hash=97eff4048242ec8f dh=f17755a186a595d1 nz=18443
[21:21:18] [Worker-Main-15/INFO] (Minecraft) [STDOUT]: [WG-CONTENT-WB] chunk(133,127) hash=d63d2f72c90d65fe dh=5a3c25e6b0cef6d3 nz=23506
[21:21:18] [Worker-Main-1/INFO] (Minecraft) [STDOUT]: [WG-CONTENT-WB] chunk(133,125) hash=e919dbdb8233d3ef dh=56886637c37be26d nz=22002
[21:21:18] [Worker-Main-1/INFO] (Minecraft) [STDOUT]: [WG-CONTENT-WB] chunk(133,143) hash=c0c1d5829d3a2f60 dh=f9dbf4bd12d8b826 nz=32512
[21:21:18] [Worker-Main-14/INFO] (Minecraft) [STDOUT]: [WG-CONTENT-WB] chunk(133,144) hash=900bbc5be2da1945 dh=b3ced5d47a2e3cc7 nz=32512
[21:21:18] [Worker-Main-15/INFO] (Minecraft) [STDOUT]: [WG-CONTENT-WB] chunk(133,142) hash=3c7ecdd0f1dcca67 dh=33dd25f876f792b5 nz=32512
[21:21:18] [Worker-Main-1/INFO] (Minecraft) [STDOUT]: [WG-CONTENT-WB] chunk(133,141) hash=23d68ee277ff75fe dh=d8ded3c9a648948e nz=32496
[21:21:18] [Worker-Main-15/INFO] (Minecraft) [STDOUT]: [WG-CONTENT-WB] chunk(133,145) hash=4a95e02773653441 dh=16f2fffabad488fd nz=29515
[21:21:18] [Worker-Main-1/INFO] (Minecraft) [STDOUT]: [WG-CONTENT-WB] chunk(133,146) hash=6433c8de68ce985b dh=824e14ae6e58607b nz=32509
[21:21:18] [Worker-Main-14/INFO] (Minecraft) [STDOUT]: [WG-CONTENT-WB] chunk(133,139) hash=c3c11e42959da573 dh=eb9ffe13bc4e196f nz=31140
[21:21:19] [Worker-Main-14/INFO] (Minecraft) [STDOUT]: [WG-CONTENT-WB] chunk(133,140) hash=b43647966631ca49 dh=525759bf1ce277b7 nz=30791
[21:21:19] [Worker-Main-14/INFO] (Minecraft) [STDOUT]: [WG-CONTENT-WB] chunk(133,136) hash=f3b11e13088e6119 dh=eca2a758f59d3347 nz=32292
[21:21:19] [Worker-Main-14/INFO] (Minecraft) [STDOUT]: [WG-CONTENT-WB] chunk(133,137) hash=183dc1fe7b86e283 dh=1debba984cc5a79b nz=32512
[21:21:19] [Worker-Main-10/INFO] (Minecraft) [STDOUT]: [WG-CONTENT-WB] chunk(133,138) hash=8bfac3b11e9caa6 dh=99a3080e63ef686f nz=31895
[21:21:19] [Worker-Main-10/INFO] (Minecraft) [STDOUT]: [WG-CONTENT-WB] chunk(126,147) hash=46712ec8664c7cf dh=28b20363f132fb02 nz=31645
[21:21:19] [Worker-Main-8/INFO] (Minecraft) [STDOUT]: [WG-CONTENT-WB] chunk(125,147) hash=4d4014132112b2 dh=f3a8d0a65cd453de nz=32512
[21:21:19] [Worker-Main-2/INFO] (Minecraft) [STDOUT]: [WG-CONTENT-WB] chunk(124,146) hash=2c716afd902e5130 dh=f6f8cbe88a423a12 nz=32138
[21:21:19] [Worker-Main-20/INFO] (Minecraft) [STDOUT]: [WG-CONTENT-WB] chunk(124,147) hash=1919804a56262d56 dh=7e6b2a24c568b005 nz=32385
[21:21:19] [Worker-Main-22/INFO] (Minecraft) [STDOUT]: [WG-CONTENT-WB] chunk(127,147) hash=1c12874f66cbdb7f dh=9294bfe824384e7b nz=29256
[21:21:19] [Worker-Main-22/INFO] (Minecraft) [STDOUT]: [WG-CONTENT-WB] chunk(134,136) hash=294d3a10e759e01f dh=c21a30dd1a057d13 nz=32473
[21:21:19] [Worker-Main-22/INFO] (Minecraft) [STDOUT]: [WG-CONTENT-WB] chunk(134,134) hash=cc94a508d6ac26a7 dh=4a3ae14a548029b7 nz=28326
[21:21:19] [Worker-Main-22/INFO] (Minecraft) [STDOUT]: [WG-CONTENT-WB] chunk(134,135) hash=241b1e6854d691ea dh=c9638d4710644185 nz=29983
[21:21:19] [Worker-Main-22/INFO] (Minecraft) [STDOUT]: [WG-CONTENT-WB] chunk(134,137) hash=2a049e87c5e36bb7 dh=459ca766fc9c1c9a nz=32512
[21:21:19] [Worker-Main-2/INFO] (Minecraft) [STDOUT]: [WG-CONTENT-WB] chunk(134,138) hash=21a9c4460e7c37dc dh=682a247968e83271 nz=32512
[21:21:19] [Worker-Main-2/INFO] (Minecraft) [STDOUT]: [WG-CONTENT-WB] chunk(134,139) hash=ee435bcd4218db3a dh=42c5fe760e32a329 nz=32485
[21:21:19] [Worker-Main-19/INFO] (Minecraft) [STDOUT]: [WG-CONTENT-WB] chunk(134,132) hash=c1c4b23b9a0bdc54 dh=b271f76136e20b67 nz=32502
[21:21:19] [Worker-Main-2/INFO] (Minecraft) [STDOUT]: [WG-CONTENT-WB] chunk(134,133) hash=14aa08aa6580dc86 dh=41040dade61ee39f nz=31273
[21:21:19] [Worker-Main-2/INFO] (Minecraft) [STDOUT]: [WG-CONTENT-WB] chunk(134,131) hash=4ff56cb55337654f dh=5135eed8be6dfa37 nz=32290
[21:21:19] [Worker-Main-11/INFO] (Minecraft) [STDOUT]: [WG-CONTENT-WB] chunk(134,127) hash=9eab5697d30438bd dh=5a210cc5f0b600c4 nz=31019
[21:21:19] [Worker-Main-2/INFO] (Minecraft) [STDOUT]: [WG-CONTENT-WB] chunk(134,125) hash=a8913d0583005576 dh=9f552eac51076454 nz=33978
[21:21:19] [Worker-Main-2/INFO] (Minecraft) [STDOUT]: [WG-CONTENT-WB] chunk(134,126) hash=f76acccbcaa007aa dh=9e5198b33f04484f nz=30678
[21:21:20] [Worker-Main-2/INFO] (Minecraft) [STDOUT]: [WG-CONTENT-WB] chunk(134,128) hash=ecfcab62b4a6dc9f dh=30b5d69a8a378f46 nz=31971
[21:21:20] [Worker-Main-22/INFO] (Minecraft) [STDOUT]: [WG-CONTENT-WB] chunk(134,129) hash=28bad77a6938d2f0 dh=18f947729e52e955 nz=31276
[21:21:20] [Worker-Main-2/INFO] (Minecraft) [STDOUT]: [WG-CONTENT-WB] chunk(134,130) hash=c6b7d8627e7e514a dh=e46ef2ab9df3e6c9 nz=31143
[21:21:20] [Worker-Main-22/INFO] (Minecraft) [STDOUT]: [WG-CONTENT-WB] chunk(134,140) hash=9df02336d4b6829d dh=940d2c6b23a41877 nz=31269
[21:21:20] [Worker-Main-8/INFO] (Minecraft) [STDOUT]: [WG-CONTENT-WB] chunk(134,146) hash=4362b99894c8dde4 dh=13141354dbb787f4 nz=32512
[21:21:20] [Worker-Main-8/INFO] (Minecraft) [STDOUT]: [WG-CONTENT-WB] chunk(134,141) hash=21ef05a47ce7e9f8 dh=fbf982f0d9f0dd66 nz=32496
[21:21:20] [Worker-Main-5/INFO] (Minecraft) [STDOUT]: [WG-CONTENT-WB] chunk(134,142) hash=3c533625aa45871e dh=aed77f363cee9b8 nz=32512
[21:21:20] [Worker-Main-8/INFO] (Minecraft) [STDOUT]: [WG-CONTENT-WB] chunk(134,143) hash=666b2a21d8b9a55a dh=d02d9e3e16c7122 nz=32512
[21:21:20] [Worker-Main-8/INFO] (Minecraft) [STDOUT]: [WG-CONTENT-WB] chunk(134,144) hash=5902c8c4016f11f2 dh=20714b8452c19754 nz=32512
[21:21:20] [Worker-Main-2/INFO] (Minecraft) [STDOUT]: [WG-CONTENT-WB] chunk(134,145) hash=a3d78a728dfbc6b5 dh=6658dbed3a6f5f0b nz=32512
[21:21:20] [Worker-Main-2/INFO] (Minecraft) [STDOUT]: [WG-CONTENT-WB] chunk(128,147) hash=6f7349cdc66df6e2 dh=8560e58642e70910 nz=31900
[21:21:20] [Worker-Main-8/INFO] (Minecraft) [STDOUT]: [WG-CONTENT-WB] chunk(129,147) hash=6984c9b138df9dd8 dh=a5195dc19b6a70b8 nz=32487
[21:21:20] [Worker-Main-19/INFO] (Minecraft) [STDOUT]: [WG-CONTENT-WB] chunk(130,147) hash=280536061f436549 dh=616707e1f00aefb9 nz=32512
[21:21:20] [Worker-Main-19/INFO] (Minecraft) [STDOUT]: [WG-CONTENT-WB] chunk(131,147) hash=3d457b2b3b50efcf dh=147931637d19f6c3 nz=32512
[21:21:20] [Worker-Main-8/INFO] (Minecraft) [STDOUT]: [WG-CONTENT-WB] chunk(132,147) hash=b25d7b827357557c dh=561a5011c2e90618 nz=32512
[21:21:20] [Worker-Main-8/INFO] (Minecraft) [STDOUT]: [WG-CONTENT-WB] chunk(133,147) hash=56f312dcbfc2a33b dh=13b203f8e927a6d5 nz=32512
[21:21:20] [Worker-Main-19/INFO] (Minecraft) [STDOUT]: [WG-CONTENT-WB] chunk(134,147) hash=21f16abba2ab77c2 dh=90f3d2b36694e9e0 nz=32512
[21:21:20] [Worker-Main-8/INFO] (Minecraft) [STDOUT]: [WG-CONTENT-WB] chunk(133,124) hash=a0d987be165c7dc7 dh=2cd647fd36cd75c9 nz=28018
[21:21:20] [Worker-Main-1/INFO] (Minecraft) [STDOUT]: [WG-CONTENT-WB] chunk(134,124) hash=381ff8b3eced03de dh=9fddfc0f0b9a94db nz=37374
[21:21:21] [Worker-Main-3/INFO] (Minecraft) [STDOUT]: [WG-CONTENT-WB] chunk(135,126) hash=5ada4da87baa3510 dh=a6ca6fe8437f12d4 nz=35191
[21:21:21] [Worker-Main-5/INFO] (Minecraft) [STDOUT]: [WG-CONTENT-WB] chunk(135,125) hash=aeaff8024709797b dh=e1d4d30f1289e21c nz=37629
[21:21:21] [Worker-Main-6/INFO] (Minecraft) [STDOUT]: [WG-CONTENT-WB] chunk(135,140) hash=90e3c1862665df4f dh=def25f6a8214b231 nz=31680
[21:21:21] [Worker-Main-3/INFO] (Minecraft) [STDOUT]: [WG-CONTENT-WB] chunk(135,139) hash=7375a6151104b311 dh=81933798513b5cc1 nz=32502
[21:21:21] [Worker-Main-6/INFO] (Minecraft) [STDOUT]: [WG-CONTENT-WB] chunk(135,138) hash=ee16b6403ac92506 dh=ec6ecf8042f226a nz=32512
[21:21:21] [Worker-Main-5/INFO] (Minecraft) [STDOUT]: [WG-CONTENT-WB] chunk(135,141) hash=5dd7376bfc641e57 dh=93c84386ca9af491 nz=32512
[21:21:21] [Worker-Main-6/INFO] (Minecraft) [STDOUT]: [WG-CONTENT-WB] chunk(135,142) hash=8cd80625dee68435 dh=fea73c3166f25e73 nz=32512
[21:21:21] [Worker-Main-3/INFO] (Minecraft) [STDOUT]: [WG-CONTENT-WB] chunk(135,137) hash=9a27d8a8c5a79eae dh=43ec4c2690d9d6b6 nz=32512
[21:21:21] [Worker-Main-3/INFO] (Minecraft) [STDOUT]: [WG-CONTENT-WB] chunk(135,127) hash=f92fd67cb3e0323a dh=5849f132ee709d9d nz=33942
[21:21:21] [Worker-Main-6/INFO] (Minecraft) [STDOUT]: [WG-CONTENT-WB] chunk(135,128) hash=5355959ca4f3d34b dh=9a36418a4a6bfc4 nz=32573
[21:21:21] [Worker-Main-20/INFO] (Minecraft) [STDOUT]: [WG-CONTENT-WB] chunk(135,143) hash=6ea3b3dacd84d1f3 dh=408c2bb49fdc0b8b nz=32512
[21:21:21] [Worker-Main-6/INFO] (Minecraft) [STDOUT]: [WG-CONTENT-WB] chunk(135,129) hash=85851a195d884c21 dh=98adc9021065a966 nz=32737
[21:21:21] [Worker-Main-6/INFO] (Minecraft) [STDOUT]: [WG-CONTENT-WB] chunk(135,144) hash=78ff9a9e2c971ec3 dh=307f9cb2d318f25b nz=32512
[21:21:21] [Worker-Main-3/INFO] (Minecraft) [STDOUT]: [WG-CONTENT-WB] chunk(135,145) hash=a1fbb38f3389fda8 dh=1d1095037b3d0b8c nz=32512
[21:21:21] [Worker-Main-3/INFO] (Minecraft) [STDOUT]: [WG-CONTENT-WB] chunk(135,134) hash=43fe6145f7d963c4 dh=847ec7d5b34dce36 nz=31829
[21:21:21] [Worker-Main-20/INFO] (Minecraft) [STDOUT]: [WG-CONTENT-WB] chunk(135,130) hash=2d19373a41901ce0 dh=9213692d3817a14c nz=32639
[21:21:21] [Worker-Main-5/INFO] (Minecraft) [STDOUT]: [WG-CONTENT-WB] chunk(135,135) hash=86b12743ad67d8c0 dh=f7dce6a07343ce6 nz=32153
[21:21:21] [Worker-Main-5/INFO] (Minecraft) [STDOUT]: [WG-CONTENT-WB] chunk(135,132) hash=d4631aeafd197acf dh=bb25917e7e5357ba nz=32318
[21:21:21] [Worker-Main-3/INFO] (Minecraft) [STDOUT]: [WG-CONTENT-WB] chunk(135,136) hash=3add76f1a2eed354 dh=c6e2ae04010212dc nz=32512
[21:21:21] [Worker-Main-5/INFO] (Minecraft) [STDOUT]: [WG-CONTENT-WB] chunk(135,133) hash=2087f9b63817dd54 dh=8184e40496c259cb nz=31902
[21:21:21] [Worker-Main-5/INFO] (Minecraft) [STDOUT]: [WG-CONTENT-WB] chunk(135,131) hash=30d62ecb85a3e4b2 dh=2e26df812ce7da74 nz=32182
[21:21:21] [Worker-Main-5/INFO] (Minecraft) [STDOUT]: [WG-CONTENT-WB] chunk(135,146) hash=6b3de953208ea4c0 dh=33b3f9788ba58fb4 nz=32512
[21:21:22] [Worker-Main-21/INFO] (Minecraft) [STDOUT]: [WG-CONTENT-WB] chunk(135,147) hash=268feb63d9cbaad3 dh=a4e1cd7431d2d6af nz=32512
[21:21:22] [Worker-Main-3/INFO] (Minecraft) [STDOUT]: [WG-CONTENT-WB] chunk(135,124) hash=1dbc2f9ee68d2e1 dh=545f8a6d70aa8f29 nz=38564
[21:21:22] [Worker-Main-12/INFO] (Minecraft) [STDOUT]: [WG-CONTENT-WB] chunk(136,126) hash=844db801e1d1a4cb dh=f5dc644fd4ab0c7 nz=37070
[21:21:22] [Worker-Main-12/INFO] (Minecraft) [STDOUT]: [WG-CONTENT-WB] chunk(136,128) hash=683328d534de5b17 dh=f5d8a50297a652d0 nz=33837
[21:21:22] [Worker-Main-21/INFO] (Minecraft) [STDOUT]: [WG-CONTENT-WB] chunk(136,127) hash=9089119125098b02 dh=583d6fc4c17a92ea nz=34843
[21:21:22] [Worker-Main-21/INFO] (Minecraft) [STDOUT]: [WG-CONTENT-WB] chunk(136,125) hash=b6855e9422a716dd dh=f17e8faac00686ae nz=37317
[21:21:22] [Worker-Main-21/INFO] (Minecraft) [STDOUT]: [WG-CONTENT-WB] chunk(136,132) hash=4c7cfa0a28e358bc dh=c8f6953b0e0d8a3c nz=32495
[21:21:22] [Worker-Main-21/INFO] (Minecraft) [STDOUT]: [WG-CONTENT-WB] chunk(136,133) hash=ec094a391b5b5f29 dh=9507f546fac07c80 nz=32512
[21:21:22] [Worker-Main-18/INFO] (Minecraft) [STDOUT]: [WG-CONTENT-WB] chunk(136,131) hash=faca25642c869abc dh=995689c21964e1b6 nz=32196
[21:21:22] [Worker-Main-18/INFO] (Minecraft) [STDOUT]: [WG-CONTENT-WB] chunk(136,129) hash=350dd0d8549cd36f dh=29abc9265042e32e nz=33259
[21:21:22] [Worker-Main-18/INFO] (Minecraft) [STDOUT]: [WG-CONTENT-WB] chunk(136,130) hash=7007090ae009dff2 dh=a48de4a4c0958fab nz=32875
[21:21:22] [Worker-Main-18/INFO] (Minecraft) [STDOUT]: [WG-CONTENT-WB] chunk(136,134) hash=4f19ee407e0e693c dh=568697dcd5cd5dca nz=32219
[21:21:22] [Worker-Main-18/INFO] (Minecraft) [STDOUT]: [WG-CONTENT-WB] chunk(136,146) hash=bc224f6dd356e483 dh=f40eb5ab322afaf1 nz=32512
[21:21:22] [Worker-Main-18/INFO] (Minecraft) [STDOUT]: [WG-CONTENT-WB] chunk(136,142) hash=4ab01cab6251fb1b dh=b7aadf2c9ccccdd6 nz=32445
[21:21:22] [Worker-Main-18/INFO] (Minecraft) [STDOUT]: [WG-CONTENT-WB] chunk(136,141) hash=8e2e3585e3dd407b dh=fc528cb484453d83 nz=32512
[21:21:22] [Worker-Main-18/INFO] (Minecraft) [STDOUT]: [WG-CONTENT-WB] chunk(136,143) hash=583fd54b988550de dh=850ce9f62c14ce92 nz=32512
[21:21:22] [Worker-Main-12/INFO] (Minecraft) [STDOUT]: [WG-CONTENT-WB] chunk(136,139) hash=f4136e1760e08c05 dh=c220c8d95c9944ee nz=32512
[21:21:22] [Worker-Main-12/INFO] (Minecraft) [STDOUT]: [WG-CONTENT-WB] chunk(136,144) hash=b350e069c042f1a5 dh=a48a31ed1524d43f nz=32512
[21:21:22] [Worker-Main-21/INFO] (Minecraft) [STDOUT]: [WG-CONTENT-WB] chunk(136,140) hash=20d77349cbcfac7a dh=576645a852b6ab4f nz=32511
[21:21:22] [Worker-Main-18/INFO] (Minecraft) [STDOUT]: [WG-CONTENT-WB] chunk(136,138) hash=abc89f268347044d dh=603de60eba36b3dd nz=32512
[21:21:23] [Worker-Main-18/INFO] (Minecraft) [STDOUT]: [WG-CONTENT-WB] chunk(136,145) hash=1695b5f1d640ec3c dh=d5c7b57a4b9226c0 nz=32512
[21:21:23] [Worker-Main-21/INFO] (Minecraft) [STDOUT]: [WG-CONTENT-WB] chunk(136,135) hash=937c738567a52c8e dh=53ebb357cee1beca nz=29824
[21:21:23] [Worker-Main-21/INFO] (Minecraft) [STDOUT]: [WG-CONTENT-WB] chunk(136,136) hash=80c7d36f89cd3fd3 dh=ef71abec853e88ca nz=28601
[21:21:23] [Worker-Main-21/INFO] (Minecraft) [STDOUT]: [WG-CONTENT-WB] chunk(136,137) hash=5141604dc2319e4d dh=3a6050d7566a7ab5 nz=31916
[21:21:23] [Worker-Main-7/INFO] (Minecraft) [STDOUT]: [WG-CONTENT-WB] chunk(136,124) hash=6b6e414a94ff9ca1 dh=d0d5e69524f43500 nz=39603
[21:21:23] [Worker-Main-1/INFO] (Minecraft) [STDOUT]: [WG-CONTENT-WB] chunk(136,147) hash=b358e16ca88d0c8c dh=a06bb4e331d93ea2 nz=32512
[21:21:23] [Worker-Main-6/INFO] (Minecraft) [STDOUT]: [WG-CONTENT-WB] chunk(137,124) hash=601499ac6a9b1ebc dh=f4c5066d76a1a264 nz=38468
[21:21:23] [Worker-Main-6/INFO] (Minecraft) [STDOUT]: [WG-CONTENT-WB] chunk(137,132) hash=f2128ff9eeff7394 dh=8ecaa744086e6ebf nz=32460
[21:21:23] [Worker-Main-6/INFO] (Minecraft) [STDOUT]: [WG-CONTENT-WB] chunk(137,133) hash=25a236c8552a788e dh=40f735e3cb84187d nz=32504
[21:21:23] [Worker-Main-6/INFO] (Minecraft) [STDOUT]: [WG-CONTENT-WB] chunk(137,134) hash=a01998cb6764c042 dh=4934d95c80056f4 nz=31807
[21:21:23] [Worker-Main-6/INFO] (Minecraft) [STDOUT]: [WG-CONTENT-WB] chunk(137,135) hash=8e79debc74aa5166 dh=18dbadf3d5f408f7 nz=28825
[21:21:23] [Worker-Main-6/INFO] (Minecraft) [STDOUT]: [WG-CONTENT-WB] chunk(137,136) hash=3b6e971a4fd16955 dh=4ab69f9bc0cf29a4 nz=25617
[21:21:23] [Worker-Main-6/INFO] (Minecraft) [STDOUT]: [WG-CONTENT-WB] chunk(137,125) hash=24f579df0d2d6c6c dh=93166866d5e2c948 nz=41065
[21:21:23] [Worker-Main-14/INFO] (Minecraft) [STDOUT]: [WG-CONTENT-WB] chunk(137,126) hash=1a4dd62dbe69c661 dh=61e793d97d4f9834 nz=39645
[21:21:23] [Worker-Main-14/INFO] (Minecraft) [STDOUT]: [WG-CONTENT-WB] chunk(137,137) hash=8cb0875396ec515f dh=aa7b5f54edb6e3e7 nz=29849
[21:21:23] [Worker-Main-6/INFO] (Minecraft) [STDOUT]: [WG-CONTENT-WB] chunk(137,138) hash=8da6d3dd88e8da2b dh=aba04953c2b05be7 nz=31768
[21:21:23] [Worker-Main-6/INFO] (Minecraft) [STDOUT]: [WG-CONTENT-WB] chunk(137,130) hash=8d1a4ddccaf240b7 dh=6662fd85468b4ce9 nz=32248
[21:21:23] [Worker-Main-14/INFO] (Minecraft) [STDOUT]: [WG-CONTENT-WB] chunk(137,131) hash=90dcd7ab3443a8a0 dh=f2092d51a74a3b73 nz=32515
[21:21:23] [Worker-Main-10/INFO] (Minecraft) [STDOUT]: [WG-CONTENT-WB] chunk(137,127) hash=57d645c2892e9bbf dh=799a350fa06d4fde nz=35459
[21:21:24] [Worker-Main-6/INFO] (Minecraft) [STDOUT]: [WG-CONTENT-WB] chunk(137,128) hash=bbfcbdf49474a880 dh=8fd1a911f9cc11df nz=33410
[21:21:24] [Worker-Main-14/INFO] (Minecraft) [STDOUT]: [WG-CONTENT-WB] chunk(137,129) hash=da8eece3e815cb6f dh=43f5bee971487e10 nz=32899
[21:21:24] [Worker-Main-14/INFO] (Minecraft) [STDOUT]: [WG-CONTENT-WB] chunk(137,139) hash=8156d0ba49acd2cc dh=8b9f6050cf4dada2 nz=32405
[21:21:24] [Worker-Main-6/INFO] (Minecraft) [STDOUT]: [WG-CONTENT-WB] chunk(137,140) hash=e6b08b6e1137b7e dh=3ff33ec29caf7e72 nz=32512
[21:21:24] [Worker-Main-6/INFO] (Minecraft) [STDOUT]: [WG-CONTENT-WB] chunk(137,141) hash=613609d2d170a627 dh=c4f52e9cfd16005a nz=31902
[21:21:24] [Worker-Main-21/INFO] (Minecraft) [STDOUT]: [WG-CONTENT-WB] chunk(137,146) hash=d2498c0ef3f4e179 dh=5d43f339b8cea648 nz=31814
[21:21:24] [Worker-Main-21/INFO] (Minecraft) [STDOUT]: [WG-CONTENT-WB] chunk(137,142) hash=b5248bc454f853a0 dh=735bad7a0065f26c nz=31828
[21:21:24] [Worker-Main-14/INFO] (Minecraft) [STDOUT]: [WG-CONTENT-WB] chunk(137,143) hash=ff6af14ec20d0cf2 dh=2e7f07df67c5569c nz=32512
[21:21:24] [Worker-Main-14/INFO] (Minecraft) [STDOUT]: [WG-CONTENT-WB] chunk(137,144) hash=d5e870c7d9084f42 dh=6c2f102b98d22a55 nz=32062
[21:21:24] [Worker-Main-21/INFO] (Minecraft) [STDOUT]: [WG-CONTENT-WB] chunk(137,145) hash=18781ebc5876b9d2 dh=9f4d0c20647c0bd9 nz=31742
[21:21:24] [Worker-Main-3/INFO] (Minecraft) [STDOUT]: [WG-CONTENT-WB] chunk(137,147) hash=8967c8e068eecceb dh=6f841e3930cde957 nz=32255
[21:21:24] [Worker-Main-19/INFO] (Minecraft) [STDOUT]: [WG-CONTENT-WB] chunk(138,133) hash=52c8a9b00e55f883 dh=46687b85f68e2502 nz=32365
[21:21:24] [Worker-Main-19/INFO] (Minecraft) [STDOUT]: [WG-CONTENT-WB] chunk(138,134) hash=aca928ff671af1d6 dh=8d281e57e0ea8990 nz=30217
[21:21:24] [Worker-Main-1/INFO] (Minecraft) [STDOUT]: [WG-CONTENT-WB] chunk(138,125) hash=f7ab2d5b50010283 dh=4bfddf6a0dd00338 nz=40495
[21:21:24] [Worker-Main-9/INFO] (Minecraft) [STDOUT]: [WG-CONTENT-WB] chunk(138,138) hash=6b060dd5dd8181fa dh=7d88aa7a3a720fb1 nz=30046
[21:21:24] [Worker-Main-1/INFO] (Minecraft) [STDOUT]: [WG-CONTENT-WB] chunk(138,129) hash=af29577676065123 dh=70f160a11fcc2278 nz=33237
[21:21:24] [Worker-Main-19/INFO] (Minecraft) [STDOUT]: [WG-CONTENT-WB] chunk(138,139) hash=10e027fdc6c4f901 dh=3855ec4be9ffceb8 nz=31248
[21:21:24] [Worker-Main-9/INFO] (Minecraft) [STDOUT]: [WG-CONTENT-WB] chunk(138,135) hash=8183a33892c3fd8d dh=bb19d3cf7e074230 nz=27719
[21:21:24] [Worker-Main-9/INFO] (Minecraft) [STDOUT]: [WG-CONTENT-WB] chunk(138,136) hash=29a7b5d2afb9226a dh=8b659009c3fca55c nz=26047
[21:21:24] [Worker-Main-19/INFO] (Minecraft) [STDOUT]: [WG-CONTENT-WB] chunk(138,137) hash=c043b4e39e99a4d6 dh=7107ae5229be4950 nz=27823
[21:21:25] [Worker-Main-19/INFO] (Minecraft) [STDOUT]: [WG-CONTENT-WB] chunk(138,130) hash=61064a587ebd1813 dh=e1ee1b4ec71359fd nz=31742
[21:21:25] [Worker-Main-19/INFO] (Minecraft) [STDOUT]: [WG-CONTENT-WB] chunk(138,131) hash=1b529b685d8d880d dh=900cae431a254ae nz=32187
[21:21:25] [Worker-Main-1/INFO] (Minecraft) [STDOUT]: [WG-CONTENT-WB] chunk(138,132) hash=8968a3487f47722a dh=63f3545d1f775c77 nz=32106
[21:21:25] [Worker-Main-1/INFO] (Minecraft) [STDOUT]: [WG-CONTENT-WB] chunk(138,140) hash=21cb9367ae73c8b dh=1c75ed63970ceff0 nz=32493
[21:21:25] [Worker-Main-19/INFO] (Minecraft) [STDOUT]: [WG-CONTENT-WB] chunk(138,141) hash=311e5c4639eec4f6 dh=91a1f0d44dc4acc5 nz=30568
[21:21:25] [Worker-Main-19/INFO] (Minecraft) [STDOUT]: [WG-CONTENT-WB] chunk(138,126) hash=78d0e6e1002b164a dh=462106ec58d062da nz=39363
[21:21:25] [Worker-Main-19/INFO] (Minecraft) [STDOUT]: [WG-CONTENT-WB] chunk(138,127) hash=6a8becb408bf29ea dh=3899faff2c791531 nz=35122
[21:21:25] [Worker-Main-1/INFO] (Minecraft) [STDOUT]: [WG-CONTENT-WB] chunk(138,128) hash=b18a8de00d3ddcf4 dh=6e6ba7051687ffb nz=34238
[21:21:25] [Worker-Main-1/INFO] (Minecraft) [STDOUT]: [WG-CONTENT-WB] chunk(138,142) hash=254f94c9be0e1f01 dh=4531039b44bbc242 nz=31311
[21:21:25] [Worker-Main-5/INFO] (Minecraft) [STDOUT]: [WG-CONTENT-WB] chunk(138,143) hash=1ed99d527e24134b dh=47be73ab72dc6b32 nz=31741
[21:21:25] [Worker-Main-9/INFO] (Minecraft) [STDOUT]: [WG-CONTENT-WB] chunk(138,144) hash=dda8fa918f53cfa8 dh=e525d007f084d8dd nz=29291
[21:21:25] [Worker-Main-5/INFO] (Minecraft) [STDOUT]: [WG-CONTENT-WB] chunk(138,145) hash=4a405ca1f4ef77e dh=e7b82e06e63e7fe1 nz=29147
[21:21:25] [Worker-Main-5/INFO] (Minecraft) [STDOUT]: [WG-CONTENT-WB] chunk(138,146) hash=4637c8cfb400c1d1 dh=83e050245b074fab nz=28014
[21:21:25] [Worker-Main-15/INFO] (Minecraft) [STDOUT]: [WG-CONTENT-WB] chunk(138,147) hash=d69f43d69c10a363 dh=54760780fd5578cf nz=31678
[21:21:25] [Worker-Main-21/INFO] (Minecraft) [STDOUT]: [WG-CONTENT-WB] chunk(138,124) hash=b5f018189a805d2c dh=35381fbda04e5485 nz=36207
[21:21:25] [Worker-Main-1/INFO] (Minecraft) [STDOUT]: [WG-CONTENT-WB] chunk(139,124) hash=2a2cb934c0f4d2ee dh=1e20204534f8b402 nz=40342
[21:21:25] [Worker-Main-13/INFO] (Minecraft) [STDOUT]: [WG-CONTENT-WB] chunk(139,125) hash=e6f4dc4ab823c763 dh=eaeeb5e7a820e7e3 nz=38189
[21:21:25] [Worker-Main-13/INFO] (Minecraft) [STDOUT]: [WG-CONTENT-WB] chunk(139,142) hash=2f5f8e17df846316 dh=8a83bf950487cdc0 nz=30663
[21:21:25] [Worker-Main-13/INFO] (Minecraft) [STDOUT]: [WG-CONTENT-WB] chunk(139,140) hash=6d6a93f5aba47578 dh=8a12eb6e0acef579 nz=31615
[21:21:26] [Worker-Main-11/INFO] (Minecraft) [STDOUT]: [WG-CONTENT-WB] chunk(139,141) hash=4d9efb48c663cbc dh=efec1944f364d250 nz=30650
[21:21:26] [Worker-Main-13/INFO] (Minecraft) [STDOUT]: [WG-CONTENT-WB] chunk(139,138) hash=f733c59b0c06b7b9 dh=5fabd6fcc8806e2f nz=29884
[21:21:26] [Worker-Main-11/INFO] (Minecraft) [STDOUT]: [WG-CONTENT-WB] chunk(139,139) hash=cd9bd9b73401d48 dh=ff83d741bc573b50 nz=31814
[21:21:26] [Worker-Main-11/INFO] (Minecraft) [STDOUT]: [WG-CONTENT-WB] chunk(139,133) hash=406d6997eb825630 dh=13d138dbb6902a9f nz=30153
[21:21:26] [Worker-Main-11/INFO] (Minecraft) [STDOUT]: [WG-CONTENT-WB] chunk(139,134) hash=37d7815df6e02353 dh=68247b40362cc2c4 nz=27766
[21:21:26] [Worker-Main-11/INFO] (Minecraft) [STDOUT]: [WG-CONTENT-WB] chunk(139,135) hash=521bbe06968f4abe dh=50a4601ccb63aea7 nz=25649
[21:21:26] [Worker-Main-11/INFO] (Minecraft) [STDOUT]: [WG-CONTENT-WB] chunk(139,136) hash=db76c6ef3798911 dh=2c5573d81adc89a1 nz=24604
[21:21:26] [Worker-Main-11/INFO] (Minecraft) [STDOUT]: [WG-CONTENT-WB] chunk(139,137) hash=57d909ed6932f65e dh=6c3b52dd8fe841ac nz=27207
[21:21:26] [Worker-Main-1/INFO] (Minecraft) [STDOUT]: [WG-CONTENT-WB] chunk(139,143) hash=f68bb73b71e76d2a dh=ae4690452dafcf9e nz=31100
[21:21:26] [Worker-Main-20/INFO] (Minecraft) [STDOUT]: [WG-CONTENT-WB] chunk(139,144) hash=e8fc416bcb8a4ea4 dh=efa5950714ef8a76 nz=26033
[21:21:26] [Worker-Main-20/INFO] (Minecraft) [STDOUT]: [WG-CONTENT-WB] chunk(139,145) hash=7778b38ed63a8f7a dh=638e8d07ff1c5320 nz=27332
[21:21:26] [Worker-Main-20/INFO] (Minecraft) [STDOUT]: [WG-CONTENT-WB] chunk(139,132) hash=f56fa6c15054f1f0 dh=a20655b3f5960b48 nz=32196
[21:21:26] [Worker-Main-20/INFO] (Minecraft) [STDOUT]: [WG-CONTENT-WB] chunk(139,126) hash=76d5f3fdd528195d dh=14f4842ff8286e85 nz=38422
[21:21:26] [Worker-Main-11/INFO] (Minecraft) [STDOUT]: [WG-CONTENT-WB] chunk(139,127) hash=5e25832e4dbf2e5 dh=42c348b788d07b86 nz=35488
[21:21:26] [Worker-Main-1/INFO] (Minecraft) [STDOUT]: [WG-CONTENT-WB] chunk(139,131) hash=667b0d4e7826c587 dh=991b733052a50e3b nz=32635
[21:21:26] [Worker-Main-11/INFO] (Minecraft) [STDOUT]: [WG-CONTENT-WB] chunk(139,128) hash=8655471851d21044 dh=98be92b002c7fc4e nz=34083
[21:21:26] [Worker-Main-20/INFO] (Minecraft) [STDOUT]: [WG-CONTENT-WB] chunk(139,129) hash=5ced88e56bf3c2b0 dh=a0414608e6fc6f23 nz=33484
[21:21:26] [Worker-Main-13/INFO] (Minecraft) [STDOUT]: [WG-CONTENT-WB] chunk(139,130) hash=cfc65e6fa610805e dh=e361921f4a2546e6 nz=32941
[21:21:26] [Worker-Main-7/INFO] (Minecraft) [STDOUT]: [WG-CONTENT-WB] chunk(139,146) hash=3fe9ca0990dc0c0 dh=f5fe1ac14dbe5bce nz=27822
[21:21:26] [Worker-Main-21/INFO] (Minecraft) [STDOUT]: [WG-CONTENT-WB] chunk(140,139) hash=1a8b4f2ba21e4aec dh=5f78e342d05a01ae nz=32296
[21:21:27] [Worker-Main-13/INFO] (Minecraft) [STDOUT]: [WG-CONTENT-WB] chunk(140,143) hash=44a6e5dcf6f8861b dh=902dc6420202aac1 nz=28950
[21:21:27] [Worker-Main-13/INFO] (Minecraft) [STDOUT]: [WG-CONTENT-WB] chunk(140,141) hash=a1eb61238e552888 dh=b07ba3a32c0738ed nz=31372
[21:21:27] [Worker-Main-13/INFO] (Minecraft) [STDOUT]: [WG-CONTENT-WB] chunk(140,140) hash=5364a95fc1f16906 dh=5489c858ce5439ec nz=31422
[21:21:27] [Worker-Main-13/INFO] (Minecraft) [STDOUT]: [WG-CONTENT-WB] chunk(140,142) hash=e910b2e6630ad03 dh=ef331f246999947b nz=29881
[21:21:27] [Worker-Main-5/INFO] (Minecraft) [STDOUT]: [WG-CONTENT-WB] chunk(139,147) hash=50a7d1630b6fa6a1 dh=186a74a6c5b6b5bf nz=31065
[21:21:27] [Worker-Main-16/INFO] (Minecraft) [STDOUT]: [WG-CONTENT-WB] chunk(140,135) hash=61aa29ef9658b9c3 dh=d6eda98029c4f624 nz=21876
[21:21:27] [Worker-Main-16/INFO] (Minecraft) [STDOUT]: [WG-CONTENT-WB] chunk(140,133) hash=c7a64c71b2b702c8 dh=6b91bd191f069f24 nz=30380
[21:21:27] [Worker-Main-16/INFO] (Minecraft) [STDOUT]: [WG-CONTENT-WB] chunk(140,136) hash=456cdd67666bc779 dh=376a9ecdf2d16895 nz=23363
[21:21:27] [Worker-Main-16/INFO] (Minecraft) [STDOUT]: [WG-CONTENT-WB] chunk(140,134) hash=ec96a18cc1217d84 dh=781e234277ff20fd nz=25016
[21:21:27] [Worker-Main-16/INFO] (Minecraft) [STDOUT]: [WG-CONTENT-WB] chunk(140,137) hash=b55d0301495aaecd dh=916ae9cfe0b6138e nz=27281
[21:21:27] [Worker-Main-11/INFO] (Minecraft) [STDOUT]: [WG-CONTENT-WB] chunk(140,138) hash=c20179149fd5cf47 dh=c794d94ce28a38e0 nz=30796
[21:21:27] [Worker-Main-11/INFO] (Minecraft) [STDOUT]: [WG-CONTENT-WB] chunk(140,131) hash=a6fd19f6fadc2134 dh=a0059c0421ca21a8 nz=32346
[21:21:27] [Worker-Main-23/INFO] (Minecraft) [STDOUT]: [WG-CONTENT-WB] chunk(140,132) hash=bdd85216d16b047b dh=34b513f42fdcbf4 nz=32339
[21:21:27] [Worker-Main-16/INFO] (Minecraft) [STDOUT]: [WG-CONTENT-WB] chunk(140,129) hash=7b0317608a758812 dh=5a70532f0ecb75eb nz=33238
[21:21:27] [Worker-Main-1/INFO] (Minecraft) [STDOUT]: [WG-CONTENT-WB] chunk(140,130) hash=63f1344acd9ebbcc dh=32b39d9dd1994b46 nz=32601
[21:21:27] [Worker-Main-10/INFO] (Minecraft) [STDOUT]: [WG-CONTENT-WB] chunk(140,125) hash=eaad0c4ca4e68683 dh=3fe7fef8fb27d0fe nz=40406
[21:21:27] [Worker-Main-10/INFO] (Minecraft) [STDOUT]: [WG-CONTENT-WB] chunk(140,144) hash=151a9e6a21772635 dh=d98ff594dee58d8d nz=25346
[21:21:27] [Worker-Main-11/INFO] (Minecraft) [STDOUT]: [WG-CONTENT-WB] chunk(140,145) hash=e9a6fccc50de7a95 dh=4288b11b02610869 nz=25480
[21:21:27] [Worker-Main-17/INFO] (Minecraft) [STDOUT]: [WG-CONTENT-WB] chunk(140,146) hash=f156a5839e523c2e dh=88ccb1f454454eb5 nz=27600
[21:21:28] [Worker-Main-11/INFO] (Minecraft) [STDOUT]: [WG-CONTENT-WB] chunk(140,126) hash=ed8ec327a4206654 dh=1d2dc9ec1ec8c0f7 nz=39361
[21:21:28] [Worker-Main-10/INFO] (Minecraft) [STDOUT]: [WG-CONTENT-WB] chunk(140,127) hash=d40e69ef1d70a46d dh=3797dd64b9010ce9 nz=38181
[21:21:28] [Worker-Main-10/INFO] (Minecraft) [STDOUT]: [WG-CONTENT-WB] chunk(140,128) hash=b4fa046866d8ccdd dh=171054394765cbab nz=34998
[21:21:28] [Worker-Main-20/INFO] (Minecraft) [STDOUT]: [WG-CONTENT-WB] chunk(140,147) hash=8267bd8cdebe9367 dh=634d9fbdc9d266a3 nz=30472
[21:21:28] [Worker-Main-20/INFO] (Minecraft) [STDOUT]: [WG-CONTENT-WB] chunk(140,124) hash=b42a60cbf847785d dh=bad159f9a9a28b09 nz=41804
[21:21:28] [Worker-Main-21/INFO] (Minecraft) [STDOUT]: [WG-CONTENT-WB] chunk(141,136) hash=596901daed9b7fa4 dh=51ee3caa576b0291 nz=27346
[21:21:28] [Worker-Main-5/INFO] (Minecraft) [STDOUT]: [WG-CONTENT-WB] chunk(141,145) hash=5e1efe29f3753e15 dh=93b325f61253877c nz=24519
[21:21:28] [Worker-Main-6/INFO] (Minecraft) [STDOUT]: [WG-CONTENT-WB] chunk(141,146) hash=363c50e4883a647a dh=ad1777b155977333 nz=25879
[21:21:28] [Worker-Main-5/INFO] (Minecraft) [STDOUT]: [WG-CONTENT-WB] chunk(141,144) hash=a4e4344bec1771d6 dh=c8b758cda118b82b nz=26220
[21:21:28] [Worker-Main-5/INFO] (Minecraft) [STDOUT]: [WG-CONTENT-WB] chunk(141,142) hash=87d4a557c32814a6 dh=fd410eca3ffa21bb nz=26455
[21:21:28] [Worker-Main-6/INFO] (Minecraft) [STDOUT]: [WG-CONTENT-WB] chunk(141,143) hash=8d87c3bcab157bfc dh=b545122bfed8ddd1 nz=27334
[21:21:28] [Worker-Main-5/INFO] (Minecraft) [STDOUT]: [WG-CONTENT-WB] chunk(141,138) hash=472633cac578a4fa dh=f93a99dae7ac8f0f nz=32351
[21:21:28] [Worker-Main-21/INFO] (Minecraft) [STDOUT]: [WG-CONTENT-WB] chunk(141,137) hash=9cce61cc2f793749 dh=1243f04e99e9c8f4 nz=29285
[21:21:28] [Worker-Main-5/INFO] (Minecraft) [STDOUT]: [WG-CONTENT-WB] chunk(141,139) hash=10bddac6c2a94493 dh=7094fca6ac6833d7 nz=32503
[21:21:28] [Worker-Main-5/INFO] (Minecraft) [STDOUT]: [WG-CONTENT-WB] chunk(141,140) hash=1b8c15ba92a7b19a dh=1aa0a7289a95b21b nz=32378
[21:21:28] [Worker-Main-5/INFO] (Minecraft) [STDOUT]: [WG-CONTENT-WB] chunk(141,141) hash=7f98f06c850821f3 dh=82a27fd1841d016c nz=32414
[21:21:28] [Worker-Main-12/INFO] (Minecraft) [STDOUT]: [WG-CONTENT-WB] chunk(141,135) hash=d85a08be0c9c01c1 dh=c285daef69356d7f nz=25664
[21:21:28] [Worker-Main-1/INFO] (Minecraft) [STDOUT]: [WG-CONTENT-WB] chunk(141,134) hash=1ea9179961f54b2c dh=14ae9f53f56913da nz=26853
[21:21:28] [Worker-Main-1/INFO] (Minecraft) [STDOUT]: [WG-CONTENT-WB] chunk(141,133) hash=9e5bf051cbbe1018 dh=bf2da0861c1798aa nz=31246
[21:21:28] [Worker-Main-10/INFO] (Minecraft) [STDOUT]: [WG-CONTENT-WB] chunk(141,132) hash=117dc8ec0663366f dh=c1f97dd0e3c250b5 nz=32323
[21:21:29] [Worker-Main-1/INFO] (Minecraft) [STDOUT]: [WG-CONTENT-WB] chunk(141,128) hash=21f34b8685572c44 dh=7d688b8565cc0a6 nz=33789
[21:21:29] [Worker-Main-10/INFO] (Minecraft) [STDOUT]: [WG-CONTENT-WB] chunk(141,125) hash=745369b636724bf6 dh=e7a6e510dc491d84 nz=40519
[21:21:29] [Worker-Main-10/INFO] (Minecraft) [STDOUT]: [WG-CONTENT-WB] chunk(141,126) hash=8aa57a472d91e53 dh=7e8dff76f6426230 nz=38625
[21:21:29] [Worker-Main-1/INFO] (Minecraft) [STDOUT]: [WG-CONTENT-WB] chunk(141,127) hash=267960dd13160757 dh=fb4b905de5d9707 nz=36399
[21:21:29] [Worker-Main-12/INFO] (Minecraft) [STDOUT]: [WG-CONTENT-WB] chunk(141,129) hash=5b3a7331c40fb031 dh=c1080999565d7309 nz=33729
[21:21:29] [Worker-Main-12/INFO] (Minecraft) [STDOUT]: [WG-CONTENT-WB] chunk(141,130) hash=89973d0da4da50cb dh=9c2429caad02bc22 nz=32403
[21:21:29] [Worker-Main-12/INFO] (Minecraft) [STDOUT]: [WG-CONTENT-WB] chunk(141,131) hash=db793f5a2970498f dh=44ce2a28c861f977 nz=32339
[21:21:29] [Worker-Main-12/INFO] (Minecraft) [STDOUT]: [WG-CONTENT-WB] chunk(141,147) hash=ef4f590bc7d8f494 dh=d47c236ee466f4b6 nz=30867
[21:21:29] [Worker-Main-6/INFO] (Minecraft) [STDOUT]: [WG-CONTENT-WB] chunk(141,124) hash=c3f05108b66f84eb dh=d3a9bdb774e7c6f8 nz=42185
[21:21:29] [Worker-Main-14/INFO] (Minecraft) [STDOUT]: [WG-CONTENT-WB] chunk(142,137) hash=2f6ddbe14727337 dh=cbb8eab6820e7454 nz=32066
[21:21:29] [Worker-Main-6/INFO] (Minecraft) [STDOUT]: [WG-CONTENT-WB] chunk(142,138) hash=1d62ed5ecd03988c dh=8936a2a1d57e147e nz=32512
[21:21:29] [Worker-Main-4/INFO] (Minecraft) [STDOUT]: [WG-CONTENT-WB] chunk(142,136) hash=7ebbfb508fef110f dh=43b28666e96c8877 nz=30719
[21:21:29] [Worker-Main-6/INFO] (Minecraft) [STDOUT]: [WG-CONTENT-WB] chunk(142,135) hash=9fff54eb889c2a36 dh=cab1d0d063e5ac38 nz=31108
[21:21:29] [Worker-Main-13/INFO] (Minecraft) [STDOUT]: [WG-CONTENT-WB] chunk(142,134) hash=350ae744162b2fa2 dh=ac0612f8888bb741 nz=29891
[21:21:29] [Worker-Main-6/INFO] (Minecraft) [STDOUT]: [WG-CONTENT-WB] chunk(142,133) hash=86aa638103e24f96 dh=f37019971033992a nz=32257
[21:21:29] [Worker-Main-6/INFO] (Minecraft) [STDOUT]: [WG-CONTENT-WB] chunk(142,139) hash=9eb0ae6ea2a34cea dh=9cbb9d729695e3ac nz=32512
[21:21:29] [Worker-Main-7/INFO] (Minecraft) [STDOUT]: [WG-CONTENT-WB] chunk(142,140) hash=d90e8742ccf92ec3 dh=61196f717d01c1f5 nz=32512
[21:21:29] [Worker-Main-7/INFO] (Minecraft) [STDOUT]: [WG-CONTENT-WB] chunk(142,125) hash=9209b29277196040 dh=c134c413e7e30fa8 nz=40175
[21:21:29] [Worker-Main-4/INFO] (Minecraft) [STDOUT]: [WG-CONTENT-WB] chunk(142,126) hash=e6b5bde56806a6 dh=1caa2cb76dfbc880 nz=38375
[21:21:30] [Worker-Main-6/INFO] (Minecraft) [STDOUT]: [WG-CONTENT-WB] chunk(142,141) hash=cf051e8f0ddcc6a6 dh=e41898b3eaffae50 nz=32501
[21:21:30] [Worker-Main-6/INFO] (Minecraft) [STDOUT]: [WG-CONTENT-WB] chunk(142,146) hash=68f98a8089a9abc1 dh=5c1b6542ede066ad nz=26643
[21:21:30] [Worker-Main-6/INFO] (Minecraft) [STDOUT]: [WG-CONTENT-WB] chunk(142,142) hash=98e12bf732319d61 dh=1b3d5ff7205b1255 nz=30689
[21:21:30] [Worker-Main-6/INFO] (Minecraft) [STDOUT]: [WG-CONTENT-WB] chunk(142,130) hash=48991af55fcbfc70 dh=3ee2903ed336328d nz=30436
[21:21:30] [Worker-Main-6/INFO] (Minecraft) [STDOUT]: [WG-CONTENT-WB] chunk(142,131) hash=b8d493c6a61f42 dh=ade383d954296615 nz=31658
[21:21:30] [Worker-Main-6/INFO] (Minecraft) [STDOUT]: [WG-CONTENT-WB] chunk(142,132) hash=ebea02cb6feb48d2 dh=395df5ca5f105894 nz=32510
[21:21:30] [Worker-Main-6/INFO] (Minecraft) [STDOUT]: [WG-CONTENT-WB] chunk(142,143) hash=4cf0837f5f66a4b2 dh=dc19cf03250ded20 nz=28303
[21:21:30] [Worker-Main-4/INFO] (Minecraft) [STDOUT]: [WG-CONTENT-WB] chunk(142,144) hash=66304f65e822944e dh=6d46909c354d3bd0 nz=27040
[21:21:30] [Worker-Main-6/INFO] (Minecraft) [STDOUT]: [WG-CONTENT-WB] chunk(142,145) hash=d1cd015cd2dec3e0 dh=1e58d410b2aa8204 nz=27049
[21:21:30] [Worker-Main-6/INFO] (Minecraft) [STDOUT]: [WG-CONTENT-WB] chunk(142,128) hash=823edd6e724f36fd dh=2817de3706e9826c nz=34284
[21:21:30] [Worker-Main-7/INFO] (Minecraft) [STDOUT]: [WG-CONTENT-WB] chunk(142,129) hash=7155923b402d171f dh=b9edc9a80b089ed nz=32953
[21:21:30] [Worker-Main-6/INFO] (Minecraft) [STDOUT]: [WG-CONTENT-WB] chunk(142,127) hash=a0abe8bc2eea58e3 dh=2d25aa0afebee6b0 nz=36383
[21:21:30] [Worker-Main-20/INFO] (Minecraft) [STDOUT]: [WG-CONTENT-WB] chunk(142,124) hash=b18056797fd66e2f dh=4b0192660e2deb40 nz=40169
[21:21:30] [Worker-Main-23/INFO] (Minecraft) [STDOUT]: [WG-CONTENT-WB] chunk(142,147) hash=267e9838e3d60cf0 dh=f0126e28bd93be17 nz=30272
[21:21:30] [Worker-Main-9/INFO] (Minecraft) [STDOUT]: [WG-CONTENT-WB] chunk(143,126) hash=ab0648131e834af8 dh=18f1f8f9277d188c nz=37259
[21:21:30] [Worker-Main-3/INFO] (Minecraft) [STDOUT]: [WG-CONTENT-WB] chunk(143,125) hash=4c04ab056a6f8cd6 dh=95950bfba9538bb4 nz=39787
[21:21:30] [Worker-Main-9/INFO] (Minecraft) [STDOUT]: [WG-CONTENT-WB] chunk(143,130) hash=f3bf6200cedfad75 dh=98ed4f67da774067 nz=32362
[21:21:30] [Worker-Main-9/INFO] (Minecraft) [STDOUT]: [WG-CONTENT-WB] chunk(143,131) hash=ae3924deed145ca9 dh=c452831e0b8b171d nz=30535
[21:21:30] [Worker-Main-23/INFO] (Minecraft) [STDOUT]: [WG-CONTENT-WB] chunk(143,132) hash=421a7236d7ff9a9f dh=c39077e890658f91 nz=30186
[21:21:31] [Worker-Main-23/INFO] (Minecraft) [STDOUT]: [WG-CONTENT-WB] chunk(143,127) hash=a5404446d2edba8d dh=197f79b5d9313473 nz=36020
[21:21:31] [Worker-Main-3/INFO] (Minecraft) [STDOUT]: [WG-CONTENT-WB] chunk(143,128) hash=53167b2c54968c9c dh=7cc4458d941031bc nz=34787
[21:21:31] [Worker-Main-9/INFO] (Minecraft) [STDOUT]: [WG-CONTENT-WB] chunk(143,129) hash=3004b53d9834b83e dh=1f2f914305531caf nz=34152
[21:21:31] [Worker-Main-3/INFO] (Minecraft) [STDOUT]: [WG-CONTENT-WB] chunk(143,141) hash=717fa10e70a58843 dh=96ed6e408cc51fff nz=32063
[21:21:31] [Worker-Main-23/INFO] (Minecraft) [STDOUT]: [WG-CONTENT-WB] chunk(143,142) hash=57f39d4c131f40a7 dh=776d3674baf83d5f nz=32274
[21:21:31] [Worker-Main-23/INFO] (Minecraft) [STDOUT]: [WG-CONTENT-WB] chunk(143,143) hash=306a86ab475601e7 dh=ae8571f9174f7e45 nz=30108
[21:21:31] [Worker-Main-23/INFO] (Minecraft) [STDOUT]: [WG-CONTENT-WB] chunk(143,144) hash=e9fe4d55b73eec1c dh=c959fa86eb22320 nz=27872
[21:21:31] [Worker-Main-3/INFO] (Minecraft) [STDOUT]: [WG-CONTENT-WB] chunk(143,145) hash=1afa5140bd2893c2 dh=9f13f23299378c24 nz=27601
[21:21:31] [Worker-Main-3/INFO] (Minecraft) [STDOUT]: [WG-CONTENT-WB] chunk(143,146) hash=6eeca394cd67bb20 dh=34155018773e6264 nz=27491
[21:21:31] [Worker-Main-9/INFO] (Minecraft) [STDOUT]: [WG-CONTENT-WB] chunk(143,140) hash=c37bbe87d3d6b8c0 dh=67f094d5dc6bbcb8 nz=32432
[21:21:31] [Worker-Main-3/INFO] (Minecraft) [STDOUT]: [WG-CONTENT-WB] chunk(143,136) hash=56634335649aca99 dh=eaaca718083d69e3 nz=32437
[21:21:31] [Worker-Main-9/INFO] (Minecraft) [STDOUT]: [WG-CONTENT-WB] chunk(143,137) hash=b2efc5c3f7f1ad93 dh=77486cd63054bd18 nz=31936
[21:21:31] [Worker-Main-9/INFO] (Minecraft) [STDOUT]: [WG-CONTENT-WB] chunk(143,138) hash=fe7c22e45c72786b dh=bc2bba79e768543d nz=32404
[21:21:31] [Worker-Main-9/INFO] (Minecraft) [STDOUT]: [WG-CONTENT-WB] chunk(143,139) hash=2b43e76454e2740 dh=43e71dd08ac75096 nz=32512
[21:21:31] [Worker-Main-9/INFO] (Minecraft) [STDOUT]: [WG-CONTENT-WB] chunk(143,133) hash=149d627d6f8d1ba5 dh=a09f3a52d6014de0 nz=31341
[21:21:31] [Worker-Main-23/INFO] (Minecraft) [STDOUT]: [WG-CONTENT-WB] chunk(143,134) hash=a47dceb54f8bbf17 dh=580d11cab2f2e5e1 nz=31951
[21:21:31] [Worker-Main-9/INFO] (Minecraft) [STDOUT]: [WG-CONTENT-WB] chunk(143,135) hash=b3a8cddd0c0292f3 dh=134e5842abe7b787 nz=32500
[21:21:31] [Worker-Main-20/INFO] (Minecraft) [STDOUT]: [WG-CONTENT-WB] chunk(143,147) hash=6ef1ad72a8792864 dh=c86932c573f8a9fc nz=31179
[21:21:31] [Worker-Main-6/INFO] (Minecraft) [STDOUT]: [WG-CONTENT-WB] chunk(143,124) hash=eedd36464ff057e7 dh=b813247cab31762e nz=41539
[21:21:32] [Worker-Main-5/INFO] (Minecraft) [STDOUT]: [WG-CONTENT-WB] chunk(144,133) hash=76abbd7c6c0420e6 dh=807101a05e451a8 nz=31930
[21:21:32] [Worker-Main-12/INFO] (Minecraft) [STDOUT]: [WG-CONTENT-WB] chunk(144,134) hash=d1a7e70337dc9c16 dh=30bbdce2cfbe5b9a nz=32326
[21:21:32] [Worker-Main-5/INFO] (Minecraft) [STDOUT]: [WG-CONTENT-WB] chunk(144,135) hash=815b07043295e84f dh=43fb786b9e49dc5b nz=32512
[21:21:32] [Worker-Main-5/INFO] (Minecraft) [STDOUT]: [WG-CONTENT-WB] chunk(144,136) hash=1b58cc23db72ab4c dh=7f82857488608de8 nz=32441
[21:21:32] [Worker-Main-12/INFO] (Minecraft) [STDOUT]: [WG-CONTENT-WB] chunk(144,132) hash=aef63de112d8623 dh=2154bc6ba82bb851 nz=31527
[21:21:32] [Worker-Main-16/INFO] (Minecraft) [STDOUT]: [WG-CONTENT-WB] chunk(144,130) hash=e1b106973b7ff2 dh=4dd080c9a7d30f6b nz=32970
[21:21:32] [Worker-Main-5/INFO] (Minecraft) [STDOUT]: [WG-CONTENT-WB] chunk(144,131) hash=55ef9c5a84e47544 dh=2dd5c5c2fa51de7a nz=31872
[21:21:32] [Worker-Main-5/INFO] (Minecraft) [STDOUT]: [WG-CONTENT-WB] chunk(144,125) hash=f1af746156a24248 dh=b29eca5c4fa2e932 nz=37669
[21:21:32] [Worker-Main-5/INFO] (Minecraft) [STDOUT]: [WG-CONTENT-WB] chunk(144,126) hash=7d594aa165e4d03c dh=f27f64b3ba0c7ed2 nz=36695
[21:21:32] [Worker-Main-15/INFO] (Minecraft) [STDOUT]: [WG-CONTENT-WB] chunk(144,129) hash=5872314df1f8ee5b dh=3ddbe087c56fece2 nz=34501
[21:21:32] [Worker-Main-15/INFO] (Minecraft) [STDOUT]: [WG-CONTENT-WB] chunk(144,127) hash=e925e87eb8bc7bba dh=aba008a62379d306 nz=36239
[21:21:32] [Worker-Main-15/INFO] (Minecraft) [STDOUT]: [WG-CONTENT-WB] chunk(144,128) hash=231f56f296fde6bb dh=b6efc102aa923f04 nz=34035
[21:21:32] [Worker-Main-5/INFO] (Minecraft) [STDOUT]: [WG-CONTENT-WB] chunk(144,137) hash=7e4d03bdc046f4db dh=7d5d025f1048b449 nz=31654
[21:21:32] [Worker-Main-16/INFO] (Minecraft) [STDOUT]: [WG-CONTENT-WB] chunk(144,138) hash=e89f52d7bd1b70c6 dh=ff94515a4bbed174 nz=30965
[21:21:32] [Worker-Main-5/INFO] (Minecraft) [STDOUT]: [WG-CONTENT-WB] chunk(144,139) hash=ddba1959851c5bc7 dh=40a5b744c87a38af nz=32248
[21:21:32] [Worker-Main-16/INFO] (Minecraft) [STDOUT]: [WG-CONTENT-WB] chunk(144,140) hash=174bb8f822e936f5 dh=9cb0e05759cf4c4d nz=32203
[21:21:32] [Worker-Main-5/INFO] (Minecraft) [STDOUT]: [WG-CONTENT-WB] chunk(144,141) hash=c2b0204abb586ad0 dh=15099e80042b9b44 nz=32357
[21:21:32] [Worker-Main-5/INFO] (Minecraft) [STDOUT]: [WG-CONTENT-WB] chunk(144,145) hash=644e759805309d93 dh=a74bb7c78a4d8313 nz=30583
[21:21:32] [Worker-Main-16/INFO] (Minecraft) [STDOUT]: [WG-CONTENT-WB] chunk(144,146) hash=583f7562c88d4fe1 dh=4b11335cd1f41c8b nz=30513
[21:21:32] [Worker-Main-16/INFO] (Minecraft) [STDOUT]: [WG-CONTENT-WB] chunk(144,142) hash=b0c5c9a099960245 dh=50d5255d94a4fe33 nz=32498
[21:21:32] [Worker-Main-5/INFO] (Minecraft) [STDOUT]: [WG-CONTENT-WB] chunk(144,143) hash=2709047662f74dba dh=cfc7520d4e09678 nz=31004
[21:21:32] [Worker-Main-16/INFO] (Minecraft) [STDOUT]: [WG-CONTENT-WB] chunk(144,144) hash=6a1bc635edcbb1e1 dh=5f3ebdc324acc043 nz=29491
[21:21:33] [Worker-Main-6/INFO] (Minecraft) [STDOUT]: [WG-CONTENT-WB] chunk(144,147) hash=a30d265f5ab747a9 dh=ad2cfd55362fd319 nz=31409
[21:21:33] [Worker-Main-1/INFO] (Minecraft) [STDOUT]: [WG-CONTENT-WB] chunk(144,124) hash=29e140eaeaf605b5 dh=e0b90f735ca7c04c nz=40709
[21:21:33] [Worker-Main-12/INFO] (Minecraft) [STDOUT]: [WG-CONTENT-WB] chunk(145,132) hash=1746a9492535e667 dh=5db380048056276 nz=32457
[21:21:33] [Worker-Main-12/INFO] (Minecraft) [STDOUT]: [WG-CONTENT-WB] chunk(145,130) hash=42e71b1b8dfa8caa dh=a037c0ddd6741184 nz=33314
[21:21:33] [Worker-Main-1/INFO] (Minecraft) [STDOUT]: [WG-CONTENT-WB] chunk(145,131) hash=1f04d21d220644f0 dh=546e0a62d89e6181 nz=32200
[21:21:33] [Worker-Main-1/INFO] (Minecraft) [STDOUT]: [WG-CONTENT-WB] chunk(145,133) hash=faf71a4598bf0d1 dh=c37e534c503e84fb nz=32127
[21:21:33] [Worker-Main-4/INFO] (Minecraft) [STDOUT]: [WG-CONTENT-WB] chunk(145,134) hash=3e4e3b342fdc9d95 dh=e6695202d8988815 nz=32463
[21:21:33] [Worker-Main-4/INFO] (Minecraft) [STDOUT]: [WG-CONTENT-WB] chunk(145,135) hash=2eec7b39c7dc5fdd dh=61b189a9b2a99043 nz=32512
[21:21:33] [Worker-Main-4/INFO] (Minecraft) [STDOUT]: [WG-CONTENT-WB] chunk(145,126) hash=eed287df29646eb dh=7aea2cd7a3d5a176 nz=37683
[21:21:33] [Worker-Main-4/INFO] (Minecraft) [STDOUT]: [WG-CONTENT-WB] chunk(145,136) hash=877249cacc9cf662 dh=42c28bcba7b1371f nz=32512
[21:21:33] [Worker-Main-4/INFO] (Minecraft) [STDOUT]: [WG-CONTENT-WB] chunk(145,125) hash=55ccc7d58bcd7030 dh=db1e56d38f4f4686 nz=39253
[21:21:33] [Worker-Main-22/INFO] (Minecraft) [STDOUT]: [WG-CONTENT-WB] chunk(145,127) hash=e48a018a26d6931e dh=c032dabd63373b56 nz=35971
[21:21:33] [Worker-Main-22/INFO] (Minecraft) [STDOUT]: [WG-CONTENT-WB] chunk(145,128) hash=8d0add7118de8247 dh=9ce94d172114028b nz=35345
[21:21:33] [Worker-Main-1/INFO] (Minecraft) [STDOUT]: [WG-CONTENT-WB] chunk(145,129) hash=d28bbcf02d3ae14e dh=53858cf34be4fc91 nz=34404
[21:21:33] [Worker-Main-12/INFO] (Minecraft) [STDOUT]: [WG-CONTENT-WB] chunk(145,137) hash=3ba1e5304322d860 dh=be51a0d0378b9792 nz=32508
[21:21:33] [Worker-Main-4/INFO] (Minecraft) [STDOUT]: [WG-CONTENT-WB] chunk(145,138) hash=3e4d72de825bce50 dh=d442dbff5effe1ea nz=32102
[21:21:33] [Worker-Main-12/INFO] (Minecraft) [STDOUT]: [WG-CONTENT-WB] chunk(145,139) hash=40b8abd86b610473 dh=6b180cd3f01cb601 nz=31445
[21:21:33] [Worker-Main-12/INFO] (Minecraft) [STDOUT]: [WG-CONTENT-WB] chunk(145,140) hash=74cb18acb2e91d7b dh=fdc25a4e549cb675 nz=31924
[21:21:33] [Worker-Main-1/INFO] (Minecraft) [STDOUT]: [WG-CONTENT-WB] chunk(145,141) hash=f0935205a99fbefa dh=25d949cd77fbc1f2 nz=32037
[21:21:34] [Worker-Main-1/INFO] (Minecraft) [STDOUT]: [WG-CONTENT-WB] chunk(145,142) hash=ae2d350ea83f19e9 dh=897ecb13fbb5aa25 nz=32352
[21:21:34] [Worker-Main-1/INFO] (Minecraft) [STDOUT]: [WG-CONTENT-WB] chunk(145,143) hash=75fffc23cc1fe4cd dh=48c1f1faca9d7a45 nz=31629
[21:21:34] [Worker-Main-1/INFO] (Minecraft) [STDOUT]: [WG-CONTENT-WB] chunk(145,144) hash=daac8c055a84019b dh=ddc6ab0a03268609 nz=30903
[21:21:34] [Worker-Main-12/INFO] (Minecraft) [STDOUT]: [WG-CONTENT-WB] chunk(145,145) hash=2acedf617a5c2916 dh=6408f480824bc1fc nz=32157
[21:21:34] [Worker-Main-12/INFO] (Minecraft) [STDOUT]: [WG-CONTENT-WB] chunk(145,146) hash=bfd69d9cfbe36a62 dh=8a39ac99e06c91a8 nz=32505
[21:21:34] [Worker-Main-2/INFO] (Minecraft) [STDOUT]: [WG-CONTENT-WB] chunk(145,147) hash=d10900bf3dc6753d dh=ab417fd7f9546ba9 nz=32290
[21:21:34] [Server thread/INFO] (Minecraft) [Rcon: Marked [128, 128] chunks in minecraft:overworld from [128, 128] to [143, 143] to be force loaded]
[21:21:34] [Server thread/WARN] (Minecraft) Can't keep up! Is the server overloaded? Running 26322ms or 526 ticks behind
[21:21:34] [RCON Client /127.0.0.1 #2/INFO] (Minecraft) Thread RCON Client /127.0.0.1 shutting down
[21:21:34] [Worker-Main-12/INFO] (Minecraft) [STDOUT]: [WG-CONTENT-WB] chunk(145,124) hash=b3d93ebf8db74f6f dh=a16e48d0a3a93a14 nz=40057
[21:21:34] [Worker-Main-16/INFO] (Minecraft) [STDOUT]: [WG-CONTENT-WB] chunk(146,131) hash=a56352a7388f9b73 dh=152329f6bcaed35a nz=32299
[21:21:34] [Worker-Main-16/INFO] (Minecraft) [STDOUT]: [WG-CONTENT-WB] chunk(146,129) hash=45c425febed7b6d8 dh=ed2fdd110f3fdf01 nz=34222
[21:21:34] [Worker-Main-12/INFO] (Minecraft) [STDOUT]: [WG-CONTENT-WB] chunk(146,130) hash=17fc1dc1032c048b dh=15891b4fa8fd8aa2 nz=33143
[21:21:34] [Worker-Main-12/INFO] (Minecraft) [STDOUT]: [WG-CONTENT-WB] chunk(146,133) hash=7099e3dae60cd2cc dh=18c47cee4322c01e nz=31155
[21:21:34] [Worker-Main-16/INFO] (Minecraft) [STDOUT]: [WG-CONTENT-WB] chunk(146,134) hash=25af615e5cf6c0e6 dh=180024010d48c550 nz=32218
[21:21:34] [Worker-Main-16/INFO] (Minecraft) [STDOUT]: [WG-CONTENT-WB] chunk(146,132) hash=d87258264b426f91 dh=cec9384f7a94f98 nz=31999
[21:21:34] [Worker-Main-22/INFO] (Minecraft) [STDOUT]: [WG-CONTENT-WB] chunk(146,135) hash=d2dcd5e47abc4a13 dh=46e5265c33c350f5 nz=32512
[21:21:34] [Worker-Main-22/INFO] (Minecraft) [STDOUT]: [WG-CONTENT-WB] chunk(146,136) hash=30c2d3fecef1d56b dh=1e7bd055ade95e89 nz=32512
[21:21:34] [Worker-Main-22/INFO] (Minecraft) [STDOUT]: [WG-CONTENT-WB] chunk(146,137) hash=671b23350e6a3606 dh=8ad575b34a1c58ea nz=32512
[21:21:34] [Worker-Main-22/INFO] (Minecraft) [STDOUT]: [WG-CONTENT-WB] chunk(146,127) hash=77a740bff125f1e8 dh=7c39dae30a4378be nz=36101
[21:21:35] [Worker-Main-22/INFO] (Minecraft) [STDOUT]: [WG-CONTENT-WB] chunk(146,138) hash=86cac57374da8f46 dh=de106167a7cdc0b6 nz=32512
[21:21:35] [Worker-Main-18/INFO] (Minecraft) [STDOUT]: [WG-CONTENT-WB] chunk(146,139) hash=bb7a4cf8dfa7ee1a dh=b99d842ae900a476 nz=32505
[21:21:35] [Worker-Main-2/INFO] (Minecraft) [STDOUT]: [WG-CONTENT-WB] chunk(146,128) hash=387ae371704db8af dh=8a1c3f653554d330 nz=34731
[21:21:35] [Worker-Main-2/INFO] (Minecraft) [STDOUT]: [WG-CONTENT-WB] chunk(146,140) hash=57a39f2e2ff151f2 dh=652b2761a514717d nz=31164
[21:21:35] [Worker-Main-2/INFO] (Minecraft) [STDOUT]: [WG-CONTENT-WB] chunk(146,141) hash=e918458a5428502d dh=d992ffa9b44929d0 nz=31143
[21:21:35] [Worker-Main-15/INFO] (Minecraft) [STDOUT]: [WG-CONTENT-WB] chunk(146,142) hash=51e67fc2eaa32dda dh=3fb1e7087031140e nz=32209
[21:21:35] [Worker-Main-12/INFO] (Minecraft) [STDOUT]: [WG-CONTENT-WB] chunk(146,143) hash=1d52afa5be395535 dh=fe5096398149ccd8 nz=32161
[21:21:35] [Worker-Main-18/INFO] (Minecraft) [STDOUT]: [WG-CONTENT-WB] chunk(146,125) hash=29a5a8b960e56704 dh=129be9f81fbdbfea nz=38809
[21:21:35] [Worker-Main-18/INFO] (Minecraft) [STDOUT]: [WG-CONTENT-WB] chunk(146,126) hash=294ded7199aa08a8 dh=305ab5f5bcecd61d nz=38674
[21:21:35] [Worker-Main-16/INFO] (Minecraft) [STDOUT]: [WG-CONTENT-WB] chunk(146,144) hash=437d8ff0f80232fa dh=c607d734419fc43 nz=32506
[21:21:35] [Worker-Main-16/INFO] (Minecraft) [STDOUT]: [WG-CONTENT-WB] chunk(146,145) hash=2052b5a6fdac0286 dh=c6cedbcfbd1cc12e nz=32317
[21:21:35] [Worker-Main-16/INFO] (Minecraft) [STDOUT]: [WG-CONTENT-WB] chunk(146,146) hash=bedb6af2c47d3329 dh=a5a27921ef813691 nz=30399
[21:21:35] [Worker-Main-16/INFO] (Minecraft) [STDOUT]: [WG-CONTENT-WB] chunk(146,124) hash=6e0f35c232863ca7 dh=4783c46d403442a4 nz=38811
[21:21:35] [Worker-Main-1/INFO] (Minecraft) [STDOUT]: [WG-CONTENT-WB] chunk(146,147) hash=27a19f9cc66706d2 dh=c496f7a28899191b nz=27743
[21:21:35] [Worker-Main-4/INFO] (Minecraft) [STDOUT]: [WG-CONTENT-WB] chunk(147,131) hash=f027f82474dfbbdd dh=4044c38100ba2d44 nz=32474
[21:21:35] [Worker-Main-19/INFO] (Minecraft) [STDOUT]: [WG-CONTENT-WB] chunk(147,132) hash=f5952d5bb97a0986 dh=3d8049d9f3196c90 nz=32283
[21:21:36] [Worker-Main-4/INFO] (Minecraft) [STDOUT]: [WG-CONTENT-WB] chunk(147,128) hash=94c624b0c27fe114 dh=f088b5e40758faa4 nz=35366
[21:21:36] [Worker-Main-4/INFO] (Minecraft) [STDOUT]: [WG-CONTENT-WB] chunk(147,129) hash=b6055adb8fdbfa38 dh=3b81257e2071add2 nz=34479
[21:21:36] [Worker-Main-4/INFO] (Minecraft) [STDOUT]: [WG-CONTENT-WB] chunk(147,130) hash=bc30fb650c108e53 dh=afb5b7f8111e1d82 nz=32353
[21:21:36] [Worker-Main-4/INFO] (Minecraft) [STDOUT]: [WG-CONTENT-WB] chunk(147,133) hash=9f54374d92a51877 dh=7d3efe0458da6ce5 nz=29986
[21:21:36] [Worker-Main-14/INFO] (Minecraft) [STDOUT]: [WG-CONTENT-WB] chunk(147,134) hash=b8f4eb5d45c65455 dh=2da55fa400e79529 nz=32281
[21:21:36] [Worker-Main-17/INFO] (Minecraft) [STDOUT]: [WG-CONTENT-WB] chunk(147,135) hash=c48f8fa3cccbd1c5 dh=cfd226e1ece54d nz=32375
[21:21:36] [Worker-Main-4/INFO] (Minecraft) [STDOUT]: [WG-CONTENT-WB] chunk(147,136) hash=86ccef227add8db4 dh=7defbcd9c9252184 nz=32494
[21:21:36] [Worker-Main-17/INFO] (Minecraft) [STDOUT]: [WG-CONTENT-WB] chunk(147,137) hash=a5b8cc417ea77aa6 dh=bc4f1ab6138c7bd2 nz=32512
[21:21:36] [Worker-Main-14/INFO] (Minecraft) [STDOUT]: [WG-CONTENT-WB] chunk(147,124) hash=be73843c859c96b1 dh=bbaaa57c8a2cf22e nz=37749
[21:21:36] [Worker-Main-14/INFO] (Minecraft) [STDOUT]: [WG-CONTENT-WB] chunk(147,125) hash=a87a862137380a66 dh=247678fbb9737c15 nz=38356
[21:21:36] [Worker-Main-6/INFO] (Minecraft) [STDOUT]: [WG-CONTENT-WB] chunk(147,126) hash=d0034afd0b7d9872 dh=a44b8a39895bb8bf nz=38530
[21:21:36] [Worker-Main-1/INFO] (Minecraft) [STDOUT]: [WG-CONTENT-WB] chunk(147,127) hash=4a2b8e10149ac85f dh=352aa11747ce483c nz=37055
[21:21:36] [Worker-Main-20/INFO] (Minecraft) [STDOUT]: [WG-CONTENT-WB] chunk(147,138) hash=d961607279d085b3 dh=5eb04082e1d4b3b1 nz=32512
[21:21:36] [Worker-Main-20/INFO] (Minecraft) [STDOUT]: [WG-CONTENT-WB] chunk(147,139) hash=82f887e2d804d94d dh=7e1af7940d99abbd nz=32512
[21:21:36] [Worker-Main-20/INFO] (Minecraft) [STDOUT]: [WG-CONTENT-WB] chunk(147,140) hash=b26958ee6c9968a4 dh=d654f1642f1a1598 nz=32498
[21:21:36] [Worker-Main-20/INFO] (Minecraft) [STDOUT]: [WG-CONTENT-WB] chunk(147,141) hash=1943fbbf96e34606 dh=a87f0ec8c8b04036 nz=32114
[21:21:36] [Worker-Main-1/INFO] (Minecraft) [STDOUT]: [WG-CONTENT-WB] chunk(147,142) hash=1c6d3ebe6bca9f13 dh=75bd73611c7980bf nz=29438
[21:21:36] [Worker-Main-20/INFO] (Minecraft) [STDOUT]: [WG-CONTENT-WB] chunk(147,143) hash=b2736fd2f6f06657 dh=8152f0cd8b0b1507 nz=30999
[21:21:37] [Worker-Main-6/INFO] (Minecraft) [STDOUT]: [WG-CONTENT-WB] chunk(147,144) hash=35ca985ec1e08c7b dh=faf730b1adabe552 nz=32357
[21:21:37] [Worker-Main-7/INFO] (Minecraft) [STDOUT]: [WG-CONTENT-WB] chunk(147,145) hash=74bf82c0e9fa2caa dh=7166c810246963a4 nz=31253
[21:21:37] [Worker-Main-20/INFO] (Minecraft) [STDOUT]: [WG-CONTENT-WB] chunk(147,146) hash=c83c3868210dec8d dh=e896328baf4dbe37 nz=28500
[21:21:37] [Worker-Main-6/INFO] (Minecraft) [STDOUT]: [WG-CONTENT-WB] chunk(147,147) hash=e463de4b18493238 dh=4e9b02b9c19cdc0c nz=25154
[21:21:48] [RCON Listener #1/INFO] (Minecraft) Thread RCON Client /127.0.0.1 started
[21:21:48] [Server thread/INFO] (Minecraft) [Rcon: Stopping the server]
[21:21:48] [RCON Client /127.0.0.1 #3/INFO] (Minecraft) Thread RCON Client /127.0.0.1 shutting down
[21:21:48] [Server thread/INFO] (Minecraft) Stopping server
[21:21:48] [Server thread/INFO] (Minecraft) Saving players
[21:21:48] [Server thread/INFO] (Minecraft) Saving worlds
[21:21:49] [Server thread/INFO] (Minecraft) Saving chunks for level 'ServerLevel[world]'/minecraft:overworld
[21:21:55] [Server thread/INFO] (Minecraft) Saving chunks for level 'ServerLevel[world]'/minecraft:the_nether
[21:21:55] [Server thread/INFO] (Minecraft) Saving chunks for level 'ServerLevel[world]'/minecraft:the_end
[21:21:55] [Server thread/INFO] (Minecraft) ThreadedAnvilChunkStorage (world): All chunks are saved
[21:21:55] [Server thread/INFO] (Minecraft) ThreadedAnvilChunkStorage (DIM-1): All chunks are saved
[21:21:55] [Server thread/INFO] (Minecraft) ThreadedAnvilChunkStorage (DIM1): All chunks are saved
[21:21:55] [Server thread/INFO] (Minecraft) ThreadedAnvilChunkStorage: All dimensions are saved
[21:21:55] [Server thread/INFO] (Minecraft) Thread RCON Listener stopped

BUILD SUCCESSFUL in 1m 33s
6 actionable tasks: 1 executed, 5 up-to-date
