[placement] unsupported block predicate type: minecraft:inside_world_bounds
[BLOCKS] unknown block 'minecraft:flowing_water' -> AIR (register via wg_register_block)
[BLOCKS] unknown block 'minecraft:empty' -> AIR (register via wg_register_block)
[tree] unsupported trunk placer type: minecraft:cherry_trunk_placer
[tree] unsupported foliage placer type: minecraft:cherry_foliage_placer
[feature-loader] unknown configured feature type: minecraft:sculk_patch (minecraft:sculk_patch_deep_dark)
[tree] unsupported block state provider type: minecraft:noise_threshold_provider（告警不静默，S4 全量加载门）
[feature-loader] unknown configured feature type: minecraft:iceberg (minecraft:iceberg_packed)
[feature-loader] unknown configured feature type: minecraft:iceberg (minecraft:iceberg_blue)
[feature-loader] unknown configured feature type: minecraft:fossil (minecraft:fossil_coal)
[feature-loader] unknown configured feature type: minecraft:fossil (minecraft:fossil_diamonds)
[feature-loader] unknown configured feature type: minecraft:large_dripstone (minecraft:large_dripstone)
[feature-loader] unknown configured feature type: minecraft:dripstone_cluster (minecraft:dripstone_cluster)
[feature-loader] unknown configured feature type: minecraft:pointed_dripstone ()
[feature-loader] unknown configured feature type: minecraft:pointed_dripstone ()
[tree] unsupported block state provider type: minecraft:noise_provider（告警不静默，S4 全量加载门）
[placement] unsupported block predicate type: minecraft:has_sturdy_face
[tree] unsupported block state provider type: minecraft:randomized_int_state_provider（告警不静默，S4 全量加载门）
[tree] unsupported block state provider type: minecraft:dual_noise_provider（告警不静默，S4 全量加载门）
[feature-loader] forest_rock config parse failed: minecraft:forest_rock
[feature-loader] unknown configured feature type: minecraft:coral_tree ()
[feature-loader] unknown configured feature type: minecraft:coral_claw ()
[feature-loader] unknown configured feature type: minecraft:coral_mushroom ()
[tree] unsupported foliage placer type: minecraft:spruce_foliage_placer
[tree] unsupported foliage placer type: minecraft:pine_foliage_placer
[tree] unsupported trunk placer type: minecraft:giant_trunk_placer
[tree] unsupported foliage placer type: minecraft:mega_pine_foliage_placer
[tree] unsupported tree decorator type: minecraft:alter_ground
[tree] unsupported trunk placer type: minecraft:giant_trunk_placer
[tree] unsupported foliage placer type: minecraft:mega_pine_foliage_placer
[tree] unsupported tree decorator type: minecraft:alter_ground
[tree] unsupported trunk placer type: minecraft:dark_oak_trunk_placer
[tree] unsupported foliage placer type: minecraft:dark_oak_foliage_placer
[tree] unsupported feature size type: minecraft:three_layers_feature_size（数据集存在，L3）
[tree] unsupported trunk placer type: minecraft:dark_oak_trunk_placer
[tree] unsupported foliage placer type: minecraft:dark_oak_foliage_placer
[tree] unsupported tree decorator type: minecraft:pale_moss
[tree] unsupported feature size type: minecraft:three_layers_feature_size（数据集存在，L3）
[tree] unsupported trunk placer type: minecraft:dark_oak_trunk_placer
[tree] unsupported foliage placer type: minecraft:dark_oak_foliage_placer
[tree] unsupported tree decorator type: minecraft:pale_moss
[tree] unsupported tree decorator type: minecraft:creaking_heart
[tree] unsupported feature size type: minecraft:three_layers_feature_size（数据集存在，L3）
[tree] unsupported trunk placer type: minecraft:forking_trunk_placer
[tree] unsupported foliage placer type: minecraft:acacia_foliage_placer
[tree] unsupported trunk placer type: minecraft:upwards_branching_trunk_placer
[tree] unsupported foliage placer type: minecraft:random_spread_foliage_placer
[tree] unsupported tree decorator type: minecraft:attached_to_leaves
[tree] unsupported trunk placer type: minecraft:upwards_branching_trunk_placer
[tree] unsupported foliage placer type: minecraft:random_spread_foliage_placer
[tree] unsupported tree decorator type: minecraft:attached_to_leaves
[CA] chunk(0,0) out_reads=0 all_reads=172 pending_writes=0 placed=78
[CA] chunk(0,0) out_reads=0 all_reads=344 pending_writes=0 placed=78
[CA] chunk(1,0) out_reads=0 all_reads=385 pending_writes=0 placed=93
[CA] chunk(2,0) out_reads=0 all_reads=426 pending_writes=0 placed=109
[CA] chunk(3,0) out_reads=0 all_reads=467 pending_writes=0 placed=88
[CA] chunk(4,0) out_reads=0 all_reads=508 pending_writes=0 placed=80
[CA] chunk(5,0) out_reads=0 all_reads=581 pending_writes=0 placed=98
[CA] chunk(6,0) out_reads=0 all_reads=622 pending_writes=0 placed=84
[CA] chunk(7,0) out_reads=0 all_reads=663 pending_writes=0 placed=80
[CA] chunk(8,0) out_reads=0 all_reads=737 pending_writes=0 placed=81
[CA] chunk(9,0) out_reads=0 all_reads=778 pending_writes=0 placed=95
[CA] chunk(10,0) out_reads=0 all_reads=859 pending_writes=0 placed=82
[CA] chunk(11,0) out_reads=0 all_reads=900 pending_writes=0 placed=70
[CA] chunk(12,0) out_reads=0 all_reads=981 pending_writes=0 placed=91
[CA] chunk(13,0) out_reads=0 all_reads=1021 pending_writes=0 placed=85
[CA] chunk(14,0) out_reads=0 all_reads=1096 pending_writes=0 placed=98
[CA] chunk(15,0) out_reads=0 all_reads=1176 pending_writes=0 placed=90
[CA] chunk(0,1) out_reads=0 all_reads=1251 pending_writes=0 placed=93
[CA] chunk(1,1) out_reads=0 all_reads=1292 pending_writes=0 placed=122
[CA] chunk(2,1) out_reads=0 all_reads=1370 pending_writes=0 placed=94
[CA] chunk(3,1) out_reads=0 all_reads=1411 pending_writes=0 placed=92
[CA] chunk(4,1) out_reads=0 all_reads=1548 pending_writes=0 placed=77
[CA] chunk(5,1) out_reads=0 all_reads=1589 pending_writes=0 placed=85
[CA] chunk(6,1) out_reads=0 all_reads=1630 pending_writes=0 placed=74
[CA] chunk(7,1) out_reads=0 all_reads=1671 pending_writes=0 placed=79
[CA] chunk(8,1) out_reads=0 all_reads=1752 pending_writes=0 placed=107
[CA] chunk(9,1) out_reads=0 all_reads=1862 pending_writes=0 placed=79
[CA] chunk(10,1) out_reads=0 all_reads=1936 pending_writes=0 placed=81
[CA] chunk(11,1) out_reads=0 all_reads=2016 pending_writes=0 placed=68
[CA] chunk(12,1) out_reads=0 all_reads=2097 pending_writes=0 placed=90
[CA] chunk(13,1) out_reads=0 all_reads=2138 pending_writes=0 placed=100
[CA] chunk(14,1) out_reads=0 all_reads=2219 pending_writes=0 placed=91
[CA] chunk(15,1) out_reads=0 all_reads=2260 pending_writes=0 placed=72
[CA] chunk(0,2) out_reads=0 all_reads=2301 pending_writes=0 placed=88
[CA] chunk(1,2) out_reads=0 all_reads=2342 pending_writes=0 placed=110
[CA] chunk(2,2) out_reads=0 all_reads=2383 pending_writes=0 placed=91
[CA] chunk(3,2) out_reads=0 all_reads=2424 pending_writes=0 placed=97
[CA] chunk(4,2) out_reads=0 all_reads=2498 pending_writes=0 placed=96
[CA] chunk(5,2) out_reads=0 all_reads=2539 pending_writes=0 placed=96
[CA] chunk(6,2) out_reads=0 all_reads=2580 pending_writes=0 placed=97
[CA] chunk(7,2) out_reads=0 all_reads=2692 pending_writes=0 placed=100
[CA] chunk(8,2) out_reads=0 all_reads=2733 pending_writes=0 placed=91
[CA] chunk(9,2) out_reads=0 all_reads=2774 pending_writes=0 placed=110
[CA] chunk(10,2) out_reads=0 all_reads=2815 pending_writes=0 placed=82
[CA] chunk(11,2) out_reads=0 all_reads=2920 pending_writes=0 placed=98
[CA] chunk(12,2) out_reads=0 all_reads=2960 pending_writes=0 placed=89
[CA] chunk(13,2) out_reads=0 all_reads=3034 pending_writes=0 placed=84
[CA] chunk(14,2) out_reads=0 all_reads=3144 pending_writes=0 placed=91
[CA] chunk(15,2) out_reads=0 all_reads=3185 pending_writes=0 placed=75
[CA] chunk(0,3) out_reads=0 all_reads=3264 pending_writes=0 placed=81
[CA] chunk(1,3) out_reads=0 all_reads=3337 pending_writes=0 placed=68
[CA] chunk(2,3) out_reads=0 all_reads=3417 pending_writes=0 placed=39
[CA] chunk(3,3) out_reads=0 all_reads=3491 pending_writes=0 placed=92
[CA] chunk(4,3) out_reads=0 all_reads=3532 pending_writes=0 placed=86
[CA] chunk(5,3) out_reads=0 all_reads=3573 pending_writes=0 placed=98
[CA] chunk(6,3) out_reads=0 all_reads=3684 pending_writes=0 placed=78
[CA] chunk(7,3) out_reads=0 all_reads=3725 pending_writes=0 placed=99
[CA] chunk(8,3) out_reads=0 all_reads=3766 pending_writes=0 placed=94
[CA] chunk(9,3) out_reads=0 all_reads=3807 pending_writes=0 placed=112
[CA] chunk(10,3) out_reads=0 all_reads=3848 pending_writes=0 placed=86
[CA] chunk(11,3) out_reads=0 all_reads=3922 pending_writes=0 placed=101
[CA] chunk(12,3) out_reads=0 all_reads=3963 pending_writes=0 placed=103
[CA] chunk(13,3) out_reads=0 all_reads=4004 pending_writes=0 placed=100
[CA] chunk(14,3) out_reads=0 all_reads=4045 pending_writes=0 placed=74
[CA] chunk(15,3) out_reads=0 all_reads=4086 pending_writes=0 placed=84
[CA] chunk(0,4) out_reads=0 all_reads=4127 pending_writes=0 placed=78
[CA] chunk(1,4) out_reads=0 all_reads=4204 pending_writes=0 placed=55
[CA] chunk(2,4) out_reads=0 all_reads=4245 pending_writes=0 placed=74
[CA] chunk(3,4) out_reads=0 all_reads=4286 pending_writes=0 placed=75
[CA] chunk(4,4) out_reads=0 all_reads=4327 pending_writes=0 placed=78
[CA] chunk(5,4) out_reads=0 all_reads=4368 pending_writes=0 placed=89
[CA] chunk(6,4) out_reads=0 all_reads=4409 pending_writes=0 placed=84
[CA] chunk(7,4) out_reads=0 all_reads=4487 pending_writes=0 placed=99
[CA] chunk(8,4) out_reads=0 all_reads=4528 pending_writes=0 placed=97
[CA] chunk(9,4) out_reads=0 all_reads=4569 pending_writes=0 placed=128
[CA] chunk(10,4) out_reads=0 all_reads=4610 pending_writes=0 placed=131
[CA] chunk(11,4) out_reads=0 all_reads=4690 pending_writes=0 placed=100
[CA] chunk(12,4) out_reads=0 all_reads=4731 pending_writes=0 placed=70
[CA] chunk(13,4) out_reads=0 all_reads=4772 pending_writes=0 placed=104
[CA] chunk(14,4) out_reads=0 all_reads=4853 pending_writes=0 placed=83
[CA] chunk(15,4) out_reads=0 all_reads=4927 pending_writes=0 placed=77
[CA] chunk(0,5) out_reads=0 all_reads=5004 pending_writes=0 placed=79
[CA] chunk(1,5) out_reads=0 all_reads=5045 pending_writes=0 placed=73
[CA] chunk(2,5) out_reads=0 all_reads=5086 pending_writes=0 placed=67
[CA] chunk(3,5) out_reads=0 all_reads=5127 pending_writes=0 placed=64
[CA] chunk(4,5) out_reads=0 all_reads=5168 pending_writes=0 placed=90
[CA] chunk(5,5) out_reads=0 all_reads=5209 pending_writes=0 placed=74
[CA] chunk(6,5) out_reads=0 all_reads=5250 pending_writes=0 placed=97
[CA] chunk(7,5) out_reads=0 all_reads=5320 pending_writes=0 placed=102
[CA] chunk(8,5) out_reads=0 all_reads=5361 pending_writes=0 placed=100
[CA] chunk(9,5) out_reads=0 all_reads=5402 pending_writes=0 placed=67
[CA] chunk(10,5) out_reads=0 all_reads=5443 pending_writes=0 placed=101
[CA] chunk(11,5) out_reads=0 all_reads=5484 pending_writes=0 placed=86
[CA] chunk(12,5) out_reads=0 all_reads=5525 pending_writes=0 placed=80
[CA] chunk(13,5) out_reads=0 all_reads=5566 pending_writes=0 placed=80
[CA] chunk(14,5) out_reads=0 all_reads=5607 pending_writes=0 placed=84
[CA] chunk(15,5) out_reads=0 all_reads=5648 pending_writes=0 placed=90
[CA] chunk(0,6) out_reads=0 all_reads=5689 pending_writes=0 placed=84
[CA] chunk(1,6) out_reads=0 all_reads=5730 pending_writes=0 placed=85
[CA] chunk(2,6) out_reads=0 all_reads=5771 pending_writes=0 placed=87
[CA] chunk(3,6) out_reads=0 all_reads=5812 pending_writes=0 placed=86
[CA] chunk(4,6) out_reads=0 all_reads=5853 pending_writes=0 placed=90
[CA] chunk(5,6) out_reads=0 all_reads=5894 pending_writes=0 placed=100
[CA] chunk(6,6) out_reads=0 all_reads=5969 pending_writes=0 placed=71
[CA] chunk(7,6) out_reads=0 all_reads=6010 pending_writes=0 placed=83
[CA] chunk(8,6) out_reads=0 all_reads=6051 pending_writes=0 placed=82
[CA] chunk(9,6) out_reads=0 all_reads=6092 pending_writes=0 placed=95
[CA] chunk(10,6) out_reads=0 all_reads=6133 pending_writes=0 placed=106
[CA] chunk(11,6) out_reads=0 all_reads=6207 pending_writes=0 placed=98
[CA] chunk(12,6) out_reads=0 all_reads=6248 pending_writes=0 placed=108
[CA] chunk(13,6) out_reads=0 all_reads=6326 pending_writes=0 placed=81
[CA] chunk(14,6) out_reads=0 all_reads=6400 pending_writes=0 placed=92
[CA] chunk(15,6) out_reads=0 all_reads=6441 pending_writes=0 placed=74
[CA] chunk(0,7) out_reads=0 all_reads=6482 pending_writes=0 placed=123
[CA] chunk(1,7) out_reads=0 all_reads=6523 pending_writes=0 placed=92
[CA] chunk(2,7) out_reads=0 all_reads=6564 pending_writes=0 placed=83
[CA] chunk(3,7) out_reads=0 all_reads=6678 pending_writes=0 placed=88
[CA] chunk(4,7) out_reads=0 all_reads=6719 pending_writes=0 placed=90
[CA] chunk(5,7) out_reads=0 all_reads=6760 pending_writes=0 placed=97
[CA] chunk(6,7) out_reads=0 all_reads=6801 pending_writes=0 placed=82
[CA] chunk(7,7) out_reads=0 all_reads=6968 pending_writes=0 placed=89
[CA] chunk(8,7) out_reads=0 all_reads=7073 pending_writes=0 placed=96
[CA] chunk(9,7) out_reads=0 all_reads=7178 pending_writes=0 placed=85
[CA] chunk(10,7) out_reads=0 all_reads=7219 pending_writes=0 placed=85
[CA] chunk(11,7) out_reads=0 all_reads=7260 pending_writes=0 placed=79
[CA] chunk(12,7) out_reads=0 all_reads=7301 pending_writes=0 placed=94
[CA] chunk(13,7) out_reads=0 all_reads=7342 pending_writes=0 placed=95
[CA] chunk(14,7) out_reads=0 all_reads=7383 pending_writes=0 placed=86
[CA] chunk(15,7) out_reads=0 all_reads=7424 pending_writes=0 placed=84
[CA] chunk(0,8) out_reads=0 all_reads=7465 pending_writes=0 placed=79
[CA] chunk(1,8) out_reads=0 all_reads=7505 pending_writes=0 placed=96
[CA] chunk(2,8) out_reads=0 all_reads=7546 pending_writes=0 placed=92
[CA] chunk(3,8) out_reads=0 all_reads=7623 pending_writes=0 placed=90
[CA] chunk(4,8) out_reads=0 all_reads=7664 pending_writes=0 placed=72
[CA] chunk(5,8) out_reads=0 all_reads=7705 pending_writes=0 placed=74
[CA] chunk(6,8) out_reads=0 all_reads=7746 pending_writes=0 placed=70
[CA] chunk(7,8) out_reads=0 all_reads=7787 pending_writes=0 placed=90
[CA] chunk(8,8) out_reads=0 all_reads=7828 pending_writes=0 placed=79
[CA] chunk(9,8) out_reads=0 all_reads=7869 pending_writes=0 placed=77
[CA] chunk(10,8) out_reads=0 all_reads=7910 pending_writes=0 placed=94
[CA] chunk(11,8) out_reads=0 all_reads=7951 pending_writes=0 placed=99
[CA] chunk(12,8) out_reads=0 all_reads=8088 pending_writes=0 placed=98
[CA] chunk(13,8) out_reads=0 all_reads=8129 pending_writes=0 placed=97
[CA] chunk(14,8) out_reads=0 all_reads=8170 pending_writes=0 placed=90
[CA] chunk(15,8) out_reads=0 all_reads=8211 pending_writes=0 placed=101
[CA] chunk(0,9) out_reads=0 all_reads=8252 pending_writes=0 placed=76
[CA] chunk(1,9) out_reads=0 all_reads=8293 pending_writes=0 placed=75
[CA] chunk(2,9) out_reads=0 all_reads=8479 pending_writes=0 placed=74
[CA] chunk(3,9) out_reads=0 all_reads=8558 pending_writes=0 placed=84
[CA] chunk(4,9) out_reads=0 all_reads=8599 pending_writes=0 placed=96
[CA] chunk(5,9) out_reads=0 all_reads=8640 pending_writes=0 placed=80
[CA] chunk(6,9) out_reads=0 all_reads=8681 pending_writes=0 placed=84
[CA] chunk(7,9) out_reads=0 all_reads=8722 pending_writes=0 placed=86
[CA] chunk(8,9) out_reads=0 all_reads=8763 pending_writes=0 placed=80
[CA] chunk(9,9) out_reads=0 all_reads=8804 pending_writes=0 placed=86
[CA] chunk(10,9) out_reads=0 all_reads=8845 pending_writes=0 placed=80
[CA] chunk(11,9) out_reads=0 all_reads=8886 pending_writes=0 placed=88
[CA] chunk(12,9) out_reads=0 all_reads=8927 pending_writes=0 placed=99
[CA] chunk(13,9) out_reads=0 all_reads=8968 pending_writes=0 placed=101
[CA] chunk(14,9) out_reads=0 all_reads=9080 pending_writes=0 placed=85
[CA] chunk(15,9) out_reads=0 all_reads=9121 pending_writes=0 placed=71
[CA] chunk(0,10) out_reads=0 all_reads=9162 pending_writes=0 placed=84
[CA] chunk(1,10) out_reads=0 all_reads=9272 pending_writes=0 placed=105
[CA] chunk(2,10) out_reads=0 all_reads=9313 pending_writes=0 placed=90
[CA] chunk(3,10) out_reads=0 all_reads=9354 pending_writes=0 placed=95
[CA] chunk(4,10) out_reads=0 all_reads=9431 pending_writes=0 placed=91
[CA] chunk(5,10) out_reads=0 all_reads=9472 pending_writes=0 placed=91
[CA] chunk(6,10) out_reads=0 all_reads=9513 pending_writes=0 placed=81
[CA] chunk(7,10) out_reads=0 all_reads=9554 pending_writes=0 placed=101
[CA] chunk(8,10) out_reads=0 all_reads=9628 pending_writes=0 placed=92
[CA] chunk(9,10) out_reads=0 all_reads=9669 pending_writes=0 placed=81
[CA] chunk(10,10) out_reads=0 all_reads=9743 pending_writes=0 placed=85
[CA] chunk(11,10) out_reads=0 all_reads=9784 pending_writes=0 placed=112
[CA] chunk(12,10) out_reads=0 all_reads=9825 pending_writes=0 placed=112
[CA] chunk(13,10) out_reads=0 all_reads=9961 pending_writes=0 placed=112
[CA] chunk(14,10) out_reads=0 all_reads=10002 pending_writes=0 placed=118
[CA] chunk(15,10) out_reads=0 all_reads=10076 pending_writes=0 placed=86
[CA] chunk(0,11) out_reads=0 all_reads=10214 pending_writes=0 placed=95
[CA] chunk(1,11) out_reads=0 all_reads=10255 pending_writes=0 placed=83
[CA] chunk(2,11) out_reads=0 all_reads=10296 pending_writes=0 placed=88
[CA] chunk(3,11) out_reads=0 all_reads=10337 pending_writes=0 placed=95
[CA] chunk(4,11) out_reads=0 all_reads=10378 pending_writes=0 placed=83
[CA] chunk(5,11) out_reads=0 all_reads=10513 pending_writes=0 placed=78
[CA] chunk(6,11) out_reads=0 all_reads=10554 pending_writes=0 placed=79
[CA] chunk(7,11) out_reads=0 all_reads=10595 pending_writes=0 placed=105
[CA] chunk(8,11) out_reads=0 all_reads=10636 pending_writes=0 placed=80
[CA] chunk(9,11) out_reads=0 all_reads=10677 pending_writes=0 placed=94
[CA] chunk(10,11) out_reads=0 all_reads=10745 pending_writes=0 placed=82
[CA] chunk(11,11) out_reads=0 all_reads=10786 pending_writes=0 placed=84
[CA] chunk(12,11) out_reads=0 all_reads=10866 pending_writes=0 placed=94
[CA] chunk(13,11) out_reads=0 all_reads=10907 pending_writes=0 placed=107
[CA] chunk(14,11) out_reads=0 all_reads=10987 pending_writes=0 placed=71
[CA] chunk(15,11) out_reads=0 all_reads=11028 pending_writes=0 placed=78
[CA] chunk(0,12) out_reads=0 all_reads=11069 pending_writes=0 placed=73
[CA] chunk(1,12) out_reads=0 all_reads=11148 pending_writes=0 placed=92
[CA] chunk(2,12) out_reads=0 all_reads=11189 pending_writes=0 placed=89
[CA] chunk(3,12) out_reads=0 all_reads=11230 pending_writes=0 placed=76
[CA] chunk(4,12) out_reads=0 all_reads=11271 pending_writes=0 placed=79
[CA] chunk(5,12) out_reads=0 all_reads=11312 pending_writes=0 placed=81
[CA] chunk(6,12) out_reads=0 all_reads=11353 pending_writes=0 placed=83
[CA] chunk(7,12) out_reads=0 all_reads=11394 pending_writes=0 placed=108
[CA] chunk(8,12) out_reads=0 all_reads=11435 pending_writes=0 placed=91
[CA] chunk(9,12) out_reads=0 all_reads=11476 pending_writes=0 placed=97
[CA] chunk(10,12) out_reads=0 all_reads=11665 pending_writes=0 placed=92
[CA] chunk(11,12) out_reads=0 all_reads=11706 pending_writes=0 placed=86
[CA] chunk(12,12) out_reads=0 all_reads=11747 pending_writes=0 placed=65
[CA] chunk(13,12) out_reads=0 all_reads=11820 pending_writes=0 placed=100
[CA] chunk(14,12) out_reads=0 all_reads=11861 pending_writes=0 placed=113
[CA] chunk(15,12) out_reads=0 all_reads=11902 pending_writes=0 placed=81
[CA] chunk(0,13) out_reads=0 all_reads=11943 pending_writes=0 placed=84
[CA] chunk(1,13) out_reads=0 all_reads=11984 pending_writes=0 placed=90
[CA] chunk(2,13) out_reads=0 all_reads=12025 pending_writes=0 placed=87
[CA] chunk(3,13) out_reads=0 all_reads=12065 pending_writes=0 placed=85
[CA] chunk(4,13) out_reads=0 all_reads=12106 pending_writes=0 placed=89
[CA] chunk(5,13) out_reads=0 all_reads=12220 pending_writes=0 placed=91
[CA] chunk(6,13) out_reads=0 all_reads=12300 pending_writes=0 placed=80
[CA] chunk(7,13) out_reads=0 all_reads=12341 pending_writes=0 placed=92
[CA] chunk(8,13) out_reads=0 all_reads=12422 pending_writes=0 placed=92
[CA] chunk(9,13) out_reads=0 all_reads=12463 pending_writes=0 placed=91
[CA] chunk(10,13) out_reads=0 all_reads=12504 pending_writes=0 placed=65
[CA] chunk(11,13) out_reads=0 all_reads=12545 pending_writes=0 placed=80
[CA] chunk(12,13) out_reads=0 all_reads=12586 pending_writes=0 placed=69
[CA] chunk(13,13) out_reads=0 all_reads=12627 pending_writes=0 placed=94
[CA] chunk(14,13) out_reads=0 all_reads=12668 pending_writes=0 placed=110
[CA] chunk(15,13) out_reads=0 all_reads=12709 pending_writes=0 placed=84
[CA] chunk(0,14) out_reads=0 all_reads=12750 pending_writes=0 placed=86
[CA] chunk(1,14) out_reads=0 all_reads=12791 pending_writes=0 placed=71
[CA] chunk(2,14) out_reads=0 all_reads=12870 pending_writes=0 placed=88
[CA] chunk(3,14) out_reads=0 all_reads=12944 pending_writes=0 placed=89
[CA] chunk(4,14) out_reads=0 all_reads=12985 pending_writes=0 placed=94
[CA] chunk(5,14) out_reads=0 all_reads=13060 pending_writes=0 placed=99
[CA] chunk(6,14) out_reads=0 all_reads=13141 pending_writes=0 placed=89
[CA] chunk(7,14) out_reads=0 all_reads=13215 pending_writes=0 placed=99
[CA] chunk(8,14) out_reads=0 all_reads=13289 pending_writes=0 placed=102
[CA] chunk(9,14) out_reads=0 all_reads=13359 pending_writes=0 placed=104
[CA] chunk(10,14) out_reads=0 all_reads=13400 pending_writes=0 placed=94
[CA] chunk(11,14) out_reads=0 all_reads=13469 pending_writes=0 placed=89
[CA] chunk(12,14) out_reads=0 all_reads=13510 pending_writes=0 placed=82
[CA] chunk(13,14) out_reads=0 all_reads=13551 pending_writes=0 placed=108
[CA] chunk(14,14) out_reads=0 all_reads=13591 pending_writes=0 placed=101
[CA] chunk(15,14) out_reads=0 all_reads=13632 pending_writes=0 placed=99
[CA] chunk(0,15) out_reads=0 all_reads=13673 pending_writes=0 placed=100
[CA] chunk(1,15) out_reads=0 all_reads=13752 pending_writes=0 placed=77
[CA] chunk(2,15) out_reads=0 all_reads=13793 pending_writes=0 placed=103
[CA] chunk(3,15) out_reads=0 all_reads=13834 pending_writes=0 placed=79
[CA] chunk(4,15) out_reads=0 all_reads=13875 pending_writes=0 placed=72
[CA] chunk(5,15) out_reads=0 all_reads=13916 pending_writes=0 placed=95
[CA] chunk(6,15) out_reads=0 all_reads=13994 pending_writes=0 placed=79
[CA] chunk(7,15) out_reads=0 all_reads=14035 pending_writes=0 placed=99
[CA] chunk(8,15) out_reads=0 all_reads=14076 pending_writes=0 placed=78
[CA] chunk(9,15) out_reads=0 all_reads=14116 pending_writes=0 placed=95
[CA] chunk(10,15) out_reads=0 all_reads=14303 pending_writes=0 placed=101
[CA] chunk(11,15) out_reads=0 all_reads=14344 pending_writes=0 placed=94
[CA] chunk(12,15) out_reads=0 all_reads=14425 pending_writes=0 placed=104
[CA] chunk(13,15) out_reads=0 all_reads=14466 pending_writes=0 placed=81
[CA] chunk(14,15) out_reads=0 all_reads=14639 pending_writes=0 placed=107
[CA] chunk(15,15) out_reads=0 all_reads=14680 pending_writes=0 placed=88
