[placement] unsupported block predicate type: minecraft:inside_world_bounds
[BLOCKS] unknown block 'minecraft:flowing_water' -> AIR (register via wg_register_block)
[BLOCKS] unknown block 'minecraft:empty' -> AIR (register via wg_register_block)
[tree] unsupported trunk placer type: minecraft:cherry_trunk_placer
[tree] unsupported foliage placer type: minecraft:cherry_foliage_placer
[feature-loader] unknown configured feature type: minecraft:sculk_patch (minecraft:sculk_patch_deep_dark)
[tree] unsupported block state provider type: minecraft:noise_threshold_provider（告警不静默，S4 全量加载门）
[feature-loader] unknown configured feature type: minecraft:iceberg (minecraft:iceberg_packed)
[feature-loader] unknown configured feature type: minecraft:iceberg (minecraft:iceberg_blue)
[feature-loader] unknown configured feature type: minecraft:fossil (minecraft:fossil_coal)
[feature-loader] unknown configured feature type: minecraft:fossil (minecraft:fossil_diamonds)
[feature-loader] unknown configured feature type: minecraft:large_dripstone (minecraft:large_dripstone)
[feature-loader] unknown configured feature type: minecraft:dripstone_cluster (minecraft:dripstone_cluster)
[feature-loader] unknown configured feature type: minecraft:pointed_dripstone ()
[feature-loader] unknown configured feature type: minecraft:pointed_dripstone ()
[tree] unsupported block state provider type: minecraft:noise_provider（告警不静默，S4 全量加载门）
[placement] unsupported block predicate type: minecraft:has_sturdy_face
[tree] unsupported block state provider type: minecraft:randomized_int_state_provider（告警不静默，S4 全量加载门）
[tree] unsupported block state provider type: minecraft:dual_noise_provider（告警不静默，S4 全量加载门）
[feature-loader] forest_rock config parse failed: minecraft:forest_rock
[feature-loader] unknown configured feature type: minecraft:coral_tree ()
[feature-loader] unknown configured feature type: minecraft:coral_claw ()
[feature-loader] unknown configured feature type: minecraft:coral_mushroom ()
[tree] unsupported trunk placer type: minecraft:dark_oak_trunk_placer
[tree] unsupported foliage placer type: minecraft:dark_oak_foliage_placer
[tree] unsupported feature size type: minecraft:three_layers_feature_size（数据集存在，L3）
[tree] unsupported foliage placer type: minecraft:spruce_foliage_placer
[tree] unsupported foliage placer type: minecraft:pine_foliage_placer
[tree] unsupported trunk placer type: minecraft:giant_trunk_placer
[tree] unsupported foliage placer type: minecraft:mega_pine_foliage_placer
[tree] unsupported tree decorator type: minecraft:alter_ground
[tree] unsupported trunk placer type: minecraft:upwards_branching_trunk_placer
[tree] unsupported foliage placer type: minecraft:random_spread_foliage_placer
[tree] unsupported tree decorator type: minecraft:attached_to_leaves
[tree] unsupported trunk placer type: minecraft:upwards_branching_trunk_placer
[tree] unsupported foliage placer type: minecraft:random_spread_foliage_placer
[tree] unsupported tree decorator type: minecraft:attached_to_leaves
[tree] unsupported trunk placer type: minecraft:forking_trunk_placer
[tree] unsupported foliage placer type: minecraft:acacia_foliage_placer
[tree] unsupported trunk placer type: minecraft:dark_oak_trunk_placer
[tree] unsupported foliage placer type: minecraft:dark_oak_foliage_placer
[tree] unsupported tree decorator type: minecraft:pale_moss
[tree] unsupported feature size type: minecraft:three_layers_feature_size（数据集存在，L3）
[tree] unsupported trunk placer type: minecraft:dark_oak_trunk_placer
[tree] unsupported foliage placer type: minecraft:dark_oak_foliage_placer
[tree] unsupported tree decorator type: minecraft:pale_moss
[tree] unsupported tree decorator type: minecraft:creaking_heart
[tree] unsupported feature size type: minecraft:three_layers_feature_size（数据集存在，L3）
[tree] unsupported trunk placer type: minecraft:giant_trunk_placer
[tree] unsupported foliage placer type: minecraft:mega_pine_foliage_placer
[tree] unsupported tree decorator type: minecraft:alter_ground
[CA] chunk(0,0) out_reads=10385 all_reads=10505 pending_writes=1594 placed=108
[CA] chunk(0,0) out_reads=10385 all_reads=21010 pending_writes=1594 placed=108
[CA] chunk(1,0) out_reads=5586 all_reads=26635 pending_writes=1826 placed=109
[CA] chunk(2,0) out_reads=2889 all_reads=29556 pending_writes=1209 placed=112
[CA] chunk(3,0) out_reads=9237 all_reads=38828 pending_writes=1358 placed=97
[CA] chunk(4,0) out_reads=10670 all_reads=49528 pending_writes=3440 placed=104
[CA] chunk(5,0) out_reads=12381 all_reads=61975 pending_writes=1414 placed=138
[CA] chunk(6,0) out_reads=5730 all_reads=67726 pending_writes=1138 placed=97
[CA] chunk(7,0) out_reads=5633 all_reads=73395 pending_writes=1340 placed=83
[CA] chunk(8,0) out_reads=8722 all_reads=82174 pending_writes=1540 placed=101
[CA] chunk(9,0) out_reads=3001 all_reads=85200 pending_writes=1079 placed=98
[CA] chunk(10,0) out_reads=4388 all_reads=89663 pending_writes=489 placed=87
[CA] chunk(11,0) out_reads=8846 all_reads=98534 pending_writes=931 placed=91
[CA] chunk(12,0) out_reads=5017 all_reads=103626 pending_writes=1564 placed=96
[CA] chunk(13,0) out_reads=3974 all_reads=107634 pending_writes=1167 placed=93
[CA] chunk(14,0) out_reads=3698 all_reads=111390 pending_writes=873 placed=100
[CA] chunk(15,0) out_reads=3244 all_reads=114698 pending_writes=854 placed=95
[CA] chunk(0,1) out_reads=7068 all_reads=121823 pending_writes=2137 placed=106
[CA] chunk(1,1) out_reads=9933 all_reads=131796 pending_writes=1282 placed=155
[CA] chunk(2,1) out_reads=5996 all_reads=137849 pending_writes=1604 placed=113
[CA] chunk(3,1) out_reads=4453 all_reads=142324 pending_writes=1361 placed=104
[CA] chunk(4,1) out_reads=10819 all_reads=153255 pending_writes=855 placed=103
[CA] chunk(5,1) out_reads=9831 all_reads=163114 pending_writes=1165 placed=103
[CA] chunk(6,1) out_reads=6384 all_reads=169529 pending_writes=1255 placed=91
[CA] chunk(7,1) out_reads=5318 all_reads=174887 pending_writes=1337 placed=96
[CA] chunk(8,1) out_reads=4257 all_reads=179223 pending_writes=1551 placed=108
[CA] chunk(9,1) out_reads=8787 all_reads=188100 pending_writes=1275 placed=98
[CA] chunk(10,1) out_reads=3573 all_reads=191726 pending_writes=488 placed=93
[CA] chunk(11,1) out_reads=10685 all_reads=202485 pending_writes=1210 placed=96
[CA] chunk(12,1) out_reads=4877 all_reads=207425 pending_writes=1851 placed=96
[CA] chunk(13,1) out_reads=3696 all_reads=211153 pending_writes=1367 placed=101
[CA] chunk(14,1) out_reads=5150 all_reads=216372 pending_writes=991 placed=101
[CA] chunk(15,1) out_reads=7079 all_reads=223471 pending_writes=950 placed=94
[CA] chunk(0,2) out_reads=8331 all_reads=231830 pending_writes=1292 placed=115
[CA] chunk(1,2) out_reads=6364 all_reads=238228 pending_writes=1262 placed=113
[CA] chunk(2,2) out_reads=9375 all_reads=247641 pending_writes=1288 placed=117
[CA] chunk(3,2) out_reads=5193 all_reads=252875 pending_writes=1131 placed=109
[CA] chunk(4,2) out_reads=2246 all_reads=255189 pending_writes=501 placed=97
[CA] chunk(5,2) out_reads=1985 all_reads=257194 pending_writes=1131 placed=96
[CA] chunk(6,2) out_reads=4486 all_reads=261712 pending_writes=1563 placed=107
[CA] chunk(7,2) out_reads=5229 all_reads=267041 pending_writes=1585 placed=110
[CA] chunk(8,2) out_reads=8767 all_reads=275845 pending_writes=1097 placed=109
[CA] chunk(9,2) out_reads=10901 all_reads=286784 pending_writes=1882 placed=139
[CA] chunk(10,2) out_reads=7228 all_reads=294033 pending_writes=1975 placed=100
[CA] chunk(11,2) out_reads=3941 all_reads=298064 pending_writes=1185 placed=99
[CA] chunk(12,2) out_reads=4644 all_reads=302744 pending_writes=1454 placed=98
[CA] chunk(13,2) out_reads=5614 all_reads=308422 pending_writes=2167 placed=93
[CA] chunk(14,2) out_reads=3026 all_reads=311544 pending_writes=645 placed=85
[CA] chunk(15,2) out_reads=7909 all_reads=319491 pending_writes=1567 placed=97
[CA] chunk(0,3) out_reads=6739 all_reads=326309 pending_writes=631 placed=91
[CA] chunk(1,3) out_reads=9252 all_reads=335614 pending_writes=660 placed=93
[CA] chunk(2,3) out_reads=2780 all_reads=338460 pending_writes=1389 placed=43
[CA] chunk(3,3) out_reads=5806 all_reads=344340 pending_writes=753 placed=101
[CA] chunk(4,3) out_reads=7942 all_reads=352311 pending_writes=1638 placed=98
[CA] chunk(5,3) out_reads=3073 all_reads=355410 pending_writes=753 placed=103
[CA] chunk(6,3) out_reads=8680 all_reads=364198 pending_writes=1643 placed=104
[CA] chunk(7,3) out_reads=4915 all_reads=369144 pending_writes=1089 placed=107
[CA] chunk(8,3) out_reads=3339 all_reads=372522 pending_writes=1054 placed=98
[CA] chunk(9,3) out_reads=3804 all_reads=376363 pending_writes=2209 placed=111
[CA] chunk(10,3) out_reads=4786 all_reads=381181 pending_writes=1290 placed=96
[CA] chunk(11,3) out_reads=4817 all_reads=386062 pending_writes=2274 placed=108
[CA] chunk(12,3) out_reads=4221 all_reads=390315 pending_writes=1676 placed=105
[CA] chunk(13,3) out_reads=6948 all_reads=397297 pending_writes=1317 placed=115
[CA] chunk(14,3) out_reads=5065 all_reads=402396 pending_writes=1354 placed=91
[CA] chunk(15,3) out_reads=6674 all_reads=409101 pending_writes=1365 placed=92
[CA] chunk(0,4) out_reads=6749 all_reads=415871 pending_writes=832 placed=91
[CA] chunk(1,4) out_reads=8129 all_reads=424059 pending_writes=1413 placed=81
[CA] chunk(2,4) out_reads=6486 all_reads=430575 pending_writes=1123 placed=100
[CA] chunk(3,4) out_reads=8049 all_reads=438661 pending_writes=1204 placed=92
[CA] chunk(4,4) out_reads=11549 all_reads=450240 pending_writes=2043 placed=105
[CA] chunk(5,4) out_reads=8522 all_reads=458789 pending_writes=1449 placed=106
[CA] chunk(6,4) out_reads=9208 all_reads=468019 pending_writes=1640 placed=101
[CA] chunk(7,4) out_reads=2933 all_reads=471022 pending_writes=1875 placed=107
[CA] chunk(8,4) out_reads=8409 all_reads=479452 pending_writes=1484 placed=118
[CA] chunk(9,4) out_reads=5105 all_reads=484597 pending_writes=1309 placed=145
[CA] chunk(10,4) out_reads=8343 all_reads=492981 pending_writes=2136 placed=155
[CA] chunk(11,4) out_reads=3148 all_reads=496196 pending_writes=878 placed=100
[CA] chunk(12,4) out_reads=8342 all_reads=504579 pending_writes=1182 placed=91
[CA] chunk(13,4) out_reads=3280 all_reads=507880 pending_writes=1634 placed=109
[CA] chunk(14,4) out_reads=5635 all_reads=513587 pending_writes=1707 placed=100
[CA] chunk(15,4) out_reads=6220 all_reads=519878 pending_writes=1125 placed=87
[CA] chunk(0,5) out_reads=13012 all_reads=532951 pending_writes=1185 placed=110
[CA] chunk(1,5) out_reads=9743 all_reads=542721 pending_writes=897 placed=94
[CA] chunk(2,5) out_reads=4141 all_reads=546901 pending_writes=593 placed=85
[CA] chunk(3,5) out_reads=11390 all_reads=558322 pending_writes=1377 placed=94
[CA] chunk(4,5) out_reads=5545 all_reads=563903 pending_writes=1191 placed=96
[CA] chunk(5,5) out_reads=6319 all_reads=570249 pending_writes=625 placed=90
[CA] chunk(6,5) out_reads=3962 all_reads=574239 pending_writes=1169 placed=91
[CA] chunk(7,5) out_reads=7349 all_reads=581637 pending_writes=1887 placed=115
[CA] chunk(8,5) out_reads=2854 all_reads=584527 pending_writes=1005 placed=101
[CA] chunk(9,5) out_reads=3014 all_reads=587570 pending_writes=1416 placed=71
[CA] chunk(10,5) out_reads=8186 all_reads=595788 pending_writes=1848 placed=117
[CA] chunk(11,5) out_reads=10177 all_reads=605994 pending_writes=2836 placed=117
[CA] chunk(12,5) out_reads=6118 all_reads=612150 pending_writes=890 placed=91
[CA] chunk(13,5) out_reads=3895 all_reads=616075 pending_writes=1135 placed=89
[CA] chunk(14,5) out_reads=6967 all_reads=623066 pending_writes=1257 placed=105
[CA] chunk(15,5) out_reads=3380 all_reads=626466 pending_writes=1424 placed=91
[CA] chunk(0,6) out_reads=6215 all_reads=632712 pending_writes=1212 placed=101
[CA] chunk(1,6) out_reads=3350 all_reads=636078 pending_writes=228 placed=88
[CA] chunk(2,6) out_reads=7935 all_reads=644051 pending_writes=1317 placed=102
[CA] chunk(3,6) out_reads=7908 all_reads=651997 pending_writes=1265 placed=98
[CA] chunk(4,6) out_reads=6528 all_reads=658556 pending_writes=1689 placed=100
[CA] chunk(5,6) out_reads=3621 all_reads=662209 pending_writes=1825 placed=100
[CA] chunk(6,6) out_reads=12506 all_reads=674785 pending_writes=1197 placed=101
[CA] chunk(7,6) out_reads=7261 all_reads=682079 pending_writes=1083 placed=101
[CA] chunk(8,6) out_reads=8181 all_reads=690287 pending_writes=1515 placed=103
[CA] chunk(9,6) out_reads=3046 all_reads=693372 pending_writes=1165 placed=99
[CA] chunk(10,6) out_reads=4928 all_reads=698329 pending_writes=1806 placed=119
[CA] chunk(11,6) out_reads=7735 all_reads=706138 pending_writes=1122 placed=120
[CA] chunk(12,6) out_reads=9951 all_reads=716120 pending_writes=2087 placed=139
[CA] chunk(13,6) out_reads=6414 all_reads=722589 pending_writes=1448 placed=98
[CA] chunk(14,6) out_reads=3691 all_reads=726345 pending_writes=1048 placed=92
[CA] chunk(15,6) out_reads=7090 all_reads=733463 pending_writes=1296 placed=92
[CA] chunk(0,7) out_reads=10046 all_reads=743531 pending_writes=1694 placed=151
[CA] chunk(1,7) out_reads=5930 all_reads=749497 pending_writes=1319 placed=106
[CA] chunk(2,7) out_reads=7674 all_reads=757201 pending_writes=2038 placed=102
[CA] chunk(3,7) out_reads=7194 all_reads=764490 pending_writes=1401 placed=105
[CA] chunk(4,7) out_reads=4833 all_reads=769345 pending_writes=1954 placed=106
[CA] chunk(5,7) out_reads=3984 all_reads=773358 pending_writes=1333 placed=102
[CA] chunk(6,7) out_reads=8548 all_reads=781934 pending_writes=1803 placed=104
[CA] chunk(7,7) out_reads=7802 all_reads=789851 pending_writes=1279 placed=103
[CA] chunk(8,7) out_reads=3464 all_reads=793390 pending_writes=1027 placed=104
[CA] chunk(9,7) out_reads=10652 all_reads=804129 pending_writes=1117 placed=109
[CA] chunk(10,7) out_reads=7778 all_reads=811934 pending_writes=1862 placed=101
[CA] chunk(11,7) out_reads=2891 all_reads=814844 pending_writes=1159 placed=79
[CA] chunk(12,7) out_reads=5604 all_reads=820481 pending_writes=1589 placed=113
[CA] chunk(13,7) out_reads=8546 all_reads=829056 pending_writes=1307 placed=115
[CA] chunk(14,7) out_reads=3660 all_reads=832742 pending_writes=1822 placed=89
[CA] chunk(15,7) out_reads=3568 all_reads=836337 pending_writes=1519 placed=87
[CA] chunk(0,8) out_reads=9325 all_reads=845694 pending_writes=2265 placed=100
[CA] chunk(1,8) out_reads=1957 all_reads=847689 pending_writes=876 placed=96
[CA] chunk(2,8) out_reads=7675 all_reads=855402 pending_writes=1638 placed=104
[CA] chunk(3,8) out_reads=7876 all_reads=863340 pending_writes=1072 placed=101
[CA] chunk(4,8) out_reads=10252 all_reads=873626 pending_writes=1174 placed=103
[CA] chunk(5,8) out_reads=12207 all_reads=885871 pending_writes=2269 placed=111
[CA] chunk(6,8) out_reads=8986 all_reads=894890 pending_writes=1126 placed=86
[CA] chunk(7,8) out_reads=5972 all_reads=900895 pending_writes=978 placed=101
[CA] chunk(8,8) out_reads=8827 all_reads=909759 pending_writes=1043 placed=98
[CA] chunk(9,8) out_reads=11389 all_reads=921189 pending_writes=2098 placed=105
[CA] chunk(10,8) out_reads=2784 all_reads=924005 pending_writes=978 placed=101
[CA] chunk(11,8) out_reads=4707 all_reads=928741 pending_writes=1473 placed=107
[CA] chunk(12,8) out_reads=3724 all_reads=932548 pending_writes=1102 placed=106
[CA] chunk(13,8) out_reads=3983 all_reads=936565 pending_writes=1227 placed=99
[CA] chunk(14,8) out_reads=13095 all_reads=949683 pending_writes=1423 placed=132
[CA] chunk(15,8) out_reads=3315 all_reads=953021 pending_writes=981 placed=104
[CA] chunk(0,9) out_reads=10218 all_reads=963273 pending_writes=889 placed=102
[CA] chunk(1,9) out_reads=9016 all_reads=972327 pending_writes=898 placed=100
[CA] chunk(2,9) out_reads=8523 all_reads=981010 pending_writes=965 placed=104
[CA] chunk(3,9) out_reads=7305 all_reads=988388 pending_writes=1425 placed=111
[CA] chunk(4,9) out_reads=5777 all_reads=994202 pending_writes=812 placed=104
[CA] chunk(5,9) out_reads=10432 all_reads=1004675 pending_writes=1298 placed=104
[CA] chunk(6,9) out_reads=7251 all_reads=1011957 pending_writes=1794 placed=99
[CA] chunk(7,9) out_reads=6204 all_reads=1018202 pending_writes=1755 placed=97
[CA] chunk(8,9) out_reads=9036 all_reads=1027273 pending_writes=1575 placed=92
[CA] chunk(9,9) out_reads=8318 all_reads=1035621 pending_writes=1756 placed=105
[CA] chunk(10,9) out_reads=10536 all_reads=1046178 pending_writes=1714 placed=114
[CA] chunk(11,9) out_reads=9280 all_reads=1055487 pending_writes=1760 placed=105
[CA] chunk(12,9) out_reads=6688 all_reads=1062203 pending_writes=1370 placed=111
[CA] chunk(13,9) out_reads=7759 all_reads=1069988 pending_writes=1520 placed=120
[CA] chunk(14,9) out_reads=2512 all_reads=1072596 pending_writes=1396 placed=68
[CA] chunk(15,9) out_reads=5649 all_reads=1078286 pending_writes=1154 placed=87
[CA] chunk(0,10) out_reads=8620 all_reads=1086936 pending_writes=1481 placed=108
[CA] chunk(1,10) out_reads=1980 all_reads=1089009 pending_writes=914 placed=107
[CA] chunk(2,10) out_reads=1546 all_reads=1090588 pending_writes=851 placed=90
[CA] chunk(3,10) out_reads=7056 all_reads=1097675 pending_writes=2309 placed=103
[CA] chunk(4,10) out_reads=3599 all_reads=1101341 pending_writes=1632 placed=96
[CA] chunk(5,10) out_reads=4237 all_reads=1105605 pending_writes=1277 placed=98
[CA] chunk(6,10) out_reads=6911 all_reads=1112550 pending_writes=1590 placed=101
[CA] chunk(7,10) out_reads=4730 all_reads=1117317 pending_writes=1588 placed=109
[CA] chunk(8,10) out_reads=3755 all_reads=1121139 pending_writes=1371 placed=100
[CA] chunk(9,10) out_reads=6896 all_reads=1128061 pending_writes=1073 placed=100
[CA] chunk(10,10) out_reads=7381 all_reads=1135508 pending_writes=1639 placed=108
[CA] chunk(11,10) out_reads=11170 all_reads=1146717 pending_writes=2159 placed=143
[CA] chunk(12,10) out_reads=4187 all_reads=1150939 pending_writes=1410 placed=111
[CA] chunk(13,10) out_reads=4002 all_reads=1155047 pending_writes=1845 placed=113
[CA] chunk(14,10) out_reads=10152 all_reads=1165239 pending_writes=1263 placed=146
[CA] chunk(15,10) out_reads=6802 all_reads=1172110 pending_writes=1603 placed=106
[CA] chunk(0,11) out_reads=5817 all_reads=1178045 pending_writes=1491 placed=107
[CA] chunk(1,11) out_reads=10721 all_reads=1188805 pending_writes=1976 placed=102
[CA] chunk(2,11) out_reads=6581 all_reads=1195420 pending_writes=1177 placed=109
[CA] chunk(3,11) out_reads=3151 all_reads=1198600 pending_writes=1863 placed=97
[CA] chunk(4,11) out_reads=4217 all_reads=1202849 pending_writes=907 placed=90
[CA] chunk(5,11) out_reads=8378 all_reads=1211330 pending_writes=947 placed=106
[CA] chunk(6,11) out_reads=9400 all_reads=1220766 pending_writes=570 placed=105
[CA] chunk(7,11) out_reads=3415 all_reads=1224212 pending_writes=2503 placed=107
[CA] chunk(8,11) out_reads=7771 all_reads=1231999 pending_writes=1829 placed=101
[CA] chunk(9,11) out_reads=5118 all_reads=1237150 pending_writes=1046 placed=108
[CA] chunk(10,11) out_reads=9692 all_reads=1246893 pending_writes=1907 placed=105
[CA] chunk(11,11) out_reads=10430 all_reads=1257352 pending_writes=1367 placed=112
[CA] chunk(12,11) out_reads=5933 all_reads=1263357 pending_writes=1827 placed=108
[CA] chunk(13,11) out_reads=6435 all_reads=1269819 pending_writes=1924 placed=113
[CA] chunk(14,11) out_reads=3302 all_reads=1273193 pending_writes=2323 placed=69
[CA] chunk(15,11) out_reads=8823 all_reads=1282049 pending_writes=1088 placed=98
[CA] chunk(0,12) out_reads=8020 all_reads=1290101 pending_writes=872 placed=103
[CA] chunk(1,12) out_reads=7433 all_reads=1297611 pending_writes=1389 placed=113
[CA] chunk(2,12) out_reads=5125 all_reads=1302756 pending_writes=1004 placed=99
[CA] chunk(3,12) out_reads=10016 all_reads=1312796 pending_writes=1237 placed=102
[CA] chunk(4,12) out_reads=8529 all_reads=1321360 pending_writes=1541 placed=99
[CA] chunk(5,12) out_reads=4682 all_reads=1326080 pending_writes=466 placed=95
[CA] chunk(6,12) out_reads=8981 all_reads=1335096 pending_writes=1825 placed=105
[CA] chunk(7,12) out_reads=2092 all_reads=1337222 pending_writes=1271 placed=108
[CA] chunk(8,12) out_reads=4416 all_reads=1341677 pending_writes=1642 placed=96
[CA] chunk(9,12) out_reads=5852 all_reads=1347555 pending_writes=920 placed=101
[CA] chunk(10,12) out_reads=6340 all_reads=1354070 pending_writes=620 placed=110
[CA] chunk(11,12) out_reads=10254 all_reads=1364341 pending_writes=1445 placed=112
[CA] chunk(12,12) out_reads=2070 all_reads=1366451 pending_writes=1212 placed=65
[CA] chunk(13,12) out_reads=6338 all_reads=1372847 pending_writes=1848 placed=115
[CA] chunk(14,12) out_reads=3665 all_reads=1376547 pending_writes=1613 placed=110
[CA] chunk(15,12) out_reads=3632 all_reads=1380196 pending_writes=1617 placed=86
[CA] chunk(0,13) out_reads=5922 all_reads=1386145 pending_writes=1037 placed=97
[CA] chunk(1,13) out_reads=5049 all_reads=1391228 pending_writes=1325 placed=93
[CA] chunk(2,13) out_reads=8147 all_reads=1399413 pending_writes=1598 placed=104
[CA] chunk(3,13) out_reads=4375 all_reads=1403808 pending_writes=1376 placed=91
[CA] chunk(4,13) out_reads=8079 all_reads=1411911 pending_writes=1272 placed=107
[CA] chunk(5,13) out_reads=4320 all_reads=1416344 pending_writes=1218 placed=98
[CA] chunk(6,13) out_reads=9927 all_reads=1426346 pending_writes=1287 placed=103
[CA] chunk(7,13) out_reads=7659 all_reads=1434029 pending_writes=1492 placed=107
[CA] chunk(8,13) out_reads=9234 all_reads=1443336 pending_writes=1931 placed=112
[CA] chunk(9,13) out_reads=7009 all_reads=1450382 pending_writes=1897 placed=109
[CA] chunk(10,13) out_reads=1762 all_reads=1452166 pending_writes=754 placed=67
[CA] chunk(11,13) out_reads=10219 all_reads=1462415 pending_writes=1511 placed=110
[CA] chunk(12,13) out_reads=2310 all_reads=1464764 pending_writes=1554 placed=73
[CA] chunk(13,13) out_reads=8164 all_reads=1472953 pending_writes=1395 placed=114
[CA] chunk(14,13) out_reads=3305 all_reads=1476286 pending_writes=784 placed=116
[CA] chunk(15,13) out_reads=4720 all_reads=1481033 pending_writes=899 placed=89
[CA] chunk(0,14) out_reads=8513 all_reads=1489583 pending_writes=1962 placed=110
[CA] chunk(1,14) out_reads=7924 all_reads=1497544 pending_writes=1283 placed=93
[CA] chunk(2,14) out_reads=7988 all_reads=1505605 pending_writes=1803 placed=105
[CA] chunk(3,14) out_reads=6430 all_reads=1512105 pending_writes=822 placed=103
[CA] chunk(4,14) out_reads=6363 all_reads=1518503 pending_writes=1945 placed=100
[CA] chunk(5,14) out_reads=2939 all_reads=1521507 pending_writes=1357 placed=105
[CA] chunk(6,14) out_reads=6779 all_reads=1528350 pending_writes=1183 placed=102
[CA] chunk(7,14) out_reads=6060 all_reads=1534478 pending_writes=1586 placed=106
[CA] chunk(8,14) out_reads=2538 all_reads=1537083 pending_writes=912 placed=101
[CA] chunk(9,14) out_reads=3846 all_reads=1540975 pending_writes=981 placed=113
[CA] chunk(10,14) out_reads=5749 all_reads=1546759 pending_writes=1464 placed=107
[CA] chunk(11,14) out_reads=6727 all_reads=1553530 pending_writes=1020 placed=99
[CA] chunk(12,14) out_reads=7974 all_reads=1561538 pending_writes=992 placed=103
[CA] chunk(13,14) out_reads=3861 all_reads=1565434 pending_writes=1645 placed=108
[CA] chunk(14,14) out_reads=5223 all_reads=1570694 pending_writes=1909 placed=111
[CA] chunk(15,14) out_reads=6503 all_reads=1577211 pending_writes=1843 placed=110
[CA] chunk(0,15) out_reads=2965 all_reads=1580213 pending_writes=1445 placed=99
[CA] chunk(1,15) out_reads=7134 all_reads=1587403 pending_writes=906 placed=98
[CA] chunk(2,15) out_reads=3913 all_reads=1591357 pending_writes=1777 placed=104
[CA] chunk(3,15) out_reads=8159 all_reads=1599545 pending_writes=1164 placed=101
[CA] chunk(4,15) out_reads=9862 all_reads=1609441 pending_writes=1377 placed=97
[CA] chunk(5,15) out_reads=7506 all_reads=1616968 pending_writes=1057 placed=107
[CA] chunk(6,15) out_reads=7266 all_reads=1624293 pending_writes=2067 placed=97
[CA] chunk(7,15) out_reads=5800 all_reads=1630128 pending_writes=683 placed=107
[CA] chunk(8,15) out_reads=12921 all_reads=1643072 pending_writes=1602 placed=111
[CA] chunk(9,15) out_reads=5809 all_reads=1648901 pending_writes=1360 placed=107
[CA] chunk(10,15) out_reads=4769 all_reads=1653835 pending_writes=1526 placed=113
[CA] chunk(11,15) out_reads=6653 all_reads=1660517 pending_writes=1316 placed=111
[CA] chunk(12,15) out_reads=4173 all_reads=1664757 pending_writes=2484 placed=105
[CA] chunk(13,15) out_reads=9144 all_reads=1673927 pending_writes=1975 placed=109
[CA] chunk(14,15) out_reads=7740 all_reads=1681811 pending_writes=4259 placed=117
[CA] chunk(15,15) out_reads=9220 all_reads=1691072 pending_writes=1178 placed=106
