Starting a Gradle Daemon, 6 stopped Daemons could not be reused, use --status for details

> Configure project :
Fabric Loom: 1.10.5

> Configure project :content-test
Fabric Loom: 1.10.5

> Task :compileJava UP-TO-DATE

> Task :processResources
[coreswap] 已同步 Rust dll: 2457088 bytes

> Task :classes
> Task :generateLog4jConfig UP-TO-DATE
> Task :generateRemapClasspath UP-TO-DATE
> Task :generateDLIConfig UP-TO-DATE
> Task :configureLaunch UP-TO-DATE

> Task :runServer
[22:48:23] [main/INFO] (FabricLoader/GameProvider) Loading Minecraft 1.20.1 with Fabric Loader 0.15.11
[22:48:23] [main/INFO] (FabricLoader) Loading 48 mods:
	- chunky 1.3.146
	- coreswap 1.20.1-1.0.28
	- fabric-api 0.92.0+1.20.1
	- fabric-api-base 0.4.31+1802ada577
	- fabric-api-lookup-api-v1 1.6.36+1802ada577
	- fabric-biome-api-v1 13.0.13+1802ada577
	- fabric-block-api-v1 1.0.11+1802ada577
	- fabric-block-view-api-v2 1.0.1+1802ada577
	- fabric-command-api-v1 1.2.34+f71b366f77
	- fabric-command-api-v2 2.2.13+1802ada577
	- fabric-commands-v0 0.2.51+df3654b377
	- fabric-containers-v0 0.1.64+df3654b377
	- fabric-content-registries-v0 4.0.11+1802ada577
	- fabric-convention-tags-v1 1.5.5+1802ada577
	- fabric-crash-report-info-v1 0.2.19+1802ada577
	- fabric-data-attachment-api-v1 1.0.0+de0fd6d177
	- fabric-data-generation-api-v1 12.3.4+1802ada577
	- fabric-dimensions-v1 2.1.54+1802ada577
	- fabric-entity-events-v1 1.6.0+1c78457f77
	- fabric-events-interaction-v0 0.6.2+1802ada577
	- fabric-events-lifecycle-v0 0.2.63+df3654b377
	- fabric-game-rule-api-v1 1.0.40+1802ada577
	- fabric-gametest-api-v1 1.2.13+1802ada577
	- fabric-item-api-v1 2.1.28+1802ada577
	- fabric-item-group-api-v1 4.0.12+1802ada577
	- fabric-lifecycle-events-v1 2.2.22+1802ada577
	- fabric-loot-api-v2 1.2.1+1802ada577
	- fabric-loot-tables-v1 1.1.45+9e7660c677
	- fabric-message-api-v1 5.1.9+1802ada577
	- fabric-mining-level-api-v1 2.1.50+1802ada577
	- fabric-networking-api-v1 1.3.11+1802ada577
	- fabric-networking-v0 0.3.51+df3654b377
	- fabric-object-builder-api-v1 11.1.3+1802ada577
	- fabric-particles-v1 1.1.2+1802ada577
	- fabric-recipe-api-v1 1.0.21+1802ada577
	- fabric-registry-sync-v0 2.3.3+1802ada577
	- fabric-rendering-data-attachment-v1 0.3.37+92a0d36777
	- fabric-rendering-fluids-v1 3.0.28+1802ada577
	- fabric-resource-conditions-api-v1 2.3.8+1802ada577
	- fabric-resource-loader-v0 0.11.10+1802ada577
	- fabric-screen-handler-api-v1 1.3.30+1802ada577
	- fabric-transfer-api-v1 3.3.4+1802ada577
	- fabric-transitive-access-wideners-v1 4.3.1+1802ada577
	- fabricloader 0.15.11
	- java 17
	- minecraft 1.20.1
	- mixinextras 0.3.5
	- testcontent 1.0.0
[22:48:27] [main/INFO] (FabricLoader/Mixin) SpongePowered MIXIN Subsystem Version=0.8.5 Source=file:/E:/PYTHON/CoreSwap/.gradle-home/caches/modules-2/files-2.1/net.fabricmc/sponge-mixin/0.13.3+mixin.0.8.5/9527e6b0d2449408958fd1302594dc65ec5ade9c/sponge-mixin-0.13.3+mixin.0.8.5.jar Service=Knot/Fabric Env=SERVER
[22:48:28] [main/INFO] (FabricLoader/Mixin) Loaded Fabric development mappings for mixin remapper!
[22:48:28] [main/INFO] (FabricLoader/Mixin) Compatibility level set to JAVA_16
[22:48:28] [main/INFO] (FabricLoader/Mixin) Compatibility level set to JAVA_17
[22:48:28] [main/INFO] (FabricLoader/MixinExtras|Service) Initializing MixinExtras via com.llamalad7.mixinextras.service.MixinExtrasServiceImpl(version=0.3.5).
[22:48:30] [main/WARN] (WmiQueryHandler) COM exception querying Win32_Processor, which might not be on your system. Will not attempt to query it again. Error was -2147217405: (HRESULT: 80041003)
[22:48:30] [main/WARN] (WmiQueryHandler) COM exception querying Win32_Processor, which might not be on your system. Will not attempt to query it again. Error was -2147217405: (HRESULT: 80041003)
[22:48:30] [main/WARN] (WmiQueryHandler) COM exception querying Win32_VideoController, which might not be on your system. Will not attempt to query it again. Error was -2147217405: (HRESULT: 80041003)
[22:48:30] [main/WARN] (WmiQueryHandler) COM exception querying Win32_PhysicalMemory, which might not be on your system. Will not attempt to query it again. Error was -2147217405: (HRESULT: 80041003)
[22:48:39] [main/INFO] (Minecraft) [STDOUT]: [TestContent] registered testcontent:test_brick raw=1003 testcontent:test_lamp raw=1004
[22:48:39] [main/INFO] (Minecraft) Environment: authHost='https://authserver.mojang.com', accountsHost='https://api.mojang.com', sessionHost='https://sessionserver.mojang.com', servicesHost='https://api.minecraftservices.com', name='PROD'
[22:48:41] [main/INFO] (Minecraft) Loaded 7 recipes
[22:48:42] [main/INFO] (Minecraft) Loaded 1271 advancements
[22:48:42] [main/INFO] (BiomeModificationImpl) Applied 0 biome modifications to 0 of 64 new biomes in 2.462 ms
[22:48:42] [Server thread/INFO] (Minecraft) Starting minecraft server version 1.20.1
[22:48:42] [Server thread/INFO] (Minecraft) Loading properties
[22:48:42] [Server thread/INFO] (Minecraft) Default game type: SURVIVAL
[22:48:42] [Server thread/INFO] (Minecraft) Generating keypair
[22:48:42] [Server thread/INFO] (Minecraft) Starting Minecraft server on *:25565
[22:48:42] [Server thread/INFO] (Minecraft) Using default channel type
[22:48:43] [Server thread/INFO] (Minecraft) Preparing level "world"
[22:48:46] [Server thread/INFO] (Minecraft) Preparing start region for dimension minecraft:overworld
[22:48:47] [Worker-Main-22/INFO] (Minecraft) Preparing spawn area: 0%
[22:48:47] [Worker-Main-23/INFO] (Minecraft) Preparing spawn area: 0%
[22:48:47] [Worker-Main-2/INFO] (Minecraft) Preparing spawn area: 0%
[22:48:48] [Worker-Main-3/INFO] (Minecraft) Preparing spawn area: 0%
[22:48:48] [Worker-Main-5/INFO] (Minecraft) Preparing spawn area: 2%
[22:48:49] [Worker-Main-11/INFO] (Minecraft) Preparing spawn area: 4%
[22:48:49] [Worker-Main-15/INFO] (Minecraft) Preparing spawn area: 7%
[22:48:50] [Worker-Main-5/INFO] (Minecraft) Preparing spawn area: 10%
[22:48:50] [Worker-Main-13/INFO] (Minecraft) Preparing spawn area: 15%
[22:48:51] [Worker-Main-18/INFO] (Minecraft) Preparing spawn area: 20%
[22:48:51] [Worker-Main-9/INFO] (Minecraft) Preparing spawn area: 24%
[22:48:52] [Worker-Main-15/INFO] (Minecraft) Preparing spawn area: 31%
[22:48:52] [Worker-Main-7/INFO] (Minecraft) Preparing spawn area: 36%
[22:48:53] [Worker-Main-19/INFO] (Minecraft) Preparing spawn area: 38%
[22:48:53] [Worker-Main-20/INFO] (Minecraft) Preparing spawn area: 45%
[22:48:54] [Worker-Main-9/INFO] (Minecraft) Preparing spawn area: 49%
[22:48:54] [Worker-Main-22/INFO] (Minecraft) Preparing spawn area: 55%
[22:48:55] [Worker-Main-7/INFO] (Minecraft) Preparing spawn area: 59%
[22:48:55] [Worker-Main-14/INFO] (Minecraft) Preparing spawn area: 66%
[22:48:56] [Worker-Main-8/INFO] (Minecraft) Preparing spawn area: 70%
[22:48:56] [Worker-Main-6/INFO] (Minecraft) Preparing spawn area: 74%
[22:48:57] [Worker-Main-16/INFO] (Minecraft) Preparing spawn area: 83%
[22:48:57] [Worker-Main-11/INFO] (Minecraft) Preparing spawn area: 88%
[22:48:58] [Worker-Main-16/INFO] (Minecraft) Preparing spawn area: 93%
[22:48:58] [Server thread/INFO] (Minecraft) Time elapsed: 12021 ms
[22:48:58] [Server thread/INFO] (Minecraft) Done (15.040s)! For help, type "help"
[22:48:58] [Server thread/INFO] (Minecraft) Starting remote control listener
[22:48:58] [Server thread/INFO] (Minecraft) Thread RCON Listener started
[22:48:58] [Server thread/INFO] (Minecraft) RCON running on 0.0.0.0:25575
[22:48:59] [Server thread/INFO] (Minecraft) [STDOUT]: [CppBridge] init seed=417950215108767439 worldgenDir=E:\PYTHON\CoreSwap\versions\1.20.1\data\worldgen enabled=true stageMask=3 env.CORESWAP_DEFAULT_BLOCK=null
[22:48:59] [Server thread/INFO] (Minecraft) [STDOUT]: [CppBridge] dll=E:\PYTHON\CoreSwap\.tmp\java-tmp\coreswap-native\worldgen.dll size=2457088 sha256=597e12ed2275ada5...
[22:48:59] [Server thread/INFO] (Minecraft) [STDOUT]: [CppBridge] initNether seed=417950215108767439 enabled=true stageMask=3
[22:48:59] [Server thread/INFO] (Minecraft) [STDOUT]: [CppBridge] initEnd seed=417950215108767439 enabled=true stageMask=3
[22:48:59] [Server thread/INFO] (Minecraft) [STDOUT]: [BenchMod] CoreSwap replace mode: C++ worldgen active
[22:49:05] [RCON Listener #1/INFO] (Minecraft) Thread RCON Client /127.0.0.1 started
[22:49:05] [RCON Client /127.0.0.1 #2/INFO] (Minecraft) Thread RCON Client /127.0.0.1 shutting down
[22:49:06] [RCON Listener #1/INFO] (Minecraft) Thread RCON Client /127.0.0.1 started
[22:49:06] [RCON Client /127.0.0.1 #3/INFO] (Minecraft) Thread RCON Client /127.0.0.1 shutting down
[22:49:06] [RCON Listener #1/INFO] (Minecraft) Thread RCON Client /127.0.0.1 started
[22:49:06] [RCON Client /127.0.0.1 #4/INFO] (Minecraft) Thread RCON Client /127.0.0.1 shutting down
[22:49:08] [RCON Listener #1/INFO] (Minecraft) Thread RCON Client /127.0.0.1 started
[22:49:08] [RCON Client /127.0.0.1 #5/INFO] (Minecraft) Thread RCON Client /127.0.0.1 shutting down
[22:49:09] [Server thread/INFO] (Minecraft) [Chunky] Task running for minecraft:overworld. Processed: 9 chunks (0.21%), ETA: 0:01:29, Rate: 47.1 cps, Current: -30, -29
[22:49:10] [Worker-Main-21/INFO] (Minecraft) [STDOUT]: [CHUNKTIME] n=256 perChunk(ms): mixin=108.61 gap=76.34 | sumMixin=27.8s sumGap=19.5s | inflight max=23 now=16
[22:49:16] [Worker-Main-9/INFO] (Minecraft) [STDOUT]: [CHUNKTIME] n=512 perChunk(ms): mixin=104.04 gap=269.32 | sumMixin=53.3s sumGap=137.9s | inflight max=23 now=5
[22:49:18] [RCON Listener #1/INFO] (Minecraft) Thread RCON Client /127.0.0.1 started
[22:49:18] [RCON Client /127.0.0.1 #6/INFO] (Minecraft) Thread RCON Client /127.0.0.1 shutting down
[22:49:19] [Worker-Main-20/INFO] (Minecraft) [STDOUT]: [CHUNKTIME] n=768 perChunk(ms): mixin=102.62 gap=212.35 | sumMixin=78.8s sumGap=163.1s | inflight max=23 now=11
[22:49:19] [Server thread/INFO] (Minecraft) [Chunky] Task running for minecraft:overworld. Processed: 528 chunks (12.50%), ETA: 0:01:11, Rate: 51.7 cps, Current: -16, -11
[22:49:21] [Worker-Main-21/INFO] (Minecraft) [STDOUT]: [CHUNKTIME] n=1024 perChunk(ms): mixin=101.20 gap=185.00 | sumMixin=103.6s sumGap=189.4s | inflight max=23 now=17
[22:49:29] [RCON Listener #1/INFO] (Minecraft) Thread RCON Client /127.0.0.1 started
[22:49:29] [RCON Client /127.0.0.1 #7/INFO] (Minecraft) Thread RCON Client /127.0.0.1 shutting down
[22:49:29] [Server thread/INFO] (Minecraft) [Chunky] Task running for minecraft:overworld. Processed: 783 chunks (18.53%), ETA: 0:01:32, Rate: 37.2 cps, Current: -2, -20
[22:49:31] [Worker-Main-22/INFO] (Minecraft) [STDOUT]: [CHUNKTIME] n=1280 perChunk(ms): mixin=99.00 gap=317.53 | sumMixin=126.7s sumGap=406.4s | inflight max=23 now=11
[22:49:33] [Worker-Main-14/INFO] (Minecraft) [STDOUT]: [CHUNKTIME] n=1536 perChunk(ms): mixin=97.45 gap=278.60 | sumMixin=149.7s sumGap=427.9s | inflight max=23 now=12
[22:49:35] [Worker-Main-3/INFO] (Minecraft) [STDOUT]: [CHUNKTIME] n=1792 perChunk(ms): mixin=96.62 gap=253.44 | sumMixin=173.1s sumGap=454.2s | inflight max=23 now=9
[22:49:43] [Server thread/INFO] (Minecraft) [Chunky] Task running for minecraft:overworld. Processed: 1732 chunks (40.99%), ETA: 0:00:46, Rate: 53.1 cps, Current: 21, -32
[22:49:44] [Worker-Main-2/INFO] (Minecraft) [STDOUT]: [CHUNKTIME] n=2048 perChunk(ms): mixin=95.44 gap=308.60 | sumMixin=195.5s sumGap=632.0s | inflight max=23 now=4
[22:49:47] [Worker-Main-2/INFO] (Minecraft) [STDOUT]: [CHUNKTIME] n=2304 perChunk(ms): mixin=97.15 gap=291.49 | sumMixin=223.8s sumGap=671.6s | inflight max=23 now=23
[22:49:49] [RCON Listener #1/INFO] (Minecraft) Thread RCON Client /127.0.0.1 started
[22:49:49] [RCON Client /127.0.0.1 #8/INFO] (Minecraft) Thread RCON Client /127.0.0.1 shutting down
[22:49:58] [Server thread/INFO] (Minecraft) [Chunky] Task running for minecraft:overworld. Processed: 2146 chunks (50.79%), ETA: 0:00:43, Rate: 48.0 cps, Current: -35, 0
[22:49:59] [Worker-Main-9/INFO] (Minecraft) [STDOUT]: [CHUNKTIME] n=2560 perChunk(ms): mixin=97.64 gap=359.04 | sumMixin=250.0s sumGap=919.1s | inflight max=23 now=23
[22:50:01] [Worker-Main-20/INFO] (Minecraft) [STDOUT]: [CHUNKTIME] n=2816 perChunk(ms): mixin=99.23 gap=335.37 | sumMixin=279.4s sumGap=944.4s | inflight max=23 now=3
[22:50:04] [Worker-Main-1/INFO] (Minecraft) [STDOUT]: [CHUNKTIME] n=3072 perChunk(ms): mixin=100.34 gap=315.52 | sumMixin=308.3s sumGap=969.3s | inflight max=23 now=4
[22:50:06] [Worker-Main-19/INFO] (Minecraft) [STDOUT]: [CHUNKTIME] n=3328 perChunk(ms): mixin=100.59 gap=301.56 | sumMixin=334.8s sumGap=1003.6s | inflight max=23 now=17
[22:50:08] [Server thread/INFO] (Minecraft) [Chunky] Task running for minecraft:overworld. Processed: 3054 chunks (72.28%), ETA: 0:00:21, Rate: 54.2 cps, Current: -8, 14
[22:50:09] [Worker-Main-11/INFO] (Minecraft) [STDOUT]: [CHUNKTIME] n=3584 perChunk(ms): mixin=101.48 gap=286.38 | sumMixin=363.7s sumGap=1026.4s | inflight max=23 now=7
[22:50:10] [RCON Listener #1/INFO] (Minecraft) Thread RCON Client /127.0.0.1 started
[22:50:10] [RCON Client /127.0.0.1 #9/INFO] (Minecraft) Thread RCON Client /127.0.0.1 shutting down
[22:50:11] [Worker-Main-19/INFO] (Minecraft) [STDOUT]: [CHUNKTIME] n=3840 perChunk(ms): mixin=102.07 gap=273.84 | sumMixin=392.0s sumGap=1051.5s | inflight max=23 now=3
[22:50:13] [Worker-Main-17/INFO] (Minecraft) [STDOUT]: [CHUNKTIME] n=4096 perChunk(ms): mixin=102.49 gap=263.01 | sumMixin=419.8s sumGap=1077.3s | inflight max=23 now=4
[22:50:14] [Server thread/INFO] (Minecraft) [Chunky] Task finished for minecraft:overworld. Processed: 4225 chunks (100.00%), Total time: 0:01:06
[22:50:24] [RCON Listener #1/INFO] (Minecraft) Thread RCON Client /127.0.0.1 started
[22:50:24] [RCON Client /127.0.0.1 #10/INFO] (Minecraft) Thread RCON Client /127.0.0.1 shutting down
[22:50:25] [RCON Listener #1/INFO] (Minecraft) Thread RCON Client /127.0.0.1 started
[22:50:25] [Server thread/INFO] (Minecraft) [Rcon: Stopping the server]
[22:50:25] [RCON Client /127.0.0.1 #11/INFO] (Minecraft) Thread RCON Client /127.0.0.1 shutting down
[22:50:25] [Server thread/INFO] (Minecraft) Stopping server
[22:50:25] [Server thread/INFO] (Minecraft) Saving players
[22:50:25] [Server thread/INFO] (Minecraft) Saving worlds
[22:50:26] [Server thread/INFO] (Minecraft) Saving chunks for level 'ServerLevel[world]'/minecraft:overworld
[22:50:27] [Server thread/INFO] (Minecraft) Saving chunks for level 'ServerLevel[world]'/minecraft:the_end
[22:50:27] [Server thread/INFO] (Minecraft) Saving chunks for level 'ServerLevel[world]'/minecraft:the_nether
[22:50:27] [Server thread/INFO] (Minecraft) ThreadedAnvilChunkStorage (world): All chunks are saved
[22:50:27] [Server thread/INFO] (Minecraft) ThreadedAnvilChunkStorage (DIM1): All chunks are saved
[22:50:27] [Server thread/INFO] (Minecraft) ThreadedAnvilChunkStorage (DIM-1): All chunks are saved
[22:50:27] [Server thread/INFO] (Minecraft) ThreadedAnvilChunkStorage: All dimensions are saved
[22:50:28] [Server thread/INFO] (Minecraft) Thread RCON Listener stopped

[Incubating] Problems report is available at: file:///E:/PYTHON/CoreSwap/versions/1.20.1/java/build/reports/problems/problems-report.html

Deprecated Gradle features were used in this build, making it incompatible with Gradle 9.0.

You can use '--warning-mode all' to show the individual deprecation warnings and determine if they come from your own scripts or plugins.

For more on this, please refer to https://docs.gradle.org/8.13/userguide/command_line_interface.html#sec:command_line_warnings in the Gradle documentation.

BUILD SUCCESSFUL in 2m 29s
6 actionable tasks: 2 executed, 4 up-to-date
