
> Configure project :
Fabric Loom: 1.10.5

> Task :compileJava UP-TO-DATE
> Task :processResources UP-TO-DATE
> Task :classes UP-TO-DATE
> Task :generateLog4jConfig UP-TO-DATE
> Task :generateRemapClasspath UP-TO-DATE
> Task :generateDLIConfig UP-TO-DATE
> Task :configureLaunch UP-TO-DATE

> Task :runServer
[22:52:24] [main/INFO] (FabricLoader/GameProvider) Loading Minecraft 1.21.6 with Fabric Loader 0.16.14
[22:52:24] [main/INFO] (FabricLoader) Loading 42 mods:
	- chunky 1.4.40
	- coreswap1216 1.21.6-0.1.0
	- fabric-api 0.127.0+1.21.6
	- fabric-api-base 0.4.63+9ec45cd89c
	- fabric-api-lookup-api-v1 1.6.99+9ec45cd89c
	- fabric-biome-api-v1 16.0.10+fa6cb72b9c
	- fabric-block-api-v1 1.1.2+78dbe4fb9c
	- fabric-block-view-api-v2 1.0.30+d32f812d9c
	- fabric-command-api-v2 2.2.52+b39a696a9c
	- fabric-content-registries-v0 10.0.17+fa6cb72b9c
	- fabric-convention-tags-v1 2.1.37+7f945d5b9c
	- fabric-convention-tags-v2 2.15.2+d9a896309c
	- fabric-crash-report-info-v1 0.3.14+fa6cb72b9c
	- fabric-data-attachment-api-v1 1.8.8+d9a896309c
	- fabric-data-generation-api-v1 23.2.0+a12c79229c
	- fabric-dimensions-v1 4.0.18+75fa737a9c
	- fabric-entity-events-v1 2.1.0+c9e472739c
	- fabric-events-interaction-v0 4.0.22+0d4d74479c
	- fabric-game-rule-api-v1 1.0.71+9ec45cd89c
	- fabric-gametest-api-v1 3.1.8+39ce47f59c
	- fabric-item-api-v1 11.4.2+5e29f1899c
	- fabric-item-group-api-v1 4.2.12+9ec45cd89c
	- fabric-lifecycle-events-v1 2.6.2+db4dfd859c
	- fabric-loot-api-v2 3.0.54+3f89f5a59c
	- fabric-loot-api-v3 2.0.1+f40817309c
	- fabric-message-api-v1 6.1.0+8efa0e499c
	- fabric-networking-api-v1 5.0.0+d32f812d9c
	- fabric-object-builder-api-v1 21.1.5+946cf7899c
	- fabric-particles-v1 4.1.6+c1dce2189c
	- fabric-recipe-api-v1 8.1.13+39ce47f59c
	- fabric-registry-sync-v0 6.1.25+9ec45cd89c
	- fabric-rendering-fluids-v1 3.1.29+fa6cb72b9c
	- fabric-resource-conditions-api-v1 5.0.23+908cbc919c
	- fabric-resource-loader-v0 3.1.10+fa6cb72b9c
	- fabric-screen-handler-api-v1 1.3.134+d32f812d9c
	- fabric-tag-api-v1 1.2.0+75110b049c
	- fabric-transfer-api-v1 6.0.4+074c84ee9c
	- fabric-transitive-access-wideners-v1 6.4.0+ac3e15d19c
	- fabricloader 0.16.14
	- java 21
	- minecraft 1.21.6
	- mixinextras 0.4.1
[22:52:27] [main/INFO] (FabricLoader/Mixin) SpongePowered MIXIN Subsystem Version=0.8.7 Source=file:/E:/PYTHON/CoreSwap/.gradle-home/caches/modules-2/files-2.1/net.fabricmc/sponge-mixin/0.15.5+mixin.0.8.7/22f9eb729e216a091673a574a5906dc1b9027fb3/sponge-mixin-0.15.5+mixin.0.8.7.jar Service=Knot/Fabric Env=SERVER
[22:52:28] [main/INFO] (FabricLoader/Mixin) Loaded Fabric development mappings for mixin remapper!
[22:52:28] [main/INFO] (FabricLoader/Mixin) Compatibility level set to JAVA_21
[22:52:28] [main/INFO] (FabricLoader/MixinExtras|Service) Initializing MixinExtras via com.llamalad7.mixinextras.service.MixinExtrasServiceImpl(version=0.4.1).
[22:52:29] [main/WARN] (WmiQueryHandler) COM exception querying Win32_Processor, which might not be on your system. Will not attempt to query it again. Error was -2147217405: (HRESULT: 80041003)
[22:52:29] [main/WARN] (WmiQueryHandler) COM exception querying Win32_Processor, which might not be on your system. Will not attempt to query it again. Error was -2147217405: (HRESULT: 80041003)
[22:52:29] [main/WARN] (WmiQueryHandler) COM exception querying Win32_PhysicalMemory, which might not be on your system. Will not attempt to query it again. Error was -2147217405: (HRESULT: 80041003)
[22:52:36] [main/INFO] (Minecraft) Environment: Environment[sessionHost=https://sessionserver.mojang.com, servicesHost=https://api.minecraftservices.com, name=PROD]
[22:52:37] [main/INFO] (Minecraft) No existing world data, creating new world
[22:52:38] [main/INFO] (Minecraft) Loaded 1407 recipes
[22:52:38] [main/INFO] (Minecraft) Loaded 1520 advancements
[22:52:38] [main/INFO] (BiomeModificationImpl) Applied 0 biome modifications to 0 of 65 new biomes in 1.295 ms
[22:52:38] [Server thread/INFO] (Minecraft) Starting minecraft server version 1.21.6
[22:52:38] [Server thread/INFO] (Minecraft) Loading properties
[22:52:38] [Server thread/INFO] (Minecraft) Default game type: SURVIVAL
[22:52:38] [Server thread/INFO] (Minecraft) Generating keypair
[22:52:38] [Server thread/INFO] (Minecraft) Starting Minecraft server on *:25565
[22:52:38] [Server thread/INFO] (Minecraft) Using default channel type
[22:52:38] [Server thread/WARN] (Minecraft) **** SERVER IS RUNNING IN OFFLINE/INSECURE MODE!
[22:52:38] [Server thread/WARN] (Minecraft) The server will make no attempt to authenticate usernames. Beware.
[22:52:38] [Server thread/WARN] (Minecraft) While this makes the game possible to play without internet access, it also opens up the ability for hackers to connect with any username they choose.
[22:52:38] [Server thread/WARN] (Minecraft) To change this, set "online-mode" to "true" in the server.properties file.
[22:52:38] [Server thread/INFO] (Minecraft) Preparing level "world"
[22:52:41] [Server thread/INFO] (Minecraft) Preparing start region for dimension minecraft:overworld
[22:52:41] [Worker-Main-7/INFO] (Minecraft) Preparing spawn area: 2%
[22:52:41] [Worker-Main-20/INFO] (Minecraft) Preparing spawn area: 2%
[22:52:42] [Worker-Main-15/INFO] (Minecraft) Preparing spawn area: 2%
[22:52:42] [Worker-Main-12/INFO] (Minecraft) Preparing spawn area: 18%
[22:52:43] [Worker-Main-6/INFO] (Minecraft) Preparing spawn area: 22%
[22:52:43] [Worker-Main-4/INFO] (Minecraft) Preparing spawn area: 51%
[22:52:43] [Server thread/INFO] (Minecraft) Time elapsed: 2575 ms
[22:52:43] [Server thread/INFO] (Minecraft) Done (5.099s)! For help, type "help"
[22:52:43] [Server thread/INFO] (Minecraft) Starting remote control listener
[22:52:43] [Server thread/INFO] (Minecraft) Thread RCON Listener started
[22:52:43] [Server thread/INFO] (Minecraft) RCON running on 0.0.0.0:25575
[22:52:43] [Server thread/INFO] (Minecraft) [STDOUT]: [CppBridge] init seed=777000111222333444 worldgenDir=E:\PYTHON\CoreSwap\versions\1.21.6\data\worldgen enabled=true stageMask=3 env.CORESWAP_DEFAULT_BLOCK=null
[22:52:43] [Server thread/INFO] (Minecraft) [STDOUT]: [CppBridge] dll=E:\PYTHON\CoreSwap\.tmp\java-tmp\coreswap-native\worldgen.dll size=2457088 sha256=abd7d8893d22e030...
[22:52:43] [Server thread/INFO] (Minecraft) [STDOUT]: [CppBridge] initNether seed=777000111222333444 enabled=true stageMask=3
[22:52:43] [Server thread/INFO] (Minecraft) [STDOUT]: [CppBridge] initEnd seed=777000111222333444 enabled=true stageMask=3
[22:52:43] [Server thread/INFO] (Minecraft) [STDOUT]: [BenchMod] CoreSwap replace mode: C++ worldgen active
[22:52:53] [RCON Listener #1/INFO] (Minecraft) Thread RCON Client /127.0.0.1 started
[22:52:54] [Worker-Main-19/INFO] (Minecraft) [STDOUT]: [WG-BULKWB-SENTINEL] armed: concurrent same-chunk write detector active (non-reentrant, in-flight overlap only; mirrors vanilla LockHelper semantics)
[22:52:54] [Worker-Main-6/INFO] (Minecraft) [STDOUT]: [WG-CONTENT-WB] chunk(-194,-194) hash=51e226b4de98f8b9 dh=1069b20726417f43 nz=32456
[22:52:54] [Worker-Main-16/INFO] (Minecraft) [STDOUT]: [WG-CONTENT-WB] chunk(-193,-192) hash=e3f5b70de54eb387 dh=c735bcee7d42e18a nz=30806
[22:52:54] [Worker-Main-18/INFO] (Minecraft) [STDOUT]: [WG-CONTENT-WB] chunk(-194,-190) hash=4fdcd3ad193e2630 dh=faf12ef7d74dfc53 nz=28959
[22:52:54] [Worker-Main-8/INFO] (Minecraft) [STDOUT]: [WG-CONTENT-WB] chunk(-191,-194) hash=bc820a5697afee70 dh=77d5fd039c99d447 nz=32512
[22:52:54] [Worker-Main-20/INFO] (Minecraft) [STDOUT]: [WG-CONTENT-WB] chunk(-191,-192) hash=c4b17c9307725ce4 dh=607dbde5ece16caf nz=31045
[22:52:54] [Worker-Main-17/INFO] (Minecraft) [STDOUT]: [WG-CONTENT-WB] chunk(-193,-193) hash=e1f449f466fa8824 dh=cdd29f0365ea2d1c nz=28894
[22:52:54] [Worker-Main-7/INFO] (Minecraft) [STDOUT]: [WG-CONTENT-WB] chunk(-190,-194) hash=680ee1c76ba617d5 dh=e63bee9957ad4056 nz=32204
[22:52:54] [Worker-Main-5/INFO] (Minecraft) [STDOUT]: [WG-CONTENT-WB] chunk(-194,-192) hash=a9cd53c4c8fd7095 dh=315c94007dd4c6ed nz=32261
[22:52:54] [Worker-Main-2/INFO] (Minecraft) [STDOUT]: [WG-CONTENT-WB] chunk(-191,-191) hash=c89b7d2288e6793a dh=b97ec38ce47dde5c nz=30952
[22:52:54] [Worker-Main-15/INFO] (Minecraft) [STDOUT]: [WG-CONTENT-WB] chunk(-192,-194) hash=e767539ec3b60eac dh=a72fb463a6ebe1e5 nz=31913
[22:52:54] [Worker-Main-19/INFO] (Minecraft) [STDOUT]: [WG-CONTENT-WB] chunk(-194,-191) hash=6292f9c3fac7b377 dh=7fa12b13d25c8cc4 nz=30766
[22:52:54] [Worker-Main-14/INFO] (Minecraft) [STDOUT]: [WG-CONTENT-WB] chunk(-191,-190) hash=142196b5d7d33304 dh=5eb7b4676e265ca6 nz=29004
[22:52:54] [Worker-Main-22/INFO] (Minecraft) [STDOUT]: [WG-CONTENT-WB] chunk(-192,-193) hash=ab3726632ba2154d dh=47134789723e0fa6 nz=29716
[22:52:54] [Worker-Main-9/INFO] (Minecraft) [STDOUT]: [WG-CONTENT-WB] chunk(-192,-192) hash=db2edce3ea41d32e dh=c5ae0f70aa40e780 nz=31259
[22:52:54] [Worker-Main-1/INFO] (Minecraft) [STDOUT]: [WG-CONTENT-WB] chunk(-193,-190) hash=68ee50c68c0883b9 dh=657f75ba31afac3e nz=27112
[22:52:54] [Worker-Main-3/INFO] (Minecraft) [STDOUT]: [WG-CONTENT-WB] chunk(-192,-190) hash=c00ec6e0b2b01a1e dh=337290c881de9c50 nz=27184
[22:52:54] [Worker-Main-12/INFO] (Minecraft) [STDOUT]: [WG-CONTENT-WB] chunk(-193,-194) hash=4756d1820ae516b1 dh=c1ba7df68320b3fc nz=31825
[22:52:54] [Worker-Main-21/INFO] (Minecraft) [STDOUT]: [WG-CONTENT-WB] chunk(-193,-191) hash=21a8085cef2d432a dh=38e7f9bb3db0e543 nz=30258
[22:52:54] [Worker-Main-4/INFO] (Minecraft) [STDOUT]: [WG-CONTENT-WB] chunk(-191,-193) hash=1efd4684ed7c73bd dh=aecab7330dc92fac nz=32142
[22:52:54] [Worker-Main-13/INFO] (Minecraft) [STDOUT]: [WG-CONTENT-WB] chunk(-190,-193) hash=191a120dd225b084 dh=b59eb53859c05ac4 nz=29591
[22:52:54] [Worker-Main-23/INFO] (Minecraft) [STDOUT]: [WG-CONTENT-WB] chunk(-194,-193) hash=a442ba29fb8ef444 dh=1395595f94cfd03 nz=31532
[22:52:54] [Worker-Main-11/INFO] (Minecraft) [STDOUT]: [WG-CONTENT-WB] chunk(-192,-191) hash=eb1353679969ba3d dh=17137dacea9c9fdf nz=31154
[22:52:54] [Worker-Main-10/INFO] (Minecraft) [STDOUT]: [WG-CONTENT-WB] chunk(-190,-192) hash=27abc3c02c15bc13 dh=b259e4d13ceb8fb6 nz=30077
[22:52:54] [Worker-Main-6/INFO] (Minecraft) [STDOUT]: [WG-CONTENT-WB] chunk(-190,-191) hash=8d08bd6fe8697383 dh=336c54cae39221ad nz=32360
[22:52:54] [Worker-Main-18/INFO] (Minecraft) [STDOUT]: [WG-CONTENT-WB] chunk(-194,-195) hash=d1b2d2360e17a222 dh=f1277413cf82c337 nz=32496
[22:52:54] [Worker-Main-20/INFO] (Minecraft) [STDOUT]: [WG-CONTENT-WB] chunk(-192,-195) hash=c87741e53579c1a2 dh=e24db23b23cbee8e nz=32424
[22:52:54] [Worker-Main-16/INFO] (Minecraft) [STDOUT]: [WG-CONTENT-WB] chunk(-190,-190) hash=e812bfdc58fb3e2a dh=5b56f1bd568ea16b nz=31732
[22:52:54] [Worker-Main-17/INFO] (Minecraft) [STDOUT]: [WG-CONTENT-WB] chunk(-191,-195) hash=f7c60be71ea1c06e dh=d7afa6602cd74fb9 nz=32442
[22:52:54] [Worker-Main-8/INFO] (Minecraft) [STDOUT]: [WG-CONTENT-WB] chunk(-193,-195) hash=94b0f55d19539391 dh=811648875adeb228 nz=32260
[22:52:54] [Worker-Main-5/INFO] (Minecraft) [STDOUT]: [WG-CONTENT-WB] chunk(-195,-195) hash=754bbdf8553a9836 dh=1907335849c9c3bc nz=32512
[22:52:54] [Worker-Main-23/INFO] (Minecraft) [STDOUT]: [WG-CONTENT-WB] chunk(-189,-195) hash=8da8e8f1553e2559 dh=d0d382887d298b68 nz=32350
[22:52:54] [Worker-Main-7/INFO] (Minecraft) [STDOUT]: [WG-CONTENT-WB] chunk(-190,-195) hash=b8d3dfeb4945b7b3 dh=cd034e9ffb7f309f nz=32102
[22:52:54] [Worker-Main-14/INFO] (Minecraft) [STDOUT]: [WG-CONTENT-WB] chunk(-195,-191) hash=63695f0dc1b2fbab dh=db76e9dc805741c0 nz=31996
[22:52:54] [Worker-Main-22/INFO] (Minecraft) [STDOUT]: [WG-CONTENT-WB] chunk(-195,-190) hash=d095e77e702df20f dh=8e4e6e6dde587ea nz=30806
[22:52:54] [Worker-Main-15/INFO] (Minecraft) [STDOUT]: [WG-CONTENT-WB] chunk(-195,-193) hash=7acb08e5eabe577a dh=9119f9d06e9fc4d0 nz=32244
[22:52:54] [Worker-Main-19/INFO] (Minecraft) [STDOUT]: [WG-CONTENT-WB] chunk(-195,-192) hash=ef5a86b2954369cb dh=a98fac0db74d7a90 nz=31950
[22:52:54] [Worker-Main-2/INFO] (Minecraft) [STDOUT]: [WG-CONTENT-WB] chunk(-195,-194) hash=848a55ab1719bb3d dh=ce2cecf1c102d7c2 nz=32398
[22:52:54] [Worker-Main-4/INFO] (Minecraft) [STDOUT]: [WG-CONTENT-WB] chunk(-190,-189) hash=64c49ab19fb791bb dh=432405a8c7d01ff0 nz=31893
[22:52:54] [Worker-Main-3/INFO] (Minecraft) [STDOUT]: [WG-CONTENT-WB] chunk(-193,-189) hash=b03980287564da4b dh=69b36fa6077ed292 nz=30781
[22:52:54] [Worker-Main-12/INFO] (Minecraft) [STDOUT]: [WG-CONTENT-WB] chunk(-192,-189) hash=ed258a6914a779fc dh=214f4773be5a9c35 nz=29551
[22:52:54] [Worker-Main-9/INFO] (Minecraft) [STDOUT]: [WG-CONTENT-WB] chunk(-195,-189) hash=efae8ac5135eb5f7 dh=2a6986f3187b9441 nz=31141
[22:52:54] [Worker-Main-1/INFO] (Minecraft) [STDOUT]: [WG-CONTENT-WB] chunk(-194,-189) hash=9f6b92ab0fcab914 dh=187511354cd114 nz=30498
[22:52:54] [Worker-Main-21/INFO] (Minecraft) [STDOUT]: [WG-CONTENT-WB] chunk(-191,-189) hash=9621160d17727a63 dh=bf8c73b1cabb43b2 nz=29597
[22:52:54] [Worker-Main-13/INFO] (Minecraft) [STDOUT]: [WG-CONTENT-WB] chunk(-189,-194) hash=18d31c8cfba79227 dh=31252d4328fee222 nz=29497
[22:52:54] [Worker-Main-11/INFO] (Minecraft) [STDOUT]: [WG-CONTENT-WB] chunk(-189,-193) hash=de8b121a55136121 dh=7f755df0f46082c nz=27187
[22:52:54] [Worker-Main-10/INFO] (Minecraft) [STDOUT]: [WG-CONTENT-WB] chunk(-189,-192) hash=b4392136e493cc4e dh=f605eaac01440589 nz=28932
[22:52:54] [Worker-Main-6/INFO] (Minecraft) [STDOUT]: [WG-CONTENT-WB] chunk(-189,-191) hash=e2e886633a2d68b8 dh=de9faec14b82e907 nz=32210
[22:52:54] [Worker-Main-18/INFO] (Minecraft) [STDOUT]: [WG-CONTENT-WB] chunk(-189,-190) hash=1c61c0fc55f6e3ed dh=b7a09ce73b418a89 nz=31439
[22:52:54] [Worker-Main-20/INFO] (Minecraft) [STDOUT]: [WG-CONTENT-WB] chunk(-189,-189) hash=66ddd00f27e6de7a dh=57dfc92d32a4e53b nz=32252
[22:52:54] [Worker-Main-6/INFO] (Minecraft) [STDOUT]: [WG-CONTENT-WB] chunk(-194,-188) hash=58d8393e19a4c358 dh=c43f115be9efacbc nz=33037
[22:52:54] [Worker-Main-7/INFO] (Minecraft) [STDOUT]: [WG-CONTENT-WB] chunk(-193,-188) hash=bf4a408cebab69b2 dh=2cb1723e3bdbfc15 nz=32152
[22:52:54] [Worker-Main-8/INFO] (Minecraft) [STDOUT]: [WG-CONTENT-WB] chunk(-191,-188) hash=edf63f306e184020 dh=48e43fbb4b049b45 nz=32106
[22:52:54] [Worker-Main-5/INFO] (Minecraft) [STDOUT]: [WG-CONTENT-WB] chunk(-192,-188) hash=5d79d10279063519 dh=4eb14ceee88bd94c nz=32149
[22:52:54] [Worker-Main-22/INFO] (Minecraft) [STDOUT]: [WG-CONTENT-WB] chunk(-193,-187) hash=2d4223db7ef00b0a dh=5a42233abeafc4c nz=32252
[22:52:54] [Worker-Main-9/INFO] (Minecraft) [STDOUT]: [WG-CONTENT-WB] chunk(-191,-187) hash=1a757111b1763bf1 dh=ca22969c2142752b nz=33038
[22:52:54] [Worker-Main-19/INFO] (Minecraft) [STDOUT]: [WG-CONTENT-WB] chunk(-192,-187) hash=f223e02a6b457f09 dh=5d9dbc30d4250381 nz=33035
[22:52:54] [Worker-Main-23/INFO] (Minecraft) [STDOUT]: [WG-CONTENT-WB] chunk(-196,-193) hash=e791dfce168b9901 dh=b39c842ad131333f nz=32512
[22:52:54] [Worker-Main-20/INFO] (Minecraft) [STDOUT]: [WG-CONTENT-WB] chunk(-190,-187) hash=b60ef58264927a29 dh=5e5721a5041b87b3 nz=32900
[22:52:54] [Worker-Main-15/INFO] (Minecraft) [STDOUT]: [WG-CONTENT-WB] chunk(-196,-194) hash=cd26a083e3e94090 dh=997f19ae0afcfea3 nz=31879
[22:52:54] [Worker-Main-13/INFO] (Minecraft) [STDOUT]: [WG-CONTENT-WB] chunk(-190,-188) hash=9fafd1058b85dd1a dh=8fa30e33f4073d92 nz=32502
[22:52:54] [Worker-Main-11/INFO] (Minecraft) [STDOUT]: [WG-CONTENT-WB] chunk(-196,-195) hash=a946939d3307641b dh=636aa6ba02d47c7d nz=32209
[22:52:54] [Worker-Main-10/INFO] (Minecraft) [STDOUT]: [WG-CONTENT-WB] chunk(-195,-188) hash=282eec2f3c24421d dh=b158095585f1c228 nz=32597
[22:52:54] [Worker-Main-21/INFO] (Minecraft) [STDOUT]: [WG-CONTENT-WB] chunk(-196,-191) hash=24ad0badea54fc85 dh=e6818e2b2e918a38 nz=32512
[22:52:54] [Worker-Main-17/INFO] (Minecraft) [STDOUT]: [WG-CONTENT-WB] chunk(-189,-187) hash=f57c8615bf2a6a dh=fc97908a2edabfca nz=32764
[22:52:54] [Worker-Main-4/INFO] (Minecraft) [STDOUT]: [WG-CONTENT-WB] chunk(-196,-192) hash=ffd1456b63b77899 dh=fb2ebd6e91d2a20f nz=32512
[22:52:54] [Worker-Main-12/INFO] (Minecraft) [STDOUT]: [WG-CONTENT-WB] chunk(-189,-188) hash=7758b83ad70e3d69 dh=97587fb314f9cf42 nz=32436
[22:52:54] [Worker-Main-18/INFO] (Minecraft) [STDOUT]: [WG-CONTENT-WB] chunk(-196,-196) hash=a4a1061f8dabddc8 dh=cfe6883a95744e0a nz=32487
[22:52:54] [Worker-Main-3/INFO] (Minecraft) [STDOUT]: [WG-CONTENT-WB] chunk(-195,-196) hash=a0ce1d3a2563c1d8 dh=8e1eae1a0a083d87 nz=32511
[22:52:54] [Worker-Main-2/INFO] (Minecraft) [STDOUT]: [WG-CONTENT-WB] chunk(-191,-196) hash=b6a695418dcb7c82 dh=921e7f607931780d nz=32102
[22:52:54] [Worker-Main-14/INFO] (Minecraft) [STDOUT]: [WG-CONTENT-WB] chunk(-194,-187) hash=409d298857a775e4 dh=c858f8ecb5ea8a28 nz=32465
[22:52:55] [Worker-Main-1/INFO] (Minecraft) [STDOUT]: [WG-CONTENT-WB] chunk(-195,-187) hash=f510f3009b65e4ee dh=62f0b294913a7a58 nz=32556
[22:52:55] [Worker-Main-16/INFO] (Minecraft) [STDOUT]: [WG-CONTENT-WB] chunk(-194,-196) hash=88d06089efff0502 dh=d01d79578f9df537 nz=32512
[22:52:55] [Worker-Main-7/INFO] (Minecraft) [STDOUT]: [WG-CONTENT-WB] chunk(-193,-196) hash=a47c3f688dfeb219 dh=6936a8364e61baee nz=32512
[22:52:55] [Worker-Main-6/INFO] (Minecraft) [STDOUT]: [WG-CONTENT-WB] chunk(-190,-196) hash=273c0b23d48470d4 dh=15e634048710cd8b nz=31665
[22:52:55] [Worker-Main-8/INFO] (Minecraft) [STDOUT]: [WG-CONTENT-WB] chunk(-192,-196) hash=4cd1eecd138a0373 dh=94c09a712b0652d5 nz=32311
[22:52:55] [Worker-Main-22/INFO] (Minecraft) [STDOUT]: [WG-CONTENT-WB] chunk(-196,-189) hash=2671e638e7ee63d5 dh=e7905b73158fc513 nz=32540
[22:52:55] [Worker-Main-5/INFO] (Minecraft) [STDOUT]: [WG-CONTENT-WB] chunk(-196,-190) hash=eb7ea3d5c25a8675 dh=6934c79eac920ca9 nz=32511
[22:52:55] [Worker-Main-9/INFO] (Minecraft) [STDOUT]: [WG-CONTENT-WB] chunk(-189,-196) hash=a1e64fac3d51d3b3 dh=4529e5e743a92aa9 nz=31899
[22:52:55] [Worker-Main-23/INFO] (Minecraft) [STDOUT]: [WG-CONTENT-WB] chunk(-196,-188) hash=b973fc389de7c4f2 dh=527ff79bf4517b11 nz=31832
[22:52:55] [Worker-Main-17/INFO] (Minecraft) [STDOUT]: [WG-CONTENT-WB] chunk(-188,-192) hash=2903b88dbad3efa4 dh=2b35f06954c94325 nz=24516
[22:52:55] [Worker-Main-20/INFO] (Minecraft) [STDOUT]: [WG-CONTENT-WB] chunk(-188,-188) hash=f5ff1310e0cc85e8 dh=73162cc3940c81d1 nz=32698
[22:52:55] [Worker-Main-23/INFO] (Minecraft) [STDOUT]: [WG-CONTENT-WB] chunk(-188,-193) hash=6ad3638f0390bad0 dh=60c015757bb9beed nz=23190
[22:52:55] [Worker-Main-22/INFO] (Minecraft) [STDOUT]: [WG-CONTENT-WB] chunk(-188,-196) hash=efca5a763e8a880f dh=f76fd5e5fda079d3 nz=32326
[22:52:55] [Worker-Main-1/INFO] (Minecraft) [STDOUT]: [WG-CONTENT-WB] chunk(-188,-195) hash=edc83916dc712f48 dh=4b37d1d06f67873f nz=31960
[22:52:55] [Worker-Main-13/INFO] (Minecraft) [STDOUT]: [WG-CONTENT-WB] chunk(-196,-187) hash=4489e37b2bf13f8d dh=f6a2a692819178db nz=32371
[22:52:55] [Worker-Main-14/INFO] (Minecraft) [STDOUT]: [WG-CONTENT-WB] chunk(-188,-189) hash=c2c5973f28d3ca0 dh=2ce85eaefeb6d16d nz=31930
[22:52:55] [Worker-Main-6/INFO] (Minecraft) [STDOUT]: [WG-CONTENT-WB] chunk(-188,-190) hash=5062b2e4af95f0c0 dh=b05c3d7ff81e1be6 nz=32146
[22:52:55] [Worker-Main-10/INFO] (Minecraft) [STDOUT]: [WG-CONTENT-WB] chunk(-188,-191) hash=f2be8f70f1779d94 dh=2aea5dffef60ed7 nz=28541
[22:52:55] [Worker-Main-2/INFO] (Minecraft) [STDOUT]: [WG-CONTENT-WB] chunk(-188,-194) hash=42a9abe6abc7c11f dh=2697712001de8eae nz=26443
[22:52:55] [Worker-Main-16/INFO] (Minecraft) [STDOUT]: [WG-CONTENT-WB] chunk(-188,-187) hash=4eaa4d45b9c89fb0 dh=aac773bd0a23e5b2 nz=32872
[22:52:55] [Worker-Main-19/INFO] (Minecraft) [STDOUT]: [WG-CONTENT-WB] chunk(-195,-186) hash=53e204a15dfd46cd dh=14d7929fe98be3ab nz=32612
[22:52:55] [Worker-Main-18/INFO] (Minecraft) [STDOUT]: [WG-CONTENT-WB] chunk(-189,-186) hash=5df520e4b1fd5a89 dh=f22f7e713e7520af nz=32060
[22:52:55] [Worker-Main-12/INFO] (Minecraft) [STDOUT]: [WG-CONTENT-WB] chunk(-192,-186) hash=e7b7dfd756cb5758 dh=cae682125fe6846d nz=31014
[22:52:55] [Worker-Main-15/INFO] (Minecraft) [STDOUT]: [WG-CONTENT-WB] chunk(-193,-186) hash=2bb03ccdc8ab9770 dh=b434b896e4b83504 nz=30319
[22:52:55] [Worker-Main-4/INFO] (Minecraft) [STDOUT]: [WG-CONTENT-WB] chunk(-190,-186) hash=7c282f211b8106ca dh=38353dd333094cc nz=32543
[22:52:55] [Worker-Main-7/INFO] (Minecraft) [STDOUT]: [WG-CONTENT-WB] chunk(-191,-186) hash=62e420a65ea60e2d dh=2d6343ae6bb2a2ac nz=32016
[22:52:55] [Worker-Main-21/INFO] (Minecraft) [STDOUT]: [WG-CONTENT-WB] chunk(-194,-186) hash=709d2fc035685cf5 dh=e71c3bb19c0a4f7e nz=32402
[22:52:55] [Worker-Main-5/INFO] (Minecraft) [STDOUT]: [WG-CONTENT-WB] chunk(-193,-185) hash=a114a5e0c5a5ff87 dh=6b2fc2ea6e1d313b nz=25051
[22:52:55] [Worker-Main-17/INFO] (Minecraft) [STDOUT]: [WG-CONTENT-WB] chunk(-194,-185) hash=a1fa069d35ef66ce dh=b136e82c01281d4c nz=27628
[22:52:55] [Worker-Main-9/INFO] (Minecraft) [STDOUT]: [WG-CONTENT-WB] chunk(-192,-185) hash=c53f9ad941fdfca dh=76304e79a4340f91 nz=25939
[22:52:55] [Worker-Main-8/INFO] (Minecraft) [STDOUT]: [WG-CONTENT-WB] chunk(-191,-185) hash=6c8c144389818618 dh=a84ef48f039b9a09 nz=30182
[22:52:55] [Worker-Main-23/INFO] (Minecraft) [STDOUT]: [WG-CONTENT-WB] chunk(-196,-186) hash=131b9a6ef9662d7d dh=73cd066e9eab56b2 nz=32229
[22:52:55] [Worker-Main-3/INFO] (Minecraft) [STDOUT]: [WG-CONTENT-WB] chunk(-195,-185) hash=b97bfc36d9cc7988 dh=cf34c070899f6616 nz=31041
[22:52:55] [Worker-Main-20/INFO] (Minecraft) [STDOUT]: [WG-CONTENT-WB] chunk(-190,-185) hash=6ce980c43e903614 dh=1be1d064f242a38b nz=29593
[22:52:55] [Worker-Main-11/INFO] (Minecraft) [STDOUT]: [WG-CONTENT-WB] chunk(-189,-185) hash=324e7542313e8abf dh=48e2fd6934870e7c nz=30439
[22:52:55] [Worker-Main-22/INFO] (Minecraft) [STDOUT]: [WG-CONTENT-WB] chunk(-188,-186) hash=2c5af0b973c555ac dh=4cf649bf067bcac8 nz=32344
[22:52:55] [Worker-Main-22/INFO] (Minecraft) [STDOUT]: [WG-CONTENT-WB] chunk(-191,-184) hash=45b95febfe981845 dh=ffee6bf7da5eac9b nz=27395
[22:52:55] [Worker-Main-12/INFO] (Minecraft) [STDOUT]: [WG-CONTENT-WB] chunk(-194,-184) hash=a5f83d051f963030 dh=76ba90247a7cca34 nz=27896
[22:52:55] [Worker-Main-1/INFO] (Minecraft) [STDOUT]: [WG-CONTENT-WB] chunk(-192,-184) hash=b6d0716f90132a4c dh=28d18e25ec6a916b nz=24069
[22:52:55] [Worker-Main-2/INFO] (Minecraft) [STDOUT]: [WG-CONTENT-WB] chunk(-189,-184) hash=cb6f2846061b0156 dh=5fbe1b0227c2a881 nz=30390
[22:52:55] [Worker-Main-17/INFO] (Minecraft) [STDOUT]: [WG-CONTENT-WB] chunk(-193,-184) hash=b643cb3d4a569dc7 dh=8fb165cfff572620 nz=23660
[22:52:55] [Worker-Main-21/INFO] (Minecraft) [STDOUT]: [WG-CONTENT-WB] chunk(-190,-184) hash=17453c7c75fa57b4 dh=e5558dbb9ccf19f6 nz=27639
[22:52:55] [Worker-Main-10/INFO] (Minecraft) [STDOUT]: [WG-CONTENT-WB] chunk(-195,-184) hash=1b08a0805a906b08 dh=32c1568ffe145d75 nz=32737
[22:52:55] [Worker-Main-4/INFO] (Minecraft) [STDOUT]: [WG-CONTENT-WB] chunk(-188,-184) hash=9a6468c0377b693a dh=b4d2766d31fe2e4d nz=32772
[22:52:55] [Worker-Main-5/INFO] (Minecraft) [STDOUT]: [WG-CONTENT-WB] chunk(-196,-185) hash=51e6df096ed2cb47 dh=d1b721093931457 nz=30270
[22:52:55] [Worker-Main-6/INFO] (Minecraft) [STDOUT]: [WG-CONTENT-WB] chunk(-195,-183) hash=271c461a87963b1e dh=cb37fe76f639e1cc nz=33250
[22:52:55] [Worker-Main-18/INFO] (Minecraft) [STDOUT]: [WG-CONTENT-WB] chunk(-188,-185) hash=be96bf8f6c5dc297 dh=dbafd32891b3bba7 nz=32025
[22:52:55] [Worker-Main-8/INFO] (Minecraft) [STDOUT]: [WG-CONTENT-WB] chunk(-190,-183) hash=263a76aa2bc08a33 dh=8e6bf4dcf1e6273b nz=27978
[22:52:55] [Worker-Main-9/INFO] (Minecraft) [STDOUT]: [WG-CONTENT-WB] chunk(-191,-183) hash=39f77d1fc8539767 dh=5fcf3db06fe95ac0 nz=28808
[22:52:55] [Worker-Main-15/INFO] (Minecraft) [STDOUT]: [WG-CONTENT-WB] chunk(-193,-183) hash=b29211cbeec61082 dh=6d3cee52e314f54c nz=27318
[22:52:55] [Worker-Main-23/INFO] (Minecraft) [STDOUT]: [WG-CONTENT-WB] chunk(-189,-183) hash=b582c84c6a4285f1 dh=7c8e9a641307061c nz=31654
[22:52:55] [Worker-Main-11/INFO] (Minecraft) [STDOUT]: [WG-CONTENT-WB] chunk(-192,-183) hash=7bb8c8d5424a88a3 dh=1e32c8a4ddbedd53 nz=28088
[22:52:55] [Worker-Main-13/INFO] (Minecraft) [STDOUT]: [WG-CONTENT-WB] chunk(-196,-184) hash=8b740c3844ec1940 dh=b3871b11ee8f9680 nz=32538
[22:52:55] [Worker-Main-16/INFO] (Minecraft) [STDOUT]: [WG-CONTENT-WB] chunk(-195,-182) hash=3824784a6b6814d1 dh=a6de3c43f4400810 nz=32594
[22:52:55] [Worker-Main-14/INFO] (Minecraft) [STDOUT]: [WG-CONTENT-WB] chunk(-194,-183) hash=8b9c659fdae91dd2 dh=67d5572b7a6b233f nz=31188
[22:52:55] [Worker-Main-3/INFO] (Minecraft) [STDOUT]: [WG-CONTENT-WB] chunk(-196,-183) hash=295d18f2d6662977 dh=3c6a16efea71d388 nz=32831
[22:52:55] [Worker-Main-19/INFO] (Minecraft) [STDOUT]: [WG-CONTENT-WB] chunk(-188,-183) hash=16f013c8a330d25f dh=e836190656039d3a nz=33495
[22:52:55] [Worker-Main-7/INFO] (Minecraft) [STDOUT]: [WG-CONTENT-WB] chunk(-196,-182) hash=5abc4ce86327a882 dh=fc5d33112ac64806 nz=32428
[22:52:55] [Worker-Main-12/INFO] (Minecraft) [STDOUT]: [WG-CONTENT-WB] chunk(-192,-182) hash=61686fbfc8a028b4 dh=f8aeec6a69ed48f4 nz=30565
[22:52:55] [Worker-Main-20/INFO] (Minecraft) [STDOUT]: [WG-CONTENT-WB] chunk(-194,-182) hash=a9dc687b86e9cc0b dh=da5913dba2b05ff8 nz=32002
[22:52:55] [Worker-Main-1/INFO] (Minecraft) [STDOUT]: [WG-CONTENT-WB] chunk(-191,-182) hash=c5cde4f6c78fef62 dh=ac7613edc7fb281 nz=28851
[22:52:55] [Worker-Main-2/INFO] (Minecraft) [STDOUT]: [WG-CONTENT-WB] chunk(-190,-182) hash=2e6d780b91a7619d dh=60d08f33322bbb51 nz=31474
[22:52:55] [Worker-Main-22/INFO] (Minecraft) [STDOUT]: [WG-CONTENT-WB] chunk(-193,-182) hash=541be216278f00ab dh=f5c3b4f1fda70fd4 nz=29398
[22:52:55] [Worker-Main-17/INFO] (Minecraft) [STDOUT]: [WG-CONTENT-WB] chunk(-189,-182) hash=c76995616e626f57 dh=b466c2b28b0307be nz=32489
[22:52:55] [Worker-Main-6/INFO] (Minecraft) [STDOUT]: [WG-CONTENT-WB] chunk(-188,-182) hash=f271d91eab790e03 dh=ec1a7788616cfa34 nz=33187
[22:52:55] [Worker-Main-16/INFO] (Minecraft) [STDOUT]: [WG-CONTENT-WB] chunk(-195,-181) hash=eb5f9b7f120c9afb dh=3cd8926fdeb5074c nz=32487
[22:52:55] [Worker-Main-18/INFO] (Minecraft) [STDOUT]: [WG-CONTENT-WB] chunk(-193,-181) hash=30cd0c71530913ad dh=8da375de5b2dc76c nz=32820
[22:52:55] [Worker-Main-13/INFO] (Minecraft) [STDOUT]: [WG-CONTENT-WB] chunk(-192,-181) hash=bf7d37a666b8aa80 dh=d7f8773a90227469 nz=32981
[22:52:55] [Worker-Main-23/INFO] (Minecraft) [STDOUT]: [WG-CONTENT-WB] chunk(-191,-181) hash=82a6ad2c502499d8 dh=70753c669f464b60 nz=30356
[22:52:55] [Worker-Main-8/INFO] (Minecraft) [STDOUT]: [WG-CONTENT-WB] chunk(-194,-181) hash=b2fd01e3f23efd09 dh=59cf4c3cc42a895e nz=31862
[22:52:55] [Worker-Main-7/INFO] (Minecraft) [STDOUT]: [WG-CONTENT-WB] chunk(-189,-181) hash=d05898b948afd1f1 dh=339742102ab47983 nz=32531
[22:52:55] [Worker-Main-16/INFO] (Minecraft) [STDOUT]: [WG-CONTENT-WB] chunk(-190,-181) hash=2779bbab8c74e54e dh=d77f23a19cc8ffe7 nz=32512
[22:52:55] [Worker-Main-19/INFO] (Minecraft) [STDOUT]: [WG-CONTENT-WB] chunk(-196,-181) hash=1f26d566d77f2a72 dh=85615cd1652f394 nz=32512
[22:52:55] [Worker-Main-17/INFO] (Minecraft) [STDOUT]: [WG-CONTENT-WB] chunk(-188,-181) hash=11100343810d478b dh=cda3f0fbdd6584bf nz=33029
[22:52:55] [Worker-Main-5/INFO] (Minecraft) [STDOUT]: [WG-CONTENT-WB] chunk(-189,-180) hash=a4afe0c5af24c603 dh=cce5aa1753485d82 nz=32557
[22:52:55] [Worker-Main-3/INFO] (Minecraft) [STDOUT]: [WG-CONTENT-WB] chunk(-194,-180) hash=9eceea19fda3872b dh=e8f215030c8c0bc2 nz=32049
[22:52:55] [Worker-Main-9/INFO] (Minecraft) [STDOUT]: [WG-CONTENT-WB] chunk(-190,-180) hash=41b8a8ea1a383816 dh=22bd2770a9a804d nz=32468
[22:52:55] [Worker-Main-13/INFO] (Minecraft) [STDOUT]: [WG-CONTENT-WB] chunk(-191,-180) hash=a279f0a4f147bd08 dh=49d2b981e92362e7 nz=30796
[22:52:55] [Worker-Main-15/INFO] (Minecraft) [STDOUT]: [WG-CONTENT-WB] chunk(-193,-180) hash=6d433992b8b28048 dh=9e693fdf19ac84af nz=33485
[22:52:55] [Worker-Main-1/INFO] (Minecraft) [STDOUT]: [WG-CONTENT-WB] chunk(-192,-180) hash=3f069d786045264a dh=2734b950ee22b5ad nz=32559
[22:52:55] [Worker-Main-4/INFO] (Minecraft) [STDOUT]: [WG-CONTENT-WB] chunk(-195,-180) hash=e4506b89329fb38 dh=58b8c2995eb3dfed nz=31557
[22:52:55] [Worker-Main-20/INFO] (Minecraft) [STDOUT]: [WG-CONTENT-WB] chunk(-196,-180) hash=dea77aad72330a19 dh=5fe8e195393285cc nz=32229
[22:52:55] [Worker-Main-18/INFO] (Minecraft) [STDOUT]: [WG-CONTENT-WB] chunk(-188,-180) hash=a5b76cf1bc254de2 dh=8f64c39fbc6451c4 nz=32744
[22:52:55] [Worker-Main-14/INFO] (Minecraft) [STDOUT]: [WG-CONTENT-WB] chunk(-192,-179) hash=b6ca75f642d8a295 dh=fd4236906851d65f nz=30681
[22:52:55] [Worker-Main-10/INFO] (Minecraft) [STDOUT]: [WG-CONTENT-WB] chunk(-193,-179) hash=a21579d0409ee74f dh=fe8c1bfd0dee31ac nz=32268
[22:52:55] [Worker-Main-23/INFO] (Minecraft) [STDOUT]: [WG-CONTENT-WB] chunk(-190,-179) hash=fdb692ece5b07d05 dh=daa90d41f990b834 nz=31504
[22:52:55] [Worker-Main-22/INFO] (Minecraft) [STDOUT]: [WG-CONTENT-WB] chunk(-191,-179) hash=83a2b750532dc416 dh=dcc0cd8675c3e0c5 nz=29192
[22:52:55] [Worker-Main-2/INFO] (Minecraft) [STDOUT]: [WG-CONTENT-WB] chunk(-194,-179) hash=182bfd93cc2f5290 dh=2d45423b11398591 nz=32423
[22:52:55] [Worker-Main-8/INFO] (Minecraft) [STDOUT]: [WG-CONTENT-WB] chunk(-196,-179) hash=e66f5bd485903065 dh=192073461df783bd nz=32496
[22:52:55] [Worker-Main-6/INFO] (Minecraft) [STDOUT]: [WG-CONTENT-WB] chunk(-195,-179) hash=5cb937c33eef3f91 dh=d557f3a8c1787cb8 nz=32384
[22:52:55] [Worker-Main-21/INFO] (Minecraft) [STDOUT]: [WG-CONTENT-WB] chunk(-189,-179) hash=8b9de6a579e17196 dh=15cb1265a527448d nz=32138
[22:52:55] [Worker-Main-11/INFO] (Minecraft) [STDOUT]: [WG-CONTENT-WB] chunk(-188,-179) hash=b249f2b98aacc9e0 dh=7dc1541d3927f052 nz=32831
[22:52:55] [Worker-Main-17/INFO] (Minecraft) [STDOUT]: [WG-CONTENT-WB] chunk(-192,-178) hash=eea815f839bbeb1f dh=e670283aedf1e12 nz=25690
[22:52:55] [Worker-Main-19/INFO] (Minecraft) [STDOUT]: [WG-CONTENT-WB] chunk(-193,-178) hash=ffbe5f26456ca2e3 dh=cbadcacd9fa23b18 nz=27698
[22:52:55] [Worker-Main-5/INFO] (Minecraft) [STDOUT]: [WG-CONTENT-WB] chunk(-191,-178) hash=9d147d3d6540a25 dh=3f2d4803e08d77e5 nz=23601
[22:52:55] [Worker-Main-16/INFO] (Minecraft) [STDOUT]: [WG-CONTENT-WB] chunk(-194,-178) hash=bca321af6f59b85d dh=715be9b686c232b4 nz=31709
[22:52:55] [Worker-Main-3/INFO] (Minecraft) [STDOUT]: [WG-CONTENT-WB] chunk(-190,-178) hash=607e25ceb33bac74 dh=8292e80edd9575b7 nz=26142
[22:52:55] [Worker-Main-7/INFO] (Minecraft) [STDOUT]: [WG-CONTENT-WB] chunk(-195,-178) hash=42962512d72b4bf1 dh=9ef5951184ed44b8 nz=32919
[22:52:55] [Worker-Main-12/INFO] (Minecraft) [STDOUT]: [WG-CONTENT-WB] chunk(-196,-178) hash=3a6b74077c470acb dh=fb697243dedf8c24 nz=32509
[22:52:55] [Worker-Main-9/INFO] (Minecraft) [STDOUT]: [WG-CONTENT-WB] chunk(-189,-178) hash=8f228e13976e5a81 dh=37f0a2b9d7a4c489 nz=28614
[22:52:55] [Worker-Main-13/INFO] (Minecraft) [STDOUT]: [WG-CONTENT-WB] chunk(-188,-178) hash=a55cde64ddfc7cd8 dh=955ffbec1c561785 nz=28427
[22:52:55] [Worker-Main-21/INFO] (Minecraft) [STDOUT]: [WG-CONTENT-WB] chunk(-190,-177) hash=3910567ac27a46ec dh=707efe29e9a64608 nz=26009
[22:52:55] [Worker-Main-4/INFO] (Minecraft) [STDOUT]: [WG-CONTENT-WB] chunk(-194,-177) hash=c2fc6dd96dd99947 dh=6ddd89b531977f nz=30444
[22:52:55] [Worker-Main-19/INFO] (Minecraft) [STDOUT]: [WG-CONTENT-WB] chunk(-189,-177) hash=33ae14e89b68dd0d dh=9c85ce94d2b2d728 nz=25640
[22:52:55] [Worker-Main-8/INFO] (Minecraft) [STDOUT]: [WG-CONTENT-WB] chunk(-190,-176) hash=1378d9d973bae880 dh=bc46567a3bc82b04 nz=30317
[22:52:55] [Worker-Main-23/INFO] (Minecraft) [STDOUT]: [WG-CONTENT-WB] chunk(-192,-177) hash=c4d1aef28e9f245d dh=3147b95ad2eb59aa nz=25417
[22:52:55] [Worker-Main-14/INFO] (Minecraft) [STDOUT]: [WG-CONTENT-WB] chunk(-192,-176) hash=e27901a2332bd72f dh=a05100e768f5ec85 nz=22637
[22:52:55] [Worker-Main-6/INFO] (Minecraft) [STDOUT]: [WG-CONTENT-WB] chunk(-191,-177) hash=c14724135ba813c0 dh=1855a09e7cfb8c0 nz=23372
[22:52:55] [Worker-Main-22/INFO] (Minecraft) [STDOUT]: [WG-CONTENT-WB] chunk(-189,-176) hash=8355835488927e4e dh=dc807851953199bd nz=31661
[22:52:55] [Worker-Main-11/INFO] (Minecraft) [STDOUT]: [WG-CONTENT-WB] chunk(-191,-176) hash=5429957d32543889 dh=f533fe5535acb2d0 nz=25210
[22:52:55] [Worker-Main-3/INFO] (Minecraft) [STDOUT]: [WG-CONTENT-WB] chunk(-195,-176) hash=507c28014ab5c93d dh=f93d289ddb8a1393 nz=32040
[22:52:55] [Worker-Main-1/INFO] (Minecraft) [STDOUT]: [WG-CONTENT-WB] chunk(-193,-176) hash=9d90d4255115d9f2 dh=91c44fde17800703 nz=25726
[22:52:55] [Worker-Main-2/INFO] (Minecraft) [STDOUT]: [WG-CONTENT-WB] chunk(-193,-177) hash=4c3227048783121a dh=d93e22695470cc4 nz=25698
[22:52:55] [Worker-Main-7/INFO] (Minecraft) [STDOUT]: [WG-CONTENT-WB] chunk(-195,-177) hash=66bdca35e225b1f6 dh=4a90e29631a019fe nz=33066
[22:52:55] [Worker-Main-18/INFO] (Minecraft) [STDOUT]: [WG-CONTENT-WB] chunk(-194,-176) hash=4859cbb4217526ea dh=4e30878fb7f8d4ea nz=29015
[22:52:55] [Worker-Main-12/INFO] (Minecraft) [STDOUT]: [WG-CONTENT-WB] chunk(-188,-177) hash=8d118e7b3d03d0a5 dh=c00bfb094d3c7e0 nz=24019
[22:52:55] [Worker-Main-10/INFO] (Minecraft) [STDOUT]: [WG-CONTENT-WB] chunk(-192,-175) hash=f192e69057b89f21 dh=ddcb4226122c80b8 nz=26897
[22:52:55] [Worker-Main-20/INFO] (Minecraft) [STDOUT]: [WG-CONTENT-WB] chunk(-191,-175) hash=dca29955317a68e1 dh=2a0056a6f4c39c0b nz=28545
[22:52:55] [Worker-Main-5/INFO] (Minecraft) [STDOUT]: [WG-CONTENT-WB] chunk(-194,-175) hash=ad67d9484c1c428f dh=88c139e3d04dbf49 nz=28741
[22:52:55] [Worker-Main-9/INFO] (Minecraft) [STDOUT]: [WG-CONTENT-WB] chunk(-196,-176) hash=40b0cf1f7e8d6685 dh=a5754a917d6d5b4a nz=32841
[22:52:55] [Worker-Main-13/INFO] (Minecraft) [STDOUT]: [WG-CONTENT-WB] chunk(-195,-175) hash=85c412438ad337d9 dh=c7ceed4d3d184971 nz=32747
[22:52:55] [Worker-Main-16/INFO] (Minecraft) [STDOUT]: [WG-CONTENT-WB] chunk(-190,-175) hash=d5d280d411df6089 dh=1a3263e4f0ca9ccd nz=32068
[22:52:55] [Worker-Main-15/INFO] (Minecraft) [STDOUT]: [WG-CONTENT-WB] chunk(-193,-175) hash=49cc8006f015c30d dh=441e0d5d26ade54c nz=29334
[22:52:55] [Worker-Main-21/INFO] (Minecraft) [STDOUT]: [WG-CONTENT-WB] chunk(-189,-175) hash=dee9b42a596b2b15 dh=1bded73320c9ae5 nz=31832
[22:52:55] [Worker-Main-17/INFO] (Minecraft) [STDOUT]: [WG-CONTENT-WB] chunk(-196,-177) hash=e649ecde350a2e2d dh=6dd45504862132e0 nz=32938
[22:52:55] [Worker-Main-19/INFO] (Minecraft) [STDOUT]: [WG-CONTENT-WB] chunk(-188,-176) hash=86e3e08f7c39af03 dh=570d80bb5e209c91 nz=29575
[22:52:55] [Worker-Main-8/INFO] (Minecraft) [STDOUT]: [WG-CONTENT-WB] chunk(-188,-175) hash=fe18584ffaf7e18c dh=f99597c856432dc nz=29620
[22:52:55] [Worker-Main-4/INFO] (Minecraft) [STDOUT]: [WG-CONTENT-WB] chunk(-196,-175) hash=62aad1f845361cff dh=7310637a51470d8b nz=32908
[22:52:55] [Worker-Main-7/INFO] (Minecraft) [STDOUT]: [WG-CONTENT-WB] chunk(-187,-181) hash=e1f55279adbe2613 dh=6e07d6366de3f30b nz=33229
[22:52:55] [Worker-Main-17/INFO] (Minecraft) [STDOUT]: [WG-CONTENT-WB] chunk(-187,-188) hash=bd9e1fb934e6a550 dh=6c85e0432326e7e8 nz=31589
[22:52:56] [Worker-Main-21/INFO] (Minecraft) [STDOUT]: [WG-CONTENT-WB] chunk(-187,-177) hash=4b27c10e6837fb59 dh=d10c04abb0bdc157 nz=28322
[22:52:56] [Worker-Main-5/INFO] (Minecraft) [STDOUT]: [WG-CONTENT-WB] chunk(-187,-184) hash=ff0a0d0400a5d68b dh=83854f1c73046e7b nz=33203
[22:52:56] [Worker-Main-18/INFO] (Minecraft) [STDOUT]: [WG-CONTENT-WB] chunk(-187,-182) hash=bddba214cde4d996 dh=ae5cc62dfbde94e3 nz=33522
[22:52:56] [Worker-Main-10/INFO] (Minecraft) [STDOUT]: [WG-CONTENT-WB] chunk(-187,-190) hash=1a081eaef5f19555 dh=2178fd7033719a85 nz=32273
[22:52:56] [Worker-Main-4/INFO] (Minecraft) [STDOUT]: [WG-CONTENT-WB] chunk(-187,-192) hash=e754e61075faa39f dh=cea98c55e0bc7495 nz=24830
[22:52:56] [Worker-Main-12/INFO] (Minecraft) [STDOUT]: [WG-CONTENT-WB] chunk(-187,-183) hash=a90f316dd8c39981 dh=8d4125b895653ed nz=33084
[22:52:56] [Worker-Main-13/INFO] (Minecraft) [STDOUT]: [WG-CONTENT-WB] chunk(-187,-186) hash=ce424fde3be2271b dh=af5aca74aca93300 nz=31585
[22:52:56] [Worker-Main-23/INFO] (Minecraft) [STDOUT]: [WG-CONTENT-WB] chunk(-187,-191) hash=1c42902acbf565e5 dh=c19ffa4bcd0df86e nz=27782
[22:52:56] [Worker-Main-9/INFO] (Minecraft) [STDOUT]: [WG-CONTENT-WB] chunk(-187,-179) hash=39dc4bc2b079c094 dh=5bf03c787cead5ce nz=32234
[22:52:56] [Worker-Main-2/INFO] (Minecraft) [STDOUT]: [WG-CONTENT-WB] chunk(-187,-180) hash=cc00024f3bc00a4b dh=ecbd1215d94c12c9 nz=32822
[22:52:56] [Worker-Main-8/INFO] (Minecraft) [STDOUT]: [WG-CONTENT-WB] chunk(-187,-178) hash=b5e0b70224ef337d dh=ff52e43476658820 nz=28700
[22:52:56] [Worker-Main-15/INFO] (Minecraft) [STDOUT]: [WG-CONTENT-WB] chunk(-187,-194) hash=43dcdd828c624689 dh=fdb4fda8fcdc44fc nz=23319
[22:52:56] [Worker-Main-3/INFO] (Minecraft) [STDOUT]: [WG-CONTENT-WB] chunk(-187,-189) hash=8b11679193944911 dh=871616b50a5f1f0b nz=31807
[22:52:56] [Worker-Main-11/INFO] (Minecraft) [STDOUT]: [WG-CONTENT-WB] chunk(-187,-193) hash=7c4f66a243a019a8 dh=4b0209c309d295b2 nz=24476
[22:52:56] [Worker-Main-14/INFO] (Minecraft) [STDOUT]: [WG-CONTENT-WB] chunk(-187,-185) hash=328f0937415e7d93 dh=ccdab2ec9f5bc4c3 nz=32969
[22:52:56] [Worker-Main-19/INFO] (Minecraft) [STDOUT]: [WG-CONTENT-WB] chunk(-187,-176) hash=65040272e5d2557c dh=fb802acc470a9571 nz=30727
[22:52:56] [Worker-Main-20/INFO] (Minecraft) [STDOUT]: [WG-CONTENT-WB] chunk(-187,-195) hash=435aff092f2e0246 dh=8ca2e7d1e97c842d nz=28482
[22:52:56] [Worker-Main-22/INFO] (Minecraft) [STDOUT]: [WG-CONTENT-WB] chunk(-186,-192) hash=89f7f7c6f6d1b0b8 dh=c9295c576be60f5c nz=31958
[22:52:56] [Worker-Main-16/INFO] (Minecraft) [STDOUT]: [WG-CONTENT-WB] chunk(-186,-194) hash=5020028d0fdb9de7 dh=a1b37f951794b73b nz=30014
[22:52:56] [Worker-Main-1/INFO] (Minecraft) [STDOUT]: [WG-CONTENT-WB] chunk(-186,-193) hash=dd831e0884fe5d57 dh=33223c7bb5a0dab0 nz=32720
[22:52:56] [Worker-Main-6/INFO] (Minecraft) [STDOUT]: [WG-CONTENT-WB] chunk(-186,-195) hash=f4277e0d67e588f7 dh=9dc5b71b15fdf7d2 nz=28419
[22:52:56] [Worker-Main-7/INFO] (Minecraft) [STDOUT]: [WG-CONTENT-WB] chunk(-186,-191) hash=7a0cfb8f0c5ca9af dh=59d748b75d863953 nz=29923
[22:52:56] [Worker-Main-5/INFO] (Minecraft) [STDOUT]: [WG-CONTENT-WB] chunk(-187,-187) hash=a063b75e5fef9393 dh=bcd2676a88a03a7a nz=32467
[22:52:56] [Worker-Main-17/INFO] (Minecraft) [STDOUT]: [WG-CONTENT-WB] chunk(-186,-190) hash=1b2acd38ac066fa dh=96b2d23c75f3d81f nz=29732
[22:52:56] [Worker-Main-18/INFO] (Minecraft) [STDOUT]: [WG-CONTENT-WB] chunk(-187,-175) hash=1cfa46ee1bdf1796 dh=4222305b552e4b82 nz=31451
[22:52:56] [Worker-Main-21/INFO] (Minecraft) [STDOUT]: [WG-CONTENT-WB] chunk(-186,-189) hash=c98eeb6cac1f7e73 dh=d6773c5d09fbd3e2 nz=33151
[22:52:56] [Worker-Main-11/INFO] (Minecraft) [STDOUT]: [WG-CONTENT-WB] chunk(-186,-188) hash=3e3691dd1984218d dh=92723a84d148b119 nz=31488
[22:52:56] [Worker-Main-15/INFO] (Minecraft) [STDOUT]: [WG-CONTENT-WB] chunk(-186,-187) hash=6411eb62d3e9724c dh=56e9edd345b00 nz=32591
[22:52:56] [Worker-Main-22/INFO] (Minecraft) [STDOUT]: [WG-CONTENT-WB] chunk(-186,-186) hash=aa69459f3453b831 dh=cca49bd78e7fb53b nz=33754
[22:52:56] [Worker-Main-20/INFO] (Minecraft) [STDOUT]: [WG-CONTENT-WB] chunk(-186,-185) hash=674031867740677 dh=6ed624105e3e5762 nz=32975
[22:52:56] [Worker-Main-1/INFO] (Minecraft) [STDOUT]: [WG-CONTENT-WB] chunk(-186,-182) hash=ad6f5f2f6be5ddb5 dh=6e1170130056830e nz=32770
[22:52:56] [Worker-Main-16/INFO] (Minecraft) [STDOUT]: [WG-CONTENT-WB] chunk(-186,-183) hash=4df667fc04cb2522 dh=4ee8234f25a34988 nz=32846
[22:52:56] [Worker-Main-10/INFO] (Minecraft) [STDOUT]: [WG-CONTENT-WB] chunk(-186,-184) hash=330c27804228c4a4 dh=2798882c19766b5c nz=33379
[22:52:56] [Worker-Main-8/INFO] (Minecraft) [STDOUT]: [WG-CONTENT-WB] chunk(-186,-180) hash=6fc5598ce3059206 dh=80bbd326a15b08a6 nz=32434
[22:52:56] [Worker-Main-7/INFO] (Minecraft) [STDOUT]: [WG-CONTENT-WB] chunk(-186,-181) hash=9c713f3e23a1f15 dh=270822466400e2b1 nz=32722
[22:52:56] [Worker-Main-21/INFO] (Minecraft) [STDOUT]: [WG-CONTENT-WB] chunk(-186,-178) hash=4f52c46b26a0dadb dh=7c4080e9b134a25d nz=33321
[22:52:56] [Worker-Main-2/INFO] (Minecraft) [STDOUT]: [WG-CONTENT-WB] chunk(-186,-176) hash=ce191fe224254597 dh=946e286612a2849f nz=32132
[22:52:56] [Worker-Main-4/INFO] (Minecraft) [STDOUT]: [WG-CONTENT-WB] chunk(-186,-179) hash=a4e572392ac1e8ab dh=5da02d203c50e682 nz=33829
[22:52:56] [Worker-Main-6/INFO] (Minecraft) [STDOUT]: [WG-CONTENT-WB] chunk(-185,-188) hash=4e28074d64126084 dh=39eb4d97d976a42d nz=34261
[22:52:56] [Worker-Main-14/INFO] (Minecraft) [STDOUT]: [WG-CONTENT-WB] chunk(-185,-187) hash=7677321b9834b7da dh=8743d3d40cdee702 nz=34072
[22:52:56] [Worker-Main-23/INFO] (Minecraft) [STDOUT]: [WG-CONTENT-WB] chunk(-186,-175) hash=8851cf5a8247b760 dh=45dd375692e1a08b nz=31892
[22:52:56] [Worker-Main-3/INFO] (Minecraft) [STDOUT]: [WG-CONTENT-WB] chunk(-186,-177) hash=84d0d5ad8d529c0f dh=7a2581e11e062e07 nz=30658
[22:52:56] [Worker-Main-17/INFO] (Minecraft) [STDOUT]: [WG-CONTENT-WB] chunk(-185,-190) hash=51cf8d06128f147d dh=649276cd0c9a0f4a nz=30050
[22:52:56] [Worker-Main-13/INFO] (Minecraft) [STDOUT]: [WG-CONTENT-WB] chunk(-193,-174) hash=b275d8f4fa00e6e5 dh=732ab4cf39a16c nz=31687
[22:52:56] [Worker-Main-18/INFO] (Minecraft) [STDOUT]: [WG-CONTENT-WB] chunk(-185,-189) hash=59bcba37ed0b9950 dh=7fa02318f1496223 nz=32505
[22:52:56] [Worker-Main-19/INFO] (Minecraft) [STDOUT]: [WG-CONTENT-WB] chunk(-192,-174) hash=d6414ae5cc4d73f1 dh=94eaa1ec47d5fe1d nz=30898
[22:52:56] [Worker-Main-9/INFO] (Minecraft) [STDOUT]: [WG-CONTENT-WB] chunk(-194,-174) hash=a7c6a399e8585785 dh=b47a48b238e607a2 nz=31591
[22:52:56] [Worker-Main-12/INFO] (Minecraft) [STDOUT]: [WG-CONTENT-WB] chunk(-191,-174) hash=26c0401a7d070f65 dh=8690d99383dfb0ee nz=31934
[22:52:56] [Worker-Main-5/INFO] (Minecraft) [STDOUT]: [WG-CONTENT-WB] chunk(-185,-191) hash=14cdbf097a32de25 dh=66b8ef75b086f325 nz=31230
[22:52:56] [Worker-Main-11/INFO] (Minecraft) [STDOUT]: [WG-CONTENT-WB] chunk(-190,-174) hash=66698e9606a87080 dh=28c43b29e18953be nz=32451
[22:52:56] [Worker-Main-15/INFO] (Minecraft) [STDOUT]: [WG-CONTENT-WB] chunk(-185,-192) hash=8fcb54ec1c39f9a7 dh=1d35ab7ca96646ab nz=33282
[22:52:56] [Worker-Main-1/INFO] (Minecraft) [STDOUT]: [WG-CONTENT-WB] chunk(-185,-193) hash=b2e5ca1e28c4b530 dh=3410bfd70d9f9070 nz=33010
[22:52:56] [Worker-Main-22/INFO] (Minecraft) [STDOUT]: [WG-CONTENT-WB] chunk(-185,-194) hash=8baccc64f6d86351 dh=7b2e723963fc8bde nz=33219
[22:52:56] [Worker-Main-20/INFO] (Minecraft) [STDOUT]: [WG-CONTENT-WB] chunk(-185,-195) hash=d37ba9f70404012 dh=775e686612b0fe22 nz=32541
[22:52:56] [Worker-Main-21/INFO] (Minecraft) [STDOUT]: [WG-CONTENT-WB] chunk(-185,-186) hash=2375e713805924b dh=e9ea7f7d99c4d17e nz=34541
[22:52:56] [Worker-Main-1/INFO] (Minecraft) [STDOUT]: [WG-CONTENT-WB] chunk(-195,-174) hash=929e6d40316a3371 dh=5a9f96a5a46fb422 nz=32648
[22:52:56] [Worker-Main-2/INFO] (Minecraft) [STDOUT]: [WG-CONTENT-WB] chunk(-189,-174) hash=e2f15143c027e602 dh=cee369786bc3c297 nz=31976
[22:52:56] [Worker-Main-16/INFO] (Minecraft) [STDOUT]: [WG-CONTENT-WB] chunk(-187,-174) hash=56111184081a5994 dh=a0d2e03e1f90144f nz=31429
[22:52:56] [Worker-Main-9/INFO] (Minecraft) [STDOUT]: [WG-CONTENT-WB] chunk(-185,-181) hash=4dd0a2a57795312d dh=7bc98cd46f82024b nz=31654
[22:52:56] [Worker-Main-5/INFO] (Minecraft) [STDOUT]: [WG-CONTENT-WB] chunk(-184,-192) hash=616edaba14b9dc2c dh=bf8bdd95dddb9be7 nz=33891
[22:52:56] [Worker-Main-3/INFO] (Minecraft) [STDOUT]: [WG-CONTENT-WB] chunk(-185,-184) hash=7a9e48158f4d6ec5 dh=f090181bbefb808c nz=33286
[22:52:56] [Worker-Main-18/INFO] (Minecraft) [STDOUT]: [WG-CONTENT-WB] chunk(-185,-182) hash=e5f2bfb0854669e8 dh=6260a400cbac2ea7 nz=30975
[22:52:56] [Worker-Main-17/INFO] (Minecraft) [STDOUT]: [WG-CONTENT-WB] chunk(-185,-179) hash=82a7d6fa43d2a83a dh=a27b59f4ba5d124e nz=33824
[22:52:56] [Worker-Main-8/INFO] (Minecraft) [STDOUT]: [WG-CONTENT-WB] chunk(-188,-174) hash=310709d16e9ae63d dh=96534c8fa2dbc3fb nz=29738
[22:52:56] [Worker-Main-7/INFO] (Minecraft) [STDOUT]: [WG-CONTENT-WB] chunk(-185,-177) hash=5832cdf8cd8872a9 dh=4df5429d11a47f03 nz=33093
[22:52:56] [Worker-Main-6/INFO] (Minecraft) [STDOUT]: [WG-CONTENT-WB] chunk(-185,-178) hash=5ca2ee90279f2bd4 dh=31841f73f388e176 nz=33107
[22:52:56] [Worker-Main-10/INFO] (Minecraft) [STDOUT]: [WG-CONTENT-WB] chunk(-185,-180) hash=48148b52ceb20910 dh=6732640efce92783 nz=31521
[22:52:56] [Worker-Main-22/INFO] (Minecraft) [STDOUT]: [WG-CONTENT-WB] chunk(-185,-183) hash=330af4f1437bc377 dh=26643f61c5762704 nz=30771
[22:52:56] [Worker-Main-14/INFO] (Minecraft) [STDOUT]: [WG-CONTENT-WB] chunk(-196,-174) hash=bbdc1616ac42f724 dh=d97e40b0e1879a09 nz=34101
[22:52:56] [Worker-Main-15/INFO] (Minecraft) [STDOUT]: [WG-CONTENT-WB] chunk(-185,-185) hash=7713b9973aa7bedb dh=697d8d79fb9574bd nz=33749
[22:52:56] [Worker-Main-12/INFO] (Minecraft) [STDOUT]: [WG-CONTENT-WB] chunk(-185,-176) hash=92738f6735424b38 dh=1d50f0aa2fe07053 nz=32106
[22:52:56] [Worker-Main-23/INFO] (Minecraft) [STDOUT]: [WG-CONTENT-WB] chunk(-184,-195) hash=6dd7131d1ae32903 dh=ed9891a3482b6d10 nz=33105
[22:52:56] [Worker-Main-11/INFO] (Minecraft) [STDOUT]: [WG-CONTENT-WB] chunk(-184,-190) hash=edc56f91700619c4 dh=56636eba1c9ef86b nz=32369
[22:52:56] [Worker-Main-20/INFO] (Minecraft) [STDOUT]: [WG-CONTENT-WB] chunk(-184,-189) hash=9195f4001a42dd86 dh=5fb91dff91448b0b nz=34108
[22:52:56] [Worker-Main-4/INFO] (Minecraft) [STDOUT]: [WG-CONTENT-WB] chunk(-184,-191) hash=a73bd8b9893a4e9d dh=bda163f798611857 nz=32226
[22:52:56] [Worker-Main-13/INFO] (Minecraft) [STDOUT]: [WG-CONTENT-WB] chunk(-184,-193) hash=2d0cfd706f3abf5 dh=5cc3bd2f6d69e025 nz=32826
[22:52:56] [Worker-Main-19/INFO] (Minecraft) [STDOUT]: [WG-CONTENT-WB] chunk(-187,-196) hash=32c8b960292116d1 dh=7e6a7271b49ce736 nz=29558
[22:52:56] [Worker-Main-21/INFO] (Minecraft) [STDOUT]: [WG-CONTENT-WB] chunk(-184,-194) hash=d50d2eb3538c93cc dh=b771760299cdbf49 nz=31710
[22:52:56] [Worker-Main-2/INFO] (Minecraft) [STDOUT]: [WG-CONTENT-WB] chunk(-185,-175) hash=c5f88cacae57e327 dh=81424a565597002f nz=31000
[22:52:56] [Worker-Main-5/INFO] (Minecraft) [STDOUT]: [WG-CONTENT-WB] chunk(-184,-188) hash=3abe609310e6e8dc dh=8b9ea4c4a538ca82 nz=34649
[22:52:56] [Worker-Main-3/INFO] (Minecraft) [STDOUT]: [WG-CONTENT-WB] chunk(-184,-186) hash=e1c9c1f2059ce80f dh=ac0a5bb7a7fa05fa nz=34465
[22:52:56] [Worker-Main-18/INFO] (Minecraft) [STDOUT]: [WG-CONTENT-WB] chunk(-186,-174) hash=7e853cd96efbc323 dh=dd248770b6518ce4 nz=30771
[22:52:56] [Worker-Main-9/INFO] (Minecraft) [STDOUT]: [WG-CONTENT-WB] chunk(-186,-196) hash=2954466759cb7665 dh=5bcbc3d5384441ec nz=25061
[22:52:56] [Worker-Main-1/INFO] (Minecraft) [STDOUT]: [WG-CONTENT-WB] chunk(-184,-185) hash=3d39776cde0fa4e0 dh=12a2eab820a15955 nz=34543
[22:52:56] [Worker-Main-16/INFO] (Minecraft) [STDOUT]: [WG-CONTENT-WB] chunk(-184,-187) hash=f60794b6494cdb91 dh=4a15b1c4c582329d nz=34988
[22:52:56] [Worker-Main-17/INFO] (Minecraft) [STDOUT]: [WG-CONTENT-WB] chunk(-185,-196) hash=6e23837cc8164ce0 dh=358311df032a23fd nz=27170
[22:52:56] [Worker-Main-14/INFO] (Minecraft) [STDOUT]: [WG-CONTENT-WB] chunk(-184,-184) hash=277a4f89039b293e dh=8b41a4bc0e00bb4b nz=35148
[22:52:56] [Worker-Main-8/INFO] (Minecraft) [STDOUT]: [WG-CONTENT-WB] chunk(-184,-179) hash=cb90b4ea5f46252 dh=f85e4553dc3ff193 nz=33422
[22:52:56] [Worker-Main-3/INFO] (Minecraft) [STDOUT]: [WG-CONTENT-WB] chunk(-184,-183) hash=14491f6d113d6b15 dh=3ef6ca0dfa0756f4 nz=33236
[22:52:56] [Worker-Main-11/INFO] (Minecraft) [STDOUT]: [WG-CONTENT-WB] chunk(-184,-182) hash=46ac51eec8195b4d dh=b56bd98bfc180d75 nz=32250
[22:52:56] [Worker-Main-5/INFO] (Minecraft) [STDOUT]: [WG-CONTENT-WB] chunk(-184,-178) hash=2fb8dfdc7f41972f dh=a0a3fe80408da6a6 nz=31437
[22:52:56] [Worker-Main-9/INFO] (Minecraft) [STDOUT]: [WG-CONTENT-WB] chunk(-184,-180) hash=4b97a8512647a19b dh=f80d83229efb434c nz=31033
[22:52:56] [Worker-Main-15/INFO] (Minecraft) [STDOUT]: [WG-CONTENT-WB] chunk(-184,-181) hash=583a6c8d13ed6a63 dh=11100a331d54eaa6 nz=31825
[22:52:56] [Worker-Main-17/INFO] (Minecraft) [STDOUT]: [WG-CONTENT-WB] chunk(-184,-176) hash=c9ac806b146cf77b dh=ba97d6d919637ccd nz=33583
[22:52:56] [Worker-Main-12/INFO] (Minecraft) [STDOUT]: [WG-CONTENT-WB] chunk(-183,-189) hash=60c30207caff7416 dh=28af8b5497098efd nz=34616
[22:52:56] [Worker-Main-2/INFO] (Minecraft) [STDOUT]: [WG-CONTENT-WB] chunk(-183,-190) hash=629428c6f10b7424 dh=e33c881d2d02a50d nz=33483
[22:52:56] [Worker-Main-16/INFO] (Minecraft) [STDOUT]: [WG-CONTENT-WB] chunk(-183,-194) hash=5150b7bd1e68df87 dh=5a57e7519959d96e nz=32608
[22:52:56] [Worker-Main-6/INFO] (Minecraft) [STDOUT]: [WG-CONTENT-WB] chunk(-183,-191) hash=9d4be405432a55a9 dh=9dc0ab9ee3d4d7c2 nz=31934
[22:52:56] [Worker-Main-13/INFO] (Minecraft) [STDOUT]: [WG-CONTENT-WB] chunk(-184,-175) hash=c5c4b805d0ad8e99 dh=abf4d99b03152acc nz=32005
[22:52:56] [Worker-Main-4/INFO] (Minecraft) [STDOUT]: [WG-CONTENT-WB] chunk(-183,-193) hash=9ddeb45c9a83ac91 dh=97a4c439565d52ff nz=32982
[22:52:56] [Worker-Main-7/INFO] (Minecraft) [STDOUT]: [WG-CONTENT-WB] chunk(-184,-177) hash=6bcf831ecaa44ccc dh=fe22266c56effe72 nz=31592
[22:52:56] [Worker-Main-20/INFO] (Minecraft) [STDOUT]: [WG-CONTENT-WB] chunk(-183,-188) hash=976fc9a655c594e8 dh=cae10e3c7630ac98 nz=34667
[22:52:56] [Worker-Main-19/INFO] (Minecraft) [STDOUT]: [WG-CONTENT-WB] chunk(-183,-187) hash=5a5952f59b192c50 dh=a3a5ed941bbe7b44 nz=34983
[22:52:56] [Worker-Main-1/INFO] (Minecraft) [STDOUT]: [WG-CONTENT-WB] chunk(-183,-192) hash=c6512507b4de5372 dh=32d520e1cf1ce259 nz=32926
[22:52:56] [Worker-Main-23/INFO] (Minecraft) [STDOUT]: [WG-CONTENT-WB] chunk(-183,-186) hash=76a7645df3fc3603 dh=89764af8837d684 nz=35343
[22:52:56] [Worker-Main-18/INFO] (Minecraft) [STDOUT]: [WG-CONTENT-WB] chunk(-183,-185) hash=885cac7b5a6beb95 dh=7810e88e8ef3ff52 nz=35350
[22:52:56] [Worker-Main-21/INFO] (Minecraft) [STDOUT]: [WG-CONTENT-WB] chunk(-183,-184) hash=4a600628423a86c0 dh=b00229b987870cce nz=34649
[22:52:56] [Worker-Main-10/INFO] (Minecraft) [STDOUT]: [WG-CONTENT-WB] chunk(-185,-174) hash=f844b8ef2b24eab2 dh=6e75f227331a7aa9 nz=30195
[22:52:56] [Worker-Main-22/INFO] (Minecraft) [STDOUT]: [WG-CONTENT-WB] chunk(-183,-183) hash=3baa5d7b5b87587f dh=76c560dcbc05222e nz=31393
[22:52:56] [Worker-Main-14/INFO] (Minecraft) [STDOUT]: [WG-CONTENT-WB] chunk(-184,-196) hash=2c5ce0a9f71accd8 dh=60b85f73b51146ad nz=29858
[22:52:56] [Worker-Main-23/INFO] (Minecraft) [STDOUT]: [WG-CONTENT-WB] chunk(-182,-195) hash=cd46f18aa5145a7b dh=9e3e8f4870b4b16 nz=28388
[22:52:56] [Worker-Main-14/INFO] (Minecraft) [STDOUT]: [WG-CONTENT-WB] chunk(-183,-180) hash=3715027c28a9508 dh=893722971a2c5658 nz=33443
[22:52:56] [Worker-Main-3/INFO] (Minecraft) [STDOUT]: [WG-CONTENT-WB] chunk(-183,-181) hash=6198444a9cb5e68d dh=540ba96b72c0a08d nz=34288
[22:52:56] [Worker-Main-12/INFO] (Minecraft) [STDOUT]: [WG-CONTENT-WB] chunk(-183,-179) hash=475f48f36d6b355 dh=5d7378bc497962d6 nz=33608
[22:52:56] [Worker-Main-19/INFO] (Minecraft) [STDOUT]: [WG-CONTENT-WB] chunk(-182,-193) hash=f5148687b6331121 dh=cdde610ccb457e20 nz=32034
[22:52:56] [Worker-Main-4/INFO] (Minecraft) [STDOUT]: [WG-CONTENT-WB] chunk(-182,-191) hash=94c62a97818485ea dh=6408ee8391888cc4 nz=32512
[22:52:56] [Worker-Main-15/INFO] (Minecraft) [STDOUT]: [WG-CONTENT-WB] chunk(-183,-178) hash=344f8c42c7294d32 dh=c8c7f25be652ffc9 nz=29480
[22:52:56] [Worker-Main-21/INFO] (Minecraft) [STDOUT]: [WG-CONTENT-WB] chunk(-182,-190) hash=93295583cb4ad24 dh=ca74245affb86de8 nz=32644
[22:52:56] [Worker-Main-9/INFO] (Minecraft) [STDOUT]: [WG-CONTENT-WB] chunk(-182,-189) hash=dd066ddc79384c45 dh=b778778c85d78039 nz=33632
[22:52:56] [Worker-Main-5/INFO] (Minecraft) [STDOUT]: [WG-CONTENT-WB] chunk(-183,-176) hash=ad1ecb180a0e23e4 dh=6c1b226eb347f645 nz=33479
[22:52:56] [Worker-Main-8/INFO] (Minecraft) [STDOUT]: [WG-CONTENT-WB] chunk(-182,-194) hash=34c662d744037b dh=8c9b6e80756ee90 nz=31321
[22:52:56] [Worker-Main-13/INFO] (Minecraft) [STDOUT]: [WG-CONTENT-WB] chunk(-183,-195) hash=afc0875a002f3582 dh=9a451eafb1c7fc34 nz=33460
[22:52:56] [Worker-Main-1/INFO] (Minecraft) [STDOUT]: [WG-CONTENT-WB] chunk(-183,-175) hash=48aee15751ea77b9 dh=1d243ff1540726de nz=31297
[22:52:56] [Worker-Main-22/INFO] (Minecraft) [STDOUT]: [WG-CONTENT-WB] chunk(-182,-192) hash=47e96a85da113936 dh=fd57ed978a129ded nz=32515
[22:52:56] [Worker-Main-7/INFO] (Minecraft) [STDOUT]: [WG-CONTENT-WB] chunk(-182,-188) hash=442948b90e44717a dh=cce88ec8b509b32b nz=34788
[22:52:56] [Worker-Main-11/INFO] (Minecraft) [STDOUT]: [WG-CONTENT-WB] chunk(-183,-182) hash=26dda33bc617b26b dh=8f9f55d76fbbcfd7 nz=32765
[22:52:56] [Worker-Main-17/INFO] (Minecraft) [STDOUT]: [WG-CONTENT-WB] chunk(-182,-186) hash=c93ec9c64f1744e3 dh=c2c37d9bb1103204 nz=35195
[22:52:56] [Worker-Main-20/INFO] (Minecraft) [STDOUT]: [WG-CONTENT-WB] chunk(-183,-177) hash=e09673119aded97a dh=ace9bbb1ec883591 nz=30662
[22:52:56] [Worker-Main-18/INFO] (Minecraft) [STDOUT]: [WG-CONTENT-WB] chunk(-182,-187) hash=4491ae7891c184d dh=aaa400b9286be0a1 nz=35024
[22:52:56] [Worker-Main-2/INFO] (Minecraft) [STDOUT]: [WG-CONTENT-WB] chunk(-182,-183) hash=cc078d61573d32f7 dh=7c19916d55efcd76 nz=30893
[22:52:56] [Worker-Main-16/INFO] (Minecraft) [STDOUT]: [WG-CONTENT-WB] chunk(-182,-185) hash=7ad8f538d8cc6aee dh=2994036dc06db518 nz=36648
[22:52:56] [Worker-Main-6/INFO] (Minecraft) [STDOUT]: [WG-CONTENT-WB] chunk(-182,-184) hash=385447a6cec54f45 dh=5b8541ec8711ac1d nz=31042
[22:52:56] [Worker-Main-10/INFO] (Minecraft) [STDOUT]: [WG-CONTENT-WB] chunk(-182,-182) hash=b3f62815e293842 dh=30aa98191c6bddd9 nz=33352
[22:52:56] [Worker-Main-23/INFO] (Minecraft) [STDOUT]: [WG-CONTENT-WB] chunk(-182,-181) hash=f0129c7d83032683 dh=5bc9bc86881e0b99 nz=35813
[22:52:56] [Worker-Main-6/INFO] (Minecraft) [STDOUT]: [WG-CONTENT-WB] chunk(-184,-174) hash=a6edfceb948954f5 dh=404d0fafd74bde90 nz=27179
[22:52:56] [Worker-Main-21/INFO] (Minecraft) [STDOUT]: [WG-CONTENT-WB] chunk(-181,-193) hash=291191eac6347466 dh=6af0fc58b3470906 nz=32322
[22:52:56] [Worker-Main-3/INFO] (Minecraft) [STDOUT]: [WG-CONTENT-WB] chunk(-181,-192) hash=20898316bfca1f57 dh=f693434b68c52ba5 nz=31117
[22:52:56] [Worker-Main-4/INFO] (Minecraft) [STDOUT]: [WG-CONTENT-WB] chunk(-181,-194) hash=8168e1df7f93fe40 dh=8738fdad873346ff nz=30933
[22:52:56] [Worker-Main-8/INFO] (Minecraft) [STDOUT]: [WG-CONTENT-WB] chunk(-181,-189) hash=9d01aeb6c06d1ac0 dh=306254d1579274e0 nz=33673
[22:52:56] [Worker-Main-20/INFO] (Minecraft) [STDOUT]: [WG-CONTENT-WB] chunk(-182,-179) hash=f538b5cc15d97f24 dh=b62b792c3775317 nz=34945
[22:52:56] [Worker-Main-1/INFO] (Minecraft) [STDOUT]: [WG-CONTENT-WB] chunk(-182,-178) hash=712b512e8551b9f3 dh=36e338c26be714a8 nz=31921
[22:52:56] [Worker-Main-5/INFO] (Minecraft) [STDOUT]: [WG-CONTENT-WB] chunk(-181,-195) hash=cc8de87cfdc2de1e dh=9768c4bb7eb1fa38 nz=24976
[22:52:56] [Worker-Main-22/INFO] (Minecraft) [STDOUT]: [WG-CONTENT-WB] chunk(-183,-174) hash=f41e9aec9b245cfb dh=66ab17f182b9e8db nz=31028
[22:52:56] [Worker-Main-15/INFO] (Minecraft) [STDOUT]: [WG-CONTENT-WB] chunk(-181,-196) hash=f4b35a79f2e385f8 dh=bbca37f27a17ddae nz=23443
[22:52:56] [Worker-Main-19/INFO] (Minecraft) [STDOUT]: [WG-CONTENT-WB] chunk(-183,-196) hash=5418de9409d7925f dh=1d9de6ced2922d15 nz=29583
[22:52:56] [Worker-Main-14/INFO] (Minecraft) [STDOUT]: [WG-CONTENT-WB] chunk(-182,-175) hash=c614777c13a763e6 dh=1c5268337dc08e1d nz=29118
[22:52:56] [Worker-Main-17/INFO] (Minecraft) [STDOUT]: [WG-CONTENT-WB] chunk(-182,-196) hash=bab719a2e9f49e32 dh=e058294734691a86 nz=25792
[22:52:56] [Worker-Main-12/INFO] (Minecraft) [STDOUT]: [WG-CONTENT-WB] chunk(-181,-184) hash=4b1fadda1c00de84 dh=39db03afa44239c nz=31933
[22:52:56] [Worker-Main-9/INFO] (Minecraft) [STDOUT]: [WG-CONTENT-WB] chunk(-182,-180) hash=221dfe74cef5ea4d dh=c8ab302ce35d859f nz=35146
[22:52:56] [Worker-Main-10/INFO] (Minecraft) [STDOUT]: [WG-CONTENT-WB] chunk(-182,-176) hash=5736997282e8a7e5 dh=19eb5b56e03e8002 nz=28404
[22:52:56] [Worker-Main-13/INFO] (Minecraft) [STDOUT]: [WG-CONTENT-WB] chunk(-181,-188) hash=32e7d90faf079500 dh=dc925faa5b52dcb8 nz=34621
[22:52:56] [Worker-Main-16/INFO] (Minecraft) [STDOUT]: [WG-CONTENT-WB] chunk(-181,-190) hash=21542193b97199ec dh=b848a3eff23952eb nz=32622
[22:52:56] [Worker-Main-23/INFO] (Minecraft) [STDOUT]: [WG-CONTENT-WB] chunk(-182,-177) hash=b2b605cc7d911f4f dh=7b3bd7021c88e186 nz=29861
[22:52:56] [Worker-Main-7/INFO] (Minecraft) [STDOUT]: [WG-CONTENT-WB] chunk(-181,-183) hash=c0c7858496c69bce dh=42bbba37c6aaa245 nz=32048
[22:52:56] [Worker-Main-2/INFO] (Minecraft) [STDOUT]: [WG-CONTENT-WB] chunk(-181,-182) hash=7fd01747aa100d88 dh=2365feb537b52f73 nz=34733
[22:52:56] [Worker-Main-18/INFO] (Minecraft) [STDOUT]: [WG-CONTENT-WB] chunk(-181,-191) hash=e8d817e2c2e44c61 dh=bd7527d1fc05bd6f nz=32254
[22:52:56] [Worker-Main-11/INFO] (Minecraft) [STDOUT]: [WG-CONTENT-WB] chunk(-181,-181) hash=11bfbf7b2865f955 dh=bff497f9aaca4f4 nz=33864
[22:52:57] [Worker-Main-4/INFO] (Minecraft) [STDOUT]: [WG-CONTENT-WB] chunk(-182,-174) hash=af63bd487a4f922a dh=ff57cfed326e1a53 nz=32329
[22:52:57] [Worker-Main-6/INFO] (Minecraft) [STDOUT]: [WG-CONTENT-WB] chunk(-181,-180) hash=b2e7e72cee7e6f dh=879cb8a764a96a2b nz=32467
[22:52:57] [Worker-Main-21/INFO] (Minecraft) [STDOUT]: [WG-CONTENT-WB] chunk(-181,-187) hash=ab1097c2a850f6e6 dh=a54811db0722b013 nz=34870
[22:52:57] [Worker-Main-3/INFO] (Minecraft) [STDOUT]: [WG-CONTENT-WB] chunk(-181,-179) hash=9b6c1659a80cff2 dh=c54bef95666a2013 nz=33480
[22:52:57] [Worker-Main-20/INFO] (Minecraft) [STDOUT]: [WG-CONTENT-WB] chunk(-181,-185) hash=720291970a8116b5 dh=f54377f6f4872dd8 nz=34936
[22:52:57] [Worker-Main-8/INFO] (Minecraft) [STDOUT]: [WG-CONTENT-WB] chunk(-181,-186) hash=c1925ad758b12df8 dh=433ddf58f51887ba nz=33911
[22:52:57] [Worker-Main-6/INFO] (Minecraft) [STDOUT]: [WG-CONTENT-WB] chunk(-181,-177) hash=be1f032b8999a8e0 dh=52a89e6033cd312c nz=32003
[22:52:57] [Worker-Main-18/INFO] (Minecraft) [STDOUT]: [WG-CONTENT-WB] chunk(-181,-175) hash=4c71a5180631a9df dh=78ae7f4aed54441 nz=32045
[22:52:57] [Worker-Main-1/INFO] (Minecraft) [STDOUT]: [WG-CONTENT-WB] chunk(-181,-178) hash=30bac3d3f4e6980a dh=cf03a181e626340a nz=32011
[22:52:57] [Worker-Main-13/INFO] (Minecraft) [STDOUT]: [WG-CONTENT-WB] chunk(-180,-193) hash=9510d3ee824c5f45 dh=59f06909d29e7274 nz=32512
[22:52:57] [Worker-Main-15/INFO] (Minecraft) [STDOUT]: [WG-CONTENT-WB] chunk(-181,-176) hash=829bf3535ed04665 dh=e473271e482f1001 nz=31914
[22:52:57] [Worker-Main-23/INFO] (Minecraft) [STDOUT]: [WG-CONTENT-WB] chunk(-180,-194) hash=9d88bf7502cf2412 dh=c7833064cdb51064 nz=29006
[22:52:57] [Worker-Main-4/INFO] (Minecraft) [STDOUT]: [WG-CONTENT-WB] chunk(-180,-189) hash=11db4ff5fc1ce406 dh=42edf63411e276cf nz=32674
[22:52:57] [Worker-Main-21/INFO] (Minecraft) [STDOUT]: [WG-CONTENT-WB] chunk(-180,-191) hash=884c1c8219949a2e dh=7c0dcca052f59c51 nz=32014
[22:52:57] [Worker-Main-10/INFO] (Minecraft) [STDOUT]: [WG-CONTENT-WB] chunk(-180,-188) hash=1e055a75c0944219 dh=3f253f95dd1b2277 nz=33884
[22:52:57] [Worker-Main-2/INFO] (Minecraft) [STDOUT]: [WG-CONTENT-WB] chunk(-180,-192) hash=31866a1c2cb3e767 dh=a309137268d9795c nz=31333
[22:52:57] [Worker-Main-14/INFO] (Minecraft) [STDOUT]: [WG-CONTENT-WB] chunk(-180,-195) hash=1c2cfe38231f024c dh=926d1f5a9e50828 nz=25713
[22:52:57] [Worker-Main-9/INFO] (Minecraft) [STDOUT]: [WG-CONTENT-WB] chunk(-180,-190) hash=4107450b45443cee dh=fb200b0442bf6851 nz=31682
[22:52:57] [Worker-Main-3/INFO] (Minecraft) [STDOUT]: [WG-CONTENT-WB] chunk(-180,-187) hash=e86c285f3c693f02 dh=8aa22a6d43cf1467 nz=33890
[22:52:57] [Worker-Main-5/INFO] (Minecraft) [STDOUT]: [WG-CONTENT-WB] chunk(-180,-186) hash=b942f543c52d7b4f dh=94ff45ef990ebc80 nz=34167
[22:52:57] [Worker-Main-16/INFO] (Minecraft) [STDOUT]: [WG-CONTENT-WB] chunk(-180,-181) hash=7a602e9ef4c742b4 dh=da6cddfd71cf7f67 nz=34933
[22:52:57] [Worker-Main-8/INFO] (Minecraft) [STDOUT]: [WG-CONTENT-WB] chunk(-180,-185) hash=c4e351ae69b4f338 dh=433bac2ba8ebf8b4 nz=34465
[22:52:57] [Worker-Main-12/INFO] (Minecraft) [STDOUT]: [WG-CONTENT-WB] chunk(-180,-178) hash=e2dc9b3b06ff067b dh=afda1893899097e8 nz=31310
[22:52:57] [Worker-Main-11/INFO] (Minecraft) [STDOUT]: [WG-CONTENT-WB] chunk(-180,-179) hash=88e03918f38475d0 dh=f32d18d0719e64e8 nz=32033
[22:52:57] [Worker-Main-19/INFO] (Minecraft) [STDOUT]: [WG-CONTENT-WB] chunk(-180,-182) hash=a30bb874f735296a dh=b5a1c8db6e85e033 nz=36444
[22:52:57] [Worker-Main-7/INFO] (Minecraft) [STDOUT]: [WG-CONTENT-WB] chunk(-180,-183) hash=8c398ff3396163c4 dh=bbfde13c68165122 nz=34585
[22:52:57] [Worker-Main-17/INFO] (Minecraft) [STDOUT]: [WG-CONTENT-WB] chunk(-180,-180) hash=a7b10ccdc8419cce dh=99725088dea0a4e1 nz=32700
[22:52:57] [Worker-Main-22/INFO] (Minecraft) [STDOUT]: [WG-CONTENT-WB] chunk(-180,-184) hash=a03d44df61d180f3 dh=577e6e93f6920a02 nz=34583
[22:52:57] [Worker-Main-20/INFO] (Minecraft) [STDOUT]: [WG-CONTENT-WB] chunk(-180,-177) hash=4379a582072a546a dh=594c169e8b28774d nz=31588
[22:52:57] [Worker-Main-6/INFO] (Minecraft) [STDOUT]: [WG-CONTENT-WB] chunk(-180,-196) hash=667816f7f8e2c9e7 dh=b5c2614cb2211604 nz=24045
[22:52:57] [Worker-Main-18/INFO] (Minecraft) [STDOUT]: [WG-CONTENT-WB] chunk(-181,-174) hash=e91608ef9c22ffa5 dh=f71ae6624225bd65 nz=32461
[22:52:57] [Worker-Main-17/INFO] (Minecraft) [STDOUT]: [WG-CONTENT-WB] chunk(-180,-176) hash=26aa6dc3422a2761 dh=6b45c10196ab5a62 nz=32531
[22:52:57] [Worker-Main-20/INFO] (Minecraft) [STDOUT]: [WG-CONTENT-WB] chunk(-179,-192) hash=6d48d3d1c8b85b8 dh=30c8d789161c4ee1 nz=32361
[22:52:57] [Worker-Main-13/INFO] (Minecraft) [STDOUT]: [WG-CONTENT-WB] chunk(-179,-194) hash=32caf338748ed66d dh=cb8d2ceaa6e923d2 nz=31736
[22:52:57] [Worker-Main-4/INFO] (Minecraft) [STDOUT]: [WG-CONTENT-WB] chunk(-179,-193) hash=dfaae02a27d214ab dh=3a5d9c82fc2aaabd nz=32449
[22:52:57] [Worker-Main-11/INFO] (Minecraft) [STDOUT]: [WG-CONTENT-WB] chunk(-179,-191) hash=b7cd2e5bea2ad30f dh=f71d70ecce6bc4fe nz=31790
[22:52:57] [Worker-Main-21/INFO] (Minecraft) [STDOUT]: [WG-CONTENT-WB] chunk(-179,-195) hash=99ca4a47d0c005f5 dh=f954e99b9ad3c049 nz=29394
[22:52:57] [Worker-Main-2/INFO] (Minecraft) [STDOUT]: [WG-CONTENT-WB] chunk(-179,-187) hash=ec41c5463fb1127 dh=cf0cf6c1ddc07c6c nz=34190
[22:52:57] [Worker-Main-6/INFO] (Minecraft) [STDOUT]: [WG-CONTENT-WB] chunk(-179,-190) hash=e85297fda0c9e417 dh=b8f21cd9c779fe87 nz=31284
[22:52:57] [Worker-Main-7/INFO] (Minecraft) [STDOUT]: [WG-CONTENT-WB] chunk(-179,-185) hash=45e1cf11c1c5f44a dh=2b5206ff4d923109 nz=33834
[22:52:57] [Worker-Main-10/INFO] (Minecraft) [STDOUT]: [WG-CONTENT-WB] chunk(-179,-186) hash=551f646e1ea100a7 dh=6c86a774539bf0f4 nz=33811
[22:52:57] [Worker-Main-16/INFO] (Minecraft) [STDOUT]: [WG-CONTENT-WB] chunk(-179,-184) hash=3d3b660271c981b3 dh=dfec65a6666e1c49 nz=34863
[22:52:57] [Worker-Main-3/INFO] (Minecraft) [STDOUT]: [WG-CONTENT-WB] chunk(-179,-183) hash=3f31aa85ff09a293 dh=24775be7be1d7412 nz=35179
[22:52:57] [Worker-Main-9/INFO] (Minecraft) [STDOUT]: [WG-CONTENT-WB] chunk(-179,-189) hash=432f863e10d0f89f dh=acb9825715a568b2 nz=31653
[22:52:57] [Worker-Main-8/INFO] (Minecraft) [STDOUT]: [WG-CONTENT-WB] chunk(-180,-175) hash=7905819e5b54f5e6 dh=ded92cb64a59c580 nz=32523
[22:52:57] [Worker-Main-1/INFO] (Minecraft) [STDOUT]: [WG-CONTENT-WB] chunk(-179,-188) hash=d04b1815169ba63c dh=85599f30b62f42ae nz=32761
[22:52:57] [Worker-Main-5/INFO] (Minecraft) [STDOUT]: [WG-CONTENT-WB] chunk(-179,-196) hash=f6c96d4cd61f0701 dh=df1f42e92cd5b0f1 nz=28420
[22:52:57] [Worker-Main-23/INFO] (Minecraft) [STDOUT]: [WG-CONTENT-WB] chunk(-179,-182) hash=1a3fcf9c85d4dc89 dh=7e596ceb8fc6b9eb nz=34898
[22:52:57] [Worker-Main-12/INFO] (Minecraft) [STDOUT]: [WG-CONTENT-WB] chunk(-180,-174) hash=bc4285d791a8fdf9 dh=e36a584822bc6b00 nz=31324
[22:52:57] [Worker-Main-14/INFO] (Minecraft) [STDOUT]: [WG-CONTENT-WB] chunk(-179,-181) hash=a09dbaa02b95eba4 dh=3dc97f8b23bf6878 nz=34673
[22:52:57] [Worker-Main-15/INFO] (Minecraft) [STDOUT]: [WG-CONTENT-WB] chunk(-179,-179) hash=105d8911439ae2d2 dh=937dc465ad534e7 nz=32032
[22:52:57] [Worker-Main-22/INFO] (Minecraft) [STDOUT]: [WG-CONTENT-WB] chunk(-179,-178) hash=938bfd63b58ec3d8 dh=bd3c94a4e4f33cf6 nz=31293
[22:52:57] [Worker-Main-20/INFO] (Minecraft) [STDOUT]: [WG-CONTENT-WB] chunk(-179,-176) hash=b9fcf074a04267f5 dh=e255aa90acc0608 nz=30379
[22:52:57] [Worker-Main-18/INFO] (Minecraft) [STDOUT]: [WG-CONTENT-WB] chunk(-179,-177) hash=5cc655a5f4806202 dh=6eaea814a85452e nz=30997
[22:52:57] [Worker-Main-19/INFO] (Minecraft) [STDOUT]: [WG-CONTENT-WB] chunk(-179,-180) hash=bdcf9d55812ebc8f dh=b188904864ed3ecd nz=32221
[22:52:57] [Worker-Main-8/INFO] (Minecraft) [STDOUT]: [WG-CONTENT-WB] chunk(-179,-175) hash=87983848777b7fd5 dh=3d34831c262e62d6 nz=31070
[22:52:57] [Worker-Main-9/INFO] (Minecraft) [STDOUT]: [WG-CONTENT-WB] chunk(-178,-194) hash=ae196bdcacfeb1c4 dh=5deeabdde540c6db nz=32246
[22:52:57] [Worker-Main-16/INFO] (Minecraft) [STDOUT]: [WG-CONTENT-WB] chunk(-178,-195) hash=e280071d3aa9cd94 dh=434c4ce5cba72830 nz=32506
[22:52:57] [Worker-Main-6/INFO] (Minecraft) [STDOUT]: [WG-CONTENT-WB] chunk(-178,-193) hash=1bc3096f79bfc3a9 dh=bebbe6d485c3a120 nz=31758
[22:52:57] [Worker-Main-15/INFO] (Minecraft) [STDOUT]: [WG-CONTENT-WB] chunk(-178,-191) hash=4c584baa5d355117 dh=f6ae6e50f1e88b1b nz=32177
[22:52:57] [Worker-Main-1/INFO] (Minecraft) [STDOUT]: [WG-CONTENT-WB] chunk(-178,-190) hash=6bd3e323758937ad dh=e82c17317b164ef9 nz=32045
[22:52:57] [Worker-Main-14/INFO] (Minecraft) [STDOUT]: [WG-CONTENT-WB] chunk(-178,-192) hash=cc6dce4e2ecda646 dh=26ea954193cc67b8 nz=31439
[22:52:57] [Worker-Main-12/INFO] (Minecraft) [STDOUT]: [WG-CONTENT-WB] chunk(-178,-189) hash=a69171b69e7adcf5 dh=b2bba008633eed06 nz=32475
[22:52:57] [Worker-Main-2/INFO] (Minecraft) [STDOUT]: [WG-CONTENT-WB] chunk(-178,-187) hash=5205205dc101e457 dh=107e50f8abe8ab5e nz=34400
[22:52:57] [Worker-Main-19/INFO] (Minecraft) [STDOUT]: [WG-CONTENT-WB] chunk(-178,-188) hash=4e85b37a3a1b9107 dh=94298265b4078fc4 nz=33159
[22:52:57] [Worker-Main-7/INFO] (Minecraft) [STDOUT]: [WG-CONTENT-WB] chunk(-178,-184) hash=7ee2e5c8804c5247 dh=58e56fb051efa0b2 nz=34069
[22:52:57] [Worker-Main-21/INFO] (Minecraft) [STDOUT]: [WG-CONTENT-WB] chunk(-178,-185) hash=999e330c854bd88c dh=d4d5f98e5d17906b nz=33667
[22:52:57] [Worker-Main-3/INFO] (Minecraft) [STDOUT]: [WG-CONTENT-WB] chunk(-178,-186) hash=1578bc38b68d6980 dh=d1a29b5bb522ebf1 nz=34249
[22:52:57] [Worker-Main-10/INFO] (Minecraft) [STDOUT]: [WG-CONTENT-WB] chunk(-178,-180) hash=323fdf11b788c594 dh=174d2aea6ff9fe6e nz=32327
[22:52:57] [Worker-Main-17/INFO] (Minecraft) [STDOUT]: [WG-CONTENT-WB] chunk(-178,-179) hash=f03f4fbbf114797 dh=372feb127ded131e nz=31865
[22:52:57] [Worker-Main-8/INFO] (Minecraft) [STDOUT]: [WG-CONTENT-WB] chunk(-178,-183) hash=f51c1f934573bbe8 dh=70925ac65a4352a5 nz=34105
[22:52:57] [Worker-Main-13/INFO] (Minecraft) [STDOUT]: [WG-CONTENT-WB] chunk(-178,-178) hash=ec1afb958298aa6 dh=98632350727893a2 nz=30830
[22:52:57] [Worker-Main-20/INFO] (Minecraft) [STDOUT]: [WG-CONTENT-WB] chunk(-178,-182) hash=67371567da514e04 dh=7e48ad694a5fdb2b nz=34193
[22:52:57] [Worker-Main-5/INFO] (Minecraft) [STDOUT]: [WG-CONTENT-WB] chunk(-178,-181) hash=79319a94386daf58 dh=b5202406b4507a95 nz=33777
[22:52:57] [Worker-Main-22/INFO] (Minecraft) [STDOUT]: [WG-CONTENT-WB] chunk(-177,-195) hash=4674d4a0498bae0a dh=7cfdb952a2987f51 nz=32512
[22:52:57] [Worker-Main-11/INFO] (Minecraft) [STDOUT]: [WG-CONTENT-WB] chunk(-178,-176) hash=ff275461905ee90d dh=35ce59b5ce4c5599 nz=31970
[22:52:57] [Worker-Main-18/INFO] (Minecraft) [STDOUT]: [WG-CONTENT-WB] chunk(-177,-194) hash=1b3c2fc03ee07b0a dh=97e45b356f77edfc nz=32512
[22:52:57] [Worker-Main-23/INFO] (Minecraft) [STDOUT]: [WG-CONTENT-WB] chunk(-178,-177) hash=d7c91402f2c290d8 dh=2254d04b71f2ff4a nz=31919
[22:52:57] [Worker-Main-6/INFO] (Minecraft) [STDOUT]: [WG-CONTENT-WB] chunk(-177,-191) hash=a838dd581c7cadb6 dh=4c7a2de6ac33d51c nz=32437
[22:52:57] [Worker-Main-4/INFO] (Minecraft) [STDOUT]: [WG-CONTENT-WB] chunk(-178,-175) hash=fdd1bc60c25c77e6 dh=857f4adc35a67039 nz=31606
[22:52:57] [Worker-Main-9/INFO] (Minecraft) [STDOUT]: [WG-CONTENT-WB] chunk(-177,-193) hash=ae533e5e90fcda19 dh=ff02b407828beac6 nz=31646
[22:52:57] [Worker-Main-16/INFO] (Minecraft) [STDOUT]: [WG-CONTENT-WB] chunk(-177,-192) hash=82e099c0bb9bdc2e dh=59fd0d3edf2ac433 nz=30254
[22:52:57] [Worker-Main-1/INFO] (Minecraft) [STDOUT]: [WG-CONTENT-WB] chunk(-177,-190) hash=8333a75a085eb565 dh=7db7a69044a93ca7 nz=32421
[22:52:57] [Worker-Main-15/INFO] (Minecraft) [STDOUT]: [WG-CONTENT-WB] chunk(-177,-189) hash=2fccb6e6f9456b8b dh=e863bb427370519 nz=32352
[22:52:57] [Worker-Main-2/INFO] (Minecraft) [STDOUT]: [WG-CONTENT-WB] chunk(-178,-196) hash=b5e01315f149d0b dh=b5e85caa124e39e7 nz=32365
[22:52:57] [Worker-Main-9/INFO] (Minecraft) [STDOUT]: [WG-CONTENT-WB] chunk(-177,-188) hash=8e30ff073965f2c1 dh=30b18a70c7a0e1c6 nz=32487
[22:52:57] [Worker-Main-19/INFO] (Minecraft) [STDOUT]: [WG-CONTENT-WB] chunk(-179,-174) hash=fe8ad4edb9ede6bc dh=97c15627e7b081c2 nz=32345
[22:52:57] [Worker-Main-23/INFO] (Minecraft) [STDOUT]: [WG-CONTENT-WB] chunk(-177,-182) hash=4ed3478145d1277d dh=1952951e58fe822d nz=33270
[22:52:57] [Worker-Main-3/INFO] (Minecraft) [STDOUT]: [WG-CONTENT-WB] chunk(-177,-186) hash=355e71a1d9240980 dh=758666c731f98617 nz=33595
[22:52:57] [Worker-Main-4/INFO] (Minecraft) [STDOUT]: [WG-CONTENT-WB] chunk(-177,-187) hash=703f4021c7d8183d dh=213a227490b7133d nz=33148
[22:52:57] [Worker-Main-18/INFO] (Minecraft) [STDOUT]: [WG-CONTENT-WB] chunk(-177,-183) hash=e5ee76cef15a5923 dh=92d27339b3400835 nz=32923
[22:52:57] [Worker-Main-22/INFO] (Minecraft) [STDOUT]: [WG-CONTENT-WB] chunk(-176,-194) hash=561d8afb0a602bc1 dh=d5131bc5f0443c8b nz=32507
[22:52:57] [Worker-Main-5/INFO] (Minecraft) [STDOUT]: [WG-CONTENT-WB] chunk(-177,-185) hash=7a8260dc149731d3 dh=b537ff2f54a58f59 nz=32771
[22:52:57] [Worker-Main-13/INFO] (Minecraft) [STDOUT]: [WG-CONTENT-WB] chunk(-177,-184) hash=e067e7bc53f993c8 dh=f42bd74ab5100bb nz=33157
[22:52:57] [Worker-Main-14/INFO] (Minecraft) [STDOUT]: [WG-CONTENT-WB] chunk(-176,-193) hash=4ee1d16aee012978 dh=68b27459d2833817 nz=32494
[22:52:57] [Worker-Main-12/INFO] (Minecraft) [STDOUT]: [WG-CONTENT-WB] chunk(-177,-179) hash=e4f59a74b78720db dh=d0331eaefb1568b4 nz=32721
[22:52:57] [Worker-Main-20/INFO] (Minecraft) [STDOUT]: [WG-CONTENT-WB] chunk(-177,-180) hash=808a3577bb419cdf dh=c6f43a2da7607122 nz=32579
[22:52:57] [Worker-Main-10/INFO] (Minecraft) [STDOUT]: [WG-CONTENT-WB] chunk(-176,-195) hash=29a83d6a2f72aa76 dh=86362b8549cd3fb9 nz=32458
[22:52:57] [Worker-Main-7/INFO] (Minecraft) [STDOUT]: [WG-CONTENT-WB] chunk(-177,-178) hash=3943d6602f7b4e47 dh=f730e8801662fc2f nz=31917
[22:52:57] [Worker-Main-16/INFO] (Minecraft) [STDOUT]: [WG-CONTENT-WB] chunk(-176,-190) hash=877f86f3b3e6c7ee dh=ed57d2d51f9839e4 nz=31990
[22:52:57] [Worker-Main-11/INFO] (Minecraft) [STDOUT]: [WG-CONTENT-WB] chunk(-176,-191) hash=e9d3efc5221aab8b dh=93f086f87d75af8c nz=32431
[22:52:57] [Worker-Main-21/INFO] (Minecraft) [STDOUT]: [WG-CONTENT-WB] chunk(-176,-192) hash=5a361cff49f914ae dh=e1b6c3282057cec9 nz=31371
[22:52:57] [Worker-Main-8/INFO] (Minecraft) [STDOUT]: [WG-CONTENT-WB] chunk(-177,-181) hash=27a456aeebb9ab26 dh=d2ca6f318a9014f6 nz=33134
[22:52:57] [Worker-Main-1/INFO] (Minecraft) [STDOUT]: [WG-CONTENT-WB] chunk(-177,-176) hash=c87d764e8084ab59 dh=9fa32ae57733310d nz=26814
[22:52:57] [Worker-Main-15/INFO] (Minecraft) [STDOUT]: [WG-CONTENT-WB] chunk(-177,-177) hash=bec221f072f00365 dh=3e2bc58d7c28cb41 nz=30524
[22:52:57] [Worker-Main-17/INFO] (Minecraft) [STDOUT]: [WG-CONTENT-WB] chunk(-176,-189) hash=5a8e5db6e05af7d7 dh=7df24f802926e6d7 nz=32485
[22:52:57] [Worker-Main-6/INFO] (Minecraft) [STDOUT]: [WG-CONTENT-WB] chunk(-177,-175) hash=4592dc80e3458e71 dh=f0d741f36ced3dab nz=30682
[22:52:57] [Worker-Main-2/INFO] (Minecraft) [STDOUT]: [WG-CONTENT-WB] chunk(-176,-188) hash=c2b6a16ca5eeee61 dh=9ad506512fc7bddc nz=32356
[22:52:57] [Worker-Main-9/INFO] (Minecraft) [STDOUT]: [WG-CONTENT-WB] chunk(-176,-187) hash=3b17c63830df8057 dh=b8d8e3cfa9a16afc nz=32593
[22:52:57] [Worker-Main-11/INFO] (Minecraft) [STDOUT]: [WG-CONTENT-WB] chunk(-177,-196) hash=eb01a5719f50b828 dh=36ceeb4d1daffdc0 nz=32512
[22:52:57] [Worker-Main-18/INFO] (Minecraft) [STDOUT]: [WG-CONTENT-WB] chunk(-176,-186) hash=54c134c0ab395e7a dh=82dc5849aba2d513 nz=32058
[22:52:57] [Worker-Main-1/INFO] (Minecraft) [STDOUT]: [WG-CONTENT-WB] chunk(-178,-174) hash=1f923b8b92f2a2c0 dh=fec588923489b32e nz=31693
[22:52:57] [Worker-Main-10/INFO] (Minecraft) [STDOUT]: [WG-CONTENT-WB] chunk(-176,-180) hash=3fd5803f976fe9f0 dh=4d426c43e0690b84 nz=32513
[22:52:57] [Worker-Main-5/INFO] (Minecraft) [STDOUT]: [WG-CONTENT-WB] chunk(-176,-196) hash=81748ede66045f3f dh=17cfe209c70cfec9 nz=32279
[22:52:57] [Worker-Main-22/INFO] (Minecraft) [STDOUT]: [WG-CONTENT-WB] chunk(-176,-182) hash=2971d3328670d6cf dh=5f793f6cb7f503c8 nz=32566
[22:52:57] [Worker-Main-23/INFO] (Minecraft) [STDOUT]: [WG-CONTENT-WB] chunk(-176,-184) hash=8b6b7dc3c3f2a703 dh=31f1cae5fc79c34f nz=32563
[22:52:57] [Worker-Main-14/INFO] (Minecraft) [STDOUT]: [WG-CONTENT-WB] chunk(-176,-181) hash=d89e2d109e59b148 dh=4e8240c626f394b8 nz=32555
[22:52:57] [Worker-Main-8/INFO] (Minecraft) [STDOUT]: [WG-CONTENT-WB] chunk(-176,-185) hash=6a855f46d4f1066 dh=70752d5ff4a5a5df nz=31926
[22:52:57] [Worker-Main-15/INFO] (Minecraft) [STDOUT]: [WG-CONTENT-WB] chunk(-176,-179) hash=2d203885c6bfb78e dh=da3e18efd2b8972a nz=32554
[22:52:57] [Worker-Main-7/INFO] (Minecraft) [STDOUT]: [WG-CONTENT-WB] chunk(-176,-183) hash=4fd28b97f79751f7 dh=67b4a78b416642ec nz=32538
[22:52:57] [Worker-Main-13/INFO] (Minecraft) [STDOUT]: [WG-CONTENT-WB] chunk(-177,-174) hash=a0c8bcb067e7c9a1 dh=bc0bef0e5dfb449 nz=31600
[22:52:57] [Worker-Main-21/INFO] (Minecraft) [STDOUT]: [WG-CONTENT-WB] chunk(-176,-176) hash=f2b37a113fb23716 dh=9424a21de1715065 nz=27218
[22:52:57] [Worker-Main-2/INFO] (Minecraft) [STDOUT]: [WG-CONTENT-WB] chunk(-176,-177) hash=1cb24c23e5be5cb dh=5795ecf0f2a113ac nz=28785
[22:52:57] [Worker-Main-9/INFO] (Minecraft) [STDOUT]: [WG-CONTENT-WB] chunk(-176,-178) hash=607ebb5ed0c01009 dh=49418df72743526e nz=31968
[22:52:57] [Worker-Main-20/INFO] (Minecraft) [STDOUT]: [WG-CONTENT-WB] chunk(-175,-195) hash=e696a198d6dfd5dc dh=332a52b2480d3680 nz=32309
[22:52:57] [Worker-Main-19/INFO] (Minecraft) [STDOUT]: [WG-CONTENT-WB] chunk(-175,-191) hash=f7146d2d48bcbe24 dh=9404a9cc5003b6e6 nz=32218
[22:52:57] [Worker-Main-16/INFO] (Minecraft) [STDOUT]: [WG-CONTENT-WB] chunk(-175,-190) hash=edc36c7229e9fde9 dh=9224cc2d841520b6 nz=32733
[22:52:57] [Worker-Main-4/INFO] (Minecraft) [STDOUT]: [WG-CONTENT-WB] chunk(-175,-192) hash=8779938e110f14f2 dh=58db3076f4321486 nz=30614
[22:52:57] [Worker-Main-17/INFO] (Minecraft) [STDOUT]: [WG-CONTENT-WB] chunk(-175,-194) hash=9f4cfc87f4a068a4 dh=203313fd8bb23e83 nz=32203
[22:52:57] [Worker-Main-12/INFO] (Minecraft) [STDOUT]: [WG-CONTENT-WB] chunk(-175,-189) hash=b58daf379aec0e41 dh=8c7bd21fe55d579f nz=32523
[22:52:57] [Worker-Main-6/INFO] (Minecraft) [STDOUT]: [WG-CONTENT-WB] chunk(-176,-175) hash=848e4dc557d1436b dh=8abb75b340a5c418 nz=30915
[22:52:57] [Worker-Main-3/INFO] (Minecraft) [STDOUT]: [WG-CONTENT-WB] chunk(-175,-193) hash=12d4f93fe6b8aaf7 dh=2a01616950556a7f nz=31704
[22:52:57] [Worker-Main-11/INFO] (Minecraft) [STDOUT]: [WG-CONTENT-WB] chunk(-175,-188) hash=52a04dc042ceed77 dh=4b1b774fdbd213ab nz=33648
[22:52:58] [Worker-Main-22/INFO] (Minecraft) [STDOUT]: [WG-CONTENT-WB] chunk(-175,-196) hash=fca7e734f1e3dab0 dh=112be0099b97f1de nz=32219
[22:52:58] [Worker-Main-18/INFO] (Minecraft) [STDOUT]: [WG-CONTENT-WB] chunk(-175,-187) hash=9223234cb7ae0ea3 dh=3d6f893ef784e89e nz=34138
[22:52:58] [Worker-Main-1/INFO] (Minecraft) [STDOUT]: [WG-CONTENT-WB] chunk(-175,-186) hash=82e5b8b871e7a3b2 dh=f5ddf3619625486b nz=32500
[22:52:58] [Worker-Main-10/INFO] (Minecraft) [STDOUT]: [WG-CONTENT-WB] chunk(-176,-174) hash=a52a3d45dce8de0a dh=2f33817b514b2c08 nz=31946
[22:52:58] [Worker-Main-20/INFO] (Minecraft) [STDOUT]: [WG-CONTENT-WB] chunk(-175,-185) hash=a54d37b2f35ec95f dh=a0a113d408e410a nz=32583
[22:52:58] [Server thread/INFO] (Minecraft) [Rcon: Marked 225 chunks in minecraft:overworld from [-192, -192] to [-178, -178] to be force loaded]
[22:52:58] [Server thread/WARN] (Minecraft) Can't keep up! Is the server overloaded? Running 4209ms or 84 ticks behind
[22:52:58] [RCON Client /127.0.0.1 #2/INFO] (Minecraft) Thread RCON Client /127.0.0.1 shutting down
[22:52:58] [Worker-Main-16/INFO] (Minecraft) [STDOUT]: [WG-CONTENT-WB] chunk(-175,-184) hash=d83b562bd8a7ddc5 dh=83a219e5e4dfdd7a nz=32516
[22:52:58] [Worker-Main-15/INFO] (Minecraft) [STDOUT]: [WG-CONTENT-WB] chunk(-175,-183) hash=be2a45d4d5b4a884 dh=b93c4b662ea41a2c nz=32159
[22:52:58] [Worker-Main-14/INFO] (Minecraft) [STDOUT]: [WG-CONTENT-WB] chunk(-175,-182) hash=e621972369c68d48 dh=952cccfdfa1f756c nz=32441
[22:52:58] [Worker-Main-21/INFO] (Minecraft) [STDOUT]: [WG-CONTENT-WB] chunk(-175,-180) hash=d9be19cdb3786ce1 dh=9d21248b05abb64a nz=32405
[22:52:58] [Worker-Main-12/INFO] (Minecraft) [STDOUT]: [WG-CONTENT-WB] chunk(-175,-181) hash=ca344f3e7cfe8f56 dh=e6df229f2672eaf9 nz=32246
[22:52:58] [Worker-Main-4/INFO] (Minecraft) [STDOUT]: [WG-CONTENT-WB] chunk(-175,-178) hash=57e63696ec0e47e5 dh=ad0785bba27af3ef nz=32387
[22:52:58] [Worker-Main-17/INFO] (Minecraft) [STDOUT]: [WG-CONTENT-WB] chunk(-175,-177) hash=9f744048fc5e09a9 dh=317551c5fb794923 nz=31730
[22:52:58] [Worker-Main-3/INFO] (Minecraft) [STDOUT]: [WG-CONTENT-WB] chunk(-175,-179) hash=4583ac08c2b4821c dh=356ab0c08e40ce8c nz=32505
[22:52:58] [Worker-Main-20/INFO] (Minecraft) [STDOUT]: [WG-CONTENT-WB] chunk(-175,-176) hash=ca754ce78c60b158 dh=f43cf55efebf3d76 nz=30539
[22:52:58] [Worker-Main-19/INFO] (Minecraft) [STDOUT]: [WG-CONTENT-WB] chunk(-175,-175) hash=d3c64daf320d9c27 dh=9937f9bcea4dbc5c nz=32327
[22:52:58] [Worker-Main-10/INFO] (Minecraft) [STDOUT]: [WG-CONTENT-WB] chunk(-174,-193) hash=489e33b7692927d6 dh=b9f1f95cdd766b10 nz=32499
[22:52:58] [Worker-Main-9/INFO] (Minecraft) [STDOUT]: [WG-CONTENT-WB] chunk(-174,-190) hash=7845e39b9bcb8bb3 dh=66978de7b0a1ca74 nz=32936
[22:52:58] [Worker-Main-22/INFO] (Minecraft) [STDOUT]: [WG-CONTENT-WB] chunk(-174,-191) hash=4099b1be142f2682 dh=95d6b9ea4c747452 nz=32242
[22:52:58] [Worker-Main-5/INFO] (Minecraft) [STDOUT]: [WG-CONTENT-WB] chunk(-174,-195) hash=af4a2c3d1d0af1a dh=1e7ccaf5fe048c8b nz=32293
[22:52:58] [Worker-Main-23/INFO] (Minecraft) [STDOUT]: [WG-CONTENT-WB] chunk(-174,-192) hash=d41fb66a658dea58 dh=ada87d33377fb04d nz=30697
[22:52:58] [Worker-Main-13/INFO] (Minecraft) [STDOUT]: [WG-CONTENT-WB] chunk(-174,-196) hash=2b78850ca913d058 dh=2f3134b66836f21b nz=32226
[22:52:58] [Worker-Main-7/INFO] (Minecraft) [STDOUT]: [WG-CONTENT-WB] chunk(-175,-174) hash=5a8e8619bdca6ed5 dh=fd9a8331737bfadd nz=32210
[22:52:58] [Worker-Main-18/INFO] (Minecraft) [STDOUT]: [WG-CONTENT-WB] chunk(-174,-186) hash=8334db2785b7ec38 dh=27337402cda91df3 nz=33567
[22:52:58] [Worker-Main-11/INFO] (Minecraft) [STDOUT]: [WG-CONTENT-WB] chunk(-174,-188) hash=61a2b071037a7490 dh=68bfc306cbf9b217 nz=34143
[22:52:58] [Worker-Main-6/INFO] (Minecraft) [STDOUT]: [WG-CONTENT-WB] chunk(-174,-187) hash=d035bc4b11b1ed88 dh=e89f14007d8f9cbf nz=34356
[22:52:58] [Worker-Main-1/INFO] (Minecraft) [STDOUT]: [WG-CONTENT-WB] chunk(-174,-189) hash=7be18762c1552aac dh=51cc54d9ae325ded nz=33286
[22:52:58] [Worker-Main-8/INFO] (Minecraft) [STDOUT]: [WG-CONTENT-WB] chunk(-174,-194) hash=192ebcc88799c609 dh=5f804af75b25fde0 nz=32508
[22:52:58] [Worker-Main-2/INFO] (Minecraft) [STDOUT]: [WG-CONTENT-WB] chunk(-174,-185) hash=356937f9e7c0cfa dh=5895267c90f941c0 nz=33086
[22:52:58] [Worker-Main-15/INFO] (Minecraft) [STDOUT]: [WG-CONTENT-WB] chunk(-174,-184) hash=6329b0f513601b61 dh=fbf66e63a216f78d nz=32034
[22:52:58] [Worker-Main-23/INFO] (Minecraft) [STDOUT]: [WG-CONTENT-WB] chunk(-174,-183) hash=b7c4470df71b4656 dh=316b8deef0836da nz=32234
[22:52:58] [Worker-Main-17/INFO] (Minecraft) [STDOUT]: [WG-CONTENT-WB] chunk(-174,-182) hash=789e55b972ae143 dh=eaba2a2741e2f92c nz=32219
[22:52:58] [Worker-Main-18/INFO] (Minecraft) [STDOUT]: [WG-CONTENT-WB] chunk(-174,-181) hash=ec707531d9b2ea7 dh=718be4e0a6f2a77b nz=30991
[22:52:58] [Worker-Main-14/INFO] (Minecraft) [STDOUT]: [WG-CONTENT-WB] chunk(-174,-179) hash=569ad2a8b62a12d4 dh=4964a5a60e270000 nz=32291
[22:52:58] [Worker-Main-3/INFO] (Minecraft) [STDOUT]: [WG-CONTENT-WB] chunk(-174,-180) hash=7f46d1b66a605d9a dh=feb68edf5cecf6d5 nz=32342
[22:52:58] [Worker-Main-2/INFO] (Minecraft) [STDOUT]: [WG-CONTENT-WB] chunk(-174,-176) hash=84f435e022dd5232 dh=8cb23e630c6eb0 nz=31790
[22:52:58] [Worker-Main-15/INFO] (Minecraft) [STDOUT]: [WG-CONTENT-WB] chunk(-174,-177) hash=4b3a00c5811d777b dh=f40e84e1aeb0ac0a nz=32442
[22:52:58] [Worker-Main-10/INFO] (Minecraft) [STDOUT]: [WG-CONTENT-WB] chunk(-174,-178) hash=6ee72966d85a4d34 dh=473d20b9bcd84d9d nz=32333
[22:52:58] [Worker-Main-9/INFO] (Minecraft) [STDOUT]: [WG-CONTENT-WB] chunk(-174,-175) hash=fdca3e3871709922 dh=726d677546c1fe4 nz=32112
[22:52:58] [Worker-Main-16/INFO] (Minecraft) [STDOUT]: [WG-CONTENT-WB] chunk(-174,-174) hash=8a324a0007e7a112 dh=f40db4859b49c625 nz=32420
[22:53:12] [RCON Listener #1/INFO] (Minecraft) Thread RCON Client /127.0.0.1 started
[22:53:12] [Server thread/INFO] (Minecraft) [Rcon: Stopping the server]
[22:53:12] [RCON Client /127.0.0.1 #3/INFO] (Minecraft) Thread RCON Client /127.0.0.1 shutting down
[22:53:12] [Server thread/INFO] (Minecraft) Stopping server
[22:53:12] [Server thread/INFO] (Minecraft) Saving players
[22:53:12] [Server thread/INFO] (Minecraft) Saving worlds
[22:53:12] [Server thread/INFO] (Minecraft) Saving chunks for level 'ServerLevel[world]'/minecraft:overworld
[22:53:13] [Server thread/INFO] (Minecraft) Saving chunks for level 'ServerLevel[world]'/minecraft:the_end
[22:53:13] [Server thread/INFO] (Minecraft) Saving chunks for level 'ServerLevel[world]'/minecraft:the_nether
[22:53:13] [Server thread/INFO] (Minecraft) ThreadedAnvilChunkStorage (world): All chunks are saved
[22:53:13] [Server thread/INFO] (Minecraft) ThreadedAnvilChunkStorage (DIM1): All chunks are saved
[22:53:13] [Server thread/INFO] (Minecraft) ThreadedAnvilChunkStorage (DIM-1): All chunks are saved
[22:53:13] [Server thread/INFO] (Minecraft) ThreadedAnvilChunkStorage: All dimensions are saved
[22:53:13] [Server thread/INFO] (Minecraft) Thread RCON Listener stopped

[Incubating] Problems report is available at: file:///E:/PYTHON/CoreSwap/versions/1.21.6/java/build/reports/problems/problems-report.html

Deprecated Gradle features were used in this build, making it incompatible with Gradle 9.0.

You can use '--warning-mode all' to show the individual deprecation warnings and determine if they come from your own scripts or plugins.

For more on this, please refer to https://docs.gradle.org/8.13/userguide/command_line_interface.html#sec:command_line_warnings in the Gradle documentation.

BUILD SUCCESSFUL in 57s
6 actionable tasks: 1 executed, 5 up-to-date
