Starting a Gradle Daemon, 2 incompatible and 4 stopped Daemons could not be reused, use --status for details

> Configure project :
Fabric Loom: 1.10.5

> Task :compileJava UP-TO-DATE
> Task :processResources UP-TO-DATE
> Task :classes UP-TO-DATE
> Task :generateLog4jConfig UP-TO-DATE
> Task :generateRemapClasspath UP-TO-DATE
> Task :generateDLIConfig UP-TO-DATE
> Task :configureLaunch UP-TO-DATE

> Task :runServer
[22:43:32] [main/INFO] (FabricLoader/GameProvider) Loading Minecraft 1.21.6 with Fabric Loader 0.16.14
[22:43:32] [main/INFO] (FabricLoader) Loading 42 mods:
	- chunky 1.4.40
	- coreswap1216 1.21.6-0.1.0
	- fabric-api 0.127.0+1.21.6
	- fabric-api-base 0.4.63+9ec45cd89c
	- fabric-api-lookup-api-v1 1.6.99+9ec45cd89c
	- fabric-biome-api-v1 16.0.10+fa6cb72b9c
	- fabric-block-api-v1 1.1.2+78dbe4fb9c
	- fabric-block-view-api-v2 1.0.30+d32f812d9c
	- fabric-command-api-v2 2.2.52+b39a696a9c
	- fabric-content-registries-v0 10.0.17+fa6cb72b9c
	- fabric-convention-tags-v1 2.1.37+7f945d5b9c
	- fabric-convention-tags-v2 2.15.2+d9a896309c
	- fabric-crash-report-info-v1 0.3.14+fa6cb72b9c
	- fabric-data-attachment-api-v1 1.8.8+d9a896309c
	- fabric-data-generation-api-v1 23.2.0+a12c79229c
	- fabric-dimensions-v1 4.0.18+75fa737a9c
	- fabric-entity-events-v1 2.1.0+c9e472739c
	- fabric-events-interaction-v0 4.0.22+0d4d74479c
	- fabric-game-rule-api-v1 1.0.71+9ec45cd89c
	- fabric-gametest-api-v1 3.1.8+39ce47f59c
	- fabric-item-api-v1 11.4.2+5e29f1899c
	- fabric-item-group-api-v1 4.2.12+9ec45cd89c
	- fabric-lifecycle-events-v1 2.6.2+db4dfd859c
	- fabric-loot-api-v2 3.0.54+3f89f5a59c
	- fabric-loot-api-v3 2.0.1+f40817309c
	- fabric-message-api-v1 6.1.0+8efa0e499c
	- fabric-networking-api-v1 5.0.0+d32f812d9c
	- fabric-object-builder-api-v1 21.1.5+946cf7899c
	- fabric-particles-v1 4.1.6+c1dce2189c
	- fabric-recipe-api-v1 8.1.13+39ce47f59c
	- fabric-registry-sync-v0 6.1.25+9ec45cd89c
	- fabric-rendering-fluids-v1 3.1.29+fa6cb72b9c
	- fabric-resource-conditions-api-v1 5.0.23+908cbc919c
	- fabric-resource-loader-v0 3.1.10+fa6cb72b9c
	- fabric-screen-handler-api-v1 1.3.134+d32f812d9c
	- fabric-tag-api-v1 1.2.0+75110b049c
	- fabric-transfer-api-v1 6.0.4+074c84ee9c
	- fabric-transitive-access-wideners-v1 6.4.0+ac3e15d19c
	- fabricloader 0.16.14
	- java 21
	- minecraft 1.21.6
	- mixinextras 0.4.1
[22:43:36] [main/INFO] (FabricLoader/Mixin) SpongePowered MIXIN Subsystem Version=0.8.7 Source=file:/E:/PYTHON/CoreSwap/.gradle-home/caches/modules-2/files-2.1/net.fabricmc/sponge-mixin/0.15.5+mixin.0.8.7/22f9eb729e216a091673a574a5906dc1b9027fb3/sponge-mixin-0.15.5+mixin.0.8.7.jar Service=Knot/Fabric Env=SERVER
[22:43:36] [main/INFO] (FabricLoader/Mixin) Loaded Fabric development mappings for mixin remapper!
[22:43:36] [main/INFO] (FabricLoader/Mixin) Compatibility level set to JAVA_21
[22:43:36] [main/INFO] (FabricLoader/MixinExtras|Service) Initializing MixinExtras via com.llamalad7.mixinextras.service.MixinExtrasServiceImpl(version=0.4.1).
[22:43:37] [main/WARN] (WmiQueryHandler) COM exception querying Win32_Processor, which might not be on your system. Will not attempt to query it again. Error was -2147217405: (HRESULT: 80041003)
[22:43:38] [main/WARN] (WmiQueryHandler) COM exception querying Win32_Processor, which might not be on your system. Will not attempt to query it again. Error was -2147217405: (HRESULT: 80041003)
[22:43:38] [main/WARN] (WmiQueryHandler) COM exception querying Win32_PhysicalMemory, which might not be on your system. Will not attempt to query it again. Error was -2147217405: (HRESULT: 80041003)
[22:43:44] [main/INFO] (Minecraft) Environment: Environment[sessionHost=https://sessionserver.mojang.com, servicesHost=https://api.minecraftservices.com, name=PROD]
[22:43:45] [main/INFO] (Minecraft) No existing world data, creating new world
[22:43:45] [main/INFO] (Minecraft) Loaded 1407 recipes
[22:43:45] [main/INFO] (Minecraft) Loaded 1520 advancements
[22:43:45] [main/INFO] (BiomeModificationImpl) Applied 0 biome modifications to 0 of 65 new biomes in 1.395 ms
[22:43:45] [Server thread/INFO] (Minecraft) Starting minecraft server version 1.21.6
[22:43:45] [Server thread/INFO] (Minecraft) Loading properties
[22:43:45] [Server thread/INFO] (Minecraft) Default game type: SURVIVAL
[22:43:45] [Server thread/INFO] (Minecraft) Generating keypair
[22:43:46] [Server thread/INFO] (Minecraft) Starting Minecraft server on *:25565
[22:43:46] [Server thread/INFO] (Minecraft) Using default channel type
[22:43:46] [Server thread/WARN] (Minecraft) **** SERVER IS RUNNING IN OFFLINE/INSECURE MODE!
[22:43:46] [Server thread/WARN] (Minecraft) The server will make no attempt to authenticate usernames. Beware.
[22:43:46] [Server thread/WARN] (Minecraft) While this makes the game possible to play without internet access, it also opens up the ability for hackers to connect with any username they choose.
[22:43:46] [Server thread/WARN] (Minecraft) To change this, set "online-mode" to "true" in the server.properties file.
[22:43:46] [Server thread/INFO] (Minecraft) Preparing level "world"
[22:43:48] [Server thread/INFO] (Minecraft) Preparing start region for dimension minecraft:overworld
[22:43:48] [Worker-Main-11/INFO] (Minecraft) Preparing spawn area: 2%
[22:43:49] [Worker-Main-10/INFO] (Minecraft) Preparing spawn area: 2%
[22:43:49] [Worker-Main-4/INFO] (Minecraft) Preparing spawn area: 18%
[22:43:50] [Worker-Main-23/INFO] (Minecraft) Preparing spawn area: 30%
[22:43:50] [Worker-Main-4/INFO] (Minecraft) Preparing spawn area: 51%
[22:43:50] [Server thread/INFO] (Minecraft) Time elapsed: 2138 ms
[22:43:50] [Server thread/INFO] (Minecraft) Done (4.477s)! For help, type "help"
[22:43:50] [Server thread/INFO] (Minecraft) Starting remote control listener
[22:43:50] [Server thread/INFO] (Minecraft) Thread RCON Listener started
[22:43:50] [Server thread/INFO] (Minecraft) RCON running on 0.0.0.0:25575
[22:43:50] [Server thread/INFO] (Minecraft) [STDOUT]: [CppBridge] init seed=777000111222333444 worldgenDir=E:\PYTHON\CoreSwap\versions\1.21.6\data\worldgen enabled=true stageMask=3 env.CORESWAP_DEFAULT_BLOCK=null
[22:43:50] [Server thread/INFO] (Minecraft) [STDOUT]: [CppBridge] dll=E:\PYTHON\CoreSwap\.tmp\java-tmp\coreswap-native\worldgen.dll size=2457088 sha256=abd7d8893d22e030...
[22:43:50] [Server thread/INFO] (Minecraft) [STDOUT]: [CppBridge] initNether seed=777000111222333444 enabled=true stageMask=3
[22:43:50] [Server thread/INFO] (Minecraft) [STDOUT]: [CppBridge] initEnd seed=777000111222333444 enabled=true stageMask=3
[22:43:50] [Server thread/INFO] (Minecraft) [STDOUT]: [BenchMod] CoreSwap replace mode: C++ worldgen active
[22:43:57] [RCON Listener #1/INFO] (Minecraft) Thread RCON Client /127.0.0.1 started
[22:43:57] [Worker-Main-10/INFO] (Minecraft) [STDOUT]: [WG-BULKWB-SENTINEL] armed: concurrent same-chunk write detector active (non-reentrant, in-flight overlap only; mirrors vanilla LockHelper semantics)
[22:43:57] [Worker-Main-18/INFO] (Minecraft) [STDOUT]: [WG-CONTENT-WB] chunk(127,127) hash=958ac7359012e99a dh=b403e25cfbb10ab8 nz=40772
[22:43:57] [Worker-Main-22/INFO] (Minecraft) [STDOUT]: [WG-CONTENT-WB] chunk(127,129) hash=ba79a71993035a92 dh=3dbc52fd8d97999c nz=33463
[22:43:57] [Worker-Main-15/INFO] (Minecraft) [STDOUT]: [WG-CONTENT-WB] chunk(126,126) hash=19c6f5e22b3a2340 dh=38ef5d9dc30ec994 nz=39549
[22:43:57] [Worker-Main-8/INFO] (Minecraft) [STDOUT]: [WG-CONTENT-WB] chunk(129,126) hash=5437015ed29cd801 dh=de24c37d20187381 nz=38208
[22:43:57] [Worker-Main-3/INFO] (Minecraft) [STDOUT]: [WG-CONTENT-WB] chunk(130,126) hash=19604cc806214148 dh=ed20dd8a53926576 nz=37569
[22:43:57] [Worker-Main-1/INFO] (Minecraft) [STDOUT]: [WG-CONTENT-WB] chunk(130,128) hash=cbf0708cb6583bcb dh=bc793e5c4ea33c1b nz=34301
[22:43:57] [Worker-Main-6/INFO] (Minecraft) [STDOUT]: [WG-CONTENT-WB] chunk(128,126) hash=65377c23eaef119 dh=e9d44da2b6afd7e2 nz=38516
[22:43:57] [Worker-Main-23/INFO] (Minecraft) [STDOUT]: [WG-CONTENT-WB] chunk(129,130) hash=33074fdefe818b64 dh=9228951c12f6b90b nz=29702
[22:43:57] [Worker-Main-20/INFO] (Minecraft) [STDOUT]: [WG-CONTENT-WB] chunk(126,127) hash=5f675b0f9db357b dh=e14decbd1de61bc4 nz=41517
[22:43:57] [Worker-Main-16/INFO] (Minecraft) [STDOUT]: [WG-CONTENT-WB] chunk(127,128) hash=f1845ac1cad0d917 dh=9a8558966e02dd82 nz=33141
[22:43:57] [Worker-Main-2/INFO] (Minecraft) [STDOUT]: [WG-CONTENT-WB] chunk(126,128) hash=fc9f5ae6b7b5d8a4 dh=369d2c6c5f33d46 nz=35406
[22:43:57] [Worker-Main-14/INFO] (Minecraft) [STDOUT]: [WG-CONTENT-WB] chunk(129,128) hash=de74d71ab51c2ae6 dh=cf876b87bf29171f nz=33743
[22:43:57] [Worker-Main-10/INFO] (Minecraft) [STDOUT]: [WG-CONTENT-WB] chunk(129,127) hash=2cf2655708df2856 dh=b02d8234d44f764f nz=35590
[22:43:57] [Worker-Main-5/INFO] (Minecraft) [STDOUT]: [WG-CONTENT-WB] chunk(128,127) hash=26e77a0506e97f8 dh=31c8b54c40b55298 nz=36107
[22:43:57] [Worker-Main-11/INFO] (Minecraft) [STDOUT]: [WG-CONTENT-WB] chunk(127,126) hash=4974cc46c581be22 dh=54d1944496aacad6 nz=43258
[22:43:57] [Worker-Main-4/INFO] (Minecraft) [STDOUT]: [WG-CONTENT-WB] chunk(127,130) hash=c59eeb4d470e12cf dh=deaec1bc12060c82 nz=32463
[22:43:57] [Worker-Main-21/INFO] (Minecraft) [STDOUT]: [WG-CONTENT-WB] chunk(126,130) hash=3eeda50a68b19868 dh=c76a73b8e8d29c00 nz=32488
[22:43:57] [Worker-Main-19/INFO] (Minecraft) [STDOUT]: [WG-CONTENT-WB] chunk(128,130) hash=8d8141afa37ab290 dh=930da624ff9d0edc nz=31612
[22:43:57] [Worker-Main-17/INFO] (Minecraft) [STDOUT]: [WG-CONTENT-WB] chunk(128,128) hash=f7b39af9002a4b1a dh=57a56fe08701e75 nz=32850
[22:43:57] [Worker-Main-12/INFO] (Minecraft) [STDOUT]: [WG-CONTENT-WB] chunk(128,129) hash=cf822f3249bc8d1b dh=109d1c08495df99c nz=31379
[22:43:57] [Worker-Main-7/INFO] (Minecraft) [STDOUT]: [WG-CONTENT-WB] chunk(130,127) hash=55f56201197fab63 dh=aa29d3e5463ad2a7 nz=35771
[22:43:57] [Worker-Main-9/INFO] (Minecraft) [STDOUT]: [WG-CONTENT-WB] chunk(129,129) hash=bc4ac134bf9e06f1 dh=963ab3abd6a8027d nz=32279
[22:43:57] [Worker-Main-13/INFO] (Minecraft) [STDOUT]: [WG-CONTENT-WB] chunk(126,129) hash=66d6bd90b645e700 dh=2c66226e5ea9f733 nz=32571
[22:43:57] [Worker-Main-18/INFO] (Minecraft) [STDOUT]: [WG-CONTENT-WB] chunk(130,129) hash=6ef8362a07a78d9 dh=2da7dc71d798939a nz=32721
[22:43:57] [Worker-Main-22/INFO] (Minecraft) [STDOUT]: [WG-CONTENT-WB] chunk(130,130) hash=31fe4ce8632b6c63 dh=3549993b731f70f4 nz=28376
[22:43:57] [Worker-Main-23/INFO] (Minecraft) [STDOUT]: [WG-CONTENT-WB] chunk(125,128) hash=e9f5f6450b249fdf dh=ccacaccbb841cbba nz=34297
[22:43:57] [Worker-Main-6/INFO] (Minecraft) [STDOUT]: [WG-CONTENT-WB] chunk(125,129) hash=c934610cbfa7352c dh=227c3bf498899bb2 nz=30875
[22:43:57] [Worker-Main-19/INFO] (Minecraft) [STDOUT]: [WG-CONTENT-WB] chunk(125,130) hash=93fac61520b9ad9 dh=e0fc8b702ac546ee nz=30580
[22:43:57] [Worker-Main-15/INFO] (Minecraft) [STDOUT]: [WG-CONTENT-WB] chunk(125,125) hash=b179ea5eb63505c4 dh=efad3aec2dd5bbc6 nz=22197
[22:43:57] [Worker-Main-8/INFO] (Minecraft) [STDOUT]: [WG-CONTENT-WB] chunk(125,126) hash=4f44f7345153caa3 dh=9485e7a68c2514fc nz=29669
[22:43:57] [Worker-Main-20/INFO] (Minecraft) [STDOUT]: [WG-CONTENT-WB] chunk(125,127) hash=a03528a98ac3db5e dh=2f66b426156d1c8d nz=35608
[22:43:57] [Worker-Main-1/INFO] (Minecraft) [STDOUT]: [WG-CONTENT-WB] chunk(127,125) hash=dc5e4269aa9e07fd dh=ce187956b9936cd8 nz=40010
[22:43:57] [Worker-Main-4/INFO] (Minecraft) [STDOUT]: [WG-CONTENT-WB] chunk(131,128) hash=f8a34849b171b3f8 dh=8741095c7de7f8a6 nz=33827
[22:43:57] [Worker-Main-13/INFO] (Minecraft) [STDOUT]: [WG-CONTENT-WB] chunk(128,131) hash=d77860a2781e6f3b dh=401d28b38614fe7f nz=31897
[22:43:57] [Worker-Main-7/INFO] (Minecraft) [STDOUT]: [WG-CONTENT-WB] chunk(126,131) hash=9bd7c77617c9cb52 dh=767d0821e45aaf0a nz=32397
[22:43:57] [Worker-Main-5/INFO] (Minecraft) [STDOUT]: [WG-CONTENT-WB] chunk(131,126) hash=b5defdbd5206362 dh=c5b44953ea0b91aa nz=40198
[22:43:57] [Worker-Main-17/INFO] (Minecraft) [STDOUT]: [WG-CONTENT-WB] chunk(131,130) hash=46fc5928abdb0532 dh=2bc7e397888f7410 nz=29872
[22:43:57] [Worker-Main-21/INFO] (Minecraft) [STDOUT]: [WG-CONTENT-WB] chunk(131,129) hash=11f0c6b4d6f9ffa7 dh=cacaf561f1280714 nz=32887
[22:43:57] [Worker-Main-3/INFO] (Minecraft) [STDOUT]: [WG-CONTENT-WB] chunk(126,125) hash=620e94536a68ca8e dh=f3bc34789d6a0717 nz=29184
[22:43:57] [Worker-Main-16/INFO] (Minecraft) [STDOUT]: [WG-CONTENT-WB] chunk(128,125) hash=9ff5617b13c96eef dh=9c1776e978eb3586 nz=36401
[22:43:57] [Worker-Main-10/INFO] (Minecraft) [STDOUT]: [WG-CONTENT-WB] chunk(131,125) hash=c8554064cff5a6b5 dh=2e52bf69d838db86 nz=38526
[22:43:57] [Worker-Main-11/INFO] (Minecraft) [STDOUT]: [WG-CONTENT-WB] chunk(131,127) hash=cc5c250b1218bbd3 dh=521ab74212b7ce1e nz=36793
[22:43:57] [Worker-Main-14/INFO] (Minecraft) [STDOUT]: [WG-CONTENT-WB] chunk(130,125) hash=1e7b261fdda396e1 dh=59d376771aa4c581 nz=39296
[22:43:57] [Worker-Main-9/INFO] (Minecraft) [STDOUT]: [WG-CONTENT-WB] chunk(127,131) hash=131915af73eafb27 dh=e0e57bdb2ccef4e6 nz=31818
[22:43:57] [Worker-Main-2/INFO] (Minecraft) [STDOUT]: [WG-CONTENT-WB] chunk(129,125) hash=f9de36f22747b714 dh=6866cc1aafd15905 nz=39995
[22:43:57] [Worker-Main-12/INFO] (Minecraft) [STDOUT]: [WG-CONTENT-WB] chunk(125,131) hash=fab1963f20c2f1a6 dh=2f269873c5d8218e nz=31822
[22:43:57] [Worker-Main-18/INFO] (Minecraft) [STDOUT]: [WG-CONTENT-WB] chunk(129,131) hash=dbdd13d95e3cb54 dh=39da3df1fadff820 nz=28811
[22:43:58] [Worker-Main-2/INFO] (Minecraft) [STDOUT]: [WG-CONTENT-WB] chunk(130,131) hash=dcd5b1a807e022d8 dh=4d78f8d6dc5fa4b5 nz=27653
[22:43:58] [Worker-Main-12/INFO] (Minecraft) [STDOUT]: [WG-CONTENT-WB] chunk(131,131) hash=ca4093af3354411b dh=2fdb54d4ca56c218 nz=30305
[22:43:58] [Worker-Main-23/INFO] (Minecraft) [STDOUT]: [WG-CONTENT-WB] chunk(127,132) hash=6ac4834e8c41d20d dh=1253f78685087fa9 nz=30488
[22:43:58] [Worker-Main-12/INFO] (Minecraft) [STDOUT]: [WG-CONTENT-WB] chunk(129,132) hash=5bbb8182c7e6778c dh=c858bd500b8072be nz=31442
[22:43:58] [Worker-Main-11/INFO] (Minecraft) [STDOUT]: [WG-CONTENT-WB] chunk(126,132) hash=dd1e7dfa9865cc49 dh=f82c7a7c3f18b1c9 nz=31597
[22:43:58] [Worker-Main-21/INFO] (Minecraft) [STDOUT]: [WG-CONTENT-WB] chunk(130,132) hash=83333a5c29b8d19e dh=7758c9328d085985 nz=31485
[22:43:58] [Worker-Main-14/INFO] (Minecraft) [STDOUT]: [WG-CONTENT-WB] chunk(128,133) hash=1661f42ab5242059 dh=c660f39bba245377 nz=32474
[22:43:58] [Worker-Main-2/INFO] (Minecraft) [STDOUT]: [WG-CONTENT-WB] chunk(129,133) hash=b98f8c59d5f6e653 dh=463e6a1d9b846f3c nz=33319
[22:43:58] [Worker-Main-20/INFO] (Minecraft) [STDOUT]: [WG-CONTENT-WB] chunk(126,133) hash=1d6884fef96dc3b8 dh=ea6ff109575158d2 nz=30122
[22:43:58] [Worker-Main-7/INFO] (Minecraft) [STDOUT]: [WG-CONTENT-WB] chunk(125,132) hash=2f16c9684c204c98 dh=9b8cdf4660e50689 nz=29972
[22:43:58] [Worker-Main-10/INFO] (Minecraft) [STDOUT]: [WG-CONTENT-WB] chunk(130,133) hash=fab280c365859f84 dh=9416f952a81c0b4e nz=32855
[22:43:58] [Worker-Main-16/INFO] (Minecraft) [STDOUT]: [WG-CONTENT-WB] chunk(127,133) hash=c61772d3f7206bcf dh=eae353dff1d4f6 nz=30163
[22:43:58] [Worker-Main-19/INFO] (Minecraft) [STDOUT]: [WG-CONTENT-WB] chunk(125,133) hash=e11c726d8a5fb9e3 dh=9189137c6f0c9976 nz=28561
[22:43:58] [Worker-Main-8/INFO] (Minecraft) [STDOUT]: [WG-CONTENT-WB] chunk(131,132) hash=11f8d6378b8c7b16 dh=cb865d4aa817952d nz=31832
[22:43:58] [Worker-Main-1/INFO] (Minecraft) [STDOUT]: [WG-CONTENT-WB] chunk(131,133) hash=d413bb8d523f57e2 dh=1b83610b4e7a325b nz=32610
[22:43:58] [Worker-Main-4/INFO] (Minecraft) [STDOUT]: [WG-CONTENT-WB] chunk(125,124) hash=5e33283eea25921a dh=5d5cad8334fa57ed nz=20976
[22:43:58] [Worker-Main-17/INFO] (Minecraft) [STDOUT]: [WG-CONTENT-WB] chunk(124,126) hash=5ba9b59424ec178c dh=9290a8fa32267382 nz=28403
[22:43:58] [Worker-Main-15/INFO] (Minecraft) [STDOUT]: [WG-CONTENT-WB] chunk(124,125) hash=fad242213277340e dh=c96d0805854f2ca7 nz=24680
[22:43:58] [Worker-Main-22/INFO] (Minecraft) [STDOUT]: [WG-CONTENT-WB] chunk(124,129) hash=a286322399ce3fbb dh=493298b8ac9734d1 nz=16101
[22:43:58] [Worker-Main-5/INFO] (Minecraft) [STDOUT]: [WG-CONTENT-WB] chunk(124,128) hash=ead64c8c4a00aa70 dh=34cd16194f76769f nz=25959
[22:43:58] [Worker-Main-3/INFO] (Minecraft) [STDOUT]: [WG-CONTENT-WB] chunk(128,132) hash=283c7fff2db01642 dh=90d4cf08199b5492 nz=32229
[22:43:58] [Worker-Main-9/INFO] (Minecraft) [STDOUT]: [WG-CONTENT-WB] chunk(124,127) hash=87ff900944f9fce4 dh=fbe46e978fd7f812 nz=30651
[22:43:58] [Worker-Main-13/INFO] (Minecraft) [STDOUT]: [WG-CONTENT-WB] chunk(124,124) hash=1b1ea8da3de2545c dh=418cf8147e58496a nz=22125
[22:43:58] [Worker-Main-18/INFO] (Minecraft) [STDOUT]: [WG-CONTENT-WB] chunk(127,124) hash=23d242505f284253 dh=54cef583ffc3ae48 nz=36905
[22:43:58] [Worker-Main-6/INFO] (Minecraft) [STDOUT]: [WG-CONTENT-WB] chunk(126,124) hash=3b876cc33c293d1f dh=3af0acd2376ef6f2 nz=26655
[22:43:58] [Worker-Main-21/INFO] (Minecraft) [STDOUT]: [WG-CONTENT-WB] chunk(124,130) hash=f33fa4e85a0b035c dh=a93884eb4beb73c9 nz=20000
[22:43:58] [Worker-Main-23/INFO] (Minecraft) [STDOUT]: [WG-CONTENT-WB] chunk(128,124) hash=a18d65516efeb3fb dh=d0102921a117e6e2 nz=36659
[22:43:58] [Worker-Main-11/INFO] (Minecraft) [STDOUT]: [WG-CONTENT-WB] chunk(130,124) hash=5c889902c7dd8a8c dh=f27f1c67b1bc534c nz=39975
[22:43:58] [Worker-Main-12/INFO] (Minecraft) [STDOUT]: [WG-CONTENT-WB] chunk(129,124) hash=8dabb3ac5ee444af dh=dd3f5f2bc1065de5 nz=38273
[22:43:58] [Worker-Main-14/INFO] (Minecraft) [STDOUT]: [WG-CONTENT-WB] chunk(124,131) hash=9165acedc4008b33 dh=d7102c58e3ce0e00 nz=27800
[22:43:58] [Worker-Main-20/INFO] (Minecraft) [STDOUT]: [WG-CONTENT-WB] chunk(132,128) hash=9674422eb8710a93 dh=46f35939106e6d62 nz=30921
[22:43:58] [Worker-Main-19/INFO] (Minecraft) [STDOUT]: [WG-CONTENT-WB] chunk(132,127) hash=459fc917aa9c505a dh=611ee67731a28246 nz=32966
[22:43:58] [Worker-Main-16/INFO] (Minecraft) [STDOUT]: [WG-CONTENT-WB] chunk(132,126) hash=9376da5110021bd dh=7d8d6cca114389a1 nz=32634
[22:43:58] [Worker-Main-2/INFO] (Minecraft) [STDOUT]: [WG-CONTENT-WB] chunk(131,124) hash=227ecd7219ff03fb dh=a5b8c06d4f15b9c3 nz=36423
[22:43:58] [Worker-Main-7/INFO] (Minecraft) [STDOUT]: [WG-CONTENT-WB] chunk(132,124) hash=f99c366984cf3c dh=5b389c56687c82bc nz=29117
[22:43:58] [Worker-Main-10/INFO] (Minecraft) [STDOUT]: [WG-CONTENT-WB] chunk(132,125) hash=29133cf926247802 dh=c7f37ee89a08a19d nz=33440
[22:43:58] [Worker-Main-8/INFO] (Minecraft) [STDOUT]: [WG-CONTENT-WB] chunk(132,129) hash=c7a0ed78291e660e dh=b455e971af9aaaa1 nz=31282
[22:43:58] [Worker-Main-1/INFO] (Minecraft) [STDOUT]: [WG-CONTENT-WB] chunk(132,130) hash=cc8af0a2e07bb2da dh=b6dfcf2042cab68f nz=30667
[22:43:58] [Worker-Main-15/INFO] (Minecraft) [STDOUT]: [WG-CONTENT-WB] chunk(130,134) hash=8cd237c837a170d dh=51a2d9a2abe55691 nz=35220
[22:43:58] [Worker-Main-23/INFO] (Minecraft) [STDOUT]: [WG-CONTENT-WB] chunk(132,132) hash=c3e09c53590418c7 dh=193e723a0b9d392c nz=30988
[22:43:58] [Worker-Main-22/INFO] (Minecraft) [STDOUT]: [WG-CONTENT-WB] chunk(124,132) hash=a71a39929a1bfc4c dh=5d94322be37fa790 nz=30133
[22:43:58] [Worker-Main-20/INFO] (Minecraft) [STDOUT]: [WG-CONTENT-WB] chunk(126,134) hash=de4e40b79f1abbce dh=e1372b1303abfa68 nz=28700
[22:43:58] [Worker-Main-19/INFO] (Minecraft) [STDOUT]: [WG-CONTENT-WB] chunk(129,134) hash=7d0e333107186912 dh=3c8b5a02e725574f nz=36586
[22:43:58] [Worker-Main-1/INFO] (Minecraft) [STDOUT]: [WG-CONTENT-WB] chunk(125,134) hash=1762edf485a00611 dh=3ed51a3b026b1073 nz=25210
[22:43:58] [Worker-Main-9/INFO] (Minecraft) [STDOUT]: [WG-CONTENT-WB] chunk(132,133) hash=fd5f15d9d1719ab7 dh=a5257b47b708175a nz=31453
[22:43:58] [Worker-Main-8/INFO] (Minecraft) [STDOUT]: [WG-CONTENT-WB] chunk(124,133) hash=821c3da005bb2f4e dh=8dc1170769701eee nz=29458
[22:43:58] [Worker-Main-10/INFO] (Minecraft) [STDOUT]: [WG-CONTENT-WB] chunk(128,134) hash=16b6944d6c9fecb7 dh=3082f778d2c890f nz=35573
[22:43:58] [Worker-Main-6/INFO] (Minecraft) [STDOUT]: [WG-CONTENT-WB] chunk(131,134) hash=98a7da64170a4a10 dh=a60a77d02c9d2320 nz=34337
[22:43:58] [Worker-Main-18/INFO] (Minecraft) [STDOUT]: [WG-CONTENT-WB] chunk(132,131) hash=ed7f9818f27b2732 dh=efc5414d55d42211 nz=30412
[22:43:58] [Worker-Main-14/INFO] (Minecraft) [STDOUT]: [WG-CONTENT-WB] chunk(127,134) hash=6a2940a64251056b dh=f1af5b975dc1da52 nz=31335
[22:43:58] [Worker-Main-16/INFO] (Minecraft) [STDOUT]: [WG-CONTENT-WB] chunk(127,135) hash=3a215ad8da700a34 dh=2de4f39422d886af nz=35705
[22:43:58] [Worker-Main-11/INFO] (Minecraft) [STDOUT]: [WG-CONTENT-WB] chunk(129,135) hash=3bb53702a9b191fb dh=e78399ae5330bc0c nz=37615
[22:43:58] [Worker-Main-2/INFO] (Minecraft) [STDOUT]: [WG-CONTENT-WB] chunk(128,135) hash=e37183c038a5611b dh=f0b04bc7138096ba nz=36027
[22:43:58] [Worker-Main-12/INFO] (Minecraft) [STDOUT]: [WG-CONTENT-WB] chunk(124,134) hash=473833893ff993b6 dh=7319d784a5f42697 nz=26075
[22:43:58] [Worker-Main-17/INFO] (Minecraft) [STDOUT]: [WG-CONTENT-WB] chunk(130,135) hash=1bc2b301e4879f25 dh=2afe2ad3f27f7b69 nz=37344
[22:43:58] [Worker-Main-3/INFO] (Minecraft) [STDOUT]: [WG-CONTENT-WB] chunk(131,135) hash=c0f9ba5d225079ff dh=29d71d584fa92271 nz=35877
[22:43:58] [Worker-Main-23/INFO] (Minecraft) [STDOUT]: [WG-CONTENT-WB] chunk(132,134) hash=8c04257957d8f491 dh=3e8486081cb40869 nz=33750
[22:43:58] [Worker-Main-15/INFO] (Minecraft) [STDOUT]: [WG-CONTENT-WB] chunk(125,135) hash=2a8e8a04a05a1720 dh=c096ba30d401fdc1 nz=26537
[22:43:58] [Worker-Main-6/INFO] (Minecraft) [STDOUT]: [WG-CONTENT-WB] chunk(126,135) hash=f035992264440547 dh=b5eb216acc7dd3bb nz=29819
[22:43:58] [Worker-Main-9/INFO] (Minecraft) [STDOUT]: [WG-CONTENT-WB] chunk(126,136) hash=328e29b9d4c4460b dh=b7528e345f65a198 nz=34243
[22:43:58] [Worker-Main-3/INFO] (Minecraft) [STDOUT]: [WG-CONTENT-WB] chunk(128,136) hash=518893fe70abe91 dh=8d18df35132f0df0 nz=33532
[22:43:58] [Worker-Main-19/INFO] (Minecraft) [STDOUT]: [WG-CONTENT-WB] chunk(127,136) hash=7deade4519b6ba6a dh=15cff0644d569f11 nz=32610
[22:43:58] [Worker-Main-16/INFO] (Minecraft) [STDOUT]: [WG-CONTENT-WB] chunk(129,136) hash=938167fec8a6c9e1 dh=e0a9d72d36f600e6 nz=37918
[22:43:58] [Worker-Main-7/INFO] (Minecraft) [STDOUT]: [WG-CONTENT-WB] chunk(125,136) hash=cc0210e992d75065 dh=8f72a224d4899afb nz=32246
[22:43:58] [Worker-Main-5/INFO] (Minecraft) [STDOUT]: [WG-CONTENT-WB] chunk(130,136) hash=e685e2e4c45af1bf dh=dc7bc42c14dc7eae nz=37803
[22:43:58] [Worker-Main-1/INFO] (Minecraft) [STDOUT]: [WG-CONTENT-WB] chunk(124,135) hash=2a635bfd13331478 dh=88cf47096eba1b35 nz=24622
[22:43:58] [Worker-Main-20/INFO] (Minecraft) [STDOUT]: [WG-CONTENT-WB] chunk(124,136) hash=593a4b0cd3461dd4 dh=eb2518d30119507a nz=29223
[22:43:58] [Worker-Main-21/INFO] (Minecraft) [STDOUT]: [WG-CONTENT-WB] chunk(131,136) hash=f2e316db9706ee42 dh=d70427c3fb560d99 nz=35676
[22:43:58] [Worker-Main-17/INFO] (Minecraft) [STDOUT]: [WG-CONTENT-WB] chunk(132,136) hash=d8a5fa1430a43963 dh=6786b8290a02c19f nz=33993
[22:43:58] [Worker-Main-10/INFO] (Minecraft) [STDOUT]: [WG-CONTENT-WB] chunk(132,135) hash=6b7db69dc901c49b dh=de9a1255b62c8714 nz=34269
[22:43:58] [Worker-Main-2/INFO] (Minecraft) [STDOUT]: [WG-CONTENT-WB] chunk(126,137) hash=d317b6fdbf161042 dh=e0f7297190cb875 nz=35890
[22:43:58] [Worker-Main-4/INFO] (Minecraft) [STDOUT]: [WG-CONTENT-WB] chunk(125,137) hash=9e21ed18c8c4ad29 dh=9cf71d47a8b86b63 nz=33844
[22:43:58] [Worker-Main-15/INFO] (Minecraft) [STDOUT]: [WG-CONTENT-WB] chunk(127,137) hash=64349ed0e251d10c dh=c1cf8e1d408e30b4 nz=34007
[22:43:58] [Worker-Main-11/INFO] (Minecraft) [STDOUT]: [WG-CONTENT-WB] chunk(130,137) hash=421dac9be9866c56 dh=1530752d0f3f6e5 nz=35332
[22:43:58] [Worker-Main-6/INFO] (Minecraft) [STDOUT]: [WG-CONTENT-WB] chunk(128,137) hash=465e7b128c46167b dh=d4d4e1113673ed45 nz=30603
[22:43:58] [Worker-Main-23/INFO] (Minecraft) [STDOUT]: [WG-CONTENT-WB] chunk(129,137) hash=351e4aba9b090fce dh=34df67aac703be6d nz=33962
[22:43:58] [Worker-Main-14/INFO] (Minecraft) [STDOUT]: [WG-CONTENT-WB] chunk(124,137) hash=20af0b0e71abdae6 dh=99785f8b9ed61859 nz=32120
[22:43:58] [Worker-Main-13/INFO] (Minecraft) [STDOUT]: [WG-CONTENT-WB] chunk(132,137) hash=f2ec5cfb4b546064 dh=747ec5c7388bb585 nz=33247
[22:43:58] [Worker-Main-22/INFO] (Minecraft) [STDOUT]: [WG-CONTENT-WB] chunk(131,137) hash=9299cec0fb7cb17f dh=47d550bb622cd666 nz=35065
[22:43:58] [Worker-Main-18/INFO] (Minecraft) [STDOUT]: [WG-CONTENT-WB] chunk(125,138) hash=bb63d1043600547e dh=6d2dd2a5972127eb nz=33932
[22:43:58] [Worker-Main-8/INFO] (Minecraft) [STDOUT]: [WG-CONTENT-WB] chunk(128,138) hash=d3b4167fd53e73d2 dh=38ff00edf1b7ec36 nz=34008
[22:43:58] [Worker-Main-19/INFO] (Minecraft) [STDOUT]: [WG-CONTENT-WB] chunk(127,138) hash=40be6c7c14463e2a dh=ed8fff7060e71bb9 nz=37090
[22:43:58] [Worker-Main-3/INFO] (Minecraft) [STDOUT]: [WG-CONTENT-WB] chunk(126,138) hash=f3704b8197e5c4ec dh=ba7099a63ae06bbe nz=36437
[22:43:58] [Worker-Main-9/INFO] (Minecraft) [STDOUT]: [WG-CONTENT-WB] chunk(129,138) hash=ae7e89ab3d9c24c0 dh=2e0302112d1a0df9 nz=35375
[22:43:58] [Worker-Main-16/INFO] (Minecraft) [STDOUT]: [WG-CONTENT-WB] chunk(130,138) hash=64d2b02d522c55c5 dh=8bd627f51948371d nz=35034
[22:43:58] [Worker-Main-12/INFO] (Minecraft) [STDOUT]: [WG-CONTENT-WB] chunk(124,138) hash=863a41e46207997a dh=69a20827f3d2c044 nz=33958
[22:43:58] [Worker-Main-22/INFO] (Minecraft) [STDOUT]: [WG-CONTENT-WB] chunk(131,138) hash=4de9c7587b9e22cf dh=1a4a361ff474c644 nz=30975
[22:43:58] [Worker-Main-13/INFO] (Minecraft) [STDOUT]: [WG-CONTENT-WB] chunk(132,138) hash=4eb8a39548d176bf dh=52ea5bbe78d8d20 nz=31083
[22:43:58] [Worker-Main-14/INFO] (Minecraft) [STDOUT]: [WG-CONTENT-WB] chunk(130,139) hash=bd61b60481787046 dh=efe0e4353234c41f nz=32754
[22:43:58] [Worker-Main-15/INFO] (Minecraft) [STDOUT]: [WG-CONTENT-WB] chunk(129,139) hash=8f8bb72805674c4b dh=932bbec12cdc70a nz=34075
[22:43:58] [Worker-Main-9/INFO] (Minecraft) [STDOUT]: [WG-CONTENT-WB] chunk(128,139) hash=b2355b9c93c94650 dh=daceecdb31c647d6 nz=36331
[22:43:58] [Worker-Main-2/INFO] (Minecraft) [STDOUT]: [WG-CONTENT-WB] chunk(127,139) hash=f090aec28b3b7533 dh=9aeb19b7f78c1aaa nz=37199
[22:43:58] [Worker-Main-10/INFO] (Minecraft) [STDOUT]: [WG-CONTENT-WB] chunk(126,139) hash=be43bbf9f8ca5c8a dh=4e3d0f56b07bb381 nz=36784
[22:43:58] [Worker-Main-11/INFO] (Minecraft) [STDOUT]: [WG-CONTENT-WB] chunk(131,139) hash=6c324e017164cacf dh=808a80d7cb4289e8 nz=31739
[22:43:58] [Worker-Main-20/INFO] (Minecraft) [STDOUT]: [WG-CONTENT-WB] chunk(125,139) hash=dbcbbf7fb5e8605f dh=e2c8a2a2c372f54e nz=33381
[22:43:58] [Worker-Main-19/INFO] (Minecraft) [STDOUT]: [WG-CONTENT-WB] chunk(128,140) hash=2b1348e6c9030a84 dh=43ce9bdecd3c7468 nz=34813
[22:43:58] [Worker-Main-18/INFO] (Minecraft) [STDOUT]: [WG-CONTENT-WB] chunk(131,140) hash=348b8a1a6d2b376b dh=225a02b1ffd958bc nz=32329
[22:43:58] [Worker-Main-21/INFO] (Minecraft) [STDOUT]: [WG-CONTENT-WB] chunk(130,140) hash=9c883f98e875ffd4 dh=234f1fa609768b4e nz=32359
[22:43:58] [Worker-Main-6/INFO] (Minecraft) [STDOUT]: [WG-CONTENT-WB] chunk(126,140) hash=624ae871a9047de8 dh=d6022891051a18b7 nz=35195
[22:43:58] [Worker-Main-3/INFO] (Minecraft) [STDOUT]: [WG-CONTENT-WB] chunk(129,140) hash=bbd03c4dc3b85d66 dh=7c43d40ecca8055a nz=33202
[22:43:58] [Worker-Main-1/INFO] (Minecraft) [STDOUT]: [WG-CONTENT-WB] chunk(127,140) hash=4005cab01c7b1505 dh=841da2839d30d9ff nz=35106
[22:43:58] [Worker-Main-12/INFO] (Minecraft) [STDOUT]: [WG-CONTENT-WB] chunk(125,140) hash=2d7294a1daf078b dh=e372bb26e43ff5c8 nz=33601
[22:43:58] [Worker-Main-16/INFO] (Minecraft) [STDOUT]: [WG-CONTENT-WB] chunk(128,141) hash=939e4cd4d1e8be2a dh=a9eae8188d80cedf nz=34130
[22:43:58] [Worker-Main-4/INFO] (Minecraft) [STDOUT]: [WG-CONTENT-WB] chunk(129,141) hash=65b84bd3e9a293eb dh=6c78124149d59170 nz=33543
[22:43:58] [Worker-Main-23/INFO] (Minecraft) [STDOUT]: [WG-CONTENT-WB] chunk(126,141) hash=5125bed4ebfcb9bd dh=fef6ead008215ffb nz=33776
[22:43:58] [Worker-Main-8/INFO] (Minecraft) [STDOUT]: [WG-CONTENT-WB] chunk(127,141) hash=d288b6a3fe6ab036 dh=83bdb0c5b23c381f nz=33832
[22:43:58] [Worker-Main-5/INFO] (Minecraft) [STDOUT]: [WG-CONTENT-WB] chunk(124,140) hash=39e92cff66b2d95c dh=65344f4923a968e nz=33207
[22:43:58] [Worker-Main-17/INFO] (Minecraft) [STDOUT]: [WG-CONTENT-WB] chunk(130,141) hash=1c45afa6a0319c78 dh=2229dad77c3f1c0c nz=32317
[22:43:58] [Worker-Main-7/INFO] (Minecraft) [STDOUT]: [WG-CONTENT-WB] chunk(124,139) hash=b6f378e563e4524a dh=c699090b23e94d4c nz=32962
[22:43:58] [Worker-Main-13/INFO] (Minecraft) [STDOUT]: [WG-CONTENT-WB] chunk(131,141) hash=e74fe1fab2382530 dh=d4b99ce56348688c nz=32109
[22:43:58] [Worker-Main-22/INFO] (Minecraft) [STDOUT]: [WG-CONTENT-WB] chunk(125,141) hash=5c013f76f51a3c22 dh=845eef8ea355b9ab nz=32506
[22:43:58] [Worker-Main-14/INFO] (Minecraft) [STDOUT]: [WG-CONTENT-WB] chunk(132,139) hash=ab5458214e63251c dh=d4c5bcf1ce0f3226 nz=32979
[22:43:58] [Worker-Main-9/INFO] (Minecraft) [STDOUT]: [WG-CONTENT-WB] chunk(132,140) hash=714f18e3615cc4ba dh=efe9d3425522e96d nz=35240
[22:43:59] [Worker-Main-2/INFO] (Minecraft) [STDOUT]: [WG-CONTENT-WB] chunk(132,141) hash=3899998e32f4db3b dh=fce498e17c85aa6 nz=34203
[22:43:59] [Worker-Main-15/INFO] (Minecraft) [STDOUT]: [WG-CONTENT-WB] chunk(124,141) hash=337d238d9872ce62 dh=550e90c9958e739b nz=31634
[22:43:59] [Worker-Main-16/INFO] (Minecraft) [STDOUT]: [WG-CONTENT-WB] chunk(128,142) hash=9e6cbdb181e0dd72 dh=d429cc9644297667 nz=33452
[22:43:59] [Worker-Main-19/INFO] (Minecraft) [STDOUT]: [WG-CONTENT-WB] chunk(125,142) hash=775b23ffd44339da dh=36883f82876037cd nz=30612
[22:43:59] [Worker-Main-8/INFO] (Minecraft) [STDOUT]: [WG-CONTENT-WB] chunk(129,142) hash=378ab3b83b7efb9b dh=5d7ba967b87ac5b3 nz=33231
[22:43:59] [Worker-Main-14/INFO] (Minecraft) [STDOUT]: [WG-CONTENT-WB] chunk(127,142) hash=fb316f07d9ff7c5d dh=9dc1e748eb7e3bff nz=33536
[22:43:59] [Worker-Main-1/INFO] (Minecraft) [STDOUT]: [WG-CONTENT-WB] chunk(130,142) hash=a3618323c4730ec8 dh=2744a51837cc14b5 nz=32969
[22:43:59] [Worker-Main-18/INFO] (Minecraft) [STDOUT]: [WG-CONTENT-WB] chunk(126,142) hash=756e53ec93144329 dh=54838cc0b4dce5f2 nz=32350
[22:43:59] [Worker-Main-12/INFO] (Minecraft) [STDOUT]: [WG-CONTENT-WB] chunk(129,143) hash=9c6104c901edd066 dh=f250d74cd6282d79 nz=34546
[22:43:59] [Worker-Main-22/INFO] (Minecraft) [STDOUT]: [WG-CONTENT-WB] chunk(131,142) hash=960f96ecb2625981 dh=bad2c1998619d9cc nz=31144
[22:43:59] [Worker-Main-15/INFO] (Minecraft) [STDOUT]: [WG-CONTENT-WB] chunk(128,143) hash=9e8ffc10be5c77b4 dh=8449022cc08993fc nz=33225
[22:43:59] [Worker-Main-4/INFO] (Minecraft) [STDOUT]: [WG-CONTENT-WB] chunk(130,143) hash=5f88b604aec5ce1a dh=5898f9e9005b148c nz=33816
[22:43:59] [Worker-Main-7/INFO] (Minecraft) [STDOUT]: [WG-CONTENT-WB] chunk(126,143) hash=3c432ecfb7ba68ab dh=34bac50fe65d7c05 nz=31729
[22:43:59] [Worker-Main-3/INFO] (Minecraft) [STDOUT]: [WG-CONTENT-WB] chunk(127,143) hash=b926fddbb0c42454 dh=fbff82b8a2f1b54b nz=31780
[22:43:59] [Worker-Main-9/INFO] (Minecraft) [STDOUT]: [WG-CONTENT-WB] chunk(131,143) hash=76f6a093e85840f9 dh=1538b0c2d59efddb nz=33198
[22:43:59] [Worker-Main-5/INFO] (Minecraft) [STDOUT]: [WG-CONTENT-WB] chunk(125,143) hash=907870df1c911c7d dh=199a004fa858169d nz=32248
[22:43:59] [Worker-Main-17/INFO] (Minecraft) [STDOUT]: [WG-CONTENT-WB] chunk(124,142) hash=20f3769e5b95cadd dh=ec0a5ce544fcb8dd nz=30278
[22:43:59] [Worker-Main-11/INFO] (Minecraft) [STDOUT]: [WG-CONTENT-WB] chunk(126,144) hash=12e4a53fe6987b80 dh=5a25f989f3cc3acc nz=32477
[22:43:59] [Worker-Main-10/INFO] (Minecraft) [STDOUT]: [WG-CONTENT-WB] chunk(130,144) hash=851f4754f85bf697 dh=edeb30ccd0075625 nz=34245
[22:43:59] [Worker-Main-23/INFO] (Minecraft) [STDOUT]: [WG-CONTENT-WB] chunk(127,144) hash=538b939d2125806a dh=a94aa0b64275f2d8 nz=31536
[22:43:59] [Worker-Main-2/INFO] (Minecraft) [STDOUT]: [WG-CONTENT-WB] chunk(129,144) hash=ded5c6df5c4e53f0 dh=f594c9902ad4a0e8 nz=34185
[22:43:59] [Worker-Main-21/INFO] (Minecraft) [STDOUT]: [WG-CONTENT-WB] chunk(125,144) hash=b4cb28d034ac667c dh=4faa8383ebd2004 nz=32302
[22:43:59] [Worker-Main-20/INFO] (Minecraft) [STDOUT]: [WG-CONTENT-WB] chunk(128,144) hash=bd3d361084e5d3e8 dh=fc6cd24da3310d1d nz=32159
[22:43:59] [Worker-Main-13/INFO] (Minecraft) [STDOUT]: [WG-CONTENT-WB] chunk(124,143) hash=e0e27bde9b354d10 dh=723af62f2d0420ea nz=32235
[22:43:59] [Worker-Main-6/INFO] (Minecraft) [STDOUT]: [WG-CONTENT-WB] chunk(132,142) hash=829ce666517ab9f3 dh=96dafa8f07ef28be nz=32505
[22:43:59] [Worker-Main-16/INFO] (Minecraft) [STDOUT]: [WG-CONTENT-WB] chunk(132,143) hash=fe851ae7ec4572fc dh=339a2f487470fc12 nz=31639
[22:43:59] [Worker-Main-19/INFO] (Minecraft) [STDOUT]: [WG-CONTENT-WB] chunk(124,144) hash=e211f91740138cb6 dh=8827bb69bdddc43b nz=31820
[22:43:59] [Worker-Main-8/INFO] (Minecraft) [STDOUT]: [WG-CONTENT-WB] chunk(131,144) hash=515a22e7a7d3174d dh=4e5d9886fb0823ae nz=32470
[22:43:59] [Worker-Main-14/INFO] (Minecraft) [STDOUT]: [WG-CONTENT-WB] chunk(132,144) hash=14271e29e75aa9d dh=ae23d14a43ef5d71 nz=30732
[22:43:59] [Worker-Main-11/INFO] (Minecraft) [STDOUT]: [WG-CONTENT-WB] chunk(127,145) hash=dcb8e7b6b596914 dh=7eeb1f4a321fa4a nz=31139
[22:43:59] [Worker-Main-23/INFO] (Minecraft) [STDOUT]: [WG-CONTENT-WB] chunk(129,145) hash=5089b21c248a4482 dh=3198fb965b75b57a nz=32858
[22:43:59] [Worker-Main-10/INFO] (Minecraft) [STDOUT]: [WG-CONTENT-WB] chunk(130,145) hash=b6f63793396b176d dh=f64461ca1623cf69 nz=33754
[22:43:59] [Worker-Main-18/INFO] (Minecraft) [STDOUT]: [WG-CONTENT-WB] chunk(125,145) hash=ae97a6d541fa0c20 dh=2ff0851add7da23b nz=31967
[22:43:59] [Worker-Main-5/INFO] (Minecraft) [STDOUT]: [WG-CONTENT-WB] chunk(131,145) hash=effa866cdcaf8e5 dh=c02fd6c9854ec1bf nz=31546
[22:43:59] [Worker-Main-17/INFO] (Minecraft) [STDOUT]: [WG-CONTENT-WB] chunk(126,145) hash=37c7c84fb3a9c05 dh=78cb60904e619edb nz=32494
[22:43:59] [Worker-Main-1/INFO] (Minecraft) [STDOUT]: [WG-CONTENT-WB] chunk(128,145) hash=3e0afb72c413e9a7 dh=2dfc542737cc833d nz=31740
[22:43:59] [Worker-Main-13/INFO] (Minecraft) [STDOUT]: [WG-CONTENT-WB] chunk(128,146) hash=4abf6de1562fc9f6 dh=5d46c2b477ac41fa nz=31153
[22:43:59] [Worker-Main-15/INFO] (Minecraft) [STDOUT]: [WG-CONTENT-WB] chunk(129,146) hash=e7dd6422c03d5b7f dh=7c34a7405766f1dc nz=32367
[22:43:59] [Worker-Main-4/INFO] (Minecraft) [STDOUT]: [WG-CONTENT-WB] chunk(126,146) hash=740e88cf2943758e dh=3220a1f18815c093 nz=30612
[22:43:59] [Worker-Main-12/INFO] (Minecraft) [STDOUT]: [WG-CONTENT-WB] chunk(125,146) hash=f46ff96b76dc6375 dh=158bccddb4737d58 nz=28412
[22:43:59] [Worker-Main-20/INFO] (Minecraft) [STDOUT]: [WG-CONTENT-WB] chunk(130,146) hash=e730eafea4ad4570 dh=9873527bfb7f7b9f nz=30929
[22:43:59] [Worker-Main-3/INFO] (Minecraft) [STDOUT]: [WG-CONTENT-WB] chunk(131,146) hash=47740cd8d2f2d155 dh=35785778158138c3 nz=31000
[22:43:59] [Worker-Main-19/INFO] (Minecraft) [STDOUT]: [WG-CONTENT-WB] chunk(127,146) hash=d3d1af5df6adfbaa dh=c9de8358e0d37f51 nz=29185
[22:43:59] [Worker-Main-9/INFO] (Minecraft) [STDOUT]: [WG-CONTENT-WB] chunk(124,145) hash=7ea5837fe8e4addc dh=149291d2c14d4ee3 nz=30848
[22:43:59] [Worker-Main-6/INFO] (Minecraft) [STDOUT]: [WG-CONTENT-WB] chunk(129,147) hash=a28994e0da035d22 dh=4fc5dd3df16c842 nz=27278
[22:43:59] [Worker-Main-22/INFO] (Minecraft) [STDOUT]: [WG-CONTENT-WB] chunk(124,146) hash=846c0dc36fb9c24d dh=aea014ac2dd325bd nz=30892
[22:43:59] [Worker-Main-14/INFO] (Minecraft) [STDOUT]: [WG-CONTENT-WB] chunk(128,147) hash=33dc2d0f654b55b8 dh=99b14229b80b4ebe nz=26278
[22:43:59] [Worker-Main-11/INFO] (Minecraft) [STDOUT]: [WG-CONTENT-WB] chunk(131,147) hash=cdf60816156e243a dh=7d34cbda7d7daef4 nz=32296
[22:43:59] [Worker-Main-8/INFO] (Minecraft) [STDOUT]: [WG-CONTENT-WB] chunk(125,147) hash=2b4a3b4285f2fd02 dh=732e20f485ade849 nz=26504
[22:43:59] [Worker-Main-7/INFO] (Minecraft) [STDOUT]: [WG-CONTENT-WB] chunk(126,147) hash=6aec5dc70073312b dh=732a5a93270a8c13 nz=29147
[22:43:59] [Worker-Main-2/INFO] (Minecraft) [STDOUT]: [WG-CONTENT-WB] chunk(127,147) hash=30096fa3629107b dh=3b28443bb8159a8d nz=28429
[22:43:59] [Worker-Main-23/INFO] (Minecraft) [STDOUT]: [WG-CONTENT-WB] chunk(132,145) hash=4a22384ce4f5f8ce dh=bef8d88413b2feff nz=32716
[22:43:59] [Worker-Main-16/INFO] (Minecraft) [STDOUT]: [WG-CONTENT-WB] chunk(130,147) hash=13b328b1d3c0b558 dh=df1e70a7358494ef nz=28474
[22:43:59] [Worker-Main-10/INFO] (Minecraft) [STDOUT]: [WG-CONTENT-WB] chunk(132,146) hash=f388be3bd647b289 dh=3c384610f8ff48fc nz=32598
[22:43:59] [Worker-Main-18/INFO] (Minecraft) [STDOUT]: [WG-CONTENT-WB] chunk(132,147) hash=a8f010b766a6edb3 dh=f307fa588983a94e nz=32677
[22:43:59] [Worker-Main-21/INFO] (Minecraft) [STDOUT]: [WG-CONTENT-WB] chunk(124,147) hash=1cd380202604bda4 dh=deca858b8f02ed8d nz=29732
[22:43:59] [Worker-Main-21/INFO] (Minecraft) [STDOUT]: [WG-CONTENT-WB] chunk(133,130) hash=dd436a348cf51100 dh=17f5bdccd113bbba nz=30351
[22:43:59] [Worker-Main-13/INFO] (Minecraft) [STDOUT]: [WG-CONTENT-WB] chunk(133,136) hash=7111cd9afe7ebf19 dh=2d7842043d622b47 nz=34156
[22:43:59] [Worker-Main-11/INFO] (Minecraft) [STDOUT]: [WG-CONTENT-WB] chunk(133,140) hash=3b54bf613d47496f dh=d82e0f09201280c4 nz=34581
[22:43:59] [Worker-Main-1/INFO] (Minecraft) [STDOUT]: [WG-CONTENT-WB] chunk(133,142) hash=8970782889fb631d dh=919092c2d0eaf20d nz=33552
[22:43:59] [Worker-Main-17/INFO] (Minecraft) [STDOUT]: [WG-CONTENT-WB] chunk(133,134) hash=edf3194f29936b5d dh=b1dc130ac9637ea3 nz=31732
[22:43:59] [Worker-Main-20/INFO] (Minecraft) [STDOUT]: [WG-CONTENT-WB] chunk(133,138) hash=bb1854afd14fbb07 dh=df1346ff4b8d50f nz=33239
[22:43:59] [Worker-Main-15/INFO] (Minecraft) [STDOUT]: [WG-CONTENT-WB] chunk(133,133) hash=48f86252ca55c1d dh=59482009c17b1f59 nz=29622
[22:43:59] [Worker-Main-6/INFO] (Minecraft) [STDOUT]: [WG-CONTENT-WB] chunk(133,137) hash=b3854b311dcbd500 dh=8a30a79cba7c07d0 nz=34639
[22:43:59] [Worker-Main-18/INFO] (Minecraft) [STDOUT]: [WG-CONTENT-WB] chunk(133,132) hash=b9edec61e9bee6ec dh=506f0bca8b892d3a nz=28479
[22:43:59] [Worker-Main-7/INFO] (Minecraft) [STDOUT]: [WG-CONTENT-WB] chunk(133,131) hash=91a4fe5f927762ff dh=38dcb711c2116ea1 nz=28782
[22:43:59] [Worker-Main-22/INFO] (Minecraft) [STDOUT]: [WG-CONTENT-WB] chunk(133,141) hash=aabf2d5ad68c3c1d dh=590d7d8d77237c65 nz=33812
[22:43:59] [Worker-Main-23/INFO] (Minecraft) [STDOUT]: [WG-CONTENT-WB] chunk(133,135) hash=7fab9cbbfe7faae dh=7bd14d5c45d52843 nz=33218
[22:43:59] [Worker-Main-14/INFO] (Minecraft) [STDOUT]: [WG-CONTENT-WB] chunk(133,145) hash=d1380e10d44b295f dh=27392937b32e233a nz=32553
[22:43:59] [Worker-Main-10/INFO] (Minecraft) [STDOUT]: [WG-CONTENT-WB] chunk(133,139) hash=ca6778452abc8142 dh=6127d70125459059 nz=34080
[22:43:59] [Worker-Main-12/INFO] (Minecraft) [STDOUT]: [WG-CONTENT-WB] chunk(133,127) hash=31723e53464e7f60 dh=bf019440fb5ec304 nz=33843
[22:43:59] [Worker-Main-5/INFO] (Minecraft) [STDOUT]: [WG-CONTENT-WB] chunk(133,129) hash=4917600605499267 dh=c4c6b2d47628432d nz=27115
[22:43:59] [Worker-Main-4/INFO] (Minecraft) [STDOUT]: [WG-CONTENT-WB] chunk(133,143) hash=8c3b3ca38442f69a dh=7ab3e947cc0df7a1 nz=32200
[22:43:59] [Worker-Main-19/INFO] (Minecraft) [STDOUT]: [WG-CONTENT-WB] chunk(133,128) hash=595f222930f4c0f1 dh=526f0e5966c4ed9e nz=29882
[22:43:59] [Worker-Main-9/INFO] (Minecraft) [STDOUT]: [WG-CONTENT-WB] chunk(133,126) hash=1cb6552b69ca2f2a dh=30f5fe1df45386e9 nz=33216
[22:43:59] [Worker-Main-16/INFO] (Minecraft) [STDOUT]: [WG-CONTENT-WB] chunk(133,144) hash=5689100fd8d6f749 dh=31b02dccef49f5e nz=31720
[22:43:59] [Worker-Main-8/INFO] (Minecraft) [STDOUT]: [WG-CONTENT-WB] chunk(133,125) hash=1f2f3085ab1dfcee dh=f1b6ae874c443d36 nz=33186
[22:43:59] [Worker-Main-2/INFO] (Minecraft) [STDOUT]: [WG-CONTENT-WB] chunk(134,125) hash=104f84649bf370ba dh=b5fc05fd06ba0739 nz=43428
[22:43:59] [Worker-Main-3/INFO] (Minecraft) [STDOUT]: [WG-CONTENT-WB] chunk(134,126) hash=685da0fefb1b0cc dh=e23ad863d05185c8 nz=40217
[22:43:59] [Worker-Main-13/INFO] (Minecraft) [STDOUT]: [WG-CONTENT-WB] chunk(134,128) hash=e4d0a3432df43a61 dh=acb0c442610aad1f nz=33588
[22:43:59] [Worker-Main-21/INFO] (Minecraft) [STDOUT]: [WG-CONTENT-WB] chunk(134,127) hash=64c92c63fa42aae7 dh=5f22eb9e9e718549 nz=36729
[22:43:59] [Worker-Main-11/INFO] (Minecraft) [STDOUT]: [WG-CONTENT-WB] chunk(134,129) hash=c1351e6246dfc281 dh=61ce6336dbb13d15 nz=28028
[22:43:59] [Worker-Main-3/INFO] (Minecraft) [STDOUT]: [WG-CONTENT-WB] chunk(133,146) hash=20162a4102302956 dh=885e6ab8f747217b nz=32518
[22:43:59] [Worker-Main-7/INFO] (Minecraft) [STDOUT]: [WG-CONTENT-WB] chunk(134,131) hash=3c1b8e5d7a7a19a0 dh=964bfd5fb90f0b5d nz=28430
[22:44:00] [Worker-Main-19/INFO] (Minecraft) [STDOUT]: [WG-CONTENT-WB] chunk(134,130) hash=71ec9364e24f061e dh=47d3ca48266cdcac nz=29440
[22:44:00] [Worker-Main-1/INFO] (Minecraft) [STDOUT]: [WG-CONTENT-WB] chunk(134,132) hash=35bcac329931660d dh=3966fa255cf1aad2 nz=27370
[22:44:00] [Worker-Main-4/INFO] (Minecraft) [STDOUT]: [WG-CONTENT-WB] chunk(134,133) hash=ff21821f1f70971b dh=3488c9ca06319a64 nz=28225
[22:44:00] [Worker-Main-18/INFO] (Minecraft) [STDOUT]: [WG-CONTENT-WB] chunk(134,140) hash=edf9f4fe5805440a dh=f836a920f1b3a4ed nz=34354
[22:44:00] [Worker-Main-15/INFO] (Minecraft) [STDOUT]: [WG-CONTENT-WB] chunk(134,137) hash=7109d8924d5cb6bb dh=6dbb0bda7cf536e nz=33589
[22:44:00] [Worker-Main-12/INFO] (Minecraft) [STDOUT]: [WG-CONTENT-WB] chunk(134,143) hash=1f5e4580a636bc3f dh=57aef9424e7ef41e nz=32995
[22:44:00] [Worker-Main-22/INFO] (Minecraft) [STDOUT]: [WG-CONTENT-WB] chunk(134,138) hash=e552e65ee40550a9 dh=22d4284b35062c9f nz=32574
[22:44:00] [Worker-Main-11/INFO] (Minecraft) [STDOUT]: [WG-CONTENT-WB] chunk(134,141) hash=39f0c9ef2d6fe1fd dh=8fb8b085e394b6fb nz=33982
[22:44:00] [Worker-Main-10/INFO] (Minecraft) [STDOUT]: [WG-CONTENT-WB] chunk(134,142) hash=fba37abf0a127b80 dh=dddd24071d1635a0 nz=33413
[22:44:00] [Worker-Main-14/INFO] (Minecraft) [STDOUT]: [WG-CONTENT-WB] chunk(134,134) hash=1b105698516101bc dh=38a9199889b3c19f nz=31035
[22:44:00] [Worker-Main-8/INFO] (Minecraft) [STDOUT]: [WG-CONTENT-WB] chunk(134,144) hash=2e9b3bf617234ea8 dh=64cd3a1caddb90e0 nz=32651
[22:44:00] [Worker-Main-9/INFO] (Minecraft) [STDOUT]: [WG-CONTENT-WB] chunk(134,136) hash=b969e9afab4aa727 dh=19c436e02452c528 nz=32023
[22:44:00] [Worker-Main-17/INFO] (Minecraft) [STDOUT]: [WG-CONTENT-WB] chunk(134,135) hash=c40c4867f3c4afbe dh=290ec6b96aef4e89 nz=30614
[22:44:00] [Worker-Main-13/INFO] (Minecraft) [STDOUT]: [WG-CONTENT-WB] chunk(134,146) hash=6a4505c98488fe5c dh=80970e45958e8818 nz=30973
[22:44:00] [Worker-Main-3/INFO] (Minecraft) [STDOUT]: [WG-CONTENT-WB] chunk(134,145) hash=56751f5ef7e94bc9 dh=1197c055a518e51d nz=31616
[22:44:00] [Worker-Main-20/INFO] (Minecraft) [STDOUT]: [WG-CONTENT-WB] chunk(134,139) hash=fae4c719c086805f dh=5f0b7c4c32cc186e nz=33489
[22:44:00] [Worker-Main-21/INFO] (Minecraft) [STDOUT]: [WG-CONTENT-WB] chunk(135,129) hash=3875a794e78b4c05 dh=58d05d901664c4ad nz=31542
[22:44:00] [Worker-Main-2/INFO] (Minecraft) [STDOUT]: [WG-CONTENT-WB] chunk(135,130) hash=bf07225069b03696 dh=73c0fb3649a54875 nz=29238
[22:44:00] [Worker-Main-16/INFO] (Minecraft) [STDOUT]: [WG-CONTENT-WB] chunk(135,127) hash=9c71f885f5ea4ec5 dh=b25a17375481bab1 nz=37776
[22:44:00] [Worker-Main-6/INFO] (Minecraft) [STDOUT]: [WG-CONTENT-WB] chunk(135,125) hash=b0cb810c8f9ce09a dh=70aa552a248ddf03 nz=42856
[22:44:00] [Worker-Main-23/INFO] (Minecraft) [STDOUT]: [WG-CONTENT-WB] chunk(135,128) hash=f91e74e4879fced6 dh=843c2cb1cc1c70a0 nz=35184
[22:44:00] [Worker-Main-7/INFO] (Minecraft) [STDOUT]: [WG-CONTENT-WB] chunk(135,131) hash=f01f151edcbb267 dh=89461636f1e79172 nz=29017
[22:44:00] [Worker-Main-5/INFO] (Minecraft) [STDOUT]: [WG-CONTENT-WB] chunk(135,126) hash=9cd52ab17e8ab4ae dh=50ae7aec6f615f3b nz=40972
[22:44:00] [Worker-Main-16/INFO] (Minecraft) [STDOUT]: [WG-CONTENT-WB] chunk(135,132) hash=26b5506d85ecceca dh=b68b588420dd91fb nz=28284
[22:44:00] [Worker-Main-7/INFO] (Minecraft) [STDOUT]: [WG-CONTENT-WB] chunk(135,134) hash=f241d7eaa4455006 dh=2f581191d0595a1 nz=27852
[22:44:00] [Worker-Main-9/INFO] (Minecraft) [STDOUT]: [WG-CONTENT-WB] chunk(135,135) hash=8d0dcf1e463e6bb9 dh=fdd7504b40f79ce1 nz=29086
[22:44:00] [Worker-Main-6/INFO] (Minecraft) [STDOUT]: [WG-CONTENT-WB] chunk(135,140) hash=1a51b93806b3fff dh=37f66309d361ec38 nz=33853
[22:44:00] [Worker-Main-14/INFO] (Minecraft) [STDOUT]: [WG-CONTENT-WB] chunk(135,137) hash=db263038c492f0f8 dh=b9d391b171210796 nz=30223
[22:44:00] [Worker-Main-11/INFO] (Minecraft) [STDOUT]: [WG-CONTENT-WB] chunk(135,139) hash=6cb9982c8574df84 dh=8653e3197d94f72a nz=33259
[22:44:00] [Worker-Main-19/INFO] (Minecraft) [STDOUT]: [WG-CONTENT-WB] chunk(135,141) hash=bb9a94a6c629f5a1 dh=ee7c6fa25ab5c9bb nz=33662
[22:44:00] [Worker-Main-18/INFO] (Minecraft) [STDOUT]: [WG-CONTENT-WB] chunk(135,136) hash=f5f906af8606db09 dh=f1aaba229d0cbddf nz=29172
[22:44:00] [Worker-Main-13/INFO] (Minecraft) [STDOUT]: [WG-CONTENT-WB] chunk(135,133) hash=fc5a7cc8c5ef9508 dh=de8ecfed4d90a3c3 nz=25277
[22:44:00] [Worker-Main-2/INFO] (Minecraft) [STDOUT]: [WG-CONTENT-WB] chunk(135,142) hash=e42e08006fd315f8 dh=55c7b54b5690c600 nz=33437
[22:44:00] [Worker-Main-12/INFO] (Minecraft) [STDOUT]: [WG-CONTENT-WB] chunk(135,143) hash=5950929a42ba2893 dh=3e17cdcf5e090050 nz=32811
[22:44:00] [Worker-Main-1/INFO] (Minecraft) [STDOUT]: [WG-CONTENT-WB] chunk(135,138) hash=292c7bde59560ea5 dh=49b820dbbf8ce499 nz=30818
[22:44:00] [Worker-Main-5/INFO] (Minecraft) [STDOUT]: [WG-CONTENT-WB] chunk(136,133) hash=600e56a595428e35 dh=56e76d909df646f1 nz=24460
[22:44:00] [Worker-Main-23/INFO] (Minecraft) [STDOUT]: [WG-CONTENT-WB] chunk(136,130) hash=61f19b1ce93361ba dh=55ff99b2abebab7 nz=32786
[22:44:00] [Worker-Main-21/INFO] (Minecraft) [STDOUT]: [WG-CONTENT-WB] chunk(136,125) hash=cb9d4e472296ed9f dh=d806497e1e42ad2 nz=41593
[22:44:00] [Worker-Main-22/INFO] (Minecraft) [STDOUT]: [WG-CONTENT-WB] chunk(135,144) hash=f9ee238018241e3f dh=11340030c6b28c5a nz=32679
[22:44:00] [Worker-Main-15/INFO] (Minecraft) [STDOUT]: [WG-CONTENT-WB] chunk(136,131) hash=a89648e014f01e52 dh=91382714d0953b31 nz=29800
[22:44:00] [Worker-Main-17/INFO] (Minecraft) [STDOUT]: [WG-CONTENT-WB] chunk(135,145) hash=b5707d1b5a435453 dh=eae8248cf99f332b nz=31016
[22:44:00] [Worker-Main-4/INFO] (Minecraft) [STDOUT]: [WG-CONTENT-WB] chunk(136,126) hash=89bf233e39c8d812 dh=cc0b75848de7e65f nz=41118
[22:44:00] [Worker-Main-10/INFO] (Minecraft) [STDOUT]: [WG-CONTENT-WB] chunk(136,129) hash=aebee2d2f5fb2ee8 dh=7823ddf9e745bf2a nz=36007
[22:44:00] [Worker-Main-20/INFO] (Minecraft) [STDOUT]: [WG-CONTENT-WB] chunk(136,128) hash=5846620b6c3875b dh=f52b9ec4c44b68a4 nz=37613
[22:44:00] [Worker-Main-8/INFO] (Minecraft) [STDOUT]: [WG-CONTENT-WB] chunk(136,127) hash=66880c327ed88bad dh=64a5a5f0b9f958a1 nz=38758
[22:44:00] [Worker-Main-3/INFO] (Minecraft) [STDOUT]: [WG-CONTENT-WB] chunk(136,132) hash=8fbd878d351eaa9d dh=d084c0bfa9abdedd nz=26712
[22:44:00] [Worker-Main-16/INFO] (Minecraft) [STDOUT]: [WG-CONTENT-WB] chunk(133,124) hash=f8f26556e113e154 dh=2886a2ede54b2439 nz=32175
[22:44:00] [Worker-Main-7/INFO] (Minecraft) [STDOUT]: [WG-CONTENT-WB] chunk(133,147) hash=e4d95b4b2c102974 dh=f7b9332ff47fccf nz=32062
[22:44:00] [Worker-Main-9/INFO] (Minecraft) [STDOUT]: [WG-CONTENT-WB] chunk(134,147) hash=906715929b53b126 dh=dbae48c52abb69e4 nz=28128
[22:44:00] [Worker-Main-14/INFO] (Minecraft) [STDOUT]: [WG-CONTENT-WB] chunk(135,146) hash=8ab36a66ed11fdc7 dh=5af3966f479e8b93 nz=31214
[22:44:00] [Worker-Main-11/INFO] (Minecraft) [STDOUT]: [WG-CONTENT-WB] chunk(135,124) hash=70c8bc19e75637ed dh=afc5f933cde02aa1 nz=41274
[22:44:00] [Worker-Main-6/INFO] (Minecraft) [STDOUT]: [WG-CONTENT-WB] chunk(134,124) hash=734568d29054377c dh=9529b1cd7e72921a nz=41703
[22:44:00] [Worker-Main-11/INFO] (Minecraft) [STDOUT]: [WG-CONTENT-WB] chunk(136,134) hash=d09f50bd6cd13f71 dh=c6ba754bac19b078 nz=24923
[22:44:00] [Worker-Main-10/INFO] (Minecraft) [STDOUT]: [WG-CONTENT-WB] chunk(136,136) hash=646e3f219f777509 dh=f94b58bd932c361d nz=25206
[22:44:00] [Worker-Main-19/INFO] (Minecraft) [STDOUT]: [WG-CONTENT-WB] chunk(136,135) hash=406aa7126b5ef8f9 dh=7aa401ff6065584f nz=26202
[22:44:00] [Worker-Main-12/INFO] (Minecraft) [STDOUT]: [WG-CONTENT-WB] chunk(136,138) hash=bdf3a7cd59e8c4b3 dh=fb89462e251cebb2 nz=29091
[22:44:00] [Worker-Main-14/INFO] (Minecraft) [STDOUT]: [WG-CONTENT-WB] chunk(136,137) hash=18942d151f6c6c97 dh=32cc70a8ef093c3e nz=27333
[22:44:00] [Worker-Main-17/INFO] (Minecraft) [STDOUT]: [WG-CONTENT-WB] chunk(136,139) hash=6d52d5f122b2f807 dh=216ea8f54f2c190a nz=32505
[22:44:00] [Worker-Main-7/INFO] (Minecraft) [STDOUT]: [WG-CONTENT-WB] chunk(136,140) hash=c356874fa402f7d5 dh=c133172f72ba50ef nz=33706
[22:44:00] [Worker-Main-21/INFO] (Minecraft) [STDOUT]: [WG-CONTENT-WB] chunk(136,143) hash=9809494b5fa360a8 dh=8cb8e4c223abb894 nz=32873
[22:44:00] [Worker-Main-8/INFO] (Minecraft) [STDOUT]: [WG-CONTENT-WB] chunk(137,130) hash=d3d335763b85c52c dh=240044e6ba40821c nz=34845
[22:44:00] [Worker-Main-22/INFO] (Minecraft) [STDOUT]: [WG-CONTENT-WB] chunk(135,147) hash=3538ce1c84b09841 dh=5091e2f10c07a491 nz=30980
[22:44:00] [Worker-Main-6/INFO] (Minecraft) [STDOUT]: [WG-CONTENT-WB] chunk(136,145) hash=b4c8e1b2eb5aaea7 dh=f945779041605911 nz=31236
[22:44:00] [Worker-Main-18/INFO] (Minecraft) [STDOUT]: [WG-CONTENT-WB] chunk(136,141) hash=849f32c6ffbfec dh=8d98c30534604476 nz=33779
[22:44:00] [Worker-Main-5/INFO] (Minecraft) [STDOUT]: [WG-CONTENT-WB] chunk(137,126) hash=8b6f75474f8a6b0b dh=a09f28e2980fce64 nz=39579
[22:44:00] [Worker-Main-15/INFO] (Minecraft) [STDOUT]: [WG-CONTENT-WB] chunk(136,124) hash=29914ec7bd57cec1 dh=e2f0f37064e74f07 nz=39802
[22:44:00] [Worker-Main-4/INFO] (Minecraft) [STDOUT]: [WG-CONTENT-WB] chunk(137,131) hash=655c230b38b019b8 dh=5ed61ce176a7fc18 nz=29013
[22:44:00] [Worker-Main-3/INFO] (Minecraft) [STDOUT]: [WG-CONTENT-WB] chunk(136,142) hash=1e32059e8e17aff2 dh=c288338d42e7efbf nz=33034
[22:44:00] [Worker-Main-9/INFO] (Minecraft) [STDOUT]: [WG-CONTENT-WB] chunk(137,125) hash=b5827cb55c502ef7 dh=16945974856460c0 nz=39601
[22:44:00] [Worker-Main-16/INFO] (Minecraft) [STDOUT]: [WG-CONTENT-WB] chunk(137,127) hash=a5197155e93c5142 dh=74c5879dc6621d65 nz=39008
[22:44:00] [Worker-Main-13/INFO] (Minecraft) [STDOUT]: [WG-CONTENT-WB] chunk(137,129) hash=80f14b36dd63ba19 dh=234ce3aa6709bb21 nz=36092
[22:44:00] [Worker-Main-20/INFO] (Minecraft) [STDOUT]: [WG-CONTENT-WB] chunk(136,144) hash=f40c78992ec23d4e dh=11ab3b229c576125 nz=31416
[22:44:00] [Worker-Main-2/INFO] (Minecraft) [STDOUT]: [WG-CONTENT-WB] chunk(137,128) hash=f50bdfe62963d190 dh=d4b309cec8a6499e nz=37009
[22:44:00] [Worker-Main-23/INFO] (Minecraft) [STDOUT]: [WG-CONTENT-WB] chunk(137,132) hash=6f4577e288cc857e dh=a28a1ff75c24d2bc nz=25174
[22:44:00] [Worker-Main-1/INFO] (Minecraft) [STDOUT]: [WG-CONTENT-WB] chunk(136,146) hash=4983f2cb46320a0c dh=bacecd63734945de nz=32917
[22:44:00] [Worker-Main-11/INFO] (Minecraft) [STDOUT]: [WG-CONTENT-WB] chunk(137,133) hash=4570b126706c6e02 dh=e0a23c453601134f nz=23334
[22:44:00] [Worker-Main-10/INFO] (Minecraft) [STDOUT]: [WG-CONTENT-WB] chunk(137,134) hash=e550022efbf9fc40 dh=9ff6455ea9b7f890 nz=23522
[22:44:00] [Worker-Main-19/INFO] (Minecraft) [STDOUT]: [WG-CONTENT-WB] chunk(137,135) hash=3654d8014113e472 dh=5a7d55599ab53faf nz=22670
[22:44:00] [Worker-Main-17/INFO] (Minecraft) [STDOUT]: [WG-CONTENT-WB] chunk(137,136) hash=74ab2a1705a16dc4 dh=4e7d46f8371d2ca6 nz=25739
[22:44:00] [Worker-Main-11/INFO] (Minecraft) [STDOUT]: [WG-CONTENT-WB] chunk(137,137) hash=44d0b193f8594629 dh=f2945df802d350d1 nz=27544
[22:44:00] [Worker-Main-7/INFO] (Minecraft) [STDOUT]: [WG-CONTENT-WB] chunk(137,145) hash=8817d0997453c3f2 dh=c9a8897a874cb68d nz=32868
[22:44:00] [Worker-Main-14/INFO] (Minecraft) [STDOUT]: [WG-CONTENT-WB] chunk(137,140) hash=43c9c325cd9c63d dh=59acf7297643c877 nz=33092
[22:44:00] [Worker-Main-21/INFO] (Minecraft) [STDOUT]: [WG-CONTENT-WB] chunk(137,138) hash=4b9e4892d05541d1 dh=c7c90151898f2e3 nz=30944
[22:44:00] [Worker-Main-10/INFO] (Minecraft) [STDOUT]: [WG-CONTENT-WB] chunk(137,139) hash=6b63820b90570378 dh=32ed1928c06ca1d4 nz=32607
[22:44:00] [Worker-Main-18/INFO] (Minecraft) [STDOUT]: [WG-CONTENT-WB] chunk(137,142) hash=4105a23381cdf1ba dh=401f5b3c90d89103 nz=30344
[22:44:00] [Worker-Main-13/INFO] (Minecraft) [STDOUT]: [WG-CONTENT-WB] chunk(137,146) hash=539e19fb31cb2a04 dh=6e1d7fa2caa4d9b4 nz=33061
[22:44:00] [Worker-Main-12/INFO] (Minecraft) [STDOUT]: [WG-CONTENT-WB] chunk(137,143) hash=efbb4fcd95acb98b dh=53fce8f97d16baf8 nz=30133
[22:44:00] [Worker-Main-8/INFO] (Minecraft) [STDOUT]: [WG-CONTENT-WB] chunk(138,132) hash=c2ac02224003aec7 dh=c6b2755cfa3c0749 nz=27044
[22:44:00] [Worker-Main-16/INFO] (Minecraft) [STDOUT]: [WG-CONTENT-WB] chunk(138,131) hash=a764d00ba639a73c dh=bebd56872e50a85a nz=32735
[22:44:00] [Worker-Main-5/INFO] (Minecraft) [STDOUT]: [WG-CONTENT-WB] chunk(138,126) hash=9d70321972627d44 dh=1aa4cf21afc5cb22 nz=37985
[22:44:00] [Worker-Main-19/INFO] (Minecraft) [STDOUT]: [WG-CONTENT-WB] chunk(138,128) hash=5f6e8b15950379f6 dh=ca71d5e8ef2f8b6f nz=34802
[22:44:00] [Worker-Main-9/INFO] (Minecraft) [STDOUT]: [WG-CONTENT-WB] chunk(137,141) hash=690474ff1e1edb40 dh=84a8682379dbed58 nz=33269
[22:44:00] [Worker-Main-2/INFO] (Minecraft) [STDOUT]: [WG-CONTENT-WB] chunk(138,129) hash=8cdd692935e99445 dh=4a11ef4369589c45 nz=33648
[22:44:00] [Worker-Main-6/INFO] (Minecraft) [STDOUT]: [WG-CONTENT-WB] chunk(137,144) hash=7e7727fdb634d718 dh=471d82d66c94e4f0 nz=32109
[22:44:00] [Worker-Main-1/INFO] (Minecraft) [STDOUT]: [WG-CONTENT-WB] chunk(138,130) hash=c8c2cca3c43b7c2d dh=c4ec7b18c8321c2d nz=33976
[22:44:00] [Worker-Main-4/INFO] (Minecraft) [STDOUT]: [WG-CONTENT-WB] chunk(138,133) hash=84219865786e6876 dh=6ddb24d8b223b4ed nz=24361
[22:44:00] [Worker-Main-23/INFO] (Minecraft) [STDOUT]: [WG-CONTENT-WB] chunk(138,125) hash=485dc3e81e5bc8af dh=96185053d98f444e nz=38577
[22:44:00] [Worker-Main-20/INFO] (Minecraft) [STDOUT]: [WG-CONTENT-WB] chunk(138,127) hash=412dda34be624890 dh=2c3bd0102812cb0c nz=37717
[22:44:00] [Worker-Main-3/INFO] (Minecraft) [STDOUT]: [WG-CONTENT-WB] chunk(138,134) hash=7d1a73396f191d60 dh=e5da0dc88e667368 nz=23042
[22:44:00] [Worker-Main-22/INFO] (Minecraft) [STDOUT]: [WG-CONTENT-WB] chunk(138,136) hash=45bb3b6e1956393e dh=796cd6f6ceeadfb nz=25668
[22:44:00] [Worker-Main-15/INFO] (Minecraft) [STDOUT]: [WG-CONTENT-WB] chunk(138,135) hash=22b62186a15091d dh=cc8168e16705fbc2 nz=21890
[22:44:00] [Worker-Main-3/INFO] (Minecraft) [STDOUT]: [WG-CONTENT-WB] chunk(138,137) hash=c53d60e14569ea81 dh=dd6550cad7fbd8d5 nz=29268
[22:44:00] [Worker-Main-20/INFO] (Minecraft) [STDOUT]: [WG-CONTENT-WB] chunk(138,138) hash=3f464f8a5403fdd9 dh=84cf2f98ec9a36cf nz=31780
[22:44:00] [Worker-Main-2/INFO] (Minecraft) [STDOUT]: [WG-CONTENT-WB] chunk(138,139) hash=3d62c84d0ea1e1dc dh=1fd162169e3e4fdf nz=32705
[22:44:00] [Worker-Main-17/INFO] (Minecraft) [STDOUT]: [WG-CONTENT-WB] chunk(138,141) hash=59965bfe16fdf198 dh=b8ecd7635631ff32 nz=30079
[22:44:00] [Worker-Main-14/INFO] (Minecraft) [STDOUT]: [WG-CONTENT-WB] chunk(138,140) hash=97eb4c67dd066ede dh=d8bdaf1b85e1639 nz=31198
[22:44:00] [Worker-Main-18/INFO] (Minecraft) [STDOUT]: [WG-CONTENT-WB] chunk(137,124) hash=69f37a7804bb3a6c dh=711438da029a5977 nz=40971
[22:44:00] [Worker-Main-11/INFO] (Minecraft) [STDOUT]: [WG-CONTENT-WB] chunk(138,145) hash=e3d8e1941f6fda33 dh=4acf8eb5d6ccf761 nz=32208
[22:44:00] [Worker-Main-10/INFO] (Minecraft) [STDOUT]: [WG-CONTENT-WB] chunk(139,130) hash=3c4c3a7133faa796 dh=c478d3eda25304b7 nz=31640
[22:44:00] [Worker-Main-9/INFO] (Minecraft) [STDOUT]: [WG-CONTENT-WB] chunk(139,129) hash=6d529cfe8cfd8da8 dh=b6a827c7b884e88a nz=31711
[22:44:00] [Worker-Main-15/INFO] (Minecraft) [STDOUT]: [WG-CONTENT-WB] chunk(139,128) hash=b7d87326b1396653 dh=bf10f86d0eb0e2b6 nz=32941
[22:44:00] [Worker-Main-4/INFO] (Minecraft) [STDOUT]: [WG-CONTENT-WB] chunk(138,144) hash=ad8b3775657748c7 dh=5a9819d2a3c207c5 nz=32768
[22:44:00] [Worker-Main-12/INFO] (Minecraft) [STDOUT]: [WG-CONTENT-WB] chunk(138,146) hash=6ee7970ab70d1610 dh=c7c043c2c4c9241b nz=31582
[22:44:00] [Worker-Main-7/INFO] (Minecraft) [STDOUT]: [WG-CONTENT-WB] chunk(138,143) hash=6dc4ac4fedf8c8f4 dh=798096f345dd02fe nz=32459
[22:44:00] [Worker-Main-21/INFO] (Minecraft) [STDOUT]: [WG-CONTENT-WB] chunk(138,142) hash=360f81afd60a24eb dh=59e5012185ebd230 nz=28755
[22:44:00] [Worker-Main-3/INFO] (Minecraft) [STDOUT]: [WG-CONTENT-WB] chunk(136,147) hash=5b852baf0630d8c4 dh=a12ab97819165131 nz=33128
[22:44:00] [Worker-Main-6/INFO] (Minecraft) [STDOUT]: [WG-CONTENT-WB] chunk(139,126) hash=70e101e5d1631917 dh=cb811b292d6dfb8a nz=37083
[22:44:00] [Worker-Main-8/INFO] (Minecraft) [STDOUT]: [WG-CONTENT-WB] chunk(139,131) hash=b987976aecf62ebf dh=657de0d195dade48 nz=31309
[22:44:00] [Worker-Main-22/INFO] (Minecraft) [STDOUT]: [WG-CONTENT-WB] chunk(139,135) hash=8f7e48eb192939c3 dh=5315434bfbaf1e0 nz=25372
[22:44:00] [Worker-Main-1/INFO] (Minecraft) [STDOUT]: [WG-CONTENT-WB] chunk(139,132) hash=aea68aa28e3b4aed dh=66c1dd02d9da2ad5 nz=30342
[22:44:00] [Worker-Main-5/INFO] (Minecraft) [STDOUT]: [WG-CONTENT-WB] chunk(139,127) hash=bfca2b0f611c0989 dh=81f2e00477496825 nz=35254
[22:44:00] [Worker-Main-23/INFO] (Minecraft) [STDOUT]: [WG-CONTENT-WB] chunk(139,136) hash=6af12a406b40593d dh=fa444c6db5f8601c nz=27492
[22:44:00] [Worker-Main-16/INFO] (Minecraft) [STDOUT]: [WG-CONTENT-WB] chunk(139,133) hash=d953efdafea94926 dh=29363e4ba2751a17 nz=27816
[22:44:00] [Worker-Main-19/INFO] (Minecraft) [STDOUT]: [WG-CONTENT-WB] chunk(139,134) hash=71ebd018d50f2444 dh=38ce15ec7a8c0055 nz=26689
[22:44:00] [Worker-Main-13/INFO] (Minecraft) [STDOUT]: [WG-CONTENT-WB] chunk(139,125) hash=628e3327e63f0ef4 dh=de2df68e01883797 nz=37403
[22:44:00] [Worker-Main-20/INFO] (Minecraft) [STDOUT]: [WG-CONTENT-WB] chunk(139,137) hash=f8be1c4a884e533 dh=44444a845db3f575 nz=29391
[22:44:00] [Worker-Main-2/INFO] (Minecraft) [STDOUT]: [WG-CONTENT-WB] chunk(139,138) hash=9fadc361c6a8557f dh=6141ddf494fbfd1f nz=31415
[22:44:00] [Worker-Main-17/INFO] (Minecraft) [STDOUT]: [WG-CONTENT-WB] chunk(139,139) hash=100604fb4b4789db dh=fed3a4f4308f32c nz=33039
[22:44:01] [Worker-Main-12/INFO] (Minecraft) [STDOUT]: [WG-CONTENT-WB] chunk(139,140) hash=dfd12b2417304de1 dh=adcd98ba08eaae8f nz=33148
[22:44:01] [Worker-Main-10/INFO] (Minecraft) [STDOUT]: [WG-CONTENT-WB] chunk(139,141) hash=b419fd07139340b2 dh=2c48569a0af3cf3 nz=33054
[22:44:01] [Worker-Main-17/INFO] (Minecraft) [STDOUT]: [WG-CONTENT-WB] chunk(139,143) hash=45d9474073ee231b dh=cd49d93705382fc4 nz=32659
[22:44:01] [Worker-Main-6/INFO] (Minecraft) [STDOUT]: [WG-CONTENT-WB] chunk(139,142) hash=9f3f7180562710e1 dh=ca14370db894595f nz=30158
[22:44:01] [Worker-Main-9/INFO] (Minecraft) [STDOUT]: [WG-CONTENT-WB] chunk(139,144) hash=af25d0c9fd748a16 dh=38987babd9fb5543 nz=32770
[22:44:01] [Worker-Main-4/INFO] (Minecraft) [STDOUT]: [WG-CONTENT-WB] chunk(139,145) hash=5a896e657383e9d6 dh=f7479aba1bc1ef07 nz=32106
[22:44:01] [Worker-Main-5/INFO] (Minecraft) [STDOUT]: [WG-CONTENT-WB] chunk(137,147) hash=35a46536ddf73a60 dh=a44ca009785e53aa nz=32887
[22:44:01] [Worker-Main-8/INFO] (Minecraft) [STDOUT]: [WG-CONTENT-WB] chunk(140,127) hash=15e5db4c1caf0083 dh=5184121368596bb0 nz=32835
[22:44:01] [Worker-Main-21/INFO] (Minecraft) [STDOUT]: [WG-CONTENT-WB] chunk(140,129) hash=4a17ca783b225164 dh=492c5c9c9fcfd31e nz=32375
[22:44:01] [Worker-Main-15/INFO] (Minecraft) [STDOUT]: [WG-CONTENT-WB] chunk(140,131) hash=264f2b709ce3796d dh=11ad74dfad955f05 nz=31244
[22:44:01] [Worker-Main-10/INFO] (Minecraft) [STDOUT]: [WG-CONTENT-WB] chunk(140,126) hash=466369f6b3cf23d5 dh=cf843a3d57dad409 nz=35214
[22:44:01] [Worker-Main-2/INFO] (Minecraft) [STDOUT]: [WG-CONTENT-WB] chunk(140,130) hash=8f32d81f5a3bfd79 dh=7803c57405c830a7 nz=31230
[22:44:01] [Worker-Main-12/INFO] (Minecraft) [STDOUT]: [WG-CONTENT-WB] chunk(140,128) hash=8f97598726f6674a dh=23ddb5f4957db6b3 nz=33386
[22:44:01] [Worker-Main-20/INFO] (Minecraft) [STDOUT]: [WG-CONTENT-WB] chunk(139,146) hash=34e77c58441e0526 dh=46791eb3e1dc1f3c nz=31863
[22:44:01] [Worker-Main-19/INFO] (Minecraft) [STDOUT]: [WG-CONTENT-WB] chunk(140,132) hash=d9c45978d4b6a14e dh=34c18a921bf39e5c nz=31929
[22:44:01] [Worker-Main-17/INFO] (Minecraft) [STDOUT]: [WG-CONTENT-WB] chunk(140,133) hash=3fbacdf1e73dc3a6 dh=c45db1cccd95fab5 nz=31728
[22:44:01] [Worker-Main-11/INFO] (Minecraft) [STDOUT]: [WG-CONTENT-WB] chunk(140,125) hash=cda2aa334bb714c6 dh=884c1a18ba2586e6 nz=37728
[22:44:01] [Worker-Main-18/INFO] (Minecraft) [STDOUT]: [WG-CONTENT-WB] chunk(140,137) hash=e201cfa48ad53285 dh=313ba456ee704eb6 nz=32708
[22:44:01] [Worker-Main-9/INFO] (Minecraft) [STDOUT]: [WG-CONTENT-WB] chunk(140,135) hash=9e5f7f41dedfe660 dh=1ebbc9021a103877 nz=28409
[22:44:01] [Worker-Main-16/INFO] (Minecraft) [STDOUT]: [WG-CONTENT-WB] chunk(140,138) hash=49ee2bf76cee7d16 dh=82ea8d11db229c97 nz=32360
[22:44:01] [Worker-Main-3/INFO] (Minecraft) [STDOUT]: [WG-CONTENT-WB] chunk(140,136) hash=f6acf01f026d4c78 dh=5092ba29e925f4d0 nz=29792
[22:44:01] [Worker-Main-14/INFO] (Minecraft) [STDOUT]: [WG-CONTENT-WB] chunk(140,139) hash=ae9b12d53748227a dh=53fd8dd40dcb6ce4 nz=33182
[22:44:01] [Worker-Main-23/INFO] (Minecraft) [STDOUT]: [WG-CONTENT-WB] chunk(140,140) hash=bc03847a12154b10 dh=6d2386c9286810b2 nz=32847
[22:44:01] [Worker-Main-22/INFO] (Minecraft) [STDOUT]: [WG-CONTENT-WB] chunk(140,134) hash=ea6f70d81f523279 dh=1f8e8f5bf9f19224 nz=31439
[22:44:01] [Worker-Main-13/INFO] (Minecraft) [STDOUT]: [WG-CONTENT-WB] chunk(140,142) hash=93601d2f12ee35a9 dh=4c75a183773f726f nz=33002
[22:44:01] [Worker-Main-1/INFO] (Minecraft) [STDOUT]: [WG-CONTENT-WB] chunk(138,124) hash=98f7b1c2d5d89bfc dh=ab4d75b63f5d552a nz=39867
[22:44:01] [Worker-Main-5/INFO] (Minecraft) [STDOUT]: [WG-CONTENT-WB] chunk(140,141) hash=8c2a07de8153c8c6 dh=c41989ad8d95d987 nz=32854
[22:44:01] [Worker-Main-6/INFO] (Minecraft) [STDOUT]: [WG-CONTENT-WB] chunk(139,124) hash=eb34663f1461c433 dh=b4e6fe11cf337d88 nz=39055
[22:44:01] [Worker-Main-4/INFO] (Minecraft) [STDOUT]: [WG-CONTENT-WB] chunk(138,147) hash=1a4c6445ea3c315b dh=66aefa25e5e7e456 nz=33019
[22:44:01] [Worker-Main-7/INFO] (Minecraft) [STDOUT]: [WG-CONTENT-WB] chunk(140,143) hash=506de72bc9403f92 dh=5f71af2747e838b nz=32766
[22:44:01] [Worker-Main-3/INFO] (Minecraft) [STDOUT]: [WG-CONTENT-WB] chunk(141,127) hash=cb9068a0d0ec883b dh=f5a4cab7ae2c1a7c nz=30887
[22:44:01] [Worker-Main-15/INFO] (Minecraft) [STDOUT]: [WG-CONTENT-WB] chunk(141,129) hash=27a093c1a5b73924 dh=5581d61908497a08 nz=31551
[22:44:01] [Worker-Main-16/INFO] (Minecraft) [STDOUT]: [WG-CONTENT-WB] chunk(141,126) hash=9bd281afb6d79a7c dh=7ac54ed063a01822 nz=33173
[22:44:01] [Worker-Main-19/INFO] (Minecraft) [STDOUT]: [WG-CONTENT-WB] chunk(141,128) hash=a993517b6701530d dh=efab9375d5514185 nz=32692
[22:44:01] [Worker-Main-17/INFO] (Minecraft) [STDOUT]: [WG-CONTENT-WB] chunk(141,130) hash=447abdab963d233d dh=ff66e5a7c4e89767 nz=31736
[22:44:01] [Worker-Main-1/INFO] (Minecraft) [STDOUT]: [WG-CONTENT-WB] chunk(141,125) hash=a82c3d71a1efc919 dh=7015b96036e7faf nz=37218
[22:44:01] [Worker-Main-21/INFO] (Minecraft) [STDOUT]: [WG-CONTENT-WB] chunk(141,131) hash=ffa9af3331b925b6 dh=458c9ff6600a8fb3 nz=33530
[22:44:01] [Worker-Main-14/INFO] (Minecraft) [STDOUT]: [WG-CONTENT-WB] chunk(141,133) hash=a5afeb5fd8b37896 dh=a9a88767bbf6a652 nz=32512
[22:44:01] [Worker-Main-2/INFO] (Minecraft) [STDOUT]: [WG-CONTENT-WB] chunk(141,132) hash=7724c55fd10f6f65 dh=460be8667b93ea72 nz=32939
[22:44:01] [Worker-Main-18/INFO] (Minecraft) [STDOUT]: [WG-CONTENT-WB] chunk(141,135) hash=4f0498291d034038 dh=4f28d3c76430b873 nz=31269
[22:44:01] [Worker-Main-13/INFO] (Minecraft) [STDOUT]: [WG-CONTENT-WB] chunk(141,134) hash=758ef2477bbf5e04 dh=b94113701bffabe9 nz=32416
[22:44:01] [Worker-Main-7/INFO] (Minecraft) [STDOUT]: [WG-CONTENT-WB] chunk(141,137) hash=8e3e1f08840e893 dh=997470260ef1151b nz=33038
[22:44:01] [Worker-Main-22/INFO] (Minecraft) [STDOUT]: [WG-CONTENT-WB] chunk(141,139) hash=1196280106592c16 dh=91dbb96b10dbd1b4 nz=33026
[22:44:01] [Worker-Main-9/INFO] (Minecraft) [STDOUT]: [WG-CONTENT-WB] chunk(141,138) hash=6af59865142bf0bf dh=3116689f685fd449 nz=32293
[22:44:01] [Worker-Main-20/INFO] (Minecraft) [STDOUT]: [WG-CONTENT-WB] chunk(141,136) hash=bd13835152d8b785 dh=26b0f7e7cd85cfa nz=32662
[22:44:01] [Worker-Main-15/INFO] (Minecraft) [STDOUT]: [WG-CONTENT-WB] chunk(141,140) hash=ad51ce5cd3aad4c3 dh=8e8eafb8787e8704 nz=33105
[22:44:01] [Worker-Main-19/INFO] (Minecraft) [STDOUT]: [WG-CONTENT-WB] chunk(141,141) hash=4518bf52eeb4677e dh=ac91ea8f3db109d5 nz=33128
[22:44:01] [Worker-Main-3/INFO] (Minecraft) [STDOUT]: [WG-CONTENT-WB] chunk(141,142) hash=e9b7813405a4ca34 dh=65ecc1b64712072 nz=33623
[22:44:01] [Worker-Main-4/INFO] (Minecraft) [STDOUT]: [WG-CONTENT-WB] chunk(139,147) hash=d6f002b4fb8f7c04 dh=433d0be58500da6b nz=33054
[22:44:01] [Worker-Main-23/INFO] (Minecraft) [STDOUT]: [WG-CONTENT-WB] chunk(140,124) hash=8b193b70f68e33c0 dh=9e72ac19b6654afa nz=38185
[22:44:01] [Worker-Main-8/INFO] (Minecraft) [STDOUT]: [WG-CONTENT-WB] chunk(140,144) hash=95e0b44b78ec90c0 dh=71c3f3062c7bc312 nz=32871
[22:44:01] [Worker-Main-23/INFO] (Minecraft) [STDOUT]: [WG-CONTENT-WB] chunk(140,145) hash=f5e345f5b7611aaa dh=6ade4ea586cbd64b nz=32574
[22:44:01] [Worker-Main-20/INFO] (Minecraft) [STDOUT]: [WG-CONTENT-WB] chunk(141,144) hash=deb7b546d11019b1 dh=54b65cb129e7e959 nz=33366
[22:44:01] [Worker-Main-3/INFO] (Minecraft) [STDOUT]: [WG-CONTENT-WB] chunk(141,143) hash=9ebb90f19d8d2058 dh=ca5cb1e652271562 nz=33351
[22:44:01] [Worker-Main-15/INFO] (Minecraft) [STDOUT]: [WG-CONTENT-WB] chunk(141,145) hash=2b817251cda4020e dh=34a5f31a330c4b13 nz=32054
[22:44:01] [Worker-Main-13/INFO] (Minecraft) [STDOUT]: [WG-CONTENT-WB] chunk(140,146) hash=ff52073bdad44da dh=d8300af2bb77417 nz=31542
[22:44:01] [Worker-Main-20/INFO] (Minecraft) [STDOUT]: [WG-CONTENT-WB] chunk(141,146) hash=5a7912d6ede50dab dh=ae5446172dd23ee4 nz=31291
[22:44:01] [Worker-Main-4/INFO] (Minecraft) [STDOUT]: [WG-CONTENT-WB] chunk(142,135) hash=cf3ef3fcb0e756c5 dh=fe08796b0b1dbd07 nz=32866
[22:44:01] [Worker-Main-9/INFO] (Minecraft) [STDOUT]: [WG-CONTENT-WB] chunk(142,133) hash=9cc128e87f5fde92 dh=416a35e9d700b49f nz=32512
[22:44:01] [Worker-Main-16/INFO] (Minecraft) [STDOUT]: [WG-CONTENT-WB] chunk(142,130) hash=f90d2e4ba4dc8347 dh=b3477c0aa7a8a0e3 nz=32742
[22:44:01] [Worker-Main-13/INFO] (Minecraft) [STDOUT]: [WG-CONTENT-WB] chunk(142,131) hash=50125a8903c86df1 dh=bded6e5eca826b9c nz=32625
[22:44:01] [Worker-Main-21/INFO] (Minecraft) [STDOUT]: [WG-CONTENT-WB] chunk(142,137) hash=c9ac50d4e83fd15a dh=f7485232ceefd9f8 nz=33286
[22:44:01] [Worker-Main-22/INFO] (Minecraft) [STDOUT]: [WG-CONTENT-WB] chunk(142,132) hash=90b4eecbc5f64012 dh=251018faa7a99bba nz=32533
[22:44:01] [Worker-Main-12/INFO] (Minecraft) [STDOUT]: [WG-CONTENT-WB] chunk(142,129) hash=f5a55ffff6197741 dh=d36d94126926c75b nz=32362
[22:44:01] [Worker-Main-14/INFO] (Minecraft) [STDOUT]: [WG-CONTENT-WB] chunk(142,134) hash=711bcdd8afb4ff5d dh=9bd03a526868d89d nz=32525
[22:44:01] [Worker-Main-7/INFO] (Minecraft) [STDOUT]: [WG-CONTENT-WB] chunk(142,140) hash=c6722237023ee9f9 dh=7b66cc0d4d3ee045 nz=33670
[22:44:01] [Worker-Main-1/INFO] (Minecraft) [STDOUT]: [WG-CONTENT-WB] chunk(142,141) hash=4fb007ead85357d dh=19ac167b8023ab8b nz=34126
[22:44:01] [Worker-Main-5/INFO] (Minecraft) [STDOUT]: [WG-CONTENT-WB] chunk(142,128) hash=5ca08f092946990c dh=f1539f77d36de506 nz=26635
[22:44:02] [Worker-Main-2/INFO] (Minecraft) [STDOUT]: [WG-CONTENT-WB] chunk(142,136) hash=9d04bff80672ef5c dh=3cbe0e4684368e11 nz=33230
[22:44:02] [Worker-Main-15/INFO] (Minecraft) [STDOUT]: [WG-CONTENT-WB] chunk(142,139) hash=3ff5734ac2beaa47 dh=1809faf1674c964d nz=33113
[22:44:02] [Worker-Main-10/INFO] (Minecraft) [STDOUT]: [WG-CONTENT-WB] chunk(142,127) hash=82378c1f023a4612 dh=619d351004137a8f nz=26646
[22:44:02] [Worker-Main-19/INFO] (Minecraft) [STDOUT]: [WG-CONTENT-WB] chunk(142,144) hash=8465bfd7de3c0b80 dh=72ddf839183fd8d4 nz=31623
[22:44:02] [Worker-Main-8/INFO] (Minecraft) [STDOUT]: [WG-CONTENT-WB] chunk(142,138) hash=936279b569bc22e2 dh=6e174e0422e6bde6 nz=33156
[22:44:02] [Worker-Main-6/INFO] (Minecraft) [STDOUT]: [WG-CONTENT-WB] chunk(142,125) hash=2208db1c36349d8f dh=bdeaaa7cbb0ebed8 nz=36395
[22:44:02] [Worker-Main-18/INFO] (Minecraft) [STDOUT]: [WG-CONTENT-WB] chunk(143,126) hash=d52d9a3c8b1d8868 dh=5eaf82cd9f6b6ff3 nz=34123
[22:44:02] [Worker-Main-11/INFO] (Minecraft) [STDOUT]: [WG-CONTENT-WB] chunk(142,143) hash=c1a73ef7984c441b dh=57dceaa832443b42 nz=34017
[22:44:02] [Worker-Main-17/INFO] (Minecraft) [STDOUT]: [WG-CONTENT-WB] chunk(142,142) hash=c9483dd3c9216f3f dh=2223bda4e5d069e0 nz=34277
[22:44:02] [Worker-Main-23/INFO] (Minecraft) [STDOUT]: [WG-CONTENT-WB] chunk(142,126) hash=a745a0a30f6ef56a dh=86753461c37eb6f8 nz=32524
[22:44:02] [Worker-Main-3/INFO] (Minecraft) [STDOUT]: [WG-CONTENT-WB] chunk(143,125) hash=f7362c70802f843f dh=9d17abf3b65398ed nz=36083
[22:44:02] [Worker-Main-20/INFO] (Minecraft) [STDOUT]: [WG-CONTENT-WB] chunk(143,127) hash=594c4f8e4198015c dh=e73e79444c06b3e5 nz=24209
[22:44:02] [Worker-Main-9/INFO] (Minecraft) [STDOUT]: [WG-CONTENT-WB] chunk(143,129) hash=1963f321bddc38f4 dh=d6f332e76a8bf884 nz=32741
[22:44:02] [Worker-Main-4/INFO] (Minecraft) [STDOUT]: [WG-CONTENT-WB] chunk(143,128) hash=d985d4bd19600c2a dh=4899c09599c8f439 nz=27676
[22:44:02] [Worker-Main-16/INFO] (Minecraft) [STDOUT]: [WG-CONTENT-WB] chunk(143,130) hash=c7d2383b95978ac7 dh=8f48101771a1f777 nz=32686
[22:44:02] [Worker-Main-8/INFO] (Minecraft) [STDOUT]: [WG-CONTENT-WB] chunk(142,145) hash=425436b45b2d39e6 dh=f2c555eb794a6c1 nz=32168
[22:44:02] [Worker-Main-12/INFO] (Minecraft) [STDOUT]: [WG-CONTENT-WB] chunk(142,146) hash=bd5b26f57036e10d dh=232fba34acc3a717 nz=33252
[22:44:02] [Worker-Main-16/INFO] (Minecraft) [STDOUT]: [WG-CONTENT-WB] chunk(141,124) hash=2d4f827dacfbf96e dh=de865cd5cf737baa nz=37250
[22:44:02] [Worker-Main-1/INFO] (Minecraft) [STDOUT]: [WG-CONTENT-WB] chunk(140,147) hash=e54e898eed077ec3 dh=126e526a6f77d952 nz=31863
[22:44:02] [Worker-Main-13/INFO] (Minecraft) [STDOUT]: [WG-CONTENT-WB] chunk(141,147) hash=5800f5d30157a989 dh=24a56b6f0f0a48ab nz=31582
[22:44:02] [Worker-Main-3/INFO] (Minecraft) [STDOUT]: [WG-CONTENT-WB] chunk(143,134) hash=1e2d6f664c7d896b dh=7e1d30707d03f7df nz=32958
[22:44:02] [Worker-Main-15/INFO] (Minecraft) [STDOUT]: [WG-CONTENT-WB] chunk(143,131) hash=cf3734bd265ce1e4 dh=757daadd31eed777 nz=32555
[22:44:02] [Worker-Main-18/INFO] (Minecraft) [STDOUT]: [WG-CONTENT-WB] chunk(143,132) hash=c87088d008f826a1 dh=6184800b3d946839 nz=32512
[22:44:02] [Worker-Main-9/INFO] (Minecraft) [STDOUT]: [WG-CONTENT-WB] chunk(142,124) hash=de6933a70e5d2cbb dh=26d4ca4a4488553f nz=37467
[22:44:02] [Worker-Main-11/INFO] (Minecraft) [STDOUT]: [WG-CONTENT-WB] chunk(143,135) hash=7ad49682541d5de4 dh=cc0369da3e3e74b6 nz=33331
[22:44:02] [Worker-Main-2/INFO] (Minecraft) [STDOUT]: [WG-CONTENT-WB] chunk(143,136) hash=1c2e58eaee110192 dh=6d1d44db6df71d90 nz=33351
[22:44:02] [Worker-Main-17/INFO] (Minecraft) [STDOUT]: [WG-CONTENT-WB] chunk(143,145) hash=f2dfa6ea2f9d9809 dh=82fc937cea4cc897 nz=33898
[22:44:02] [Worker-Main-20/INFO] (Minecraft) [STDOUT]: [WG-CONTENT-WB] chunk(143,133) hash=9f0824f6dd057180 dh=1e0fe4386663f87a nz=32550
[22:44:02] [Worker-Main-14/INFO] (Minecraft) [STDOUT]: [WG-CONTENT-WB] chunk(143,144) hash=b7329c288d877760 dh=826721a7b8cd6732 nz=33351
[22:44:02] [Worker-Main-7/INFO] (Minecraft) [STDOUT]: [WG-CONTENT-WB] chunk(143,138) hash=a3a8b61c35540172 dh=7b20189294edb2e3 nz=33174
[22:44:02] [Worker-Main-19/INFO] (Minecraft) [STDOUT]: [WG-CONTENT-WB] chunk(143,137) hash=e75cf3f35568fb1f dh=3f1860864eff4f92 nz=32545
[22:44:02] [Worker-Main-5/INFO] (Minecraft) [STDOUT]: [WG-CONTENT-WB] chunk(143,140) hash=810970cbb7307841 dh=32ec0adf72338b18 nz=34180
[22:44:02] [Worker-Main-21/INFO] (Minecraft) [STDOUT]: [WG-CONTENT-WB] chunk(143,143) hash=fab3b014a7431ecb dh=905772e7d341a8de nz=31901
[22:44:02] [Worker-Main-22/INFO] (Minecraft) [STDOUT]: [WG-CONTENT-WB] chunk(143,141) hash=844a3877657f9097 dh=833815a643f3d156 nz=34237
[22:44:02] [Worker-Main-10/INFO] (Minecraft) [STDOUT]: [WG-CONTENT-WB] chunk(143,142) hash=3acf21f022488cb9 dh=95b2c50c316e2b81 nz=33208
[22:44:02] [Worker-Main-6/INFO] (Minecraft) [STDOUT]: [WG-CONTENT-WB] chunk(143,139) hash=5771c49e4b4a6670 dh=6ae15828a3be5380 nz=33879
[22:44:02] [Worker-Main-23/INFO] (Minecraft) [STDOUT]: [WG-CONTENT-WB] chunk(143,146) hash=d6299b68463e067f dh=3f66d690e8c074ac nz=33161
[22:44:02] [Worker-Main-3/INFO] (Minecraft) [STDOUT]: [WG-CONTENT-WB] chunk(144,129) hash=8f080545b91626c6 dh=f698048f0b448132 nz=32586
[22:44:02] [Worker-Main-8/INFO] (Minecraft) [STDOUT]: [WG-CONTENT-WB] chunk(144,131) hash=40bcb162d941bf1d dh=64e4a07d2e923364 nz=32512
[22:44:02] [Worker-Main-4/INFO] (Minecraft) [STDOUT]: [WG-CONTENT-WB] chunk(144,130) hash=34bdf7bd65b31e1e dh=6477d6e2f4c493eb nz=32512
[22:44:02] [Worker-Main-15/INFO] (Minecraft) [STDOUT]: [WG-CONTENT-WB] chunk(144,132) hash=d6d727e68040821b dh=af3869f801a57adf nz=32512
[22:44:02] [Worker-Main-1/INFO] (Minecraft) [STDOUT]: [WG-CONTENT-WB] chunk(144,127) hash=170b2f3a2f33ce65 dh=b1fdda21175aec64 nz=27506
[22:44:02] [Worker-Main-13/INFO] (Minecraft) [STDOUT]: [WG-CONTENT-WB] chunk(144,128) hash=9a2d25546459ae3d dh=4a57aae9f7e33b34 nz=30678
[22:44:02] [Worker-Main-12/INFO] (Minecraft) [STDOUT]: [WG-CONTENT-WB] chunk(144,126) hash=481f59b24da8ffef dh=66d3da513c403010 nz=32871
[22:44:02] [Worker-Main-18/INFO] (Minecraft) [STDOUT]: [WG-CONTENT-WB] chunk(144,125) hash=474ad4bc9a65062a dh=b2644a61a359ed0a nz=33510
[22:44:02] [Worker-Main-14/INFO] (Minecraft) [STDOUT]: [WG-CONTENT-WB] chunk(144,133) hash=bef07991cbf47943 dh=4435c3ce0004a9fb nz=32529
[22:44:02] [Worker-Main-21/INFO] (Minecraft) [STDOUT]: [WG-CONTENT-WB] chunk(144,134) hash=23598a303739b5ca dh=7db5a00e64a78249 nz=33144
[22:44:02] [Worker-Main-13/INFO] (Minecraft) [STDOUT]: [WG-CONTENT-WB] chunk(144,135) hash=1a9dfd62d5b671dd dh=994fb397af6c945d nz=33432
[22:44:02] [Worker-Main-20/INFO] (Minecraft) [STDOUT]: [WG-CONTENT-WB] chunk(144,136) hash=2f0a7548e02f361 dh=d9b254b9e69cd753 nz=33508
[22:44:02] [Worker-Main-12/INFO] (Minecraft) [STDOUT]: [WG-CONTENT-WB] chunk(144,138) hash=a8a1a59a9de4f805 dh=5cb137e3c6bd89b2 nz=31662
[22:44:02] [Worker-Main-23/INFO] (Minecraft) [STDOUT]: [WG-CONTENT-WB] chunk(142,147) hash=cc84a34876884dc0 dh=221ee1ca17da4a82 nz=32767
[22:44:02] [Worker-Main-5/INFO] (Minecraft) [STDOUT]: [WG-CONTENT-WB] chunk(144,137) hash=6e92ac14f974617c dh=8d9f1d778ddd53a nz=30927
[22:44:02] [Worker-Main-18/INFO] (Minecraft) [STDOUT]: [WG-CONTENT-WB] chunk(144,144) hash=aabfcae2b5527dd4 dh=8b7f116b71d2ad7a nz=34303
[22:44:02] [Worker-Main-22/INFO] (Minecraft) [STDOUT]: [WG-CONTENT-WB] chunk(143,147) hash=e91f230d03e04301 dh=cb2c338d5c50eeb9 nz=32740
[22:44:02] [Worker-Main-7/INFO] (Minecraft) [STDOUT]: [WG-CONTENT-WB] chunk(144,143) hash=f73a8cc2b90466e1 dh=3f0707acbea31405 nz=34072
[22:44:02] [Worker-Main-1/INFO] (Minecraft) [STDOUT]: [WG-CONTENT-WB] chunk(143,124) hash=cd7830af78953f90 dh=89b6539b5af16bb1 nz=36247
[22:44:02] [Worker-Main-19/INFO] (Minecraft) [STDOUT]: [WG-CONTENT-WB] chunk(144,124) hash=cb590aa659440a3b dh=d693e0f683da8873 nz=34437
[22:44:02] [Worker-Main-10/INFO] (Minecraft) [STDOUT]: [WG-CONTENT-WB] chunk(144,145) hash=8d41fa65b8b354ff dh=f58f030a56d3e26a nz=34031
[22:44:02] [Worker-Main-16/INFO] (Minecraft) [STDOUT]: [WG-CONTENT-WB] chunk(144,142) hash=e8f4245e99d663de dh=87e5653a16e41731 nz=32908
[22:44:02] [Worker-Main-3/INFO] (Minecraft) [STDOUT]: [WG-CONTENT-WB] chunk(144,139) hash=3e937150f080c16 dh=6ec64730c8370dc1 nz=34040
[22:44:02] [Worker-Main-8/INFO] (Minecraft) [STDOUT]: [WG-CONTENT-WB] chunk(144,146) hash=e2865ff3f4070f97 dh=d4bce3c76928776 nz=33179
[22:44:02] [Worker-Main-4/INFO] (Minecraft) [STDOUT]: [WG-CONTENT-WB] chunk(144,141) hash=666785e6b2ff07f8 dh=2f9083bbb6f00a7a nz=33689
[22:44:02] [Worker-Main-6/INFO] (Minecraft) [STDOUT]: [WG-CONTENT-WB] chunk(145,131) hash=abb75dfa83310d3f dh=7e3a2854ff1e3576 nz=32523
[22:44:02] [Worker-Main-9/INFO] (Minecraft) [STDOUT]: [WG-CONTENT-WB] chunk(144,140) hash=8c4dea2cdcdefea dh=3f685dd71e2b6ff nz=34208
[22:44:02] [Worker-Main-21/INFO] (Minecraft) [STDOUT]: [WG-CONTENT-WB] chunk(145,126) hash=8848e482fbc74890 dh=90bf61943834c6fe nz=32875
[22:44:02] [Worker-Main-17/INFO] (Minecraft) [STDOUT]: [WG-CONTENT-WB] chunk(145,128) hash=99c1819bf814f599 dh=47d76fdbad6aff65 nz=31274
[22:44:02] [Worker-Main-2/INFO] (Minecraft) [STDOUT]: [WG-CONTENT-WB] chunk(145,129) hash=d67f046a4f28274d dh=6e6e43b57e81f9da nz=32390
[22:44:02] [Worker-Main-14/INFO] (Minecraft) [STDOUT]: [WG-CONTENT-WB] chunk(145,130) hash=17e62b364854506c dh=fa71dc69c0b53367 nz=32512
[22:44:02] [Worker-Main-11/INFO] (Minecraft) [STDOUT]: [WG-CONTENT-WB] chunk(145,127) hash=364bc32b6ab0bc5 dh=57c63b7947de5c67 nz=29778
[22:44:02] [Worker-Main-15/INFO] (Minecraft) [STDOUT]: [WG-CONTENT-WB] chunk(145,125) hash=79f4c9fe8f34c27 dh=d54ccd11127580c nz=33401
[22:44:02] [Worker-Main-13/INFO] (Minecraft) [STDOUT]: [WG-CONTENT-WB] chunk(145,132) hash=366ad68a87fc39ae dh=e9ec9d8367c90455 nz=32558
[22:44:02] [Worker-Main-20/INFO] (Minecraft) [STDOUT]: [WG-CONTENT-WB] chunk(145,133) hash=e032f7c671ceb1ac dh=89d85018b602adc5 nz=33141
[22:44:02] [Worker-Main-12/INFO] (Minecraft) [STDOUT]: [WG-CONTENT-WB] chunk(145,134) hash=344524ba6776b0e0 dh=63cfd838e258494e nz=33819
[22:44:02] [Worker-Main-23/INFO] (Minecraft) [STDOUT]: [WG-CONTENT-WB] chunk(145,135) hash=e140ea984c901f59 dh=c4911399b5fa673f nz=33174
[22:44:02] [Worker-Main-4/INFO] (Minecraft) [STDOUT]: [WG-CONTENT-WB] chunk(144,147) hash=8a8a4596514441e3 dh=67ef414a8e7017e6 nz=32731
[22:44:02] [Worker-Main-3/INFO] (Minecraft) [STDOUT]: [WG-CONTENT-WB] chunk(145,143) hash=8fbbcc093d031e3 dh=7324a1f1cc118e94 nz=34295
[22:44:02] [Worker-Main-22/INFO] (Minecraft) [STDOUT]: [WG-CONTENT-WB] chunk(145,136) hash=1dfced5d0faa85e5 dh=bf0f188f35de62e7 nz=33882
[22:44:02] [Worker-Main-13/INFO] (Minecraft) [STDOUT]: [WG-CONTENT-WB] chunk(145,142) hash=a9bfce4b0bddc4a6 dh=a3c8b3447d7ca857 nz=35014
[22:44:02] [Worker-Main-19/INFO] (Minecraft) [STDOUT]: [WG-CONTENT-WB] chunk(145,137) hash=47948276f6a5c144 dh=76160950e43269f6 nz=33213
[22:44:02] [Worker-Main-8/INFO] (Minecraft) [STDOUT]: [WG-CONTENT-WB] chunk(145,145) hash=822003c590c6017a dh=25afc987809b3133 nz=34052
[22:44:02] [Worker-Main-18/INFO] (Minecraft) [STDOUT]: [WG-CONTENT-WB] chunk(146,130) hash=9e7944222d9152ba dh=7a7baaa7f08d5ffe nz=32454
[22:44:02] [Worker-Main-11/INFO] (Minecraft) [STDOUT]: [WG-CONTENT-WB] chunk(145,144) hash=9093f9ca29405514 dh=b9c267c3c50eab40 nz=34223
[22:44:02] [Worker-Main-16/INFO] (Minecraft) [STDOUT]: [WG-CONTENT-WB] chunk(146,128) hash=4520577cf13a3e5d dh=f405eebe13df0e94 nz=28855
[22:44:02] [Worker-Main-9/INFO] (Minecraft) [STDOUT]: [WG-CONTENT-WB] chunk(146,126) hash=b64a6e40bf563b64 dh=d9f62cd90d8af116 nz=33219
[22:44:02] [Worker-Main-2/INFO] (Minecraft) [STDOUT]: [WG-CONTENT-WB] chunk(145,146) hash=c02390c31ef2049a dh=735d0bf161c93d97 nz=33462
[22:44:02] [Worker-Main-5/INFO] (Minecraft) [STDOUT]: [WG-CONTENT-WB] chunk(146,131) hash=aebf7654ae32d913 dh=591fee2c830d75d4 nz=33289
[22:44:02] [Worker-Main-15/INFO] (Minecraft) [STDOUT]: [WG-CONTENT-WB] chunk(146,129) hash=a6d176a22a90df5b dh=e41eccddc48d525 nz=30981
[22:44:02] [Worker-Main-21/INFO] (Minecraft) [STDOUT]: [WG-CONTENT-WB] chunk(146,134) hash=62cf3312885ca00e dh=982571cea0b88027 nz=34530
[22:44:02] [Worker-Main-1/INFO] (Minecraft) [STDOUT]: [WG-CONTENT-WB] chunk(145,138) hash=d6067f846c1d9fde dh=5dae5a578d21d6ca nz=30192
[22:44:02] [Worker-Main-12/INFO] (Minecraft) [STDOUT]: [WG-CONTENT-WB] chunk(146,133) hash=632911c47db3796a dh=631d78ff2e37e5af nz=34410
[22:44:02] [Worker-Main-7/INFO] (Minecraft) [STDOUT]: [WG-CONTENT-WB] chunk(146,125) hash=1b818f2218ad23e3 dh=5bdd0d7723ffcf3c nz=33849
[22:44:02] [Worker-Main-10/INFO] (Minecraft) [STDOUT]: [WG-CONTENT-WB] chunk(146,127) hash=6edbcfc39dc61352 dh=c06df98e02de5c9 nz=31722
[22:44:02] [Worker-Main-14/INFO] (Minecraft) [STDOUT]: [WG-CONTENT-WB] chunk(146,132) hash=e04dc7be307224f6 dh=ac994d66f3450d0f nz=34074
[22:44:02] [Worker-Main-17/INFO] (Minecraft) [STDOUT]: [WG-CONTENT-WB] chunk(145,141) hash=5a48fb22ec66a44d dh=9d568b91fe068fa5 nz=35288
[22:44:02] [Worker-Main-6/INFO] (Minecraft) [STDOUT]: [WG-CONTENT-WB] chunk(145,139) hash=261187714af9084e dh=6f022dc85ea46bc7 nz=33666
[22:44:02] [Worker-Main-20/INFO] (Minecraft) [STDOUT]: [WG-CONTENT-WB] chunk(145,140) hash=31f53d0154177cc7 dh=ed84b4e2e24a1a72 nz=35567
[22:44:02] [Worker-Main-23/INFO] (Minecraft) [STDOUT]: [WG-CONTENT-WB] chunk(146,135) hash=6a65054b5d50c36b dh=e4af3057949d3486 nz=34131
[22:44:02] [Worker-Main-4/INFO] (Minecraft) [STDOUT]: [WG-CONTENT-WB] chunk(146,136) hash=19ad7f07ae9379d3 dh=c627d10e63db959c nz=34457
[22:44:02] [Server thread/INFO] (Minecraft) [Rcon: Marked 256 chunks in minecraft:overworld from [128, 128] to [143, 143] to be force loaded]
[22:44:02] [Server thread/WARN] (Minecraft) Can't keep up! Is the server overloaded? Running 5486ms or 109 ticks behind
[22:44:02] [RCON Client /127.0.0.1 #2/INFO] (Minecraft) Thread RCON Client /127.0.0.1 shutting down
[22:44:02] [Worker-Main-4/INFO] (Minecraft) [STDOUT]: [WG-CONTENT-WB] chunk(145,147) hash=31e6e6b1f80b3b8a dh=5d30e8fd6c286809 nz=32724
[22:44:02] [Worker-Main-2/INFO] (Minecraft) [STDOUT]: [WG-CONTENT-WB] chunk(145,124) hash=99c38876f7fac921 dh=7b7cc7b49971155d nz=32524
[22:44:02] [Worker-Main-8/INFO] (Minecraft) [STDOUT]: [WG-CONTENT-WB] chunk(146,144) hash=affcbd01bccc6b63 dh=2a85835ae18cafbf nz=34331
[22:44:02] [Worker-Main-14/INFO] (Minecraft) [STDOUT]: [WG-CONTENT-WB] chunk(146,142) hash=827cb6f8d468e526 dh=b3d24fa09b606fd3 nz=34960
[22:44:02] [Worker-Main-9/INFO] (Minecraft) [STDOUT]: [WG-CONTENT-WB] chunk(146,146) hash=270cbc8bf3aaee9b dh=5acae79d011cd854 nz=33689
[22:44:02] [Worker-Main-17/INFO] (Minecraft) [STDOUT]: [WG-CONTENT-WB] chunk(146,124) hash=a5235ea5f1037ccb dh=8ee6ed3b9e23cd16 nz=32137
[22:44:02] [Worker-Main-13/INFO] (Minecraft) [STDOUT]: [WG-CONTENT-WB] chunk(146,147) hash=f0c5ab365a5f49d4 dh=168b7dcdeb56a924 nz=33199
[22:44:02] [Worker-Main-18/INFO] (Minecraft) [STDOUT]: [WG-CONTENT-WB] chunk(146,137) hash=c833fa1a5a2f3ea3 dh=db32a7cb8b5304f2 nz=34671
[22:44:02] [Worker-Main-3/INFO] (Minecraft) [STDOUT]: [WG-CONTENT-WB] chunk(146,143) hash=6da7cafee5273582 dh=60b92e81917af6c9 nz=34304
[22:44:02] [Worker-Main-7/INFO] (Minecraft) [STDOUT]: [WG-CONTENT-WB] chunk(146,145) hash=2d6575313a5b0605 dh=d6a86f28bc9bc6d1 nz=33962
[22:44:02] [Worker-Main-19/INFO] (Minecraft) [STDOUT]: [WG-CONTENT-WB] chunk(146,141) hash=beecf3d6a9b32198 dh=72e7e448a03ec23c nz=35157
[22:44:02] [Worker-Main-1/INFO] (Minecraft) [STDOUT]: [WG-CONTENT-WB] chunk(146,140) hash=ac0f2163ce173cc1 dh=810d7b8f3d69cb33 nz=34116
[22:44:02] [Worker-Main-20/INFO] (Minecraft) [STDOUT]: [WG-CONTENT-WB] chunk(147,124) hash=4f2652c39063afe0 dh=98a7370aea5bc8e6 nz=31237
[22:44:03] [Worker-Main-12/INFO] (Minecraft) [STDOUT]: [WG-CONTENT-WB] chunk(147,127) hash=c9fe0e91863c973e dh=da1276cd7c908917 nz=32766
[22:44:03] [Worker-Main-22/INFO] (Minecraft) [STDOUT]: [WG-CONTENT-WB] chunk(146,139) hash=6237df59b3ec1099 dh=7af635e6abe860cf nz=33962
[22:44:03] [Worker-Main-10/INFO] (Minecraft) [STDOUT]: [WG-CONTENT-WB] chunk(147,125) hash=244ef5bdc56d8965 dh=4c9913ba4b4781ff nz=32646
[22:44:03] [Worker-Main-15/INFO] (Minecraft) [STDOUT]: [WG-CONTENT-WB] chunk(147,129) hash=dcf6c433f0eadf86 dh=729fcbb7af7d18df nz=29588
[22:44:03] [Worker-Main-11/INFO] (Minecraft) [STDOUT]: [WG-CONTENT-WB] chunk(146,138) hash=15fd9ba30dd2a9ea dh=5c2f46dc423a6349 nz=35752
[22:44:03] [Worker-Main-6/INFO] (Minecraft) [STDOUT]: [WG-CONTENT-WB] chunk(147,128) hash=5f7f53fcd7897cb7 dh=ffdd5ef65ce0240 nz=31831
[22:44:03] [Worker-Main-16/INFO] (Minecraft) [STDOUT]: [WG-CONTENT-WB] chunk(147,126) hash=256f7c008a719beb dh=2cf3c7be0a7b5bea nz=33139
[22:44:03] [Worker-Main-23/INFO] (Minecraft) [STDOUT]: [WG-CONTENT-WB] chunk(147,131) hash=444c0ce9f1f793f1 dh=51d5409e9c254415 nz=34084
[22:44:03] [Worker-Main-5/INFO] (Minecraft) [STDOUT]: [WG-CONTENT-WB] chunk(147,130) hash=442895a4ba661ba8 dh=251d99659489c49e nz=31533
[22:44:03] [Worker-Main-8/INFO] (Minecraft) [STDOUT]: [WG-CONTENT-WB] chunk(147,135) hash=d1f7746a338caacd dh=970791d8bf9f4fa5 nz=34636
[22:44:03] [Worker-Main-21/INFO] (Minecraft) [STDOUT]: [WG-CONTENT-WB] chunk(147,132) hash=7bf8019f284c6781 dh=f89a386c71729aaf nz=34666
[22:44:03] [Worker-Main-4/INFO] (Minecraft) [STDOUT]: [WG-CONTENT-WB] chunk(147,133) hash=3e43d3356a3fdbbd dh=72623cbcc658a467 nz=34594
[22:44:03] [Worker-Main-2/INFO] (Minecraft) [STDOUT]: [WG-CONTENT-WB] chunk(147,134) hash=3240de2113637133 dh=8d20ca17a0ba14c6 nz=34883
[22:44:03] [Worker-Main-14/INFO] (Minecraft) [STDOUT]: [WG-CONTENT-WB] chunk(147,136) hash=dc30d4f644e543c3 dh=4b76b36b11263115 nz=35387
[22:44:03] [Worker-Main-9/INFO] (Minecraft) [STDOUT]: [WG-CONTENT-WB] chunk(147,137) hash=abcf6a8f46774438 dh=e756f078456ba94c nz=36083
[22:44:03] [Worker-Main-19/INFO] (Minecraft) [STDOUT]: [WG-CONTENT-WB] chunk(147,143) hash=3bf2bef4a499ca02 dh=ff111bd5e882f06e nz=32080
[22:44:03] [Worker-Main-7/INFO] (Minecraft) [STDOUT]: [WG-CONTENT-WB] chunk(147,142) hash=60f30e4e1168aae1 dh=9ee7e71a5f5fc22 nz=33374
[22:44:03] [Worker-Main-1/INFO] (Minecraft) [STDOUT]: [WG-CONTENT-WB] chunk(147,144) hash=1189f64eeb2c111f dh=3abf14377d1fdf96 nz=33303
[22:44:03] [Worker-Main-17/INFO] (Minecraft) [STDOUT]: [WG-CONTENT-WB] chunk(147,138) hash=2af486112e73051d dh=a8533b91d46c0ce7 nz=38470
[22:44:03] [Worker-Main-3/INFO] (Minecraft) [STDOUT]: [WG-CONTENT-WB] chunk(147,141) hash=22bd3c11de509aee dh=3e196f81322e1cd9 nz=34836
[22:44:03] [Worker-Main-14/INFO] (Minecraft) [STDOUT]: [WG-CONTENT-WB] chunk(147,145) hash=9a267b0aae74d383 dh=59d08f34f82f3876 nz=32649
[22:44:03] [Worker-Main-16/INFO] (Minecraft) [STDOUT]: [WG-CONTENT-WB] chunk(147,146) hash=ebcf127620a0f4d6 dh=e8f4449f1be1f759 nz=32024
[22:44:03] [Worker-Main-21/INFO] (Minecraft) [STDOUT]: [WG-CONTENT-WB] chunk(147,147) hash=85d13df82c91085b dh=f115ededb6a900d1 nz=32579
[22:44:03] [Worker-Main-18/INFO] (Minecraft) [STDOUT]: [WG-CONTENT-WB] chunk(147,140) hash=8f75473059c48b9f dh=80462dc5ea4fa8a4 nz=37787
[22:44:03] [Worker-Main-13/INFO] (Minecraft) [STDOUT]: [WG-CONTENT-WB] chunk(147,139) hash=b26b51e857f93c3 dh=ff4c2faf09eb760a nz=39383
[22:44:17] [RCON Listener #1/INFO] (Minecraft) Thread RCON Client /127.0.0.1 started
[22:44:17] [Server thread/INFO] (Minecraft) [Rcon: Stopping the server]
[22:44:17] [RCON Client /127.0.0.1 #3/INFO] (Minecraft) Thread RCON Client /127.0.0.1 shutting down
[22:44:17] [Server thread/INFO] (Minecraft) Stopping server
[22:44:17] [Server thread/INFO] (Minecraft) Saving players
[22:44:17] [Server thread/INFO] (Minecraft) Saving worlds
[22:44:17] [Server thread/INFO] (Minecraft) Saving chunks for level 'ServerLevel[world]'/minecraft:overworld
[22:44:18] [Server thread/INFO] (Minecraft) Saving chunks for level 'ServerLevel[world]'/minecraft:the_nether
[22:44:18] [Server thread/INFO] (Minecraft) Saving chunks for level 'ServerLevel[world]'/minecraft:the_end
[22:44:18] [Server thread/INFO] (Minecraft) ThreadedAnvilChunkStorage (world): All chunks are saved
[22:44:18] [Server thread/INFO] (Minecraft) ThreadedAnvilChunkStorage (DIM-1): All chunks are saved
[22:44:18] [Server thread/INFO] (Minecraft) ThreadedAnvilChunkStorage (DIM1): All chunks are saved
[22:44:18] [Server thread/INFO] (Minecraft) ThreadedAnvilChunkStorage: All dimensions are saved
[22:44:18] [Server thread/INFO] (Minecraft) Thread RCON Listener stopped

[Incubating] Problems report is available at: file:///E:/PYTHON/CoreSwap/versions/1.21.6/java/build/reports/problems/problems-report.html

Deprecated Gradle features were used in this build, making it incompatible with Gradle 9.0.

You can use '--warning-mode all' to show the individual deprecation warnings and determine if they come from your own scripts or plugins.

For more on this, please refer to https://docs.gradle.org/8.13/userguide/command_line_interface.html#sec:command_line_warnings in the Gradle documentation.

BUILD SUCCESSFUL in 1m 3s
6 actionable tasks: 1 executed, 5 up-to-date
