
> Configure project :
Fabric Loom: 1.10.5

> Configure project :content-test
Fabric Loom: 1.10.5

> Task :compileJava UP-TO-DATE
> Task :processResources UP-TO-DATE
> Task :classes UP-TO-DATE
> Task :generateLog4jConfig UP-TO-DATE
> Task :generateRemapClasspath UP-TO-DATE
> Task :generateDLIConfig UP-TO-DATE
> Task :configureLaunch UP-TO-DATE

> Task :runServer
[22:50:49] [main/INFO] (FabricLoader/GameProvider) Loading Minecraft 1.20.1 with Fabric Loader 0.15.11
[22:50:49] [main/INFO] (FabricLoader) Loading 48 mods:
	- chunky 1.3.146
	- coreswap 1.20.1-1.0.29
	- fabric-api 0.92.0+1.20.1
	- fabric-api-base 0.4.31+1802ada577
	- fabric-api-lookup-api-v1 1.6.36+1802ada577
	- fabric-biome-api-v1 13.0.13+1802ada577
	- fabric-block-api-v1 1.0.11+1802ada577
	- fabric-block-view-api-v2 1.0.1+1802ada577
	- fabric-command-api-v1 1.2.34+f71b366f77
	- fabric-command-api-v2 2.2.13+1802ada577
	- fabric-commands-v0 0.2.51+df3654b377
	- fabric-containers-v0 0.1.64+df3654b377
	- fabric-content-registries-v0 4.0.11+1802ada577
	- fabric-convention-tags-v1 1.5.5+1802ada577
	- fabric-crash-report-info-v1 0.2.19+1802ada577
	- fabric-data-attachment-api-v1 1.0.0+de0fd6d177
	- fabric-data-generation-api-v1 12.3.4+1802ada577
	- fabric-dimensions-v1 2.1.54+1802ada577
	- fabric-entity-events-v1 1.6.0+1c78457f77
	- fabric-events-interaction-v0 0.6.2+1802ada577
	- fabric-events-lifecycle-v0 0.2.63+df3654b377
	- fabric-game-rule-api-v1 1.0.40+1802ada577
	- fabric-gametest-api-v1 1.2.13+1802ada577
	- fabric-item-api-v1 2.1.28+1802ada577
	- fabric-item-group-api-v1 4.0.12+1802ada577
	- fabric-lifecycle-events-v1 2.2.22+1802ada577
	- fabric-loot-api-v2 1.2.1+1802ada577
	- fabric-loot-tables-v1 1.1.45+9e7660c677
	- fabric-message-api-v1 5.1.9+1802ada577
	- fabric-mining-level-api-v1 2.1.50+1802ada577
	- fabric-networking-api-v1 1.3.11+1802ada577
	- fabric-networking-v0 0.3.51+df3654b377
	- fabric-object-builder-api-v1 11.1.3+1802ada577
	- fabric-particles-v1 1.1.2+1802ada577
	- fabric-recipe-api-v1 1.0.21+1802ada577
	- fabric-registry-sync-v0 2.3.3+1802ada577
	- fabric-rendering-data-attachment-v1 0.3.37+92a0d36777
	- fabric-rendering-fluids-v1 3.0.28+1802ada577
	- fabric-resource-conditions-api-v1 2.3.8+1802ada577
	- fabric-resource-loader-v0 0.11.10+1802ada577
	- fabric-screen-handler-api-v1 1.3.30+1802ada577
	- fabric-transfer-api-v1 3.3.4+1802ada577
	- fabric-transitive-access-wideners-v1 4.3.1+1802ada577
	- fabricloader 0.15.11
	- java 17
	- minecraft 1.20.1
	- mixinextras 0.3.5
	- testcontent 1.0.0
[22:50:52] [main/INFO] (FabricLoader/Mixin) SpongePowered MIXIN Subsystem Version=0.8.5 Source=file:/E:/PYTHON/CoreSwap/.gradle-home/caches/modules-2/files-2.1/net.fabricmc/sponge-mixin/0.13.3+mixin.0.8.5/9527e6b0d2449408958fd1302594dc65ec5ade9c/sponge-mixin-0.13.3+mixin.0.8.5.jar Service=Knot/Fabric Env=SERVER
[22:50:52] [main/INFO] (FabricLoader/Mixin) Loaded Fabric development mappings for mixin remapper!
[22:50:52] [main/INFO] (FabricLoader/Mixin) Compatibility level set to JAVA_16
[22:50:52] [main/INFO] (FabricLoader/Mixin) Compatibility level set to JAVA_17
[22:50:53] [main/INFO] (FabricLoader/MixinExtras|Service) Initializing MixinExtras via com.llamalad7.mixinextras.service.MixinExtrasServiceImpl(version=0.3.5).
[22:50:55] [main/WARN] (WmiQueryHandler) COM exception querying Win32_Processor, which might not be on your system. Will not attempt to query it again. Error was -2147217405: (HRESULT: 80041003)
[22:50:55] [main/WARN] (WmiQueryHandler) COM exception querying Win32_Processor, which might not be on your system. Will not attempt to query it again. Error was -2147217405: (HRESULT: 80041003)
[22:50:55] [main/WARN] (WmiQueryHandler) COM exception querying Win32_VideoController, which might not be on your system. Will not attempt to query it again. Error was -2147217405: (HRESULT: 80041003)
[22:50:55] [main/WARN] (WmiQueryHandler) COM exception querying Win32_PhysicalMemory, which might not be on your system. Will not attempt to query it again. Error was -2147217405: (HRESULT: 80041003)
[22:51:03] [main/INFO] (Minecraft) [STDOUT]: [TestContent] registered testcontent:test_brick raw=1003 testcontent:test_lamp raw=1004
[22:51:03] [main/INFO] (Minecraft) Environment: authHost='https://authserver.mojang.com', accountsHost='https://api.mojang.com', sessionHost='https://sessionserver.mojang.com', servicesHost='https://api.minecraftservices.com', name='PROD'
[22:51:05] [main/INFO] (Minecraft) Loaded 7 recipes
[22:51:05] [main/INFO] (Minecraft) Loaded 1271 advancements
[22:51:06] [main/INFO] (BiomeModificationImpl) Applied 0 biome modifications to 0 of 64 new biomes in 2.587 ms
[22:51:06] [Server thread/INFO] (Minecraft) Starting minecraft server version 1.20.1
[22:51:06] [Server thread/INFO] (Minecraft) Loading properties
[22:51:06] [Server thread/INFO] (Minecraft) Default game type: SURVIVAL
[22:51:06] [Server thread/INFO] (Minecraft) Generating keypair
[22:51:06] [Server thread/INFO] (Minecraft) Starting Minecraft server on *:25565
[22:51:06] [Server thread/INFO] (Minecraft) Using default channel type
[22:51:06] [Server thread/INFO] (Minecraft) Preparing level "world"
[22:51:09] [Server thread/INFO] (Minecraft) Preparing start region for dimension minecraft:overworld
[22:51:09] [Worker-Main-10/INFO] (Minecraft) Preparing spawn area: 0%
[22:51:09] [Worker-Main-14/INFO] (Minecraft) Preparing spawn area: 0%
[22:51:10] [Worker-Main-2/INFO] (Minecraft) Preparing spawn area: 0%
[22:51:10] [Worker-Main-5/INFO] (Minecraft) Preparing spawn area: 2%
[22:51:11] [Worker-Main-5/INFO] (Minecraft) Preparing spawn area: 5%
[22:51:12] [Worker-Main-2/INFO] (Minecraft) Preparing spawn area: 8%
[22:51:12] [Worker-Main-8/INFO] (Minecraft) Preparing spawn area: 12%
[22:51:12] [Worker-Main-18/INFO] (Minecraft) Preparing spawn area: 16%
[22:51:13] [Worker-Main-2/INFO] (Minecraft) Preparing spawn area: 22%
[22:51:13] [Worker-Main-10/INFO] (Minecraft) Preparing spawn area: 28%
[22:51:14] [Worker-Main-1/INFO] (Minecraft) Preparing spawn area: 35%
[22:51:14] [Worker-Main-18/INFO] (Minecraft) Preparing spawn area: 41%
[22:51:15] [Worker-Main-15/INFO] (Minecraft) Preparing spawn area: 45%
[22:51:15] [Worker-Main-21/INFO] (Minecraft) Preparing spawn area: 53%
[22:51:16] [Worker-Main-22/INFO] (Minecraft) Preparing spawn area: 58%
[22:51:16] [Worker-Main-13/INFO] (Minecraft) Preparing spawn area: 65%
[22:51:17] [Worker-Main-7/INFO] (Minecraft) Preparing spawn area: 70%
[22:51:17] [Worker-Main-17/INFO] (Minecraft) Preparing spawn area: 75%
[22:51:18] [Worker-Main-22/INFO] (Minecraft) Preparing spawn area: 83%
[22:51:18] [Worker-Main-11/INFO] (Minecraft) Preparing spawn area: 90%
[22:51:19] [Worker-Main-1/INFO] (Minecraft) Preparing spawn area: 93%
[22:51:19] [Server thread/INFO] (Minecraft) Time elapsed: 10309 ms
[22:51:19] [Server thread/INFO] (Minecraft) Done (12.730s)! For help, type "help"
[22:51:19] [Server thread/INFO] (Minecraft) Starting remote control listener
[22:51:19] [Server thread/INFO] (Minecraft) Thread RCON Listener started
[22:51:19] [Server thread/INFO] (Minecraft) RCON running on 0.0.0.0:25575
[22:51:19] [Server thread/INFO] (Minecraft) [STDOUT]: [CppBridge] init seed=123456789012345678 worldgenDir=E:\PYTHON\CoreSwap\versions\1.20.1\data\worldgen enabled=true stageMask=3 env.CORESWAP_DEFAULT_BLOCK=null
[22:51:19] [Server thread/INFO] (Minecraft) [STDOUT]: [CppBridge] dll=E:\PYTHON\CoreSwap\.tmp\java-tmp\coreswap-native\worldgen.dll size=2457088 sha256=dd3b645f2c79d2cb...
[22:51:19] [Server thread/INFO] (Minecraft) [STDOUT]: [CppBridge] initNether seed=123456789012345678 enabled=true stageMask=3
[22:51:19] [Server thread/INFO] (Minecraft) [STDOUT]: [CppBridge] initEnd seed=123456789012345678 enabled=true stageMask=3
[22:51:19] [Server thread/INFO] (Minecraft) [STDOUT]: [BenchMod] CoreSwap replace mode: C++ worldgen active
[22:51:28] [RCON Listener #1/INFO] (Minecraft) Thread RCON Client /127.0.0.1 started
[22:51:29] [Worker-Main-15/INFO] (Minecraft) [STDOUT]: [WG-BULKWB-SENTINEL] armed: concurrent same-chunk write detector active (non-reentrant, in-flight overlap only; mirrors vanilla LockHelper semantics)
[22:51:29] [Worker-Main-15/INFO] (Minecraft) [STDOUT]: [WG-CONTENT-WB] chunk(-192,-192) hash=3d2abab74b3813b9 dh=9534cca71cf9371c nz=32196
[22:51:29] [Worker-Main-21/INFO] (Minecraft) [STDOUT]: [WG-CONTENT-WB] chunk(-193,-193) hash=4c7eac4631ea08cd dh=128aa26f91421d29 nz=31884
[22:51:30] [Worker-Main-15/INFO] (Minecraft) [STDOUT]: [WG-CONTENT-WB] chunk(-192,-193) hash=37ab1830110b2559 dh=50b1eff6f985e7b0 nz=32133
[22:51:30] [Worker-Main-15/INFO] (Minecraft) [STDOUT]: [WG-CONTENT-WB] chunk(-193,-192) hash=c52bbf8d142eaf3a dh=d4b7201f2685cb8f nz=31805
[22:51:30] [Worker-Main-6/INFO] (Minecraft) [STDOUT]: [WG-CONTENT-WB] chunk(-191,-193) hash=bc5b3416d911001a dh=93b9b9557b7ec761 nz=33046
[22:51:30] [Worker-Main-16/INFO] (Minecraft) [STDOUT]: [WG-CONTENT-WB] chunk(-191,-192) hash=3a55fc4e4af629df dh=8500ddf774733c7 nz=32374
[22:51:30] [Worker-Main-20/INFO] (Minecraft) [STDOUT]: [WG-CONTENT-WB] chunk(-193,-191) hash=ad1c275b53d59565 dh=b4cda800eaf95c65 nz=31900
[22:51:30] [Worker-Main-20/INFO] (Minecraft) [STDOUT]: [WG-CONTENT-WB] chunk(-192,-191) hash=a4ab4aa5ccfe5302 dh=b72ade05c2da83b1 nz=32484
[22:51:30] [Worker-Main-20/INFO] (Minecraft) [STDOUT]: [WG-CONTENT-WB] chunk(-191,-191) hash=d9dd7dc08942a477 dh=1292b075d97e8276 nz=32287
[22:51:30] [Worker-Main-16/INFO] (Minecraft) [STDOUT]: [WG-CONTENT-WB] chunk(-193,-194) hash=642ec0261622bfde dh=774ae639dac8a262 nz=31785
[22:51:30] [Worker-Main-16/INFO] (Minecraft) [STDOUT]: [WG-CONTENT-WB] chunk(-192,-194) hash=da86c9a3bfbc64cd dh=c998148a41f2f9f4 nz=32124
[22:51:30] [Worker-Main-13/INFO] (Minecraft) [STDOUT]: [WG-CONTENT-WB] chunk(-194,-194) hash=6dbb6ff509ad7820 dh=2223954c03c0910 nz=32522
[22:51:30] [Worker-Main-8/INFO] (Minecraft) [STDOUT]: [WG-CONTENT-WB] chunk(-194,-193) hash=2371a0a6cccc4f04 dh=19e18ce0e7401c35 nz=31318
[22:51:30] [Worker-Main-8/INFO] (Minecraft) [STDOUT]: [WG-CONTENT-WB] chunk(-191,-194) hash=35c454cd82f9eba6 dh=b39c074e741c7be5 nz=32151
[22:51:30] [Worker-Main-13/INFO] (Minecraft) [STDOUT]: [WG-CONTENT-WB] chunk(-194,-192) hash=5caeea7189552d97 dh=d3b27226df0c13c2 nz=31183
[22:51:30] [Worker-Main-13/INFO] (Minecraft) [STDOUT]: [WG-CONTENT-WB] chunk(-194,-191) hash=2369c5d2f3728330 dh=3823ee2a22620704 nz=32448
[22:51:30] [Worker-Main-16/INFO] (Minecraft) [STDOUT]: [WG-CONTENT-WB] chunk(-190,-192) hash=115c9ab1cf1d9585 dh=96f18ea9c1e7d858 nz=32481
[22:51:30] [Worker-Main-16/INFO] (Minecraft) [STDOUT]: [WG-CONTENT-WB] chunk(-190,-191) hash=37d68f40ed48d0dd dh=8ffd81f79be6d98d nz=31624
[22:51:30] [Worker-Main-16/INFO] (Minecraft) [STDOUT]: [WG-CONTENT-WB] chunk(-190,-194) hash=aeded0b95eadfdf8 dh=1e67a32fabf2c892 nz=31050
[22:51:31] [Worker-Main-13/INFO] (Minecraft) [STDOUT]: [WG-CONTENT-WB] chunk(-190,-193) hash=2e07000ea16bfc47 dh=db8750a6aac1342e nz=33364
[22:51:31] [Worker-Main-8/INFO] (Minecraft) [STDOUT]: [WG-CONTENT-WB] chunk(-194,-190) hash=581a06765cfcc4be dh=e16179910d5f731 nz=33780
[22:51:31] [Worker-Main-18/INFO] (Minecraft) [STDOUT]: [WG-CONTENT-WB] chunk(-193,-190) hash=3442af5bd5a1c3ac dh=dfcfbf608a658951 nz=32594
[22:51:31] [Worker-Main-8/INFO] (Minecraft) [STDOUT]: [WG-CONTENT-WB] chunk(-192,-190) hash=46c59813e182fee7 dh=f91ca2e4b17f1ca3 nz=32513
[22:51:31] [Worker-Main-8/INFO] (Minecraft) [STDOUT]: [WG-CONTENT-WB] chunk(-191,-190) hash=8f1ec8d8ee36890 dh=d5032ee1869bb907 nz=32330
[22:51:31] [Worker-Main-8/INFO] (Minecraft) [STDOUT]: [WG-CONTENT-WB] chunk(-190,-190) hash=966e4b0e8d015f38 dh=259029ee8acf89f1 nz=32444
[22:51:31] [Worker-Main-13/INFO] (Minecraft) [STDOUT]: [WG-CONTENT-WB] chunk(-192,-195) hash=44b5e4bec39bfe35 dh=f89983a95538d986 nz=32598
[22:51:31] [Worker-Main-13/INFO] (Minecraft) [STDOUT]: [WG-CONTENT-WB] chunk(-191,-195) hash=f9f8d765bbabea69 dh=5f41ff18eda992c3 nz=30115
[22:51:31] [Worker-Main-3/INFO] (Minecraft) [STDOUT]: [WG-CONTENT-WB] chunk(-190,-195) hash=d71651a97bbc6ccf dh=da373534e88bc6d6 nz=32000
[22:51:31] [Worker-Main-13/INFO] (Minecraft) [STDOUT]: [WG-CONTENT-WB] chunk(-189,-195) hash=5e79b4bf72094e3c dh=d313f9fceb3f03e4 nz=33966
[22:51:31] [Worker-Main-3/INFO] (Minecraft) [STDOUT]: [WG-CONTENT-WB] chunk(-189,-194) hash=a4c4b0fe6d8e0769 dh=4cd956648aef2603 nz=32115
[22:51:31] [Worker-Main-3/INFO] (Minecraft) [STDOUT]: [WG-CONTENT-WB] chunk(-189,-193) hash=f41d2f92b7582ae7 dh=97449c4b18c6bd85 nz=32721
[22:51:31] [Worker-Main-12/INFO] (Minecraft) [STDOUT]: [WG-CONTENT-WB] chunk(-189,-192) hash=994263cf8cc2c42c dh=3f558d86b030c2a9 nz=33215
[22:51:31] [Worker-Main-12/INFO] (Minecraft) [STDOUT]: [WG-CONTENT-WB] chunk(-189,-191) hash=95114cd5555a6e69 dh=e4f6b3db85abd14c nz=33325
[22:51:31] [Worker-Main-3/INFO] (Minecraft) [STDOUT]: [WG-CONTENT-WB] chunk(-189,-190) hash=483eb2e1c457f9c1 dh=b4f82c5aa89707a4 nz=35424
[22:51:32] [Worker-Main-16/INFO] (Minecraft) [STDOUT]: [WG-CONTENT-WB] chunk(-194,-189) hash=a6262b6d10d09471 dh=4600c82f181d8f4c nz=33708
[22:51:32] [Worker-Main-16/INFO] (Minecraft) [STDOUT]: [WG-CONTENT-WB] chunk(-190,-189) hash=37529a11d68f61d dh=506d9fe22ece0643 nz=32512
[22:51:32] [Worker-Main-9/INFO] (Minecraft) [STDOUT]: [WG-CONTENT-WB] chunk(-193,-195) hash=d360003933f23851 dh=6879b23ccced9bc6 nz=32549
[22:51:32] [Worker-Main-9/INFO] (Minecraft) [STDOUT]: [WG-CONTENT-WB] chunk(-193,-189) hash=7fc70e354ed02e2f dh=3d49c8a979053234 nz=32967
[22:51:32] [Worker-Main-5/INFO] (Minecraft) [STDOUT]: [WG-CONTENT-WB] chunk(-192,-189) hash=d41c56b1ef5ecd12 dh=e26c7b01282ccd61 nz=32546
[22:51:32] [Worker-Main-5/INFO] (Minecraft) [STDOUT]: [WG-CONTENT-WB] chunk(-191,-189) hash=131b65edc6340dd6 dh=25f3210f692f7b44 nz=32512
[22:51:32] [Worker-Main-5/INFO] (Minecraft) [STDOUT]: [WG-CONTENT-WB] chunk(-189,-189) hash=898ef04f3ee8ad2e dh=6c4c935c258976ff nz=32544
[22:51:32] [Worker-Main-16/INFO] (Minecraft) [STDOUT]: [WG-CONTENT-WB] chunk(-194,-195) hash=c5517538d028ef1a dh=82b0656cf9f82c42 nz=32711
[22:51:32] [Worker-Main-5/INFO] (Minecraft) [STDOUT]: [WG-CONTENT-WB] chunk(-195,-194) hash=917755d7731266e5 dh=33751d781803177a nz=32019
[22:51:32] [Worker-Main-16/INFO] (Minecraft) [STDOUT]: [WG-CONTENT-WB] chunk(-195,-193) hash=19027927162702ad dh=86f13d4dcd67bd38 nz=31632
[22:51:32] [Worker-Main-16/INFO] (Minecraft) [STDOUT]: [WG-CONTENT-WB] chunk(-195,-195) hash=3b378530a271c140 dh=7fb4399f848dde86 nz=33365
[22:51:32] [Worker-Main-5/INFO] (Minecraft) [STDOUT]: [WG-CONTENT-WB] chunk(-195,-192) hash=4797b8cb5780f937 dh=fec70e09ee77d368 nz=32112
[22:51:32] [Worker-Main-11/INFO] (Minecraft) [STDOUT]: [WG-CONTENT-WB] chunk(-195,-191) hash=64cbacf5e7c1d891 dh=9473ddd3b6813cf2 nz=33267
[22:51:32] [Worker-Main-11/INFO] (Minecraft) [STDOUT]: [WG-CONTENT-WB] chunk(-195,-190) hash=d8e74a871b8d7552 dh=5241a318a73b29ac nz=33411
[22:51:32] [Worker-Main-5/INFO] (Minecraft) [STDOUT]: [WG-CONTENT-WB] chunk(-195,-189) hash=57faac1a2d20887a dh=6896fc32a4dcf4a8 nz=33423
[22:51:32] [Worker-Main-20/INFO] (Minecraft) [STDOUT]: [WG-CONTENT-WB] chunk(-189,-188) hash=972879eb866a235b dh=c3ac56b2fa7287f nz=35683
[22:51:32] [Worker-Main-20/INFO] (Minecraft) [STDOUT]: [WG-CONTENT-WB] chunk(-194,-188) hash=3fe266bdf6f1519 dh=ba3c3bf1c698eaf1 nz=33453
[22:51:32] [Worker-Main-14/INFO] (Minecraft) [STDOUT]: [WG-CONTENT-WB] chunk(-193,-188) hash=56ff5cf3e4a98c61 dh=1ed1cab1fd7c554f nz=32248
[22:51:32] [Worker-Main-14/INFO] (Minecraft) [STDOUT]: [WG-CONTENT-WB] chunk(-195,-188) hash=6f222693685d1d12 dh=83fac7c9d19ab914 nz=32905
[22:51:33] [Worker-Main-14/INFO] (Minecraft) [STDOUT]: [WG-CONTENT-WB] chunk(-191,-188) hash=8d0e54d3a90f70de dh=8792d347f62b3d84 nz=32834
[22:51:33] [Worker-Main-10/INFO] (Minecraft) [STDOUT]: [WG-CONTENT-WB] chunk(-192,-188) hash=26652f6e2c5fa7a6 dh=a4da99012b25481e nz=32307
[22:51:33] [Worker-Main-14/INFO] (Minecraft) [STDOUT]: [WG-CONTENT-WB] chunk(-190,-188) hash=74559486c1a71f34 dh=42342b12113e7037 nz=34686
[22:51:33] [Worker-Main-9/INFO] (Minecraft) [STDOUT]: [WG-CONTENT-WB] chunk(-188,-195) hash=209dfdb137a7be7c dh=db552398f10af005 nz=35865
[22:51:33] [Worker-Main-20/INFO] (Minecraft) [STDOUT]: [WG-CONTENT-WB] chunk(-188,-192) hash=94053e6667da9710 dh=a814337a7f5fba3a nz=32958
[22:51:33] [Worker-Main-9/INFO] (Minecraft) [STDOUT]: [WG-CONTENT-WB] chunk(-192,-196) hash=75e75fef6f5567c dh=be4bf0c7ce1635b3 nz=33271
[22:51:33] [Worker-Main-9/INFO] (Minecraft) [STDOUT]: [WG-CONTENT-WB] chunk(-190,-196) hash=8fe017900a0c822d dh=e87649eca571bb58 nz=32525
[22:51:33] [Worker-Main-20/INFO] (Minecraft) [STDOUT]: [WG-CONTENT-WB] chunk(-188,-194) hash=cfd3f5b886fb3c5a dh=ef0737dd919cb44a nz=33799
[22:51:33] [Worker-Main-20/INFO] (Minecraft) [STDOUT]: [WG-CONTENT-WB] chunk(-188,-191) hash=15e80e20066ae498 dh=542cfbeb02dcee29 nz=33627
[22:51:33] [Worker-Main-4/INFO] (Minecraft) [STDOUT]: [WG-CONTENT-WB] chunk(-191,-196) hash=685eef20257e4675 dh=c7e125335342ee63 nz=30197
[22:51:33] [Worker-Main-4/INFO] (Minecraft) [STDOUT]: [WG-CONTENT-WB] chunk(-188,-193) hash=401cf1fb57ff3fcd dh=2e92b081def96ae5 nz=31842
[22:51:33] [Worker-Main-15/INFO] (Minecraft) [STDOUT]: [WG-CONTENT-WB] chunk(-190,-187) hash=ed5e38de7a62bb4a dh=6dad9555bad66b75 nz=37259
[22:51:33] [Worker-Main-15/INFO] (Minecraft) [STDOUT]: [WG-CONTENT-WB] chunk(-189,-187) hash=5de73ec212785bf1 dh=e5327f66c15f5b42 nz=37418
[22:51:33] [Worker-Main-15/INFO] (Minecraft) [STDOUT]: [WG-CONTENT-WB] chunk(-195,-187) hash=fe87b23a78abc126 dh=48b22f3c386ad128 nz=33410
[22:51:33] [Worker-Main-6/INFO] (Minecraft) [STDOUT]: [WG-CONTENT-WB] chunk(-194,-187) hash=7f1210385d72f15d dh=a9abed0109628e4c nz=31930
[22:51:33] [Worker-Main-6/INFO] (Minecraft) [STDOUT]: [WG-CONTENT-WB] chunk(-193,-187) hash=bace857da4675a33 dh=72d8c9e04cd347f1 nz=29738
[22:51:33] [Worker-Main-4/INFO] (Minecraft) [STDOUT]: [WG-CONTENT-WB] chunk(-192,-187) hash=d66901340e16688f dh=14e954e51f816408 nz=31913
[22:51:33] [Worker-Main-15/INFO] (Minecraft) [STDOUT]: [WG-CONTENT-WB] chunk(-191,-187) hash=c017248f69db1cd6 dh=61b83dd667520fd0 nz=34987
[22:51:33] [Worker-Main-2/INFO] (Minecraft) [STDOUT]: [WG-CONTENT-WB] chunk(-189,-196) hash=238bd224753674d1 dh=6ac58a0cd236a898 nz=37313
[22:51:33] [Worker-Main-7/INFO] (Minecraft) [STDOUT]: [WG-CONTENT-WB] chunk(-188,-190) hash=1185b86b0471e173 dh=ab67d5c37ecdf72b nz=33334
[22:51:34] [Worker-Main-2/INFO] (Minecraft) [STDOUT]: [WG-CONTENT-WB] chunk(-188,-189) hash=e5158befc4767e4b dh=37fce89a6b154d9d nz=32589
[22:51:34] [Worker-Main-2/INFO] (Minecraft) [STDOUT]: [WG-CONTENT-WB] chunk(-193,-196) hash=abd04df61c49f068 dh=3f11e8867a552417 nz=33390
[22:51:34] [Worker-Main-22/INFO] (Minecraft) [STDOUT]: [WG-CONTENT-WB] chunk(-188,-188) hash=51b707dfea8cfab6 dh=371c14db48d437ce nz=34283
[22:51:34] [Worker-Main-21/INFO] (Minecraft) [STDOUT]: [WG-CONTENT-WB] chunk(-188,-196) hash=6327b449f998a5c7 dh=43a62da697393bbb nz=39097
[22:51:34] [Worker-Main-21/INFO] (Minecraft) [STDOUT]: [WG-CONTENT-WB] chunk(-195,-196) hash=1fc7a82ce1c44d5d dh=12c81ea1c7fb3d9d nz=32256
[22:51:34] [Worker-Main-2/INFO] (Minecraft) [STDOUT]: [WG-CONTENT-WB] chunk(-194,-196) hash=5ea5fb5fb499b503 dh=966faafff996191f nz=32726
[22:51:34] [Worker-Main-22/INFO] (Minecraft) [STDOUT]: [WG-CONTENT-WB] chunk(-196,-196) hash=39a62bbe59dad24f dh=f44a565b4b8b1ee5 nz=32500
[22:51:34] [Worker-Main-22/INFO] (Minecraft) [STDOUT]: [WG-CONTENT-WB] chunk(-196,-194) hash=a5f4e4cddd053698 dh=cf5910db3dfb5b6f nz=33034
[22:51:34] [Worker-Main-22/INFO] (Minecraft) [STDOUT]: [WG-CONTENT-WB] chunk(-196,-195) hash=585f115ddb3f0e30 dh=96fc2ff47a1ccfa4 nz=33473
[22:51:34] [Worker-Main-5/INFO] (Minecraft) [STDOUT]: [WG-CONTENT-WB] chunk(-196,-193) hash=7978c1a5ac6f0d52 dh=2810d1faa8f8d540 nz=32469
[22:51:34] [Worker-Main-5/INFO] (Minecraft) [STDOUT]: [WG-CONTENT-WB] chunk(-193,-186) hash=9f64fc4e4989f1c6 dh=244adcf1e543f900 nz=32507
[22:51:34] [Worker-Main-4/INFO] (Minecraft) [STDOUT]: [WG-CONTENT-WB] chunk(-190,-186) hash=c1f7c26ec4a997d2 dh=6eda8b9e6a768832 nz=37114
[22:51:34] [Worker-Main-4/INFO] (Minecraft) [STDOUT]: [WG-CONTENT-WB] chunk(-194,-186) hash=70ddec7a85a792e0 dh=354faa8a74e4eefd nz=30815
[22:51:34] [Worker-Main-21/INFO] (Minecraft) [STDOUT]: [WG-CONTENT-WB] chunk(-192,-186) hash=6fa7787b1383e4d5 dh=d704a50d8052e43f nz=35162
[22:51:34] [Worker-Main-4/INFO] (Minecraft) [STDOUT]: [WG-CONTENT-WB] chunk(-189,-186) hash=476ee80f48781553 dh=bbef1192c2369d74 nz=35943
[22:51:34] [Worker-Main-21/INFO] (Minecraft) [STDOUT]: [WG-CONTENT-WB] chunk(-191,-186) hash=b75b112116b38cb2 dh=5de0da479fe02248 nz=37147
[22:51:34] [Worker-Main-21/INFO] (Minecraft) [STDOUT]: [WG-CONTENT-WB] chunk(-195,-186) hash=d8e718118f84e428 dh=751a2d4eb4a13526 nz=30739
[22:51:34] [Worker-Main-4/INFO] (Minecraft) [STDOUT]: [WG-CONTENT-WB] chunk(-196,-192) hash=c97faac9f645d9d2 dh=ca8535f12f975fca nz=31028
[22:51:34] [Worker-Main-21/INFO] (Minecraft) [STDOUT]: [WG-CONTENT-WB] chunk(-196,-187) hash=30bd893327f62b9f dh=e9eb6265d46bcdb5 nz=32853
[22:51:34] [Worker-Main-5/INFO] (Minecraft) [STDOUT]: [WG-CONTENT-WB] chunk(-188,-187) hash=24e225e761e66be1 dh=8e2996a4b9a457b nz=35754
[22:51:35] [Worker-Main-14/INFO] (Minecraft) [STDOUT]: [WG-CONTENT-WB] chunk(-188,-186) hash=d6d06a6c50e5cdcf dh=301fa5b83fa9bdc8 nz=35725
[22:51:35] [Worker-Main-14/INFO] (Minecraft) [STDOUT]: [WG-CONTENT-WB] chunk(-196,-191) hash=1384fb41cd20877c dh=e772dc65de7946b nz=32385
[22:51:35] [Worker-Main-5/INFO] (Minecraft) [STDOUT]: [WG-CONTENT-WB] chunk(-196,-189) hash=91ff61515b864cec dh=e6f22cab224f2c50 nz=33460
[22:51:35] [Worker-Main-5/INFO] (Minecraft) [STDOUT]: [WG-CONTENT-WB] chunk(-196,-190) hash=34dcb8d59e5bae8 dh=8be987e60f7d5610 nz=32427
[22:51:35] [Worker-Main-5/INFO] (Minecraft) [STDOUT]: [WG-CONTENT-WB] chunk(-196,-186) hash=1188388dda03419d dh=28cd52ef19a623e nz=33391
[22:51:35] [Worker-Main-13/INFO] (Minecraft) [STDOUT]: [WG-CONTENT-WB] chunk(-196,-188) hash=bef435745e9a539e dh=2ed2a2a10c2c9516 nz=33151
[22:51:35] [Worker-Main-1/INFO] (Minecraft) [STDOUT]: [WG-CONTENT-WB] chunk(-193,-185) hash=3fd7d711a6d50dcb dh=80b0d2b84a862836 nz=35251
[22:51:35] [Worker-Main-1/INFO] (Minecraft) [STDOUT]: [WG-CONTENT-WB] chunk(-195,-185) hash=f72d146c62679a20 dh=e442777f3bcfb436 nz=31170
[22:51:35] [Worker-Main-21/INFO] (Minecraft) [STDOUT]: [WG-CONTENT-WB] chunk(-194,-185) hash=b30710be68f13f4a dh=e18bb5806cc345ea nz=35104
[22:51:35] [Worker-Main-21/INFO] (Minecraft) [STDOUT]: [WG-CONTENT-WB] chunk(-192,-185) hash=3b45f7b24b661f09 dh=bea3c1a4fa779713 nz=35030
[22:51:35] [Worker-Main-14/INFO] (Minecraft) [STDOUT]: [WG-CONTENT-WB] chunk(-191,-185) hash=14f0714fb675a4c dh=5f41f2bf7840c587 nz=36394
[22:51:35] [Worker-Main-1/INFO] (Minecraft) [STDOUT]: [WG-CONTENT-WB] chunk(-190,-185) hash=1698da8763780cf2 dh=8f2b1751c37c8dcd nz=36964
[22:51:35] [Worker-Main-1/INFO] (Minecraft) [STDOUT]: [WG-CONTENT-WB] chunk(-189,-185) hash=920b8d28e7c0bb1d dh=a240e59bd984444b nz=35854
[22:51:35] [Worker-Main-8/INFO] (Minecraft) [STDOUT]: [WG-CONTENT-WB] chunk(-196,-185) hash=f616ad861097cd5a dh=b279ec814c0d6e70 nz=31327
[22:51:35] [Worker-Main-11/INFO] (Minecraft) [STDOUT]: [WG-CONTENT-WB] chunk(-188,-185) hash=91e498a98b380239 dh=686d82c751720792 nz=35609
[22:51:35] [Worker-Main-8/INFO] (Minecraft) [STDOUT]: [WG-CONTENT-WB] chunk(-194,-184) hash=ec115c1b842d5811 dh=554eeaca94d59d4f nz=35850
[22:51:35] [Worker-Main-8/INFO] (Minecraft) [STDOUT]: [WG-CONTENT-WB] chunk(-193,-184) hash=d9ee92773ab4c24c dh=eb3ef92bafd4685f nz=36122
[22:51:35] [Worker-Main-3/INFO] (Minecraft) [STDOUT]: [WG-CONTENT-WB] chunk(-192,-184) hash=b0207fe276a940fc dh=fa46a4280dfc8556 nz=36153
[22:51:35] [Worker-Main-5/INFO] (Minecraft) [STDOUT]: [WG-CONTENT-WB] chunk(-191,-184) hash=f9f38e4a391cdc49 dh=9a849a3c2cf02f6f nz=35370
[22:51:35] [Worker-Main-5/INFO] (Minecraft) [STDOUT]: [WG-CONTENT-WB] chunk(-190,-184) hash=b8cf6e235713a125 dh=fc214da62e6d515d nz=35736
[22:51:35] [Worker-Main-5/INFO] (Minecraft) [STDOUT]: [WG-CONTENT-WB] chunk(-195,-184) hash=bb7b360f8385116f dh=f232442cea07bcc8 nz=32972
[22:51:35] [Worker-Main-5/INFO] (Minecraft) [STDOUT]: [WG-CONTENT-WB] chunk(-189,-184) hash=d402a7e8b502d028 dh=a2f36f7c8e4b971e nz=34971
[22:51:36] [Worker-Main-21/INFO] (Minecraft) [STDOUT]: [WG-CONTENT-WB] chunk(-188,-184) hash=de938b8d37a79339 dh=693a1faa501c31c2 nz=34887
[22:51:36] [Worker-Main-13/INFO] (Minecraft) [STDOUT]: [WG-CONTENT-WB] chunk(-196,-184) hash=b41c170f53bbac41 dh=85e9ee8b76b46efc nz=30921
[22:51:36] [Worker-Main-21/INFO] (Minecraft) [STDOUT]: [WG-CONTENT-WB] chunk(-190,-183) hash=844a3001c4fbc04a dh=fa2c5eb471251e04 nz=32977
[22:51:36] [Worker-Main-21/INFO] (Minecraft) [STDOUT]: [WG-CONTENT-WB] chunk(-192,-183) hash=b6e6539864d86d76 dh=de8b9ef0342e0206 nz=35715
[22:51:36] [Worker-Main-12/INFO] (Minecraft) [STDOUT]: [WG-CONTENT-WB] chunk(-195,-183) hash=d4fe2a6238dacbf dh=754b7645f739bb0b nz=34588
[22:51:36] [Worker-Main-21/INFO] (Minecraft) [STDOUT]: [WG-CONTENT-WB] chunk(-191,-183) hash=764c905af12a6f18 dh=2094c15c5bf67486 nz=34320
[22:51:36] [Worker-Main-21/INFO] (Minecraft) [STDOUT]: [WG-CONTENT-WB] chunk(-194,-183) hash=4b191d375db2565 dh=c9aee64820d64c4a nz=35535
[22:51:36] [Worker-Main-12/INFO] (Minecraft) [STDOUT]: [WG-CONTENT-WB] chunk(-193,-183) hash=6ae1426866d824c5 dh=6e8ce67f5a01e7e nz=35323
[22:51:36] [Worker-Main-12/INFO] (Minecraft) [STDOUT]: [WG-CONTENT-WB] chunk(-189,-183) hash=8bc6c320e6518e4c dh=392ad863b7bf7c66 nz=34715
[22:51:36] [Worker-Main-3/INFO] (Minecraft) [STDOUT]: [WG-CONTENT-WB] chunk(-196,-183) hash=643d83b118ed0726 dh=406c70b8e2503dea nz=30088
[22:51:36] [Worker-Main-11/INFO] (Minecraft) [STDOUT]: [WG-CONTENT-WB] chunk(-188,-183) hash=9922f35bd1bd661a dh=740a72551ba05589 nz=35020
[22:51:36] [Worker-Main-21/INFO] (Minecraft) [STDOUT]: [WG-CONTENT-WB] chunk(-195,-182) hash=b1911456402cf30e dh=e04e34c0752bd63f nz=34071
[22:51:36] [Worker-Main-3/INFO] (Minecraft) [STDOUT]: [WG-CONTENT-WB] chunk(-194,-182) hash=99b37f8254c71f2d dh=d299dc655e4720af nz=35178
[22:51:36] [Worker-Main-12/INFO] (Minecraft) [STDOUT]: [WG-CONTENT-WB] chunk(-193,-182) hash=4bc45ad7fa04b39d dh=11f1df1377c73532 nz=34743
[22:51:36] [Worker-Main-12/INFO] (Minecraft) [STDOUT]: [WG-CONTENT-WB] chunk(-189,-182) hash=6cbc3d7d7e4c67d1 dh=3225a85148c31bca nz=33857
[22:51:36] [Worker-Main-12/INFO] (Minecraft) [STDOUT]: [WG-CONTENT-WB] chunk(-192,-182) hash=fbdc83c6e9eac47a dh=b82f52fa52a713ef nz=34736
[22:51:36] [Worker-Main-21/INFO] (Minecraft) [STDOUT]: [WG-CONTENT-WB] chunk(-191,-182) hash=9b09f1336243256e dh=e5886db14d241086 nz=33756
[22:51:36] [Worker-Main-21/INFO] (Minecraft) [STDOUT]: [WG-CONTENT-WB] chunk(-190,-182) hash=666bb91391fc8e3d dh=3fb2be6aad109d81 nz=33899
[22:51:36] [Worker-Main-11/INFO] (Minecraft) [STDOUT]: [WG-CONTENT-WB] chunk(-196,-182) hash=98a5b724cdaebc6c dh=5a86e95cc78b4c7c nz=30586
[22:51:36] [Worker-Main-11/INFO] (Minecraft) [STDOUT]: [WG-CONTENT-WB] chunk(-188,-182) hash=8a679a09f3d52cd1 dh=2aad37c9c3f210ad nz=34656
[22:51:37] [Worker-Main-6/INFO] (Minecraft) [STDOUT]: [WG-CONTENT-WB] chunk(-192,-181) hash=518e99c55bb7c54 dh=a95f90564ba0e931 nz=32935
[22:51:37] [Worker-Main-6/INFO] (Minecraft) [STDOUT]: [WG-CONTENT-WB] chunk(-191,-181) hash=62e7e6f9f1b094ed dh=6ba9be1939a39fc4 nz=33017
[22:51:37] [Worker-Main-6/INFO] (Minecraft) [STDOUT]: [WG-CONTENT-WB] chunk(-190,-181) hash=6e7c91805b95a8d5 dh=2388d1664f5f0f86 nz=33539
[22:51:37] [Worker-Main-6/INFO] (Minecraft) [STDOUT]: [WG-CONTENT-WB] chunk(-189,-181) hash=df8b1af5f1ed5cd3 dh=e3e3b57d7fc4ceff nz=33302
[22:51:37] [Worker-Main-6/INFO] (Minecraft) [STDOUT]: [WG-CONTENT-WB] chunk(-195,-181) hash=476017bc9247e9ba dh=92093cb65c04b8ac nz=34889
[22:51:37] [Worker-Main-12/INFO] (Minecraft) [STDOUT]: [WG-CONTENT-WB] chunk(-194,-181) hash=b36ea09ce370c460 dh=5a3282e1f0c7114a nz=34767
[22:51:37] [Worker-Main-12/INFO] (Minecraft) [STDOUT]: [WG-CONTENT-WB] chunk(-193,-181) hash=efc29d9e4743acb3 dh=216f1fcc8cd1788a nz=34063
[22:51:37] [Worker-Main-16/INFO] (Minecraft) [STDOUT]: [WG-CONTENT-WB] chunk(-196,-181) hash=fdd42925c177803d dh=b1293a4f996cf386 nz=32465
[22:51:37] [Worker-Main-8/INFO] (Minecraft) [STDOUT]: [WG-CONTENT-WB] chunk(-188,-181) hash=70a9fff33e4c13c dh=b6ac85211914bc8 nz=34629
[22:51:37] [Worker-Main-12/INFO] (Minecraft) [STDOUT]: [WG-CONTENT-WB] chunk(-191,-180) hash=5688aeec6ff4d320 dh=e3bcd0cf2ca9921f nz=33678
[22:51:37] [Worker-Main-12/INFO] (Minecraft) [STDOUT]: [WG-CONTENT-WB] chunk(-192,-180) hash=c07970589a815360 dh=f650fd7f1525e6e9 nz=31839
[22:51:37] [Worker-Main-12/INFO] (Minecraft) [STDOUT]: [WG-CONTENT-WB] chunk(-193,-180) hash=7e41dce30a670269 dh=60be93c5fffaa7db nz=33062
[22:51:37] [Worker-Main-1/INFO] (Minecraft) [STDOUT]: [WG-CONTENT-WB] chunk(-190,-180) hash=c5ec543148edfcbf dh=2ebea5821f06b69 nz=33424
[22:51:37] [Worker-Main-4/INFO] (Minecraft) [STDOUT]: [WG-CONTENT-WB] chunk(-189,-180) hash=6f46ec24e4afeb08 dh=f4215fb5ce0d89ce nz=33325
[22:51:37] [Worker-Main-8/INFO] (Minecraft) [STDOUT]: [WG-CONTENT-WB] chunk(-194,-180) hash=f7c71bc006a11f14 dh=5107b06ddfa5fb2c nz=33909
[22:51:37] [Worker-Main-8/INFO] (Minecraft) [STDOUT]: [WG-CONTENT-WB] chunk(-195,-180) hash=5efeea287715f12a dh=db4f4bbba545159f nz=34374
[22:51:37] [Worker-Main-14/INFO] (Minecraft) [STDOUT]: [WG-CONTENT-WB] chunk(-196,-180) hash=22f4a417e76d53a9 dh=d6abee248f3e9ca9 nz=33526
[22:51:37] [Worker-Main-12/INFO] (Minecraft) [STDOUT]: [WG-CONTENT-WB] chunk(-189,-179) hash=165560e26e0b45ca dh=cd060be1f243be1c nz=32837
[22:51:37] [Worker-Main-16/INFO] (Minecraft) [STDOUT]: [WG-CONTENT-WB] chunk(-192,-179) hash=36058df247bd1a7f dh=6f62a57e9c78ad74 nz=32572
[22:51:37] [Worker-Main-16/INFO] (Minecraft) [STDOUT]: [WG-CONTENT-WB] chunk(-191,-179) hash=de1aeabba8a8607e dh=b3868ba1c82b0deb nz=33198
[22:51:37] [Worker-Main-16/INFO] (Minecraft) [STDOUT]: [WG-CONTENT-WB] chunk(-195,-179) hash=ab2c052782a4c5b8 dh=bd6d4dd06c49703b nz=33288
[22:51:37] [Worker-Main-8/INFO] (Minecraft) [STDOUT]: [WG-CONTENT-WB] chunk(-193,-179) hash=134832e5a8c74d63 dh=817dbcbcc747504a nz=32639
[22:51:38] [Worker-Main-8/INFO] (Minecraft) [STDOUT]: [WG-CONTENT-WB] chunk(-190,-179) hash=9539bc7cd7eaa29d dh=94c24c7cec367fe9 nz=33176
[22:51:38] [Worker-Main-8/INFO] (Minecraft) [STDOUT]: [WG-CONTENT-WB] chunk(-194,-179) hash=350e47e8f67b5ea0 dh=9b0efc91200d2bdd nz=33128
[22:51:38] [Worker-Main-6/INFO] (Minecraft) [STDOUT]: [WG-CONTENT-WB] chunk(-188,-180) hash=fce8ad07ee7e95bd dh=88a61d1de7769e4c nz=33609
[22:51:38] [Worker-Main-16/INFO] (Minecraft) [STDOUT]: [WG-CONTENT-WB] chunk(-196,-179) hash=9ce19ef64eff45ac dh=c4f14c3484edea9 nz=32571
[22:51:38] [Worker-Main-16/INFO] (Minecraft) [STDOUT]: [WG-CONTENT-WB] chunk(-188,-179) hash=af29ed1e062aa0df dh=26e4b27ea1bc394c nz=32763
[22:51:38] [Worker-Main-14/INFO] (Minecraft) [STDOUT]: [WG-CONTENT-WB] chunk(-193,-178) hash=6931dc784b8c3f22 dh=ddce3ec88e95fd5f nz=32574
[22:51:38] [Worker-Main-14/INFO] (Minecraft) [STDOUT]: [WG-CONTENT-WB] chunk(-194,-178) hash=9282969c73327a88 dh=6897bf12abd1d79f nz=32782
[22:51:38] [Worker-Main-10/INFO] (Minecraft) [STDOUT]: [WG-CONTENT-WB] chunk(-189,-178) hash=27d70d48b0b1a23c dh=f853c469309e4561 nz=32674
[22:51:38] [Worker-Main-14/INFO] (Minecraft) [STDOUT]: [WG-CONTENT-WB] chunk(-195,-178) hash=a43947fbbd190eb2 dh=fb701d1d285ab20 nz=32537
[22:51:38] [Worker-Main-10/INFO] (Minecraft) [STDOUT]: [WG-CONTENT-WB] chunk(-192,-178) hash=ff331ed0beaf2c5e dh=504df72d1f08312e nz=32285
[22:51:38] [Worker-Main-14/INFO] (Minecraft) [STDOUT]: [WG-CONTENT-WB] chunk(-191,-178) hash=308bfeb52eda6480 dh=68be75e85be3bec8 nz=32717
[22:51:38] [Worker-Main-14/INFO] (Minecraft) [STDOUT]: [WG-CONTENT-WB] chunk(-190,-178) hash=aca5cb183af2baf1 dh=ecb917393936eee5 nz=32920
[22:51:38] [Worker-Main-9/INFO] (Minecraft) [STDOUT]: [WG-CONTENT-WB] chunk(-196,-178) hash=dcbf22fe71ab610e dh=a407373d6a5628eb nz=32532
[22:51:38] [Worker-Main-2/INFO] (Minecraft) [STDOUT]: [WG-CONTENT-WB] chunk(-188,-178) hash=4910a78a246efa04 dh=6bbf22f00fa7035a nz=32445
[22:51:38] [Worker-Main-5/INFO] (Minecraft) [STDOUT]: [WG-CONTENT-WB] chunk(-195,-177) hash=d0bdeae3d39a74cf dh=d239b6d2245e1a43 nz=32059
[22:51:38] [Worker-Main-5/INFO] (Minecraft) [STDOUT]: [WG-CONTENT-WB] chunk(-192,-177) hash=2b11ab7cdb641c02 dh=d9cb3ebf47510420 nz=32515
[22:51:38] [Worker-Main-1/INFO] (Minecraft) [STDOUT]: [WG-CONTENT-WB] chunk(-190,-177) hash=5b37630a1b018156 dh=1db3882a1256a533 nz=32897
[22:51:38] [Worker-Main-5/INFO] (Minecraft) [STDOUT]: [WG-CONTENT-WB] chunk(-193,-177) hash=7fd343824d5ebb3a dh=98cbf405a76212d6 nz=32267
[22:51:38] [Worker-Main-8/INFO] (Minecraft) [STDOUT]: [WG-CONTENT-WB] chunk(-191,-177) hash=2f3c6a35607c1618 dh=ea5532ca1b8e9996 nz=32633
[22:51:38] [Worker-Main-5/INFO] (Minecraft) [STDOUT]: [WG-CONTENT-WB] chunk(-194,-177) hash=7b79ba285d11cd32 dh=f18517f7cfba1786 nz=32631
[22:51:38] [Worker-Main-5/INFO] (Minecraft) [STDOUT]: [WG-CONTENT-WB] chunk(-189,-177) hash=7afd323eae7adc6f dh=30aa498aebead4c2 nz=33011
[22:51:39] [Worker-Main-14/INFO] (Minecraft) [STDOUT]: [WG-CONTENT-WB] chunk(-188,-177) hash=370eb062ddebe4d2 dh=175d31940b20a948 nz=32787
[22:51:39] [Worker-Main-14/INFO] (Minecraft) [STDOUT]: [WG-CONTENT-WB] chunk(-196,-177) hash=d5f165cbf4b471cc dh=95c4eb494e70ccc9 nz=32512
[22:51:39] [Worker-Main-21/INFO] (Minecraft) [STDOUT]: [WG-CONTENT-WB] chunk(-190,-176) hash=750adcfefb50caec dh=2e40d0cd8051f33b nz=32215
[22:51:39] [Worker-Main-21/INFO] (Minecraft) [STDOUT]: [WG-CONTENT-WB] chunk(-189,-176) hash=92793549a1a45921 dh=71b9c4cf566f2b14 nz=32619
[22:51:39] [Worker-Main-21/INFO] (Minecraft) [STDOUT]: [WG-CONTENT-WB] chunk(-195,-176) hash=5a1945c0e11e4c58 dh=369c67a9f81b771c nz=32300
[22:51:39] [Worker-Main-10/INFO] (Minecraft) [STDOUT]: [WG-CONTENT-WB] chunk(-194,-176) hash=594cec3b573e2a31 dh=e698314df0be3fe8 nz=32581
[22:51:39] [Worker-Main-10/INFO] (Minecraft) [STDOUT]: [WG-CONTENT-WB] chunk(-192,-176) hash=d45b4ad60761be66 dh=4143ce21561f1ea7 nz=32135
[22:51:39] [Worker-Main-19/INFO] (Minecraft) [STDOUT]: [WG-CONTENT-WB] chunk(-191,-176) hash=16a36bff5d537f55 dh=9badf13456ec26a1 nz=32512
[22:51:39] [Worker-Main-19/INFO] (Minecraft) [STDOUT]: [WG-CONTENT-WB] chunk(-193,-176) hash=2fa586f53bb8d322 dh=47ab600fe27cae1 nz=32259
[22:51:39] [Worker-Main-10/INFO] (Minecraft) [STDOUT]: [WG-CONTENT-WB] chunk(-188,-176) hash=7c9c09ae271dc4a4 dh=b011ce9573734e37 nz=32694
[22:51:39] [Worker-Main-2/INFO] (Minecraft) [STDOUT]: [WG-CONTENT-WB] chunk(-196,-176) hash=5aca0cde942800fb dh=6d17ae4a552778ae nz=32315
[22:51:39] [Worker-Main-19/INFO] (Minecraft) [STDOUT]: [WG-CONTENT-WB] chunk(-194,-175) hash=8c849bbd906936ac dh=fd049250da2ed962 nz=31837
[22:51:39] [Worker-Main-21/INFO] (Minecraft) [STDOUT]: [WG-CONTENT-WB] chunk(-189,-175) hash=ecca5f0994a11379 dh=1010324c68ea4f9 nz=32327
[22:51:39] [Worker-Main-19/INFO] (Minecraft) [STDOUT]: [WG-CONTENT-WB] chunk(-193,-175) hash=c16f830721b3e782 dh=afaa864eaf2a0493 nz=32510
[22:51:39] [Worker-Main-19/INFO] (Minecraft) [STDOUT]: [WG-CONTENT-WB] chunk(-195,-175) hash=e5e30a3c3548d11b dh=d5537f29b97fb086 nz=31235
[22:51:39] [Worker-Main-15/INFO] (Minecraft) [STDOUT]: [WG-CONTENT-WB] chunk(-192,-175) hash=a0d604b172a99873 dh=e778e6c5a6a05c75 nz=32247
[22:51:39] [Worker-Main-19/INFO] (Minecraft) [STDOUT]: [WG-CONTENT-WB] chunk(-190,-175) hash=b086bfe659f89d8b dh=9fcb0a1cbe7168ac nz=32068
[22:51:39] [Worker-Main-15/INFO] (Minecraft) [STDOUT]: [WG-CONTENT-WB] chunk(-191,-175) hash=f21069dbef6651c4 dh=73c4a1f8f2663c67 nz=32510
[22:51:39] [Worker-Main-15/INFO] (Minecraft) [STDOUT]: [WG-CONTENT-WB] chunk(-188,-175) hash=abd168b9e3eb7cce dh=37a408cd1510ad34 nz=32501
[22:51:39] [Worker-Main-2/INFO] (Minecraft) [STDOUT]: [WG-CONTENT-WB] chunk(-196,-175) hash=61ef85f7d6c0af4 dh=a7f4323f5dfd9fec nz=32387
[22:51:39] [Worker-Main-4/INFO] (Minecraft) [STDOUT]: [WG-CONTENT-WB] chunk(-187,-178) hash=65612f58ad3f4f82 dh=1641a673f7f14fc9 nz=32532
[22:51:40] [Worker-Main-21/INFO] (Minecraft) [STDOUT]: [WG-CONTENT-WB] chunk(-187,-180) hash=5e15934927466082 dh=71fcaa7c81816f5b nz=34026
[22:51:40] [Worker-Main-10/INFO] (Minecraft) [STDOUT]: [WG-CONTENT-WB] chunk(-187,-179) hash=d4eb21f0498ac252 dh=d97fb6e645d4f3a1 nz=32760
[22:51:40] [Worker-Main-21/INFO] (Minecraft) [STDOUT]: [WG-CONTENT-WB] chunk(-187,-177) hash=54e7c016f607aae3 dh=6a8ae1636507f0fc nz=32995
[22:51:40] [Worker-Main-10/INFO] (Minecraft) [STDOUT]: [WG-CONTENT-WB] chunk(-187,-176) hash=d7e1bda2b138cc47 dh=adc13611ceacfb21 nz=32602
[22:51:40] [Worker-Main-4/INFO] (Minecraft) [STDOUT]: [WG-CONTENT-WB] chunk(-187,-184) hash=89e7e309f32323d1 dh=6b07c9bcee1e098 nz=36235
[22:51:40] [Worker-Main-2/INFO] (Minecraft) [STDOUT]: [WG-CONTENT-WB] chunk(-187,-181) hash=c521c500207564e5 dh=1af3070c34b0e1fe nz=34963
[22:51:40] [Worker-Main-4/INFO] (Minecraft) [STDOUT]: [WG-CONTENT-WB] chunk(-187,-183) hash=6c6ed029179d79ca dh=3ce05a6d511a1f1e nz=36127
[22:51:40] [Worker-Main-4/INFO] (Minecraft) [STDOUT]: [WG-CONTENT-WB] chunk(-187,-182) hash=88e06e3bdf925015 dh=4715950f60f884f0 nz=35299
[22:51:40] [Worker-Main-1/INFO] (Minecraft) [STDOUT]: [WG-CONTENT-WB] chunk(-187,-185) hash=89feb952aec1ed4d dh=636f2852d0bcea67 nz=35411
[22:51:40] [Worker-Main-1/INFO] (Minecraft) [STDOUT]: [WG-CONTENT-WB] chunk(-187,-195) hash=7c773fc02791220 dh=fe70d90fad9b007 nz=35088
[22:51:40] [Worker-Main-10/INFO] (Minecraft) [STDOUT]: [WG-CONTENT-WB] chunk(-187,-187) hash=24aa4be3d9cc8c2e dh=a36b2764e8385881 nz=35268
[22:51:40] [Worker-Main-10/INFO] (Minecraft) [STDOUT]: [WG-CONTENT-WB] chunk(-187,-186) hash=4691675e4f4cd26 dh=1ddd4c88e8a83fd2 nz=35645
[22:51:40] [Worker-Main-10/INFO] (Minecraft) [STDOUT]: [WG-CONTENT-WB] chunk(-187,-175) hash=729f5deff2c9f84d dh=7a945383a52e06a8 nz=32521
[22:51:40] [Worker-Main-2/INFO] (Minecraft) [STDOUT]: [WG-CONTENT-WB] chunk(-187,-188) hash=212acc558a8b0169 dh=802ad5669012b1cd nz=34468
[22:51:40] [Worker-Main-2/INFO] (Minecraft) [STDOUT]: [WG-CONTENT-WB] chunk(-187,-194) hash=b3013a87b9feea04 dh=c2cf977564870387 nz=32593
[22:51:40] [Worker-Main-10/INFO] (Minecraft) [STDOUT]: [WG-CONTENT-WB] chunk(-187,-193) hash=3b74ed96ca8f9089 dh=c05e17486e15a336 nz=31792
[22:51:40] [Worker-Main-10/INFO] (Minecraft) [STDOUT]: [WG-CONTENT-WB] chunk(-187,-192) hash=a48eff812a5718d2 dh=ac2658e9d8ded20d nz=32550
[22:51:40] [Worker-Main-1/INFO] (Minecraft) [STDOUT]: [WG-CONTENT-WB] chunk(-187,-191) hash=7e5d6d4f7601e54b dh=84d07e35673837af nz=33140
[22:51:40] [Worker-Main-2/INFO] (Minecraft) [STDOUT]: [WG-CONTENT-WB] chunk(-187,-190) hash=47a1703a79f7c2f9 dh=99323d15232865c1 nz=33593
[22:51:40] [Worker-Main-10/INFO] (Minecraft) [STDOUT]: [WG-CONTENT-WB] chunk(-187,-189) hash=680830bdf8fea093 dh=2ebd604690a067e1 nz=33348
[22:51:40] [Worker-Main-3/INFO] (Minecraft) [STDOUT]: [WG-CONTENT-WB] chunk(-186,-180) hash=46a3f65c3c44602e dh=5191bc36e71cc6f2 nz=33935
[22:51:40] [Worker-Main-20/INFO] (Minecraft) [STDOUT]: [WG-CONTENT-WB] chunk(-186,-181) hash=1b25ee401e2e239 dh=c3a943e90c42f9da nz=33143
[22:51:41] [Worker-Main-5/INFO] (Minecraft) [STDOUT]: [WG-CONTENT-WB] chunk(-186,-179) hash=8f697b7a37ba9527 dh=d8c3adc839c2428e nz=32409
[22:51:41] [Worker-Main-5/INFO] (Minecraft) [STDOUT]: [WG-CONTENT-WB] chunk(-186,-176) hash=ed1542e1c4aaf4b0 dh=9438c2d45a510937 nz=32746
[22:51:41] [Worker-Main-7/INFO] (Minecraft) [STDOUT]: [WG-CONTENT-WB] chunk(-186,-177) hash=fd4c2f1b8f4814a1 dh=a97d51714480f7be nz=32843
[22:51:41] [Worker-Main-5/INFO] (Minecraft) [STDOUT]: [WG-CONTENT-WB] chunk(-186,-175) hash=99187bdc638623ec dh=8eb1edbace9bf252 nz=32677
[22:51:41] [Worker-Main-19/INFO] (Minecraft) [STDOUT]: [WG-CONTENT-WB] chunk(-186,-178) hash=72c0b24c0ad80ffc dh=fa96387ac548faf3 nz=33184
[22:51:41] [Worker-Main-11/INFO] (Minecraft) [STDOUT]: [WG-CONTENT-WB] chunk(-186,-187) hash=3a74237d5a1ff3ce dh=15748b58b299408d nz=35528
[22:51:41] [Worker-Main-9/INFO] (Minecraft) [STDOUT]: [WG-CONTENT-WB] chunk(-186,-193) hash=1b476ca6ec776938 dh=556012a34a23bbfb nz=32015
[22:51:41] [Worker-Main-9/INFO] (Minecraft) [STDOUT]: [WG-CONTENT-WB] chunk(-186,-183) hash=9453acf895043b37 dh=c774b22d3ca7c5ae nz=35381
[22:51:41] [Worker-Main-9/INFO] (Minecraft) [STDOUT]: [WG-CONTENT-WB] chunk(-186,-182) hash=a8873dd2d8ea6f5c dh=6bdc15adec78984d nz=34960
[22:51:41] [Worker-Main-11/INFO] (Minecraft) [STDOUT]: [WG-CONTENT-WB] chunk(-186,-189) hash=a6dbd3afbeacec00 dh=f64e381b189c32dd nz=34156
[22:51:41] [Worker-Main-11/INFO] (Minecraft) [STDOUT]: [WG-CONTENT-WB] chunk(-186,-188) hash=c93d701beed45d16 dh=7044222e81a26218 nz=34845
[22:51:41] [Worker-Main-5/INFO] (Minecraft) [STDOUT]: [WG-CONTENT-WB] chunk(-186,-184) hash=1970f79d7d7d47c8 dh=8982e16a49116492 nz=35123
[22:51:41] [Worker-Main-9/INFO] (Minecraft) [STDOUT]: [WG-CONTENT-WB] chunk(-186,-185) hash=db3ac8cec1195838 dh=55052e95060bd21f nz=33438
[22:51:41] [Worker-Main-9/INFO] (Minecraft) [STDOUT]: [WG-CONTENT-WB] chunk(-186,-186) hash=a8a38b1a8f5a314d dh=263704e1a3430c78 nz=33871
[22:51:41] [Worker-Main-5/INFO] (Minecraft) [STDOUT]: [WG-CONTENT-WB] chunk(-186,-190) hash=d30e70357d8a5233 dh=a402cbbf650f53fe nz=33587
[22:51:41] [Worker-Main-5/INFO] (Minecraft) [STDOUT]: [WG-CONTENT-WB] chunk(-186,-192) hash=6b2f4699374011dc dh=48815e40ce286b13 nz=32528
[22:51:41] [Worker-Main-5/INFO] (Minecraft) [STDOUT]: [WG-CONTENT-WB] chunk(-186,-191) hash=dc8b3b44b791161c dh=490beb24ecb5cc1 nz=32703
[22:51:41] [Worker-Main-9/INFO] (Minecraft) [STDOUT]: [WG-CONTENT-WB] chunk(-186,-195) hash=4e66b5df3ccb4489 dh=229945230723ae7c nz=32580
[22:51:41] [Worker-Main-9/INFO] (Minecraft) [STDOUT]: [WG-CONTENT-WB] chunk(-186,-194) hash=541973faff64cc8b dh=a18c3ffe1ead3f2c nz=31582
[22:51:41] [Worker-Main-2/INFO] (Minecraft) [STDOUT]: [WG-CONTENT-WB] chunk(-187,-196) hash=52ac065d62bf9ad0 dh=6c8fe24908cf3165 nz=39108
[22:51:41] [Worker-Main-8/INFO] (Minecraft) [STDOUT]: [WG-CONTENT-WB] chunk(-194,-174) hash=b23920455ea9d48c dh=48263b835be32d98 nz=31327
[22:51:42] [Worker-Main-7/INFO] (Minecraft) [STDOUT]: [WG-CONTENT-WB] chunk(-193,-174) hash=8c7b6795d7e14ef5 dh=8afafce50535b28b nz=30489
[22:51:42] [Worker-Main-7/INFO] (Minecraft) [STDOUT]: [WG-CONTENT-WB] chunk(-195,-174) hash=b0cb3f4671c40437 dh=638951c757e5f45d nz=31129
[22:51:42] [Worker-Main-14/INFO] (Minecraft) [STDOUT]: [WG-CONTENT-WB] chunk(-192,-174) hash=b1813dba17896af0 dh=2e02dee3f347ae42 nz=32209
[22:51:42] [Worker-Main-7/INFO] (Minecraft) [STDOUT]: [WG-CONTENT-WB] chunk(-191,-174) hash=ccfde639e9a480da dh=afaa4926e895cc4 nz=32512
[22:51:42] [Worker-Main-19/INFO] (Minecraft) [STDOUT]: [WG-CONTENT-WB] chunk(-190,-174) hash=f37575a6ca98dedc dh=6443cbe2e398fd97 nz=31705
[22:51:42] [Worker-Main-14/INFO] (Minecraft) [STDOUT]: [WG-CONTENT-WB] chunk(-189,-174) hash=ab30ffca04e1af39 dh=53162812086894ba nz=31706
[22:51:42] [Worker-Main-19/INFO] (Minecraft) [STDOUT]: [WG-CONTENT-WB] chunk(-188,-174) hash=37e8c1ccd996d465 dh=b895dd9367f0784c nz=32186
[22:51:42] [Worker-Main-14/INFO] (Minecraft) [STDOUT]: [WG-CONTENT-WB] chunk(-187,-174) hash=1555b308be61aa09 dh=4ad6cbb05950df9e nz=32512
[22:51:42] [Worker-Main-5/INFO] (Minecraft) [STDOUT]: [WG-CONTENT-WB] chunk(-186,-196) hash=e80bd04b2b72dc8d dh=822172d2d60b2a9f nz=36312
[22:51:42] [Worker-Main-13/INFO] (Minecraft) [STDOUT]: [WG-CONTENT-WB] chunk(-185,-184) hash=3413e12483ed4518 dh=14024f7fc45b70c3 nz=34210
[22:51:42] [Worker-Main-22/INFO] (Minecraft) [STDOUT]: [WG-CONTENT-WB] chunk(-185,-183) hash=25c5065b627b35dc dh=56317936c2858494 nz=35393
[22:51:42] [Worker-Main-22/INFO] (Minecraft) [STDOUT]: [WG-CONTENT-WB] chunk(-185,-182) hash=769d825aa2dd07e9 dh=88525e8389059d7f nz=36830
[22:51:42] [Worker-Main-10/INFO] (Minecraft) [STDOUT]: [WG-CONTENT-WB] chunk(-185,-185) hash=22a9488001fc16db dh=daad27f5ef624888 nz=33343
[22:51:42] [Worker-Main-22/INFO] (Minecraft) [STDOUT]: [WG-CONTENT-WB] chunk(-185,-188) hash=4d0d0edb5aea9bbf dh=2040750efbf4b901 nz=34884
[22:51:42] [Worker-Main-22/INFO] (Minecraft) [STDOUT]: [WG-CONTENT-WB] chunk(-185,-187) hash=5a33fe81aa8300d4 dh=187a31db98a5b948 nz=34485
[22:51:42] [Worker-Main-10/INFO] (Minecraft) [STDOUT]: [WG-CONTENT-WB] chunk(-185,-186) hash=5b268f2b97577a86 dh=168c0751b3908086 nz=31505
[22:51:42] [Worker-Main-22/INFO] (Minecraft) [STDOUT]: [WG-CONTENT-WB] chunk(-185,-194) hash=69787c91954cc961 dh=5fa6dbe64e10edf0 nz=32142
[22:51:42] [Worker-Main-22/INFO] (Minecraft) [STDOUT]: [WG-CONTENT-WB] chunk(-185,-193) hash=c7d01968b81a51b0 dh=caf0be65e6d2f757 nz=32590
[22:51:42] [Worker-Main-13/INFO] (Minecraft) [STDOUT]: [WG-CONTENT-WB] chunk(-185,-195) hash=cb03c8358e7abd3 dh=8e14663fed220b8c nz=31496
[22:51:42] [Worker-Main-13/INFO] (Minecraft) [STDOUT]: [WG-CONTENT-WB] chunk(-185,-189) hash=47a4cf91a8ecfd0c dh=a3406d68457e29f4 nz=33897
[22:51:42] [Worker-Main-22/INFO] (Minecraft) [STDOUT]: [WG-CONTENT-WB] chunk(-185,-192) hash=d635d371b41c2ce6 dh=a25449dda6cac911 nz=32511
[22:51:42] [Worker-Main-13/INFO] (Minecraft) [STDOUT]: [WG-CONTENT-WB] chunk(-185,-191) hash=6958e1dea3ae949c dh=cd73418c882fa55b nz=32512
[22:51:42] [Worker-Main-13/INFO] (Minecraft) [STDOUT]: [WG-CONTENT-WB] chunk(-185,-190) hash=c06e219be01ac174 dh=2674137d0c49ba91 nz=32666
[22:51:43] [Worker-Main-22/INFO] (Minecraft) [STDOUT]: [WG-CONTENT-WB] chunk(-185,-181) hash=62c5c8ad0704dcd dh=11b92112c1244245 nz=34944
[22:51:43] [Worker-Main-8/INFO] (Minecraft) [STDOUT]: [WG-CONTENT-WB] chunk(-185,-180) hash=41cf8d740b76678b dh=c96b836bfb63d281 nz=34756
[22:51:43] [Worker-Main-14/INFO] (Minecraft) [STDOUT]: [WG-CONTENT-WB] chunk(-185,-179) hash=b8aefbe81d5eb5e2 dh=d986e4a6993d985 nz=33536
[22:51:43] [Worker-Main-14/INFO] (Minecraft) [STDOUT]: [WG-CONTENT-WB] chunk(-185,-178) hash=91bbb04a6ad155be dh=8bb594e167efe79d nz=32839
[22:51:43] [Worker-Main-14/INFO] (Minecraft) [STDOUT]: [WG-CONTENT-WB] chunk(-185,-177) hash=6aada616401aab04 dh=9eba68f8e1e0b84c nz=33119
[22:51:43] [Worker-Main-14/INFO] (Minecraft) [STDOUT]: [WG-CONTENT-WB] chunk(-185,-176) hash=3b3c40e791279251 dh=5ac478239ca011fd nz=32780
[22:51:43] [Worker-Main-14/INFO] (Minecraft) [STDOUT]: [WG-CONTENT-WB] chunk(-185,-175) hash=5777a8faeeb1affd dh=7ac1bc733866fc1a nz=32553
[22:51:43] [Worker-Main-14/INFO] (Minecraft) [STDOUT]: [WG-CONTENT-WB] chunk(-196,-174) hash=5fcf8c496d85659 dh=e58be5ca55845d8f nz=31522
[22:51:43] [Worker-Main-9/INFO] (Minecraft) [STDOUT]: [WG-CONTENT-WB] chunk(-186,-174) hash=c09bd1d5b07e276e dh=36649a4bf6289b8b nz=32558
[22:51:43] [Worker-Main-9/INFO] (Minecraft) [STDOUT]: [WG-CONTENT-WB] chunk(-185,-174) hash=f01c5c848f08c18c dh=39a1bb22c7db765f nz=32482
[22:51:43] [Worker-Main-9/INFO] (Minecraft) [STDOUT]: [WG-CONTENT-WB] chunk(-185,-196) hash=67b99d4e4dbb6129 dh=aa60c5f00c89ccc5 nz=34398
[22:51:43] [Worker-Main-10/INFO] (Minecraft) [STDOUT]: [WG-CONTENT-WB] chunk(-184,-193) hash=1c49325c50d51200 dh=e7eeb511c9a05ee6 nz=32540
[22:51:43] [Worker-Main-10/INFO] (Minecraft) [STDOUT]: [WG-CONTENT-WB] chunk(-184,-192) hash=f52d685c72378f30 dh=86f22f49a61f81a0 nz=32484
[22:51:43] [Worker-Main-10/INFO] (Minecraft) [STDOUT]: [WG-CONTENT-WB] chunk(-184,-191) hash=b0b4d04dce75f028 dh=3745241ccfd14e36 nz=32512
[22:51:43] [Worker-Main-1/INFO] (Minecraft) [STDOUT]: [WG-CONTENT-WB] chunk(-184,-195) hash=8828bbc991b4f93d dh=50edd2c0c866484b nz=32891
[22:51:43] [Worker-Main-12/INFO] (Minecraft) [STDOUT]: [WG-CONTENT-WB] chunk(-184,-194) hash=49d0371ee4ff622f dh=5892dd5fb9e0a258 nz=32883
[22:51:43] [Worker-Main-12/INFO] (Minecraft) [STDOUT]: [WG-CONTENT-WB] chunk(-184,-183) hash=31317222000c34f4 dh=ac7f596adbd8a8ef nz=35820
[22:51:43] [Worker-Main-12/INFO] (Minecraft) [STDOUT]: [WG-CONTENT-WB] chunk(-184,-190) hash=f464f8aab3670b4b dh=6431834041abdc nz=32599
[22:51:43] [Worker-Main-10/INFO] (Minecraft) [STDOUT]: [WG-CONTENT-WB] chunk(-184,-189) hash=ff75339ec2ee7446 dh=fa04aa2c9272e00e nz=33277
[22:51:43] [Worker-Main-12/INFO] (Minecraft) [STDOUT]: [WG-CONTENT-WB] chunk(-184,-188) hash=aad474e8fe105140 dh=510ecec3fcb349f8 nz=35325
[22:51:43] [Worker-Main-10/INFO] (Minecraft) [STDOUT]: [WG-CONTENT-WB] chunk(-184,-182) hash=f6749582561f5dc7 dh=31da73d83f2808a5 nz=36214
[22:51:43] [Worker-Main-1/INFO] (Minecraft) [STDOUT]: [WG-CONTENT-WB] chunk(-184,-181) hash=c9896d3613b65255 dh=2b12f2ffca573b3c nz=34413
[22:51:44] [Worker-Main-1/INFO] (Minecraft) [STDOUT]: [WG-CONTENT-WB] chunk(-184,-180) hash=e99fb73584d4c31b dh=5387d787e37d2339 nz=33852
[22:51:44] [Worker-Main-12/INFO] (Minecraft) [STDOUT]: [WG-CONTENT-WB] chunk(-184,-184) hash=7b4e0ccb50d6eb33 dh=19adcaed818b05ac nz=34699
[22:51:44] [Worker-Main-12/INFO] (Minecraft) [STDOUT]: [WG-CONTENT-WB] chunk(-184,-187) hash=c9783cc0b11088d9 dh=61093381aa5a3581 nz=34424
[22:51:44] [Worker-Main-12/INFO] (Minecraft) [STDOUT]: [WG-CONTENT-WB] chunk(-184,-186) hash=3d53c55f7c394694 dh=5abb07873cbce3c6 nz=33885
[22:51:44] [Worker-Main-10/INFO] (Minecraft) [STDOUT]: [WG-CONTENT-WB] chunk(-184,-185) hash=f13a375d8834e065 dh=2b7f562e1fc7b3e3 nz=35182
[22:51:44] [Worker-Main-12/INFO] (Minecraft) [STDOUT]: [WG-CONTENT-WB] chunk(-184,-179) hash=1db0f701f3c1db04 dh=a63bcbd3e1b5eda3 nz=33638
[22:51:44] [Worker-Main-1/INFO] (Minecraft) [STDOUT]: [WG-CONTENT-WB] chunk(-184,-178) hash=34cfdab381c3fdd4 dh=a30740848e0f8b4a nz=32311
[22:51:44] [Worker-Main-8/INFO] (Minecraft) [STDOUT]: [WG-CONTENT-WB] chunk(-184,-177) hash=6a9e6aac7711b90b dh=148aeac168956663 nz=32678
[22:51:44] [Worker-Main-8/INFO] (Minecraft) [STDOUT]: [WG-CONTENT-WB] chunk(-184,-176) hash=564be8c580ec352c dh=b04a4b34159e65ac nz=32873
[22:51:44] [Worker-Main-10/INFO] (Minecraft) [STDOUT]: [WG-CONTENT-WB] chunk(-184,-175) hash=cb806cc4f66a33a6 dh=5a9819d2a3c207c5 nz=32768
[22:51:44] [Worker-Main-21/INFO] (Minecraft) [STDOUT]: [WG-CONTENT-WB] chunk(-184,-196) hash=c8c16a98c1dbe857 dh=18a235d14af0fed7 nz=32645
[22:51:44] [Worker-Main-21/INFO] (Minecraft) [STDOUT]: [WG-CONTENT-WB] chunk(-184,-174) hash=9df02bf0b232f926 dh=9fe2428d9811499c nz=32763
[22:51:44] [Worker-Main-20/INFO] (Minecraft) [STDOUT]: [WG-CONTENT-WB] chunk(-183,-191) hash=6d825bf28d67374e dh=e1e8932923dd0fb6 nz=32542
[22:51:44] [Worker-Main-20/INFO] (Minecraft) [STDOUT]: [WG-CONTENT-WB] chunk(-183,-193) hash=ca1f4674c1c73a3f dh=e3689f127ddd1e97 nz=32453
[22:51:44] [Worker-Main-4/INFO] (Minecraft) [STDOUT]: [WG-CONTENT-WB] chunk(-183,-192) hash=dce1304b6eac55ee dh=509767967bdf5ed7 nz=32512
[22:51:44] [Worker-Main-22/INFO] (Minecraft) [STDOUT]: [WG-CONTENT-WB] chunk(-183,-194) hash=79a54fe55872f845 dh=c44fe5f337e36a6a nz=32412
[22:51:44] [Worker-Main-4/INFO] (Minecraft) [STDOUT]: [WG-CONTENT-WB] chunk(-183,-195) hash=3599caf1fc265832 dh=63d43185b70de217 nz=32566
[22:51:44] [Worker-Main-4/INFO] (Minecraft) [STDOUT]: [WG-CONTENT-WB] chunk(-183,-190) hash=ffa9995adbf19ab4 dh=d517bc331ac8815e nz=34139
[22:51:44] [Worker-Main-22/INFO] (Minecraft) [STDOUT]: [WG-CONTENT-WB] chunk(-183,-189) hash=fef368753f2287e6 dh=80155fbe9e9163ce nz=35307
[22:51:44] [Worker-Main-4/INFO] (Minecraft) [STDOUT]: [WG-CONTENT-WB] chunk(-183,-188) hash=31ed002f8da8c2b6 dh=285fed8098bd65c2 nz=35465
[22:51:44] [Worker-Main-9/INFO] (Minecraft) [STDOUT]: [WG-CONTENT-WB] chunk(-183,-187) hash=ea46b1bdb3e351a6 dh=9698b838cdaff9cd nz=33776
[22:51:45] [Worker-Main-9/INFO] (Minecraft) [STDOUT]: [WG-CONTENT-WB] chunk(-183,-186) hash=83ad29a4016ec663 dh=979901b899ca5906 nz=34189
[22:51:45] [Worker-Main-9/INFO] (Minecraft) [STDOUT]: [WG-CONTENT-WB] chunk(-183,-185) hash=be00a6867fddea51 dh=d9c94bd4b34f7caf nz=35026
[22:51:45] [Worker-Main-5/INFO] (Minecraft) [STDOUT]: [WG-CONTENT-WB] chunk(-183,-184) hash=27d1367d88f79cbd dh=56c4ea6144e4a051 nz=35448
[22:51:45] [Worker-Main-5/INFO] (Minecraft) [STDOUT]: [WG-CONTENT-WB] chunk(-183,-183) hash=5222c4fefd96986c dh=be9029a9f32333d5 nz=36402
[22:51:45] [Worker-Main-5/INFO] (Minecraft) [STDOUT]: [WG-CONTENT-WB] chunk(-183,-179) hash=3f6165a01e5813c1 dh=f3ae0f714ae93e5b nz=33822
[22:51:45] [Worker-Main-5/INFO] (Minecraft) [STDOUT]: [WG-CONTENT-WB] chunk(-183,-182) hash=2bbd050f7eaf3d95 dh=bfb3fe45737ff0d nz=35534
[22:51:45] [Worker-Main-9/INFO] (Minecraft) [STDOUT]: [WG-CONTENT-WB] chunk(-183,-181) hash=9b96ad496ce87eb8 dh=e69e78efd6ed18fd nz=34388
[22:51:45] [Worker-Main-16/INFO] (Minecraft) [STDOUT]: [WG-CONTENT-WB] chunk(-183,-180) hash=81992652e52fa2d7 dh=8f12913394738f46 nz=34163
[22:51:45] [Worker-Main-18/INFO] (Minecraft) [STDOUT]: [WG-CONTENT-WB] chunk(-183,-178) hash=3d6493f81bde935b dh=4839e8781cd7d949 nz=33732
[22:51:45] [Worker-Main-18/INFO] (Minecraft) [STDOUT]: [WG-CONTENT-WB] chunk(-183,-177) hash=c72fbe4a1bb33fee dh=1112920e4c494816 nz=33107
[22:51:45] [Worker-Main-18/INFO] (Minecraft) [STDOUT]: [WG-CONTENT-WB] chunk(-183,-176) hash=4cb36c2feb2c4d22 dh=c4bd5ed8715717c4 nz=33061
[22:51:45] [Worker-Main-18/INFO] (Minecraft) [STDOUT]: [WG-CONTENT-WB] chunk(-183,-175) hash=6d0e751798ba730d dh=9c13de8ff284e1e3 nz=32802
[22:51:45] [Worker-Main-9/INFO] (Minecraft) [STDOUT]: [WG-CONTENT-WB] chunk(-182,-190) hash=aa6bdbb48a722005 dh=fc393d43fac32750 nz=34321
[22:51:45] [Worker-Main-9/INFO] (Minecraft) [STDOUT]: [WG-CONTENT-WB] chunk(-182,-189) hash=5d93ab61a6c1e984 dh=de921bdc5a8e4bdc nz=35033
[22:51:45] [Worker-Main-9/INFO] (Minecraft) [STDOUT]: [WG-CONTENT-WB] chunk(-182,-195) hash=98d646196d4c6941 dh=6f1d42354143a446 nz=32512
[22:51:45] [Worker-Main-9/INFO] (Minecraft) [STDOUT]: [WG-CONTENT-WB] chunk(-182,-188) hash=ef5e02bb1711d26e dh=3f20b2125d45bb2e nz=34115
[22:51:45] [Worker-Main-16/INFO] (Minecraft) [STDOUT]: [WG-CONTENT-WB] chunk(-182,-193) hash=63d3e140c3d6bab3 dh=ab07e9ac4cbcb3cf nz=32463
[22:51:45] [Worker-Main-18/INFO] (Minecraft) [STDOUT]: [WG-CONTENT-WB] chunk(-182,-194) hash=648518ef899eb456 dh=75535c6ff22f8941 nz=32503
[22:51:45] [Worker-Main-16/INFO] (Minecraft) [STDOUT]: [WG-CONTENT-WB] chunk(-182,-192) hash=3c90781b5600d342 dh=d9d02b5e7c947242 nz=32467
[22:51:45] [Worker-Main-9/INFO] (Minecraft) [STDOUT]: [WG-CONTENT-WB] chunk(-182,-191) hash=a99564e97c4c0c82 dh=ef9bcc740cdf4bc3 nz=33110
[22:51:45] [Worker-Main-5/INFO] (Minecraft) [STDOUT]: [WG-CONTENT-WB] chunk(-183,-196) hash=6f6692e99fd772d5 dh=eb1babde86afb734 nz=32935
[22:51:45] [Worker-Main-8/INFO] (Minecraft) [STDOUT]: [WG-CONTENT-WB] chunk(-182,-187) hash=d79548e234fd4395 dh=ac3ca4de3f4ffd98 nz=33543
[22:51:46] [Worker-Main-8/INFO] (Minecraft) [STDOUT]: [WG-CONTENT-WB] chunk(-182,-183) hash=13df51f3d1f7da22 dh=9ab9caad1090e392 nz=36719
[22:51:46] [Worker-Main-21/INFO] (Minecraft) [STDOUT]: [WG-CONTENT-WB] chunk(-182,-186) hash=7f9d56c3ccf51812 dh=af1c96d9660cbf60 nz=34151
[22:51:46] [Worker-Main-21/INFO] (Minecraft) [STDOUT]: [WG-CONTENT-WB] chunk(-182,-185) hash=4b461d2a7f784eb5 dh=602b8628e9bd7056 nz=34047
[22:51:46] [Worker-Main-9/INFO] (Minecraft) [STDOUT]: [WG-CONTENT-WB] chunk(-182,-184) hash=c4131bd325c56b7 dh=614afbb8d4a52d47 nz=36546
[22:51:46] [Worker-Main-8/INFO] (Minecraft) [STDOUT]: [WG-CONTENT-WB] chunk(-182,-182) hash=173f5b8a748a39f8 dh=c5658654b49549fa nz=36170
[22:51:46] [Worker-Main-21/INFO] (Minecraft) [STDOUT]: [WG-CONTENT-WB] chunk(-182,-181) hash=caf76b578fd3c923 dh=56e2bd7719b2e4a2 nz=35032
[22:51:46] [Worker-Main-21/INFO] (Minecraft) [STDOUT]: [WG-CONTENT-WB] chunk(-182,-180) hash=42785bd29a90364d dh=549a1e1b3d322e33 nz=34090
[22:51:46] [Worker-Main-21/INFO] (Minecraft) [STDOUT]: [WG-CONTENT-WB] chunk(-182,-179) hash=8f1e53b6ed80947f dh=828fb259b2392dc2 nz=33863
[22:51:46] [Worker-Main-8/INFO] (Minecraft) [STDOUT]: [WG-CONTENT-WB] chunk(-182,-178) hash=c9db3a647b725111 dh=3b7b644bec250463 nz=33830
[22:51:46] [Worker-Main-8/INFO] (Minecraft) [STDOUT]: [WG-CONTENT-WB] chunk(-182,-177) hash=e77c5dc31d5df1b2 dh=a1bd519671e67f18 nz=33234
[22:51:46] [Worker-Main-8/INFO] (Minecraft) [STDOUT]: [WG-CONTENT-WB] chunk(-182,-176) hash=9006e50fe1a0424a dh=e4f1d8b8a6daa102 nz=33026
[22:51:46] [Worker-Main-8/INFO] (Minecraft) [STDOUT]: [WG-CONTENT-WB] chunk(-182,-175) hash=2c305777b82455aa dh=47f3dda669b20091 nz=32758
[22:51:46] [Worker-Main-8/INFO] (Minecraft) [STDOUT]: [WG-CONTENT-WB] chunk(-181,-192) hash=511ba538bc941bf5 dh=d50ffddfcef8053e nz=32031
[22:51:46] [Worker-Main-11/INFO] (Minecraft) [STDOUT]: [WG-CONTENT-WB] chunk(-181,-195) hash=39b86bcf471b959f dh=6fc448c826ae94d4 nz=32335
[22:51:46] [Worker-Main-11/INFO] (Minecraft) [STDOUT]: [WG-CONTENT-WB] chunk(-181,-194) hash=30030eb9d10ca4fd dh=42ffb8ccdb63f1df nz=32529
[22:51:46] [Worker-Main-9/INFO] (Minecraft) [STDOUT]: [WG-CONTENT-WB] chunk(-181,-193) hash=72b0f16c39d557c8 dh=160cbf6a45a29d3 nz=32497
[22:51:46] [Worker-Main-9/INFO] (Minecraft) [STDOUT]: [WG-CONTENT-WB] chunk(-181,-191) hash=d6b1e534a35b072e dh=e7fc34383354a9d nz=32430
[22:51:46] [Worker-Main-8/INFO] (Minecraft) [STDOUT]: [WG-CONTENT-WB] chunk(-181,-190) hash=80e8a7972ed9f1b3 dh=85110a07c1e74469 nz=33308
[22:51:46] [Worker-Main-9/INFO] (Minecraft) [STDOUT]: [WG-CONTENT-WB] chunk(-181,-189) hash=f413d28423e1272c dh=3d06284875509923 nz=33112
[22:51:46] [Worker-Main-5/INFO] (Minecraft) [STDOUT]: [WG-CONTENT-WB] chunk(-181,-185) hash=c8b85c518e84a6c2 dh=6c0e2df7f1fa9d58 nz=33978
[22:51:46] [Worker-Main-21/INFO] (Minecraft) [STDOUT]: [WG-CONTENT-WB] chunk(-181,-184) hash=7cc4c41054d414d3 dh=f008bcb2da06d5c4 nz=36265
[22:51:46] [Worker-Main-5/INFO] (Minecraft) [STDOUT]: [WG-CONTENT-WB] chunk(-181,-188) hash=6c1e84120a3625f8 dh=7af88ea002024338 nz=33066
[22:51:47] [Worker-Main-5/INFO] (Minecraft) [STDOUT]: [WG-CONTENT-WB] chunk(-181,-187) hash=c418d34992be6493 dh=e45a3cb16cc94635 nz=33782
[22:51:47] [Worker-Main-5/INFO] (Minecraft) [STDOUT]: [WG-CONTENT-WB] chunk(-181,-186) hash=f2b388f7d824d33 dh=5298718ed5889b02 nz=34216
[22:51:47] [Worker-Main-1/INFO] (Minecraft) [STDOUT]: [WG-CONTENT-WB] chunk(-181,-183) hash=1ce6b286c2d23bd9 dh=100c9604ab4e4cf2 nz=36427
[22:51:47] [Worker-Main-21/INFO] (Minecraft) [STDOUT]: [WG-CONTENT-WB] chunk(-181,-182) hash=ebd994da3b94a552 dh=b1735033d4eff8b nz=36287
[22:51:47] [Worker-Main-21/INFO] (Minecraft) [STDOUT]: [WG-CONTENT-WB] chunk(-181,-181) hash=6fd459785a8cc19b dh=8e55ee30a6f13c68 nz=34692
[22:51:47] [Worker-Main-14/INFO] (Minecraft) [STDOUT]: [WG-CONTENT-WB] chunk(-181,-180) hash=2ee870d906eb1e8b dh=9f95ec3ab4726942 nz=34016
[22:51:47] [Worker-Main-21/INFO] (Minecraft) [STDOUT]: [WG-CONTENT-WB] chunk(-181,-179) hash=2109b708f35e1553 dh=6aca2bfef7f091b nz=33569
[22:51:47] [Worker-Main-22/INFO] (Minecraft) [STDOUT]: [WG-CONTENT-WB] chunk(-181,-178) hash=b273069c622a476 dh=b54a8e147a1ab10f nz=33708
[22:51:47] [Worker-Main-22/INFO] (Minecraft) [STDOUT]: [WG-CONTENT-WB] chunk(-181,-177) hash=9e7698d215e9c6a7 dh=801e1c9acf8f5c17 nz=33112
[22:51:47] [Worker-Main-14/INFO] (Minecraft) [STDOUT]: [WG-CONTENT-WB] chunk(-181,-176) hash=259fe11145d5d476 dh=71f79199b7454190 nz=31746
[22:51:47] [Worker-Main-22/INFO] (Minecraft) [STDOUT]: [WG-CONTENT-WB] chunk(-181,-175) hash=d283a38850643beb dh=81f612e654e021fd nz=33279
[22:51:47] [Worker-Main-14/INFO] (Minecraft) [STDOUT]: [WG-CONTENT-WB] chunk(-180,-190) hash=5d5b7520704386ea dh=9e5b101205c5ea24 nz=32271
[22:51:47] [Worker-Main-14/INFO] (Minecraft) [STDOUT]: [WG-CONTENT-WB] chunk(-180,-189) hash=ca8eb4c429514077 dh=fde501a81fb2ab3a nz=33545
[22:51:47] [Worker-Main-21/INFO] (Minecraft) [STDOUT]: [WG-CONTENT-WB] chunk(-180,-191) hash=b3c05c17d561924d dh=c6c9ff027a011ebd nz=32564
[22:51:47] [Worker-Main-21/INFO] (Minecraft) [STDOUT]: [WG-CONTENT-WB] chunk(-180,-195) hash=818039f753c0a0d1 dh=f664a9e80b9045b6 nz=32165
[22:51:47] [Worker-Main-21/INFO] (Minecraft) [STDOUT]: [WG-CONTENT-WB] chunk(-180,-194) hash=621b1836ec460d91 dh=fb883bc316430d5c nz=32056
[22:51:47] [Worker-Main-22/INFO] (Minecraft) [STDOUT]: [WG-CONTENT-WB] chunk(-180,-193) hash=d13f8156f4c6f450 dh=329438e0b00b77d8 nz=31626
[22:51:47] [Worker-Main-22/INFO] (Minecraft) [STDOUT]: [WG-CONTENT-WB] chunk(-180,-192) hash=d26ed9c9bbde4119 dh=e80ebba2b17bfe26 nz=32655
[22:51:47] [Worker-Main-22/INFO] (Minecraft) [STDOUT]: [WG-CONTENT-WB] chunk(-180,-185) hash=ca77fe455b26bb1b dh=237b5f288cb1e653 nz=33487
[22:51:47] [Worker-Main-21/INFO] (Minecraft) [STDOUT]: [WG-CONTENT-WB] chunk(-180,-184) hash=f4b7165b12b1f55e dh=5215057f91ba50 nz=35968
[22:51:47] [Worker-Main-22/INFO] (Minecraft) [STDOUT]: [WG-CONTENT-WB] chunk(-180,-183) hash=91c36ed686345f46 dh=fa30266c57267eb3 nz=36602
[22:51:47] [Worker-Main-21/INFO] (Minecraft) [STDOUT]: [WG-CONTENT-WB] chunk(-180,-182) hash=71ab51e57620759f dh=1ecc4eb8f79dad78 nz=35185
[22:51:47] [Worker-Main-21/INFO] (Minecraft) [STDOUT]: [WG-CONTENT-WB] chunk(-180,-188) hash=a3e9c17a8d4d0307 dh=f5c6ab25cec5af6c nz=33225
[22:51:48] [Worker-Main-22/INFO] (Minecraft) [STDOUT]: [WG-CONTENT-WB] chunk(-180,-187) hash=d3b0f7ea4e1a6adc dh=55174c299a81e5ff nz=33811
[22:51:48] [Worker-Main-21/INFO] (Minecraft) [STDOUT]: [WG-CONTENT-WB] chunk(-180,-186) hash=ff8a4a6e0a5faafa dh=40cf61ff943e7ec nz=34372
[22:51:48] [Worker-Main-20/INFO] (Minecraft) [STDOUT]: [WG-CONTENT-WB] chunk(-180,-181) hash=5688bf70fcccd420 dh=7ab7a9ae527dd2b7 nz=34237
[22:51:48] [Worker-Main-3/INFO] (Minecraft) [STDOUT]: [WG-CONTENT-WB] chunk(-180,-180) hash=ce9a7a7fc32fc198 dh=3de2b7075e2e514c nz=34200
[22:51:48] [Worker-Main-2/INFO] (Minecraft) [STDOUT]: [WG-CONTENT-WB] chunk(-180,-179) hash=26fdd7145568abf2 dh=838e87623aedc62c nz=33817
[22:51:48] [Worker-Main-2/INFO] (Minecraft) [STDOUT]: [WG-CONTENT-WB] chunk(-180,-178) hash=5f40f68de10af387 dh=7b6b96db67583178 nz=32609
[22:51:48] [Worker-Main-2/INFO] (Minecraft) [STDOUT]: [WG-CONTENT-WB] chunk(-180,-177) hash=44f2f5f5f838f927 dh=a722a8c205091126 nz=33511
[22:51:48] [Worker-Main-6/INFO] (Minecraft) [STDOUT]: [WG-CONTENT-WB] chunk(-180,-176) hash=fb847d581b42b58 dh=7dd04665d294b4f9 nz=33198
[22:51:48] [Worker-Main-6/INFO] (Minecraft) [STDOUT]: [WG-CONTENT-WB] chunk(-180,-175) hash=9ab92fe94523316c dh=ef5cc41d6f5b012a nz=27717
[22:51:48] [Worker-Main-11/INFO] (Minecraft) [STDOUT]: [WG-CONTENT-WB] chunk(-179,-194) hash=b5a07c73e815306a dh=3a55a1142e0c9650 nz=32612
[22:51:48] [Worker-Main-2/INFO] (Minecraft) [STDOUT]: [WG-CONTENT-WB] chunk(-179,-190) hash=93d7a635f0cdb21 dh=ecd69f39294b6400 nz=32792
[22:51:48] [Worker-Main-11/INFO] (Minecraft) [STDOUT]: [WG-CONTENT-WB] chunk(-179,-195) hash=ce1f70d5d2ddaec5 dh=cc7e2546df97515 nz=30975
[22:51:48] [Worker-Main-6/INFO] (Minecraft) [STDOUT]: [WG-CONTENT-WB] chunk(-179,-189) hash=bbb7c8d08f862926 dh=af6ab3229b84164d nz=32044
[22:51:48] [Worker-Main-11/INFO] (Minecraft) [STDOUT]: [WG-CONTENT-WB] chunk(-179,-188) hash=f601d3490c7afdf7 dh=a42c374c096dcc9d nz=32736
[22:51:48] [Worker-Main-11/INFO] (Minecraft) [STDOUT]: [WG-CONTENT-WB] chunk(-179,-193) hash=cd80316fc35bdba8 dh=291622b01b86039a nz=33018
[22:51:48] [Worker-Main-11/INFO] (Minecraft) [STDOUT]: [WG-CONTENT-WB] chunk(-179,-192) hash=e60f05011810e77d dh=a343132409167d40 nz=32757
[22:51:48] [Worker-Main-3/INFO] (Minecraft) [STDOUT]: [WG-CONTENT-WB] chunk(-179,-191) hash=aaf6af97e1aa8dc9 dh=ed319b1b866d0c02 nz=33070
[22:51:48] [Worker-Main-3/INFO] (Minecraft) [STDOUT]: [WG-CONTENT-WB] chunk(-179,-187) hash=c4971390574b3d8c dh=c6392ed0f7f7085b nz=33171
[22:51:48] [Worker-Main-11/INFO] (Minecraft) [STDOUT]: [WG-CONTENT-WB] chunk(-179,-186) hash=af14c7cf250ce5bb dh=c876ef034aa7cd6d nz=33676
[22:51:48] [Worker-Main-17/INFO] (Minecraft) [STDOUT]: [WG-CONTENT-WB] chunk(-183,-174) hash=e3ea214c5b5c8b78 dh=83be22887b5894b8 nz=32933
[22:51:49] [Worker-Main-5/INFO] (Minecraft) [STDOUT]: [WG-CONTENT-WB] chunk(-182,-196) hash=87333de766588860 dh=aa21229fac6582c9 nz=32590
[22:51:49] [Worker-Main-17/INFO] (Minecraft) [STDOUT]: [WG-CONTENT-WB] chunk(-181,-196) hash=68a2c3c8f3605ba8 dh=4dd4d099c61d15dc nz=32375
[22:51:49] [Worker-Main-17/INFO] (Minecraft) [STDOUT]: [WG-CONTENT-WB] chunk(-182,-174) hash=e04fd71ea3ed028f dh=1ecd0f949ba41539 nz=33012
[22:51:49] [Worker-Main-17/INFO] (Minecraft) [STDOUT]: [WG-CONTENT-WB] chunk(-181,-174) hash=8b3eb05ac538d8a3 dh=4794b87c643d0257 nz=25768
[22:51:49] [Worker-Main-17/INFO] (Minecraft) [STDOUT]: [WG-CONTENT-WB] chunk(-179,-185) hash=5b52963da172cc99 dh=1444751eade36fb4 nz=33711
[22:51:49] [Worker-Main-14/INFO] (Minecraft) [STDOUT]: [WG-CONTENT-WB] chunk(-179,-184) hash=75aaa2f792422894 dh=4f30a35884008f3f nz=34572
[22:51:49] [Worker-Main-8/INFO] (Minecraft) [STDOUT]: [WG-CONTENT-WB] chunk(-179,-183) hash=329b8e60b6fa31c dh=ddc8c486757c2239 nz=35090
[22:51:49] [Worker-Main-19/INFO] (Minecraft) [STDOUT]: [WG-CONTENT-WB] chunk(-179,-182) hash=112caae8c397a204 dh=dd74c8badab4a718 nz=34411
[22:51:49] [Worker-Main-8/INFO] (Minecraft) [STDOUT]: [WG-CONTENT-WB] chunk(-179,-181) hash=1396920bf12e934c dh=8c52887fb565e5d5 nz=34338
[22:51:49] [Worker-Main-19/INFO] (Minecraft) [STDOUT]: [WG-CONTENT-WB] chunk(-179,-180) hash=f43d6f25df008f2a dh=ed5e0234e51211cf nz=34282
[22:51:49] [Worker-Main-19/INFO] (Minecraft) [STDOUT]: [WG-CONTENT-WB] chunk(-179,-179) hash=a5e615ecbb21cc25 dh=5dba49fb40f0634c nz=33657
[22:51:49] [Worker-Main-19/INFO] (Minecraft) [STDOUT]: [WG-CONTENT-WB] chunk(-179,-178) hash=be0791708e1c6641 dh=78cda99bf2312c56 nz=33889
[22:51:49] [Worker-Main-8/INFO] (Minecraft) [STDOUT]: [WG-CONTENT-WB] chunk(-179,-177) hash=d90a5051d2782fb7 dh=a2cc1cac6e1c9b0 nz=33717
[22:51:49] [Worker-Main-19/INFO] (Minecraft) [STDOUT]: [WG-CONTENT-WB] chunk(-179,-176) hash=dab6a9a4f5f637fb dh=c8d5c1202a072519 nz=32340
[22:51:49] [Worker-Main-19/INFO] (Minecraft) [STDOUT]: [WG-CONTENT-WB] chunk(-179,-175) hash=ca9778d980e950d0 dh=4e702ff1f99b599f nz=32944
[22:51:49] [Worker-Main-8/INFO] (Minecraft) [STDOUT]: [WG-CONTENT-WB] chunk(-178,-195) hash=b718bf1aa69148ec dh=99ded7c3448f57c3 nz=32666
[22:51:49] [Worker-Main-19/INFO] (Minecraft) [STDOUT]: [WG-CONTENT-WB] chunk(-178,-194) hash=e07d9092813c7cb3 dh=6781b7197fb7b208 nz=31068
[22:51:49] [Worker-Main-8/INFO] (Minecraft) [STDOUT]: [WG-CONTENT-WB] chunk(-178,-193) hash=37e2b0b367fe8435 dh=76354e1cb227e004 nz=33087
[22:51:49] [Worker-Main-8/INFO] (Minecraft) [STDOUT]: [WG-CONTENT-WB] chunk(-178,-192) hash=d69c2db34d9295a dh=4b082735f0d7af3b nz=33376
[22:51:49] [Worker-Main-8/INFO] (Minecraft) [STDOUT]: [WG-CONTENT-WB] chunk(-178,-191) hash=2e628fb71bf277fb dh=9d7a07e1ff6b65ce nz=33789
[22:51:49] [Worker-Main-8/INFO] (Minecraft) [STDOUT]: [WG-CONTENT-WB] chunk(-178,-190) hash=863c04e82a518d12 dh=ebc9a53a5a9a4a55 nz=33695
[22:51:49] [Worker-Main-13/INFO] (Minecraft) [STDOUT]: [WG-CONTENT-WB] chunk(-178,-189) hash=27c37f2b12892621 dh=a33d07578771257f nz=33130
[22:51:50] [Worker-Main-13/INFO] (Minecraft) [STDOUT]: [WG-CONTENT-WB] chunk(-178,-188) hash=ed85179464a322a8 dh=81b4ae9dff267e74 nz=32477
[22:51:50] [Worker-Main-13/INFO] (Minecraft) [STDOUT]: [WG-CONTENT-WB] chunk(-178,-187) hash=346a1d718ba853e5 dh=9bff35593363211f nz=32753
[22:51:50] [Worker-Main-13/INFO] (Minecraft) [STDOUT]: [WG-CONTENT-WB] chunk(-178,-186) hash=227b38fa7e29c731 dh=8a65c9aadc42985e nz=33093
[22:51:50] [Worker-Main-13/INFO] (Minecraft) [STDOUT]: [WG-CONTENT-WB] chunk(-178,-185) hash=50946ed10dfef2b1 dh=bfbba554de4f5942 nz=33771
[22:51:50] [Worker-Main-13/INFO] (Minecraft) [STDOUT]: [WG-CONTENT-WB] chunk(-178,-181) hash=3be5bb603b640bac dh=8f07059b2a419ec4 nz=34081
[22:51:50] [Worker-Main-13/INFO] (Minecraft) [STDOUT]: [WG-CONTENT-WB] chunk(-178,-184) hash=836c53b837b7e58f dh=43c42d210bc74060 nz=31872
[22:51:50] [Worker-Main-14/INFO] (Minecraft) [STDOUT]: [WG-CONTENT-WB] chunk(-178,-183) hash=e9a7cb132e7d60db dh=c3a31d53b109fc7c nz=32510
[22:51:50] [Worker-Main-14/INFO] (Minecraft) [STDOUT]: [WG-CONTENT-WB] chunk(-178,-182) hash=7dc39545598d06d3 dh=36919d0300b7d64c nz=32684
[22:51:50] [Worker-Main-14/INFO] (Minecraft) [STDOUT]: [WG-CONTENT-WB] chunk(-178,-180) hash=f3fc8dc9f5f79975 dh=ba7d201a135e9ef6 nz=36099
[22:51:50] [Worker-Main-13/INFO] (Minecraft) [STDOUT]: [WG-CONTENT-WB] chunk(-178,-179) hash=73cfc16e5349b56f dh=44f43665e6479c06 nz=35375
[22:51:50] [Worker-Main-13/INFO] (Minecraft) [STDOUT]: [WG-CONTENT-WB] chunk(-178,-178) hash=a807278c104a0f89 dh=521fc55be6fc6e18 nz=33768
[22:51:50] [Worker-Main-14/INFO] (Minecraft) [STDOUT]: [WG-CONTENT-WB] chunk(-178,-177) hash=502414c7c8e6eef0 dh=7f6b4b614170bca5 nz=33132
[22:51:50] [Worker-Main-20/INFO] (Minecraft) [STDOUT]: [WG-CONTENT-WB] chunk(-178,-176) hash=e726fbbd7e7a872d dh=3fdb99219544ab00 nz=32319
[22:51:50] [Worker-Main-20/INFO] (Minecraft) [STDOUT]: [WG-CONTENT-WB] chunk(-178,-175) hash=8e733a3119c49b99 dh=cd2d6a9e13391a9f nz=34138
[22:51:50] [Worker-Main-14/INFO] (Minecraft) [STDOUT]: [WG-CONTENT-WB] chunk(-177,-195) hash=6f558bd26478e662 dh=6c53f63fe2b82513 nz=32087
[22:51:50] [Worker-Main-18/INFO] (Minecraft) [STDOUT]: [WG-CONTENT-WB] chunk(-177,-191) hash=d43e9870c959c8e4 dh=f83f69e6c480ea62 nz=33794
[22:51:50] [Worker-Main-14/INFO] (Minecraft) [STDOUT]: [WG-CONTENT-WB] chunk(-177,-187) hash=272061b58fb25625 dh=619bb9e7f9515390 nz=32202
[22:51:50] [Worker-Main-14/INFO] (Minecraft) [STDOUT]: [WG-CONTENT-WB] chunk(-177,-190) hash=102f0dd0bc89be1b dh=4f9055a4f3138127 nz=33867
[22:51:51] [Worker-Main-18/INFO] (Minecraft) [STDOUT]: [WG-CONTENT-WB] chunk(-177,-189) hash=e5acd9f392b3f98d dh=8df854307f9e67f4 nz=33584
[22:51:51] [Worker-Main-18/INFO] (Minecraft) [STDOUT]: [WG-CONTENT-WB] chunk(-177,-188) hash=25c8148acb7c9e3b dh=23b2a8dc246a8747 nz=32155
[22:51:51] [Worker-Main-18/INFO] (Minecraft) [STDOUT]: [WG-CONTENT-WB] chunk(-177,-183) hash=eed2d38e2fec4888 dh=13b5ab57fbc70a3e nz=32111
[22:51:51] [Worker-Main-1/INFO] (Minecraft) [STDOUT]: [WG-CONTENT-WB] chunk(-177,-186) hash=a879ebc6fe457c73 dh=6bb9485980678942 nz=32635
[22:51:51] [Worker-Main-18/INFO] (Minecraft) [STDOUT]: [WG-CONTENT-WB] chunk(-177,-185) hash=16bbdaa3be61c27e dh=afe2fb35bff2b0a8 nz=32795
[22:51:51] [Worker-Main-18/INFO] (Minecraft) [STDOUT]: [WG-CONTENT-WB] chunk(-177,-184) hash=30eac694bcca060f dh=f95d19a933576f72 nz=33371
[22:51:51] [Worker-Main-14/INFO] (Minecraft) [STDOUT]: [WG-CONTENT-WB] chunk(-177,-194) hash=54f6ab5c144dd139 dh=220f34df93c8e31a nz=30015
[22:51:51] [Worker-Main-1/INFO] (Minecraft) [STDOUT]: [WG-CONTENT-WB] chunk(-177,-193) hash=febccb9eed97be79 dh=5161af7ade522a4c nz=31238
[22:51:51] [Worker-Main-1/INFO] (Minecraft) [STDOUT]: [WG-CONTENT-WB] chunk(-177,-179) hash=fd05b386f67b12c0 dh=4fd2687b5047e064 nz=36401
[22:51:51] [Worker-Main-14/INFO] (Minecraft) [STDOUT]: [WG-CONTENT-WB] chunk(-177,-192) hash=e414017ec7cdcd9e dh=2332eb737999ea94 nz=33306
[22:51:51] [Worker-Main-13/INFO] (Minecraft) [STDOUT]: [WG-CONTENT-WB] chunk(-177,-182) hash=5c95617ce6350f08 dh=ed7a573b55b6f62c nz=32067
[22:51:51] [Worker-Main-13/INFO] (Minecraft) [STDOUT]: [WG-CONTENT-WB] chunk(-177,-178) hash=482088ed6dfdecb1 dh=bf695d718202cd6c nz=34829
[22:51:51] [Worker-Main-1/INFO] (Minecraft) [STDOUT]: [WG-CONTENT-WB] chunk(-177,-181) hash=d4c1dbc33e21cab2 dh=741151e5709cbcd9 nz=33539
[22:51:51] [Worker-Main-13/INFO] (Minecraft) [STDOUT]: [WG-CONTENT-WB] chunk(-177,-177) hash=e99fad2bf248754b dh=2c1e943e032d8c71 nz=34104
[22:51:51] [Worker-Main-1/INFO] (Minecraft) [STDOUT]: [WG-CONTENT-WB] chunk(-177,-180) hash=84cefe0e4af0ed21 dh=55b943f44b5cb201 nz=35961
[22:51:51] [Worker-Main-13/INFO] (Minecraft) [STDOUT]: [WG-CONTENT-WB] chunk(-177,-176) hash=389ead6be80a2c71 dh=a43031d4ff5ac2dd nz=34212
[22:51:51] [Worker-Main-1/INFO] (Minecraft) [STDOUT]: [WG-CONTENT-WB] chunk(-177,-175) hash=5dc0b5bd2a0874f5 dh=9b32bb285f8ed6ef nz=34218
[22:51:51] [Worker-Main-15/INFO] (Minecraft) [STDOUT]: [WG-CONTENT-WB] chunk(-180,-196) hash=beef2171a9f425e4 dh=294a0c3e4bf1d8fa nz=33310
[22:51:51] [Worker-Main-11/INFO] (Minecraft) [STDOUT]: [WG-CONTENT-WB] chunk(-176,-192) hash=f07b1dd8704f6437 dh=6f4ca9d6f016ff12 nz=33083
[22:51:51] [Worker-Main-3/INFO] (Minecraft) [STDOUT]: [WG-CONTENT-WB] chunk(-176,-195) hash=1ca09c021936da96 dh=8d0062a4dd661d50 nz=31229
[22:51:51] [Worker-Main-11/INFO] (Minecraft) [STDOUT]: [WG-CONTENT-WB] chunk(-176,-194) hash=386bf6b480215d0c dh=7dd80787d3f88a1 nz=32451
[22:51:52] [Worker-Main-18/INFO] (Minecraft) [STDOUT]: [WG-CONTENT-WB] chunk(-176,-193) hash=c996471d7f30dd91 dh=b2709dba90a06cf6 nz=31716
[22:51:52] [Worker-Main-18/INFO] (Minecraft) [STDOUT]: [WG-CONTENT-WB] chunk(-176,-188) hash=5991748d14ef7354 dh=bd6624c5c19493d6 nz=32041
[22:51:52] [Worker-Main-3/INFO] (Minecraft) [STDOUT]: [WG-CONTENT-WB] chunk(-176,-191) hash=8157c8514ac9e9d2 dh=1b69a32dcb5793a6 nz=33412
[22:51:52] [Worker-Main-18/INFO] (Minecraft) [STDOUT]: [WG-CONTENT-WB] chunk(-176,-190) hash=1177d87173783ab1 dh=900416645d2e134a nz=33475
[22:51:52] [Worker-Main-18/INFO] (Minecraft) [STDOUT]: [WG-CONTENT-WB] chunk(-176,-189) hash=a983c0018b3ac105 dh=5c300d732903a1 nz=33111
[22:51:52] [Worker-Main-18/INFO] (Minecraft) [STDOUT]: [WG-CONTENT-WB] chunk(-176,-181) hash=b77926886575870c dh=67e92c7473dcdc8 nz=34940
[22:51:52] [Worker-Main-3/INFO] (Minecraft) [STDOUT]: [WG-CONTENT-WB] chunk(-176,-180) hash=c67cd1d055d88196 dh=4163ee9b0b8c0628 nz=36413
[22:51:52] [Worker-Main-11/INFO] (Minecraft) [STDOUT]: [WG-CONTENT-WB] chunk(-176,-187) hash=325a091d7cacb590 dh=d25ce8c6388bbb9f nz=32360
[22:51:52] [Worker-Main-11/INFO] (Minecraft) [STDOUT]: [WG-CONTENT-WB] chunk(-176,-186) hash=367c089c397cc4ab dh=3d3a932dbbd0c0cf nz=32774
[22:51:52] [Worker-Main-11/INFO] (Minecraft) [STDOUT]: [WG-CONTENT-WB] chunk(-176,-185) hash=b7c63f6262bf8c43 dh=43ca04a7e6dba718 nz=33084
[22:51:52] [Worker-Main-18/INFO] (Minecraft) [STDOUT]: [WG-CONTENT-WB] chunk(-176,-184) hash=f89b4e9f140c8424 dh=a0410045eeeee108 nz=33480
[22:51:52] [Worker-Main-3/INFO] (Minecraft) [STDOUT]: [WG-CONTENT-WB] chunk(-176,-183) hash=796d6cd49912602 dh=d5907241122a40cf nz=33212
[22:51:52] [Worker-Main-3/INFO] (Minecraft) [STDOUT]: [WG-CONTENT-WB] chunk(-176,-182) hash=b5137a2596b195e dh=6302210027ba00f4 nz=33685
[22:51:52] [Worker-Main-18/INFO] (Minecraft) [STDOUT]: [WG-CONTENT-WB] chunk(-176,-179) hash=8bf3f64a0f80873 dh=e66adf3b3fd352a5 nz=35823
[22:51:52] [Worker-Main-11/INFO] (Minecraft) [STDOUT]: [WG-CONTENT-WB] chunk(-176,-178) hash=d8fedf9c97fbdbe dh=b46d574d40c7e458 nz=35219
[22:51:52] [Worker-Main-3/INFO] (Minecraft) [STDOUT]: [WG-CONTENT-WB] chunk(-176,-177) hash=5a0a49a955eaaf8e dh=5a3282e1f0c7114a nz=34767
[22:51:52] [Worker-Main-11/INFO] (Minecraft) [STDOUT]: [WG-CONTENT-WB] chunk(-176,-176) hash=d83f2a8c4da4b30b dh=e30478f782f3484a nz=34511
[22:51:52] [Worker-Main-11/INFO] (Minecraft) [STDOUT]: [WG-CONTENT-WB] chunk(-176,-175) hash=155fc4cd590239e9 dh=fe002d47962056e9 nz=34348
[22:51:52] [Server thread/INFO] (Minecraft) [Rcon: Marked [-192, -192] chunks in minecraft:overworld from [-192, -192] to [-178, -178] to be force loaded]
[22:51:52] [Server thread/WARN] (Minecraft) Can't keep up! Is the server overloaded? Running 24062ms or 481 ticks behind
[22:51:52] [RCON Client /127.0.0.1 #2/INFO] (Minecraft) Thread RCON Client /127.0.0.1 shutting down
[22:51:52] [Worker-Main-20/INFO] (Minecraft) [STDOUT]: [WG-CONTENT-WB] chunk(-179,-196) hash=a81d8fb1f03a6944 dh=e2e2e6ae975bf8a1 nz=31443
[22:51:52] [Worker-Main-9/INFO] (Minecraft) [STDOUT]: [WG-CONTENT-WB] chunk(-180,-174) hash=5623ac9849bb4786 dh=fce37b7e0518a856 nz=27271
[22:51:52] [Worker-Main-9/INFO] (Minecraft) [STDOUT]: [WG-CONTENT-WB] chunk(-179,-174) hash=d92992b53fdfb342 dh=5f9accb9f365da54 nz=33617
[22:51:53] [Worker-Main-20/INFO] (Minecraft) [STDOUT]: [WG-CONTENT-WB] chunk(-178,-196) hash=b160fe84abae33f8 dh=215617932d7c9c27 nz=31267
[22:51:53] [Worker-Main-20/INFO] (Minecraft) [STDOUT]: [WG-CONTENT-WB] chunk(-175,-190) hash=c6bb1e4f3f1e9875 dh=9c9f4b2a91bff368 nz=32795
[22:51:53] [Worker-Main-2/INFO] (Minecraft) [STDOUT]: [WG-CONTENT-WB] chunk(-175,-195) hash=b0cddfcdefc5142c dh=843e9afa91937b19 nz=32397
[22:51:53] [Worker-Main-1/INFO] (Minecraft) [STDOUT]: [WG-CONTENT-WB] chunk(-175,-194) hash=5782e4a2d6003cfa dh=6d5e6797727219dc nz=32512
[22:51:53] [Worker-Main-2/INFO] (Minecraft) [STDOUT]: [WG-CONTENT-WB] chunk(-175,-193) hash=b768be6cc6414324 dh=edcff2f7e9bb0f0c nz=32353
[22:51:53] [Worker-Main-2/INFO] (Minecraft) [STDOUT]: [WG-CONTENT-WB] chunk(-175,-192) hash=bdc97775daea0c76 dh=d365d34b7ce6d337 nz=32488
[22:51:53] [Worker-Main-2/INFO] (Minecraft) [STDOUT]: [WG-CONTENT-WB] chunk(-175,-191) hash=aa23bfc2debb894d dh=5c0e9ff7840e5faa nz=32646
[22:51:53] [Worker-Main-20/INFO] (Minecraft) [STDOUT]: [WG-CONTENT-WB] chunk(-175,-189) hash=45d4dad804ab0a78 dh=11106a6d0b79ea7a nz=32772
[22:51:53] [Worker-Main-2/INFO] (Minecraft) [STDOUT]: [WG-CONTENT-WB] chunk(-175,-188) hash=d95dc007f7e59bb2 dh=706883c41eccdfe3 nz=32128
[22:51:53] [Worker-Main-2/INFO] (Minecraft) [STDOUT]: [WG-CONTENT-WB] chunk(-175,-187) hash=ce5efdb3c0a0281a dh=e081be1db2f8c31 nz=32264
[22:51:53] [Worker-Main-12/INFO] (Minecraft) [STDOUT]: [WG-CONTENT-WB] chunk(-175,-186) hash=2deabe7b432cb8b3 dh=7702b2520f6a8567 nz=32330
[22:51:53] [Worker-Main-20/INFO] (Minecraft) [STDOUT]: [WG-CONTENT-WB] chunk(-175,-178) hash=25101e114b5d7b8c dh=61f9b65ee5269c76 nz=35818
[22:51:53] [Worker-Main-20/INFO] (Minecraft) [STDOUT]: [WG-CONTENT-WB] chunk(-175,-185) hash=2ae47bb9bc00d43b dh=51caccccc56f09ea nz=32687
[22:51:53] [Worker-Main-18/INFO] (Minecraft) [STDOUT]: [WG-CONTENT-WB] chunk(-175,-184) hash=aa3b50d8838c7ef9 dh=bedc1dfc9c23def1 nz=33655
[22:51:53] [Worker-Main-7/INFO] (Minecraft) [STDOUT]: [WG-CONTENT-WB] chunk(-175,-180) hash=267673f43e3d60ed dh=ce7831a4d433949f nz=35062
[22:51:53] [Worker-Main-7/INFO] (Minecraft) [STDOUT]: [WG-CONTENT-WB] chunk(-175,-179) hash=7f782f34100cf952 dh=a772a9e8315ee609 nz=35421
[22:51:53] [Worker-Main-18/INFO] (Minecraft) [STDOUT]: [WG-CONTENT-WB] chunk(-175,-183) hash=e48596b54c254ca3 dh=831929f7a4653f58 nz=33456
[22:51:54] [Worker-Main-22/INFO] (Minecraft) [STDOUT]: [WG-CONTENT-WB] chunk(-175,-182) hash=29185e90d8c8ec6 dh=8fae2e862c369308 nz=33779
[22:51:54] [Worker-Main-18/INFO] (Minecraft) [STDOUT]: [WG-CONTENT-WB] chunk(-175,-181) hash=6ba6edf97f20c92f dh=f1c0079eeda2f4d8 nz=33641
[22:51:54] [Worker-Main-22/INFO] (Minecraft) [STDOUT]: [WG-CONTENT-WB] chunk(-175,-177) hash=af802ea3240e0117 dh=26a630a4e8748fb9 nz=35549
[22:51:54] [Worker-Main-11/INFO] (Minecraft) [STDOUT]: [WG-CONTENT-WB] chunk(-175,-176) hash=5318b31910835218 dh=c31a87b4a5053ed4 nz=34769
[22:51:54] [Worker-Main-8/INFO] (Minecraft) [STDOUT]: [WG-CONTENT-WB] chunk(-175,-175) hash=b4aa8259af49c676 dh=23fe3451cb5ac419 nz=34652
[22:51:54] [Worker-Main-22/INFO] (Minecraft) [STDOUT]: [WG-CONTENT-WB] chunk(-178,-174) hash=2afbb38af0b33589 dh=44665a692995d8c8 nz=33997
[22:51:54] [Worker-Main-23/INFO] (Minecraft) [STDOUT]: [WG-CONTENT-WB] chunk(-177,-196) hash=b4934ce9d7bd8795 dh=d0c899036f6e7568 nz=32516
[22:51:54] [Worker-Main-13/INFO] (Minecraft) [STDOUT]: [WG-CONTENT-WB] chunk(-177,-174) hash=59e40dea9b35ec28 dh=e558bb8466a20269 nz=34220
[22:51:54] [Worker-Main-13/INFO] (Minecraft) [STDOUT]: [WG-CONTENT-WB] chunk(-176,-196) hash=3dadc417f2acfb12 dh=bcface0784f86655 nz=32482
[22:51:54] [Worker-Main-13/INFO] (Minecraft) [STDOUT]: [WG-CONTENT-WB] chunk(-175,-196) hash=854475d6f9d09b06 dh=be18078a6883ba61 nz=32512
[22:51:54] [Worker-Main-13/INFO] (Minecraft) [STDOUT]: [WG-CONTENT-WB] chunk(-176,-174) hash=9f6dc778b9960d11 dh=554ac2db4c666049 nz=34188
[22:51:54] [Worker-Main-12/INFO] (Minecraft) [STDOUT]: [WG-CONTENT-WB] chunk(-175,-174) hash=bee379fbaf49e9e5 dh=5e6c21fc62891acb nz=34446
[22:51:54] [Worker-Main-12/INFO] (Minecraft) [STDOUT]: [WG-CONTENT-WB] chunk(-174,-196) hash=9556148da3dd1612 dh=2daeaf6e9fb2d5c8 nz=32245
[22:51:54] [Worker-Main-5/INFO] (Minecraft) [STDOUT]: [WG-CONTENT-WB] chunk(-174,-195) hash=d2d71a2bf9ac1528 dh=f4c3004e357edc2f nz=32512
[22:51:54] [Worker-Main-19/INFO] (Minecraft) [STDOUT]: [WG-CONTENT-WB] chunk(-174,-194) hash=62f6394e18b5e589 dh=9098ef12e41da1db nz=32512
[22:51:54] [Worker-Main-19/INFO] (Minecraft) [STDOUT]: [WG-CONTENT-WB] chunk(-174,-193) hash=81c39a8e2bcbb1dc dh=62219570de2a1aba nz=32510
[22:51:54] [Worker-Main-12/INFO] (Minecraft) [STDOUT]: [WG-CONTENT-WB] chunk(-174,-192) hash=e3c5153f7715c725 dh=c72a4f2ddc83880c nz=32280
[22:51:54] [Worker-Main-9/INFO] (Minecraft) [STDOUT]: [WG-CONTENT-WB] chunk(-174,-191) hash=2e37c1f6255dd218 dh=c5e1640f0c912c6c nz=32512
[22:51:54] [Worker-Main-9/INFO] (Minecraft) [STDOUT]: [WG-CONTENT-WB] chunk(-174,-189) hash=798976ef78ee1412 dh=21ba716c5bcd985f nz=31632
[22:51:55] [Worker-Main-9/INFO] (Minecraft) [STDOUT]: [WG-CONTENT-WB] chunk(-174,-190) hash=b046c3efd52acf60 dh=b6b6eb55bf6b168a nz=32259
[22:51:55] [Worker-Main-15/INFO] (Minecraft) [STDOUT]: [WG-CONTENT-WB] chunk(-174,-188) hash=6d6bfd05cfc0ef5f dh=46103d13ccbdb02d nz=31947
[22:51:55] [Worker-Main-21/INFO] (Minecraft) [STDOUT]: [WG-CONTENT-WB] chunk(-174,-187) hash=bee289149d63fb2d dh=5af8262d963570d3 nz=31851
[22:51:55] [Worker-Main-11/INFO] (Minecraft) [STDOUT]: [WG-CONTENT-WB] chunk(-174,-186) hash=ae9721567ad80a96 dh=593383788ff815f4 nz=31534
[22:51:55] [Worker-Main-12/INFO] (Minecraft) [STDOUT]: [WG-CONTENT-WB] chunk(-174,-185) hash=31ffca6f9ce215d5 dh=6faf4ab062380da4 nz=30715
[22:51:55] [Worker-Main-12/INFO] (Minecraft) [STDOUT]: [WG-CONTENT-WB] chunk(-174,-184) hash=d442d11647ed9cca dh=97ab02a8d7bea101 nz=32745
[22:51:55] [Worker-Main-11/INFO] (Minecraft) [STDOUT]: [WG-CONTENT-WB] chunk(-174,-183) hash=44b515e60658f442 dh=9f0dba8e76d84bbe nz=33299
[22:51:55] [Worker-Main-11/INFO] (Minecraft) [STDOUT]: [WG-CONTENT-WB] chunk(-174,-180) hash=718d9d3f1c7a8acd dh=6b1a4d3175f46ecc nz=35022
[22:51:55] [Worker-Main-11/INFO] (Minecraft) [STDOUT]: [WG-CONTENT-WB] chunk(-174,-182) hash=ca4be50267643261 dh=26990eca559bd6dc nz=33560
[22:51:55] [Worker-Main-12/INFO] (Minecraft) [STDOUT]: [WG-CONTENT-WB] chunk(-174,-181) hash=7c51f53f352691a8 dh=ddebd88c3c32f7f3 nz=34090
[22:51:55] [Worker-Main-10/INFO] (Minecraft) [STDOUT]: [WG-CONTENT-WB] chunk(-174,-176) hash=71c138ed1d7027b7 dh=f806b350ee802312 nz=34672
[22:51:55] [Worker-Main-21/INFO] (Minecraft) [STDOUT]: [WG-CONTENT-WB] chunk(-174,-179) hash=5cabb3deeebbfc6c dh=b3b4b2aea15efba9 nz=35798
[22:51:55] [Worker-Main-2/INFO] (Minecraft) [STDOUT]: [WG-CONTENT-WB] chunk(-174,-178) hash=3a84304c3adf468c dh=25afb59c775ad63d nz=36242
[22:51:55] [Worker-Main-23/INFO] (Minecraft) [STDOUT]: [WG-CONTENT-WB] chunk(-174,-175) hash=d562d61594ed8422 dh=5b0d3120b1685db nz=34276
[22:51:55] [Worker-Main-23/INFO] (Minecraft) [STDOUT]: [WG-CONTENT-WB] chunk(-174,-177) hash=cd5a998997e54739 dh=56792c93a389b185 nz=35264
[22:51:55] [Worker-Main-23/INFO] (Minecraft) [STDOUT]: [WG-CONTENT-WB] chunk(-174,-174) hash=fa2ff1d7e16a8315 dh=70495b125e32e6d6 nz=34499
[22:52:07] [RCON Listener #1/INFO] (Minecraft) Thread RCON Client /127.0.0.1 started
[22:52:07] [Server thread/INFO] (Minecraft) [Rcon: Stopping the server]
[22:52:07] [RCON Client /127.0.0.1 #3/INFO] (Minecraft) Thread RCON Client /127.0.0.1 shutting down
[22:52:07] [Server thread/INFO] (Minecraft) Stopping server
[22:52:07] [Server thread/INFO] (Minecraft) Saving players
[22:52:07] [Server thread/INFO] (Minecraft) Saving worlds
[22:52:07] [Server thread/INFO] (Minecraft) Saving chunks for level 'ServerLevel[world]'/minecraft:overworld
[22:52:13] [Server thread/INFO] (Minecraft) Saving chunks for level 'ServerLevel[world]'/minecraft:the_nether
[22:52:13] [Server thread/INFO] (Minecraft) Saving chunks for level 'ServerLevel[world]'/minecraft:the_end
[22:52:13] [Server thread/INFO] (Minecraft) ThreadedAnvilChunkStorage (world): All chunks are saved
[22:52:13] [Server thread/INFO] (Minecraft) ThreadedAnvilChunkStorage (DIM-1): All chunks are saved
[22:52:13] [Server thread/INFO] (Minecraft) ThreadedAnvilChunkStorage (DIM1): All chunks are saved
[22:52:13] [Server thread/INFO] (Minecraft) ThreadedAnvilChunkStorage: All dimensions are saved
[22:52:13] [Server thread/INFO] (Minecraft) Thread RCON Listener stopped

BUILD SUCCESSFUL in 1m 33s
6 actionable tasks: 1 executed, 5 up-to-date
