Starting a Gradle Daemon, 1 incompatible and 3 stopped Daemons could not be reused, use --status for details

> Configure project :
Fabric Loom: 1.10.5

> Configure project :content-test
Fabric Loom: 1.10.5

> Task :compileJava UP-TO-DATE
> Task :processResources UP-TO-DATE
> Task :classes UP-TO-DATE
> Task :generateLog4jConfig UP-TO-DATE
> Task :generateRemapClasspath UP-TO-DATE
> Task :generateDLIConfig UP-TO-DATE
> Task :configureLaunch UP-TO-DATE

> Task :runServer
[22:36:42] [main/INFO] (FabricLoader/GameProvider) Loading Minecraft 1.20.1 with Fabric Loader 0.15.11
[22:36:42] [main/INFO] (FabricLoader) Loading 48 mods:
	- chunky 1.3.146
	- coreswap 1.20.1-1.0.29
	- fabric-api 0.92.0+1.20.1
	- fabric-api-base 0.4.31+1802ada577
	- fabric-api-lookup-api-v1 1.6.36+1802ada577
	- fabric-biome-api-v1 13.0.13+1802ada577
	- fabric-block-api-v1 1.0.11+1802ada577
	- fabric-block-view-api-v2 1.0.1+1802ada577
	- fabric-command-api-v1 1.2.34+f71b366f77
	- fabric-command-api-v2 2.2.13+1802ada577
	- fabric-commands-v0 0.2.51+df3654b377
	- fabric-containers-v0 0.1.64+df3654b377
	- fabric-content-registries-v0 4.0.11+1802ada577
	- fabric-convention-tags-v1 1.5.5+1802ada577
	- fabric-crash-report-info-v1 0.2.19+1802ada577
	- fabric-data-attachment-api-v1 1.0.0+de0fd6d177
	- fabric-data-generation-api-v1 12.3.4+1802ada577
	- fabric-dimensions-v1 2.1.54+1802ada577
	- fabric-entity-events-v1 1.6.0+1c78457f77
	- fabric-events-interaction-v0 0.6.2+1802ada577
	- fabric-events-lifecycle-v0 0.2.63+df3654b377
	- fabric-game-rule-api-v1 1.0.40+1802ada577
	- fabric-gametest-api-v1 1.2.13+1802ada577
	- fabric-item-api-v1 2.1.28+1802ada577
	- fabric-item-group-api-v1 4.0.12+1802ada577
	- fabric-lifecycle-events-v1 2.2.22+1802ada577
	- fabric-loot-api-v2 1.2.1+1802ada577
	- fabric-loot-tables-v1 1.1.45+9e7660c677
	- fabric-message-api-v1 5.1.9+1802ada577
	- fabric-mining-level-api-v1 2.1.50+1802ada577
	- fabric-networking-api-v1 1.3.11+1802ada577
	- fabric-networking-v0 0.3.51+df3654b377
	- fabric-object-builder-api-v1 11.1.3+1802ada577
	- fabric-particles-v1 1.1.2+1802ada577
	- fabric-recipe-api-v1 1.0.21+1802ada577
	- fabric-registry-sync-v0 2.3.3+1802ada577
	- fabric-rendering-data-attachment-v1 0.3.37+92a0d36777
	- fabric-rendering-fluids-v1 3.0.28+1802ada577
	- fabric-resource-conditions-api-v1 2.3.8+1802ada577
	- fabric-resource-loader-v0 0.11.10+1802ada577
	- fabric-screen-handler-api-v1 1.3.30+1802ada577
	- fabric-transfer-api-v1 3.3.4+1802ada577
	- fabric-transitive-access-wideners-v1 4.3.1+1802ada577
	- fabricloader 0.15.11
	- java 17
	- minecraft 1.20.1
	- mixinextras 0.3.5
	- testcontent 1.0.0
[22:36:45] [main/INFO] (FabricLoader/Mixin) SpongePowered MIXIN Subsystem Version=0.8.5 Source=file:/E:/PYTHON/CoreSwap/.gradle-home/caches/modules-2/files-2.1/net.fabricmc/sponge-mixin/0.13.3+mixin.0.8.5/9527e6b0d2449408958fd1302594dc65ec5ade9c/sponge-mixin-0.13.3+mixin.0.8.5.jar Service=Knot/Fabric Env=SERVER
[22:36:45] [main/INFO] (FabricLoader/Mixin) Loaded Fabric development mappings for mixin remapper!
[22:36:45] [main/INFO] (FabricLoader/Mixin) Compatibility level set to JAVA_16
[22:36:45] [main/INFO] (FabricLoader/Mixin) Compatibility level set to JAVA_17
[22:36:45] [main/INFO] (FabricLoader/MixinExtras|Service) Initializing MixinExtras via com.llamalad7.mixinextras.service.MixinExtrasServiceImpl(version=0.3.5).
[22:36:47] [main/WARN] (WmiQueryHandler) COM exception querying Win32_Processor, which might not be on your system. Will not attempt to query it again. Error was -2147217405: (HRESULT: 80041003)
[22:36:47] [main/WARN] (WmiQueryHandler) COM exception querying Win32_Processor, which might not be on your system. Will not attempt to query it again. Error was -2147217405: (HRESULT: 80041003)
[22:36:47] [main/WARN] (WmiQueryHandler) COM exception querying Win32_VideoController, which might not be on your system. Will not attempt to query it again. Error was -2147217405: (HRESULT: 80041003)
[22:36:47] [main/WARN] (WmiQueryHandler) COM exception querying Win32_PhysicalMemory, which might not be on your system. Will not attempt to query it again. Error was -2147217405: (HRESULT: 80041003)
[22:36:55] [main/INFO] (Minecraft) [STDOUT]: [TestContent] registered testcontent:test_brick raw=1003 testcontent:test_lamp raw=1004
[22:36:55] [main/INFO] (Minecraft) Environment: authHost='https://authserver.mojang.com', accountsHost='https://api.mojang.com', sessionHost='https://sessionserver.mojang.com', servicesHost='https://api.minecraftservices.com', name='PROD'
[22:36:57] [main/INFO] (Minecraft) Loaded 7 recipes
[22:36:57] [main/INFO] (Minecraft) Loaded 1271 advancements
[22:36:58] [main/INFO] (BiomeModificationImpl) Applied 0 biome modifications to 0 of 64 new biomes in 2.916 ms
[22:36:58] [Server thread/INFO] (Minecraft) Starting minecraft server version 1.20.1
[22:36:58] [Server thread/INFO] (Minecraft) Loading properties
[22:36:58] [Server thread/INFO] (Minecraft) Default game type: SURVIVAL
[22:36:58] [Server thread/INFO] (Minecraft) Generating keypair
[22:36:58] [Server thread/INFO] (Minecraft) Starting Minecraft server on *:25565
[22:36:58] [Server thread/INFO] (Minecraft) Using default channel type
[22:36:58] [Server thread/INFO] (Minecraft) Preparing level "world"
[22:37:01] [Server thread/INFO] (Minecraft) Preparing start region for dimension minecraft:overworld
[22:37:01] [Worker-Main-19/INFO] (Minecraft) Preparing spawn area: 0%
[22:37:01] [Worker-Main-15/INFO] (Minecraft) Preparing spawn area: 0%
[22:37:02] [Worker-Main-23/INFO] (Minecraft) Preparing spawn area: 0%
[22:37:02] [Worker-Main-20/INFO] (Minecraft) Preparing spawn area: 2%
[22:37:03] [Worker-Main-23/INFO] (Minecraft) Preparing spawn area: 4%
[22:37:03] [Worker-Main-15/INFO] (Minecraft) Preparing spawn area: 8%
[22:37:04] [Worker-Main-18/INFO] (Minecraft) Preparing spawn area: 10%
[22:37:04] [Worker-Main-23/INFO] (Minecraft) Preparing spawn area: 15%
[22:37:05] [Worker-Main-17/INFO] (Minecraft) Preparing spawn area: 21%
[22:37:05] [Worker-Main-13/INFO] (Minecraft) Preparing spawn area: 25%
[22:37:06] [Worker-Main-6/INFO] (Minecraft) Preparing spawn area: 32%
[22:37:06] [Worker-Main-10/INFO] (Minecraft) Preparing spawn area: 39%
[22:37:07] [Worker-Main-21/INFO] (Minecraft) Preparing spawn area: 46%
[22:37:07] [Worker-Main-13/INFO] (Minecraft) Preparing spawn area: 52%
[22:37:08] [Worker-Main-1/INFO] (Minecraft) Preparing spawn area: 58%
[22:37:08] [Worker-Main-18/INFO] (Minecraft) Preparing spawn area: 64%
[22:37:09] [Worker-Main-20/INFO] (Minecraft) Preparing spawn area: 70%
[22:37:09] [Worker-Main-17/INFO] (Minecraft) Preparing spawn area: 77%
[22:37:10] [Worker-Main-12/INFO] (Minecraft) Preparing spawn area: 83%
[22:37:10] [Worker-Main-16/INFO] (Minecraft) Preparing spawn area: 88%
[22:37:11] [Worker-Main-8/INFO] (Minecraft) Preparing spawn area: 94%
[22:37:11] [Server thread/INFO] (Minecraft) Time elapsed: 10343 ms
[22:37:11] [Server thread/INFO] (Minecraft) Done (12.641s)! For help, type "help"
[22:37:11] [Server thread/INFO] (Minecraft) Starting remote control listener
[22:37:11] [Server thread/INFO] (Minecraft) Thread RCON Listener started
[22:37:11] [Server thread/INFO] (Minecraft) RCON running on 0.0.0.0:25575
[22:37:11] [Server thread/INFO] (Minecraft) [STDOUT]: [CppBridge] init seed=123456789012345678 worldgenDir=E:\PYTHON\CoreSwap\versions\1.20.1\data\worldgen enabled=true stageMask=3 env.CORESWAP_DEFAULT_BLOCK=null
[22:37:11] [Server thread/INFO] (Minecraft) [STDOUT]: [CppBridge] dll=E:\PYTHON\CoreSwap\.tmp\java-tmp\coreswap-native\worldgen.dll size=2457088 sha256=dd3b645f2c79d2cb...
[22:37:11] [Server thread/INFO] (Minecraft) [STDOUT]: [CppBridge] initNether seed=123456789012345678 enabled=true stageMask=3
[22:37:11] [Server thread/INFO] (Minecraft) [STDOUT]: [CppBridge] initEnd seed=123456789012345678 enabled=true stageMask=3
[22:37:11] [Server thread/INFO] (Minecraft) [STDOUT]: [BenchMod] CoreSwap replace mode: C++ worldgen active
[22:37:20] [RCON Listener #1/INFO] (Minecraft) Thread RCON Client /127.0.0.1 started
[22:37:20] [Worker-Main-14/INFO] (Minecraft) [STDOUT]: [WG-BULKWB-SENTINEL] armed: concurrent same-chunk write detector active (non-reentrant, in-flight overlap only; mirrors vanilla LockHelper semantics)
[22:37:20] [Worker-Main-14/INFO] (Minecraft) [STDOUT]: [WG-CONTENT-WB] chunk(128,128) hash=296d7a1420456ea0 dh=1c051337dbbf14ef nz=38968
[22:37:20] [Worker-Main-14/INFO] (Minecraft) [STDOUT]: [WG-CONTENT-WB] chunk(127,127) hash=b642331304bf398e dh=461f618fc96e556d nz=37904
[22:37:20] [Worker-Main-14/INFO] (Minecraft) [STDOUT]: [WG-CONTENT-WB] chunk(127,128) hash=1819ac38a959312c dh=331e04abf7b80886 nz=37605
[22:37:21] [Worker-Main-20/INFO] (Minecraft) [STDOUT]: [WG-CONTENT-WB] chunk(128,127) hash=92fca8de22fcc82e dh=8048961c60bb19d3 nz=38254
[22:37:21] [Worker-Main-8/INFO] (Minecraft) [STDOUT]: [WG-CONTENT-WB] chunk(129,128) hash=caebea0c66380a23 dh=37c777ed6782e5df nz=39380
[22:37:21] [Worker-Main-20/INFO] (Minecraft) [STDOUT]: [WG-CONTENT-WB] chunk(129,127) hash=503fbff324b9b9fe dh=441c2fce909ec01 nz=38204
[22:37:21] [Worker-Main-14/INFO] (Minecraft) [STDOUT]: [WG-CONTENT-WB] chunk(127,129) hash=b1b0ab327fa8d839 dh=e9a460847b304fce nz=36183
[22:37:21] [Worker-Main-14/INFO] (Minecraft) [STDOUT]: [WG-CONTENT-WB] chunk(129,129) hash=6f815555dcf7a3b1 dh=47e3635a8da123ac nz=38033
[22:37:21] [Worker-Main-2/INFO] (Minecraft) [STDOUT]: [WG-CONTENT-WB] chunk(128,129) hash=ece8ad13379074fa dh=582cb97b75fb2b81 nz=37868
[22:37:21] [Worker-Main-9/INFO] (Minecraft) [STDOUT]: [WG-CONTENT-WB] chunk(127,126) hash=345a093f687aba4e dh=c347352b7945dd00 nz=37359
[22:37:21] [Worker-Main-21/INFO] (Minecraft) [STDOUT]: [WG-CONTENT-WB] chunk(128,126) hash=a711bfdcc6efcc59 dh=1d51d1385a597a0c nz=37121
[22:37:21] [Worker-Main-21/INFO] (Minecraft) [STDOUT]: [WG-CONTENT-WB] chunk(126,126) hash=ec77353e66ef6ae9 dh=e9e3173c37927891 nz=36268
[22:37:21] [Worker-Main-9/INFO] (Minecraft) [STDOUT]: [WG-CONTENT-WB] chunk(126,127) hash=a7705ae251dd54b6 dh=ca0b159b9e14658f nz=37494
[22:37:21] [Worker-Main-21/INFO] (Minecraft) [STDOUT]: [WG-CONTENT-WB] chunk(126,128) hash=fce36943c0e3164 dh=b2bc5d4d454d7296 nz=36767
[22:37:21] [Worker-Main-7/INFO] (Minecraft) [STDOUT]: [WG-CONTENT-WB] chunk(129,126) hash=661d6be49e6dd83b dh=99d7b6c3eafc6cda nz=37748
[22:37:21] [Worker-Main-17/INFO] (Minecraft) [STDOUT]: [WG-CONTENT-WB] chunk(126,129) hash=6592c382f63b0eca dh=b12032c8241ec9fb nz=34496
[22:37:22] [Worker-Main-21/INFO] (Minecraft) [STDOUT]: [WG-CONTENT-WB] chunk(130,128) hash=cde56f87403e0eb8 dh=7f4c7c6db29ed477 nz=38834
[22:37:22] [Worker-Main-21/INFO] (Minecraft) [STDOUT]: [WG-CONTENT-WB] chunk(130,126) hash=c4f8e2b217f4ef9 dh=b0af939b1238adc2 nz=40198
[22:37:22] [Worker-Main-21/INFO] (Minecraft) [STDOUT]: [WG-CONTENT-WB] chunk(130,127) hash=a3e8411a59f2490e dh=83eb252d0652fbf8 nz=37127
[22:37:22] [Worker-Main-21/INFO] (Minecraft) [STDOUT]: [WG-CONTENT-WB] chunk(130,129) hash=a4eace1b64bf8cf3 dh=40586ef244acf51f nz=37674
[22:37:22] [Worker-Main-5/INFO] (Minecraft) [STDOUT]: [WG-CONTENT-WB] chunk(127,130) hash=d3de176f4947aeaa dh=53aca36798cd9b85 nz=34146
[22:37:22] [Worker-Main-21/INFO] (Minecraft) [STDOUT]: [WG-CONTENT-WB] chunk(126,130) hash=41620db7a3841a70 dh=993f509ae9346dab nz=34948
[22:37:22] [Worker-Main-5/INFO] (Minecraft) [STDOUT]: [WG-CONTENT-WB] chunk(128,130) hash=efede9150ab3c367 dh=2fbdc321139b1796 nz=36611
[22:37:22] [Worker-Main-21/INFO] (Minecraft) [STDOUT]: [WG-CONTENT-WB] chunk(129,130) hash=41e014d8038f9170 dh=ab824d90b0451737 nz=38282
[22:37:22] [Worker-Main-17/INFO] (Minecraft) [STDOUT]: [WG-CONTENT-WB] chunk(130,130) hash=70a1f9628afa81c2 dh=a4e2b8aa6f346679 nz=38340
[22:37:22] [Worker-Main-10/INFO] (Minecraft) [STDOUT]: [WG-CONTENT-WB] chunk(129,125) hash=44d2fbf96e6d3240 dh=4232f105528cef4d nz=37680
[22:37:22] [Worker-Main-21/INFO] (Minecraft) [STDOUT]: [WG-CONTENT-WB] chunk(130,125) hash=233e58f7ffd593a7 dh=7089af215465b845 nz=39751
[22:37:22] [Worker-Main-7/INFO] (Minecraft) [STDOUT]: [WG-CONTENT-WB] chunk(126,125) hash=e46dfd380edc8e6c dh=84c22c0ea3b671a9 nz=35468
[22:37:22] [Worker-Main-10/INFO] (Minecraft) [STDOUT]: [WG-CONTENT-WB] chunk(127,125) hash=99678d272d740479 dh=1941d4e973c336a7 nz=35630
[22:37:22] [Worker-Main-10/INFO] (Minecraft) [STDOUT]: [WG-CONTENT-WB] chunk(128,125) hash=251b2dad08986dac dh=b4c9a5d3e5d82359 nz=36462
[22:37:22] [Worker-Main-11/INFO] (Minecraft) [STDOUT]: [WG-CONTENT-WB] chunk(125,125) hash=f10872852f899331 dh=9a7e1d50068fe599 nz=34524
[22:37:22] [Worker-Main-21/INFO] (Minecraft) [STDOUT]: [WG-CONTENT-WB] chunk(125,126) hash=7eb7b3d8e4466342 dh=7bfbf322e0f0034c nz=35047
[22:37:23] [Worker-Main-21/INFO] (Minecraft) [STDOUT]: [WG-CONTENT-WB] chunk(125,127) hash=3c5e3729f24b3bcc dh=4cd9a685435638d3 nz=35782
[22:37:23] [Worker-Main-2/INFO] (Minecraft) [STDOUT]: [WG-CONTENT-WB] chunk(125,128) hash=9cf852bb895dc8b9 dh=4c611fc0735011a8 nz=34899
[22:37:23] [Worker-Main-16/INFO] (Minecraft) [STDOUT]: [WG-CONTENT-WB] chunk(131,125) hash=cc8b8da45f8bd702 dh=75c2c578d68c93c2 nz=38007
[22:37:23] [Worker-Main-17/INFO] (Minecraft) [STDOUT]: [WG-CONTENT-WB] chunk(131,126) hash=609b20612e2b7697 dh=acd83f4e52aec4eb nz=39618
[22:37:23] [Worker-Main-16/INFO] (Minecraft) [STDOUT]: [WG-CONTENT-WB] chunk(131,127) hash=2d3cb8bc98c5e699 dh=f662f2629c979457 nz=36254
[22:37:23] [Worker-Main-17/INFO] (Minecraft) [STDOUT]: [WG-CONTENT-WB] chunk(131,128) hash=ba80a9f6a61ba70e dh=d9797a2966c10460 nz=36551
[22:37:23] [Worker-Main-16/INFO] (Minecraft) [STDOUT]: [WG-CONTENT-WB] chunk(125,129) hash=74d4562ac9fbdb68 dh=e9c4a5c88b3d45b4 nz=35659
[22:37:23] [Worker-Main-17/INFO] (Minecraft) [STDOUT]: [WG-CONTENT-WB] chunk(131,129) hash=cd44e4bd6be1d109 dh=11f44d0f8fc65d5 nz=38468
[22:37:23] [Worker-Main-17/INFO] (Minecraft) [STDOUT]: [WG-CONTENT-WB] chunk(131,130) hash=ecabf19cd54c6b3e dh=8e89797fceafe741 nz=37028
[22:37:23] [Worker-Main-3/INFO] (Minecraft) [STDOUT]: [WG-CONTENT-WB] chunk(125,130) hash=355bd77c3a5fec0b dh=865cf0baf59987d4 nz=35945
[22:37:23] [Worker-Main-3/INFO] (Minecraft) [STDOUT]: [WG-CONTENT-WB] chunk(125,131) hash=8a1f4889703effc3 dh=d875342bfef0917c nz=35961
[22:37:23] [Worker-Main-17/INFO] (Minecraft) [STDOUT]: [WG-CONTENT-WB] chunk(126,131) hash=e1957e5d32cb3a65 dh=ca6b810f82c34bb5 nz=36258
[22:37:23] [Worker-Main-16/INFO] (Minecraft) [STDOUT]: [WG-CONTENT-WB] chunk(127,131) hash=56ac9172d23f6b5b dh=85ea7787a80ddc1f nz=37096
[22:37:23] [Worker-Main-16/INFO] (Minecraft) [STDOUT]: [WG-CONTENT-WB] chunk(128,131) hash=e7c481d45e65f92c dh=fc38ddd35901e0c9 nz=38228
[22:37:23] [Worker-Main-17/INFO] (Minecraft) [STDOUT]: [WG-CONTENT-WB] chunk(129,131) hash=e6a010c24f2a0e53 dh=9a30a44b0f4e83aa nz=38209
[22:37:23] [Worker-Main-3/INFO] (Minecraft) [STDOUT]: [WG-CONTENT-WB] chunk(130,131) hash=6309274ccfaeec79 dh=a7f60b5e0d610910 nz=36961
[22:37:23] [Worker-Main-17/INFO] (Minecraft) [STDOUT]: [WG-CONTENT-WB] chunk(131,131) hash=627f2493628379bd dh=a90bee3867c0a62b nz=35822
[22:37:24] [Worker-Main-11/INFO] (Minecraft) [STDOUT]: [WG-CONTENT-WB] chunk(131,132) hash=691644c7ab87ed55 dh=31294675a0edebd5 nz=35344
[22:37:24] [Worker-Main-11/INFO] (Minecraft) [STDOUT]: [WG-CONTENT-WB] chunk(125,132) hash=12723a0915c56036 dh=d30eca2740b6e5d6 nz=33391
[22:37:24] [Worker-Main-19/INFO] (Minecraft) [STDOUT]: [WG-CONTENT-WB] chunk(126,132) hash=c1fafcfac8105cc2 dh=2915e9dee3c1e nz=33235
[22:37:24] [Worker-Main-11/INFO] (Minecraft) [STDOUT]: [WG-CONTENT-WB] chunk(127,132) hash=476629a22758b16d dh=f9d0d2a22f62b490 nz=35493
[22:37:24] [Worker-Main-11/INFO] (Minecraft) [STDOUT]: [WG-CONTENT-WB] chunk(128,132) hash=74f5425e900da75e dh=f3511ad8b83f548b nz=37298
[22:37:24] [Worker-Main-21/INFO] (Minecraft) [STDOUT]: [WG-CONTENT-WB] chunk(129,132) hash=a7db6ed8a903badb dh=97129c3af7b6221d nz=36772
[22:37:24] [Worker-Main-19/INFO] (Minecraft) [STDOUT]: [WG-CONTENT-WB] chunk(130,132) hash=75e2fc96770f4576 dh=8b02f08e95bd40c4 nz=35777
[22:37:24] [Worker-Main-19/INFO] (Minecraft) [STDOUT]: [WG-CONTENT-WB] chunk(125,124) hash=3f0ad849141d8aa9 dh=d09ebf5308966b3b nz=33478
[22:37:24] [Worker-Main-8/INFO] (Minecraft) [STDOUT]: [WG-CONTENT-WB] chunk(126,124) hash=708fdc513cee1bc dh=f1901cd05af67b93 nz=34208
[22:37:24] [Worker-Main-18/INFO] (Minecraft) [STDOUT]: [WG-CONTENT-WB] chunk(127,124) hash=89b2202f74a8febf dh=c53633bdde2c0ae6 nz=35171
[22:37:24] [Worker-Main-18/INFO] (Minecraft) [STDOUT]: [WG-CONTENT-WB] chunk(128,124) hash=faa9bf4a35f6e268 dh=5a6d19bdb1d113d7 nz=36962
[22:37:24] [Worker-Main-6/INFO] (Minecraft) [STDOUT]: [WG-CONTENT-WB] chunk(129,124) hash=60fc1770bf629870 dh=fc48405b55c122c0 nz=36711
[22:37:24] [Worker-Main-15/INFO] (Minecraft) [STDOUT]: [WG-CONTENT-WB] chunk(130,124) hash=58a2bf9a1c68bce dh=ee3cce4220440e71 nz=35703
[22:37:24] [Worker-Main-18/INFO] (Minecraft) [STDOUT]: [WG-CONTENT-WB] chunk(131,124) hash=fb186f13f0a19a7f dh=9ca97dfc56a25452 nz=33737
[22:37:24] [Worker-Main-15/INFO] (Minecraft) [STDOUT]: [WG-CONTENT-WB] chunk(124,125) hash=acc3471a5c2b7483 dh=f12720834838c5a0 nz=31463
[22:37:25] [Worker-Main-18/INFO] (Minecraft) [STDOUT]: [WG-CONTENT-WB] chunk(124,124) hash=5aa3781e17876441 dh=ff9ef65812fa7ab3 nz=32608
[22:37:25] [Worker-Main-15/INFO] (Minecraft) [STDOUT]: [WG-CONTENT-WB] chunk(124,126) hash=ecb808d14010c4c7 dh=6ab62b5c202893be nz=30903
[22:37:25] [Worker-Main-18/INFO] (Minecraft) [STDOUT]: [WG-CONTENT-WB] chunk(124,127) hash=29c8181133e48cf9 dh=7d72806a89eecc42 nz=33480
[22:37:25] [Worker-Main-15/INFO] (Minecraft) [STDOUT]: [WG-CONTENT-WB] chunk(124,128) hash=76efb1bad37a8155 dh=376c313c507dbcf6 nz=34065
[22:37:25] [Worker-Main-4/INFO] (Minecraft) [STDOUT]: [WG-CONTENT-WB] chunk(132,124) hash=66d3dc47d2aacf03 dh=9a523219864977bf nz=25532
[22:37:25] [Worker-Main-4/INFO] (Minecraft) [STDOUT]: [WG-CONTENT-WB] chunk(130,133) hash=7968680b55af33ba dh=193d7a0994780303 nz=33574
[22:37:25] [Worker-Main-4/INFO] (Minecraft) [STDOUT]: [WG-CONTENT-WB] chunk(131,133) hash=c3007b9500bd60be dh=5f8a736901661187 nz=34146
[22:37:25] [Worker-Main-4/INFO] (Minecraft) [STDOUT]: [WG-CONTENT-WB] chunk(125,133) hash=8652b769e62b6f5 dh=e9ada0e0301df96a nz=33355
[22:37:25] [Worker-Main-4/INFO] (Minecraft) [STDOUT]: [WG-CONTENT-WB] chunk(126,133) hash=e00cb8de880fb97b dh=536caf66a6fd2310 nz=33321
[22:37:25] [Worker-Main-7/INFO] (Minecraft) [STDOUT]: [WG-CONTENT-WB] chunk(127,133) hash=3375ddd20178a28c dh=24dd46effab0a819 nz=32764
[22:37:25] [Worker-Main-4/INFO] (Minecraft) [STDOUT]: [WG-CONTENT-WB] chunk(128,133) hash=1f54f168d4e206 dh=5fe89eb9ef8c45ca nz=34959
[22:37:25] [Worker-Main-17/INFO] (Minecraft) [STDOUT]: [WG-CONTENT-WB] chunk(129,133) hash=c246644de098ddfc dh=418f7a134371681d nz=34392
[22:37:25] [Worker-Main-3/INFO] (Minecraft) [STDOUT]: [WG-CONTENT-WB] chunk(132,125) hash=a3d81ed7ac150dd3 dh=b383dedbe2384eaf nz=26772
[22:37:25] [Worker-Main-2/INFO] (Minecraft) [STDOUT]: [WG-CONTENT-WB] chunk(132,126) hash=fc9d6392b3f9a8e7 dh=e18043730b0e8977 nz=31443
[22:37:25] [Worker-Main-21/INFO] (Minecraft) [STDOUT]: [WG-CONTENT-WB] chunk(132,127) hash=43b017e5284d76cc dh=1f7524c820458c92 nz=33084
[22:37:25] [Worker-Main-21/INFO] (Minecraft) [STDOUT]: [WG-CONTENT-WB] chunk(132,128) hash=b4cf9a16abde83fd dh=129fc76d83e97184 nz=35011
[22:37:25] [Worker-Main-21/INFO] (Minecraft) [STDOUT]: [WG-CONTENT-WB] chunk(132,129) hash=5333c9c828bbef0c dh=84bfe8fdfb6a25b4 nz=36755
[22:37:26] [Worker-Main-5/INFO] (Minecraft) [STDOUT]: [WG-CONTENT-WB] chunk(132,130) hash=21726ca05c249c27 dh=54a23ffe4f80acfe nz=36624
[22:37:26] [Worker-Main-5/INFO] (Minecraft) [STDOUT]: [WG-CONTENT-WB] chunk(124,129) hash=574aa4cd42a28d69 dh=98743c94ef456fb9 nz=34322
[22:37:26] [Worker-Main-21/INFO] (Minecraft) [STDOUT]: [WG-CONTENT-WB] chunk(124,130) hash=2b9c59551edc93ef dh=2ff673c8c7a1ef46 nz=34499
[22:37:26] [Worker-Main-7/INFO] (Minecraft) [STDOUT]: [WG-CONTENT-WB] chunk(124,131) hash=45a64cd033b9a759 dh=f3365788f0fc7cf8 nz=34045
[22:37:26] [Worker-Main-5/INFO] (Minecraft) [STDOUT]: [WG-CONTENT-WB] chunk(124,132) hash=7b059479dcae8a68 dh=4d923ad9473d60a2 nz=31185
[22:37:26] [Worker-Main-5/INFO] (Minecraft) [STDOUT]: [WG-CONTENT-WB] chunk(132,131) hash=5bc15f8f4ef90e93 dh=931ae30f58916456 nz=35477
[22:37:26] [Worker-Main-12/INFO] (Minecraft) [STDOUT]: [WG-CONTENT-WB] chunk(127,134) hash=20a3422eafe0d5f4 dh=e96426871afcdb0c nz=32893
[22:37:26] [Worker-Main-12/INFO] (Minecraft) [STDOUT]: [WG-CONTENT-WB] chunk(125,134) hash=aedf329808bcbdd0 dh=38878a86e6f403d5 nz=33060
[22:37:26] [Worker-Main-8/INFO] (Minecraft) [STDOUT]: [WG-CONTENT-WB] chunk(128,134) hash=668500ab84f89fa4 dh=9a9b74b68d42743a nz=31239
[22:37:26] [Worker-Main-5/INFO] (Minecraft) [STDOUT]: [WG-CONTENT-WB] chunk(126,134) hash=85bc58b74b7cda06 dh=4d8a0e871da9a01a nz=33439
[22:37:26] [Worker-Main-12/INFO] (Minecraft) [STDOUT]: [WG-CONTENT-WB] chunk(129,134) hash=662a3ab95f79c54a dh=e0c2b0296cbf15f nz=33194
[22:37:26] [Worker-Main-8/INFO] (Minecraft) [STDOUT]: [WG-CONTENT-WB] chunk(130,134) hash=2a2b1b21512b9c7f dh=7d865728613f7238 nz=32753
[22:37:26] [Worker-Main-8/INFO] (Minecraft) [STDOUT]: [WG-CONTENT-WB] chunk(131,134) hash=9dfecef41b9dbc2a dh=fdd35c3b1198b4b4 nz=32317
[22:37:26] [Worker-Main-17/INFO] (Minecraft) [STDOUT]: [WG-CONTENT-WB] chunk(132,132) hash=dba22c9399f70e05 dh=4434a4d5cdae8f2e nz=34535
[22:37:26] [Worker-Main-14/INFO] (Minecraft) [STDOUT]: [WG-CONTENT-WB] chunk(132,133) hash=5b829dfaf668cfdd dh=209dc8bba7664a2a nz=33201
[22:37:26] [Worker-Main-8/INFO] (Minecraft) [STDOUT]: [WG-CONTENT-WB] chunk(124,133) hash=abb21d443b494360 dh=56819b7659c598d8 nz=31763
[22:37:26] [Worker-Main-23/INFO] (Minecraft) [STDOUT]: [WG-CONTENT-WB] chunk(124,134) hash=4f58513e6d35a8ae dh=7dc22f17d376f31d nz=32784
[22:37:27] [Worker-Main-23/INFO] (Minecraft) [STDOUT]: [WG-CONTENT-WB] chunk(132,134) hash=2bdde16f29d03125 dh=2e5b215f8d72fdeb nz=30878
[22:37:27] [Worker-Main-5/INFO] (Minecraft) [STDOUT]: [WG-CONTENT-WB] chunk(130,135) hash=39d5245d1b1bd97b dh=7a34e85a37d5a90 nz=30289
[22:37:27] [Worker-Main-2/INFO] (Minecraft) [STDOUT]: [WG-CONTENT-WB] chunk(129,135) hash=55364661b687cd02 dh=41faa971866b4694 nz=30587
[22:37:27] [Worker-Main-5/INFO] (Minecraft) [STDOUT]: [WG-CONTENT-WB] chunk(126,135) hash=19016231669438a4 dh=cf0c4a3f7aec202b nz=33262
[22:37:27] [Worker-Main-2/INFO] (Minecraft) [STDOUT]: [WG-CONTENT-WB] chunk(125,135) hash=18d49f58d1bc7b57 dh=76c445e6664b49cc nz=32869
[22:37:27] [Worker-Main-19/INFO] (Minecraft) [STDOUT]: [WG-CONTENT-WB] chunk(127,135) hash=316a08a458088b69 dh=aa756aee5377f724 nz=33313
[22:37:27] [Worker-Main-2/INFO] (Minecraft) [STDOUT]: [WG-CONTENT-WB] chunk(128,135) hash=9469bf3f590b2ed4 dh=7b7c97073d0214f1 nz=31552
[22:37:27] [Worker-Main-2/INFO] (Minecraft) [STDOUT]: [WG-CONTENT-WB] chunk(131,135) hash=b103410ee728593d dh=56b5347f8f67893d nz=30367
[22:37:27] [Worker-Main-12/INFO] (Minecraft) [STDOUT]: [WG-CONTENT-WB] chunk(124,135) hash=40192fcce2a0b6bd dh=ba6c31b1c2c6f9d7 nz=32714
[22:37:27] [Worker-Main-12/INFO] (Minecraft) [STDOUT]: [WG-CONTENT-WB] chunk(132,135) hash=797c4224bc1bd108 dh=5ca7101e4d11ca01 nz=32488
[22:37:27] [Worker-Main-22/INFO] (Minecraft) [STDOUT]: [WG-CONTENT-WB] chunk(127,136) hash=6803ada31a0ab46b dh=4aae64c827b8bce6 nz=32877
[22:37:27] [Worker-Main-22/INFO] (Minecraft) [STDOUT]: [WG-CONTENT-WB] chunk(128,136) hash=3974b4e2874e0bfb dh=c9a9b76a7b1b9516 nz=32297
[22:37:27] [Worker-Main-22/INFO] (Minecraft) [STDOUT]: [WG-CONTENT-WB] chunk(131,136) hash=475d2efa50525303 dh=f216c8c9cac12b87 nz=32488
[22:37:27] [Worker-Main-12/INFO] (Minecraft) [STDOUT]: [WG-CONTENT-WB] chunk(129,136) hash=7dad9f3114521ea9 dh=7924cf643717bff nz=31219
[22:37:27] [Worker-Main-12/INFO] (Minecraft) [STDOUT]: [WG-CONTENT-WB] chunk(130,136) hash=636007981aad8c2 dh=e73f53e83e1ca9f6 nz=31587
[22:37:27] [Worker-Main-12/INFO] (Minecraft) [STDOUT]: [WG-CONTENT-WB] chunk(125,136) hash=3d216802aa3036cb dh=8f83e3fabefe6962 nz=32817
[22:37:27] [Worker-Main-12/INFO] (Minecraft) [STDOUT]: [WG-CONTENT-WB] chunk(126,136) hash=d4d3058cc314ff61 dh=ca1d379b3e5f088e nz=32979
[22:37:28] [Worker-Main-22/INFO] (Minecraft) [STDOUT]: [WG-CONTENT-WB] chunk(124,136) hash=65b6b1fd66ad5295 dh=f02c2dec8f4a5586 nz=32565
[22:37:28] [Worker-Main-12/INFO] (Minecraft) [STDOUT]: [WG-CONTENT-WB] chunk(132,136) hash=914262d2213b76e9 dh=ed992d9ac3a440b9 nz=32512
[22:37:28] [Worker-Main-6/INFO] (Minecraft) [STDOUT]: [WG-CONTENT-WB] chunk(127,137) hash=2be05c5c7d619aaf dh=9ae77797e4c47952 nz=32600
[22:37:28] [Worker-Main-18/INFO] (Minecraft) [STDOUT]: [WG-CONTENT-WB] chunk(128,137) hash=3e76051a29286a9e dh=828e0c114cb3ccec nz=32512
[22:37:28] [Worker-Main-6/INFO] (Minecraft) [STDOUT]: [WG-CONTENT-WB] chunk(126,137) hash=6c6e75530edb616f dh=f12be2ba23f7e2b2 nz=32734
[22:37:28] [Worker-Main-6/INFO] (Minecraft) [STDOUT]: [WG-CONTENT-WB] chunk(129,137) hash=f1c6658f23888429 dh=7f16d75ae90b739a nz=32512
[22:37:28] [Worker-Main-10/INFO] (Minecraft) [STDOUT]: [WG-CONTENT-WB] chunk(130,137) hash=191921a06e791ef dh=aa2dcadaa628eff2 nz=32512
[22:37:28] [Worker-Main-10/INFO] (Minecraft) [STDOUT]: [WG-CONTENT-WB] chunk(131,137) hash=8b2fa76c054c14c9 dh=bf4d2dca69c71ca5 nz=32512
[22:37:28] [Worker-Main-10/INFO] (Minecraft) [STDOUT]: [WG-CONTENT-WB] chunk(125,137) hash=29c9aceb23df314 dh=b651671fdd3c032c nz=32769
[22:37:28] [Worker-Main-21/INFO] (Minecraft) [STDOUT]: [WG-CONTENT-WB] chunk(125,138) hash=cd7e776338dfc00f dh=8905d3e757aee676 nz=32517
[22:37:28] [Worker-Main-5/INFO] (Minecraft) [STDOUT]: [WG-CONTENT-WB] chunk(126,138) hash=edad96b2c62d9bfb dh=25870dbcca3e6de8 nz=32512
[22:37:28] [Worker-Main-22/INFO] (Minecraft) [STDOUT]: [WG-CONTENT-WB] chunk(127,138) hash=f260b35ec90c96ca dh=b0f063fa223f88bc nz=32512
[22:37:28] [Worker-Main-22/INFO] (Minecraft) [STDOUT]: [WG-CONTENT-WB] chunk(128,138) hash=249399d768df470d dh=ee9d9b7a1ad10854 nz=32512
[22:37:28] [Worker-Main-22/INFO] (Minecraft) [STDOUT]: [WG-CONTENT-WB] chunk(131,138) hash=6e07b54330fd9764 dh=a435f14aacc4631f nz=32551
[22:37:28] [Worker-Main-22/INFO] (Minecraft) [STDOUT]: [WG-CONTENT-WB] chunk(129,138) hash=c93da3aed20ab810 dh=bb70d76fd89eca7 nz=32512
[22:37:28] [Worker-Main-22/INFO] (Minecraft) [STDOUT]: [WG-CONTENT-WB] chunk(130,138) hash=98b2219db2896bc8 dh=771881a4bb9534d4 nz=32522
[22:37:28] [Worker-Main-1/INFO] (Minecraft) [STDOUT]: [WG-CONTENT-WB] chunk(132,137) hash=ae9b363f86cc2700 dh=27392b29e994f5a3 nz=32512
[22:37:28] [Worker-Main-5/INFO] (Minecraft) [STDOUT]: [WG-CONTENT-WB] chunk(124,137) hash=b07541afb416b2d6 dh=b7e4ebf3ef8812d4 nz=32679
[22:37:28] [Worker-Main-22/INFO] (Minecraft) [STDOUT]: [WG-CONTENT-WB] chunk(124,138) hash=5bd5c6cf1c730496 dh=3f4585ec0f2acd11 nz=32497
[22:37:29] [Worker-Main-19/INFO] (Minecraft) [STDOUT]: [WG-CONTENT-WB] chunk(132,138) hash=2678fde290c81e53 dh=87a290876d2f6ec5 nz=32513
[22:37:29] [Worker-Main-22/INFO] (Minecraft) [STDOUT]: [WG-CONTENT-WB] chunk(131,139) hash=d19e585c038f1eef dh=d5cff09e89242b98 nz=32953
[22:37:29] [Worker-Main-8/INFO] (Minecraft) [STDOUT]: [WG-CONTENT-WB] chunk(129,139) hash=a2c96105013c61c6 dh=fd777a0906e33a5f nz=32732
[22:37:29] [Worker-Main-22/INFO] (Minecraft) [STDOUT]: [WG-CONTENT-WB] chunk(130,139) hash=728e2e863fecff9f dh=15d081186eca4c61 nz=32804
[22:37:29] [Worker-Main-8/INFO] (Minecraft) [STDOUT]: [WG-CONTENT-WB] chunk(128,139) hash=18f734ac81096efd dh=d20a1fd7ed45b95c nz=32507
[22:37:29] [Worker-Main-8/INFO] (Minecraft) [STDOUT]: [WG-CONTENT-WB] chunk(127,139) hash=e0431f302897ac3b dh=adf4e6dd86ceafb8 nz=32018
[22:37:29] [Worker-Main-20/INFO] (Minecraft) [STDOUT]: [WG-CONTENT-WB] chunk(126,139) hash=d1b83ac8d8813afa dh=494070fc1f48dfa nz=31474
[22:37:29] [Worker-Main-22/INFO] (Minecraft) [STDOUT]: [WG-CONTENT-WB] chunk(125,139) hash=b1bf4e633a045a73 dh=70378aaa323b99c0 nz=30951
[22:37:29] [Worker-Main-13/INFO] (Minecraft) [STDOUT]: [WG-CONTENT-WB] chunk(124,139) hash=a7620fc7b29dd42c dh=49b82b87a88f98c1 nz=30032
[22:37:29] [Worker-Main-16/INFO] (Minecraft) [STDOUT]: [WG-CONTENT-WB] chunk(132,139) hash=37b26bc137d08cd9 dh=a81318ae962447e1 nz=32639
[22:37:29] [Worker-Main-16/INFO] (Minecraft) [STDOUT]: [WG-CONTENT-WB] chunk(126,140) hash=aa0938e375315d7a dh=6b0719ef1ef972d9 nz=30259
[22:37:29] [Worker-Main-3/INFO] (Minecraft) [STDOUT]: [WG-CONTENT-WB] chunk(130,140) hash=30770f40c7479db2 dh=43a216417308d364 nz=32761
[22:37:29] [Worker-Main-16/INFO] (Minecraft) [STDOUT]: [WG-CONTENT-WB] chunk(128,140) hash=ad13d41226bc25ae dh=5acaf2710153221 nz=31548
[22:37:29] [Worker-Main-11/INFO] (Minecraft) [STDOUT]: [WG-CONTENT-WB] chunk(129,140) hash=392c559caffd9d89 dh=1fc4fc1f1d1045f5 nz=32612
[22:37:29] [Worker-Main-16/INFO] (Minecraft) [STDOUT]: [WG-CONTENT-WB] chunk(131,140) hash=b6e441b59601f036 dh=5b4c5b5a3f8dcc92 nz=32895
[22:37:29] [Worker-Main-16/INFO] (Minecraft) [STDOUT]: [WG-CONTENT-WB] chunk(125,140) hash=d55db784442880b0 dh=2fece762b87a1bb3 nz=29344
[22:37:29] [Worker-Main-16/INFO] (Minecraft) [STDOUT]: [WG-CONTENT-WB] chunk(127,140) hash=fb1948b7b38f9357 dh=a400af70786f87a9 nz=30040
[22:37:29] [Worker-Main-3/INFO] (Minecraft) [STDOUT]: [WG-CONTENT-WB] chunk(124,140) hash=3d678dd83f8def6a dh=71549902c2c138fa nz=29957
[22:37:30] [Worker-Main-13/INFO] (Minecraft) [STDOUT]: [WG-CONTENT-WB] chunk(132,140) hash=3db500d389953a2a dh=9ba566c50ba4e2d8 nz=32671
[22:37:30] [Worker-Main-16/INFO] (Minecraft) [STDOUT]: [WG-CONTENT-WB] chunk(128,141) hash=ebc0814a3c2a2375 dh=d61b923d8359b100 nz=31575
[22:37:30] [Worker-Main-18/INFO] (Minecraft) [STDOUT]: [WG-CONTENT-WB] chunk(129,141) hash=fad90f2231a7f2fd dh=4ddc65ed4d77b39d nz=32532
[22:37:30] [Worker-Main-16/INFO] (Minecraft) [STDOUT]: [WG-CONTENT-WB] chunk(126,141) hash=f37b4458c7f5de41 dh=74b3770b6df4aa4c nz=32558
[22:37:30] [Worker-Main-5/INFO] (Minecraft) [STDOUT]: [WG-CONTENT-WB] chunk(127,141) hash=ba2d12644d3475aa dh=b9f2c96c03c06cb nz=30862
[22:37:30] [Worker-Main-18/INFO] (Minecraft) [STDOUT]: [WG-CONTENT-WB] chunk(130,141) hash=2f7926d7811c3656 dh=699a394aad3717b3 nz=32702
[22:37:30] [Worker-Main-16/INFO] (Minecraft) [STDOUT]: [WG-CONTENT-WB] chunk(131,141) hash=bcb9c6f03799eafa dh=e908bed060407215 nz=32764
[22:37:30] [Worker-Main-18/INFO] (Minecraft) [STDOUT]: [WG-CONTENT-WB] chunk(125,141) hash=24579579342c6268 dh=ba4fb4618a0c08c2 nz=32918
[22:37:30] [Worker-Main-15/INFO] (Minecraft) [STDOUT]: [WG-CONTENT-WB] chunk(126,142) hash=76de4b5611ec6190 dh=20c3b99fea16e6d7 nz=32501
[22:37:30] [Worker-Main-4/INFO] (Minecraft) [STDOUT]: [WG-CONTENT-WB] chunk(125,142) hash=61b9bdcf8e35be23 dh=54949949d8a49a7b nz=32943
[22:37:30] [Worker-Main-15/INFO] (Minecraft) [STDOUT]: [WG-CONTENT-WB] chunk(124,141) hash=893e7ad89ad0f2d0 dh=aec975f50959e3c1 nz=31904
[22:37:30] [Worker-Main-15/INFO] (Minecraft) [STDOUT]: [WG-CONTENT-WB] chunk(132,141) hash=abca4a40d00a3358 dh=b39930b97633087e nz=32757
[22:37:30] [Worker-Main-15/INFO] (Minecraft) [STDOUT]: [WG-CONTENT-WB] chunk(124,142) hash=c23c20a8c4f3061 dh=a9c22e8bca1f04de nz=31085
[22:37:30] [Worker-Main-16/INFO] (Minecraft) [STDOUT]: [WG-CONTENT-WB] chunk(127,142) hash=2638ced81ae29409 dh=f49015fb0cba2b30 nz=31375
[22:37:30] [Worker-Main-4/INFO] (Minecraft) [STDOUT]: [WG-CONTENT-WB] chunk(131,142) hash=c7a2a3448a5cf5d1 dh=19243d6a0f836649 nz=32680
[22:37:30] [Worker-Main-7/INFO] (Minecraft) [STDOUT]: [WG-CONTENT-WB] chunk(128,142) hash=6fef089020389d70 dh=90dcbb816de7deff nz=32446
[22:37:31] [Worker-Main-5/INFO] (Minecraft) [STDOUT]: [WG-CONTENT-WB] chunk(129,142) hash=91ced742347df1b2 dh=95290c6605b7d617 nz=32636
[22:37:31] [Worker-Main-5/INFO] (Minecraft) [STDOUT]: [WG-CONTENT-WB] chunk(130,142) hash=53e4849abfc43f9b dh=35987056201396d9 nz=32956
[22:37:31] [Worker-Main-3/INFO] (Minecraft) [STDOUT]: [WG-CONTENT-WB] chunk(132,142) hash=8032670c107a6fbe dh=844f6603195db1c0 nz=32759
[22:37:31] [Worker-Main-1/INFO] (Minecraft) [STDOUT]: [WG-CONTENT-WB] chunk(129,143) hash=60895f6ffa2b6cad dh=4d75d159435a40c7 nz=32515
[22:37:31] [Worker-Main-1/INFO] (Minecraft) [STDOUT]: [WG-CONTENT-WB] chunk(127,143) hash=26f99576eb06b7e0 dh=9dd0efe6549c13c0 nz=31224
[22:37:31] [Worker-Main-3/INFO] (Minecraft) [STDOUT]: [WG-CONTENT-WB] chunk(128,143) hash=7ca61d7c31562746 dh=4b4c16c90698df95 nz=32493
[22:37:31] [Worker-Main-3/INFO] (Minecraft) [STDOUT]: [WG-CONTENT-WB] chunk(125,143) hash=a46bb8a6c1642ac4 dh=3c446eb93af6a1b0 nz=31694
[22:37:31] [Worker-Main-21/INFO] (Minecraft) [STDOUT]: [WG-CONTENT-WB] chunk(126,143) hash=59bc6f27efdd3bd3 dh=411d91be31c6ee2f nz=31420
[22:37:31] [Worker-Main-1/INFO] (Minecraft) [STDOUT]: [WG-CONTENT-WB] chunk(131,143) hash=344675e504f66b35 dh=1cb230668582e0aa nz=30577
[22:37:31] [Worker-Main-1/INFO] (Minecraft) [STDOUT]: [WG-CONTENT-WB] chunk(130,143) hash=4b4d326b53db7c2e dh=72c638e5c97e45d6 nz=32632
[22:37:31] [Worker-Main-17/INFO] (Minecraft) [STDOUT]: [WG-CONTENT-WB] chunk(124,143) hash=ab4ae9acedd75868 dh=b7035377292e4d4d nz=30088
[22:37:31] [Worker-Main-3/INFO] (Minecraft) [STDOUT]: [WG-CONTENT-WB] chunk(132,143) hash=75af2919bd19190 dh=d9086bc0925259e7 nz=32566
[22:37:31] [Worker-Main-8/INFO] (Minecraft) [STDOUT]: [WG-CONTENT-WB] chunk(125,144) hash=54b90fc0f048f442 dh=d0bbe016a863c4b1 nz=28942
[22:37:31] [Worker-Main-8/INFO] (Minecraft) [STDOUT]: [WG-CONTENT-WB] chunk(126,144) hash=83fe13ed133fa5e8 dh=c90e93882e9ad78f nz=29924
[22:37:31] [Worker-Main-9/INFO] (Minecraft) [STDOUT]: [WG-CONTENT-WB] chunk(131,144) hash=b78a84fdcbf8bbbe dh=a3a3164d1c474868 nz=32443
[22:37:31] [Worker-Main-9/INFO] (Minecraft) [STDOUT]: [WG-CONTENT-WB] chunk(130,144) hash=2681821acdf2e372 dh=ebf6dbd56ee5eb44 nz=31545
[22:37:31] [Worker-Main-9/INFO] (Minecraft) [STDOUT]: [WG-CONTENT-WB] chunk(127,144) hash=32db6c1bf8c0bb3a dh=3f9420e7602dea61 nz=29836
[22:37:31] [Worker-Main-8/INFO] (Minecraft) [STDOUT]: [WG-CONTENT-WB] chunk(128,144) hash=f946bcd14528c891 dh=eeae21f0b13f15d7 nz=31997
[22:37:32] [Worker-Main-9/INFO] (Minecraft) [STDOUT]: [WG-CONTENT-WB] chunk(129,144) hash=6935087658d5ffe5 dh=c2658766f7469f83 nz=32489
[22:37:32] [Worker-Main-9/INFO] (Minecraft) [STDOUT]: [WG-CONTENT-WB] chunk(124,144) hash=18552696e91e99f3 dh=a3cf344bdc78fde3 nz=29864
[22:37:32] [Worker-Main-8/INFO] (Minecraft) [STDOUT]: [WG-CONTENT-WB] chunk(132,144) hash=c5cdf7fc02339c3f dh=6f6f139e201c6156 nz=32512
[22:37:32] [Worker-Main-21/INFO] (Minecraft) [STDOUT]: [WG-CONTENT-WB] chunk(126,145) hash=44070f116a323e69 dh=85844158e4f25b7c nz=30498
[22:37:32] [Worker-Main-21/INFO] (Minecraft) [STDOUT]: [WG-CONTENT-WB] chunk(127,145) hash=2ad744579e81eaa8 dh=888c4ec08b246034 nz=31021
[22:37:32] [Worker-Main-4/INFO] (Minecraft) [STDOUT]: [WG-CONTENT-WB] chunk(125,145) hash=d8bcc995d7a4bf33 dh=246429f70f8bb111 nz=30008
[22:37:32] [Worker-Main-8/INFO] (Minecraft) [STDOUT]: [WG-CONTENT-WB] chunk(128,145) hash=b57989e64985dc76 dh=4e33cf483d3a574f nz=29547
[22:37:32] [Worker-Main-18/INFO] (Minecraft) [STDOUT]: [WG-CONTENT-WB] chunk(129,145) hash=f3c7c59435b99c6b dh=7f3306dbd7bd8a91 nz=31491
[22:37:32] [Worker-Main-8/INFO] (Minecraft) [STDOUT]: [WG-CONTENT-WB] chunk(130,145) hash=3a2095a1bb3df2d7 dh=dec3aa773d6de338 nz=32404
[22:37:32] [Worker-Main-18/INFO] (Minecraft) [STDOUT]: [WG-CONTENT-WB] chunk(131,145) hash=df67b346cbd1c043 dh=3746e6498365900d nz=32512
[22:37:32] [Worker-Main-18/INFO] (Minecraft) [STDOUT]: [WG-CONTENT-WB] chunk(132,145) hash=fdc9dbfb51f1d63f dh=c60e04bd32497398 nz=32512
[22:37:32] [Worker-Main-12/INFO] (Minecraft) [STDOUT]: [WG-CONTENT-WB] chunk(127,146) hash=6e5cf0032e0368 dh=2218271f281e3255 nz=33490
[22:37:32] [Worker-Main-8/INFO] (Minecraft) [STDOUT]: [WG-CONTENT-WB] chunk(126,146) hash=e255530b4886f105 dh=37c4bcef0759beaf nz=31698
[22:37:32] [Worker-Main-12/INFO] (Minecraft) [STDOUT]: [WG-CONTENT-WB] chunk(128,146) hash=b63143281f2f2b23 dh=7e3a98896fbb6975 nz=32472
[22:37:32] [Worker-Main-19/INFO] (Minecraft) [STDOUT]: [WG-CONTENT-WB] chunk(130,146) hash=8cb53324a6d76dcd dh=fd81c9e59987beaa nz=31459
[22:37:32] [Worker-Main-12/INFO] (Minecraft) [STDOUT]: [WG-CONTENT-WB] chunk(129,146) hash=e0f40467ef23ae4f dh=5c87a00e17bd5ab nz=31895
[22:37:32] [Worker-Main-6/INFO] (Minecraft) [STDOUT]: [WG-CONTENT-WB] chunk(131,146) hash=97bcf6e901a144e6 dh=c5ff8f220e79c9fc nz=31293
[22:37:32] [Worker-Main-6/INFO] (Minecraft) [STDOUT]: [WG-CONTENT-WB] chunk(125,146) hash=d2a30c577b887a6d dh=9312a14f4b0232e nz=32165
[22:37:33] [Worker-Main-6/INFO] (Minecraft) [STDOUT]: [WG-CONTENT-WB] chunk(132,146) hash=e76a0403a222e290 dh=a11d318700e53c38 nz=32452
[22:37:33] [Worker-Main-21/INFO] (Minecraft) [STDOUT]: [WG-CONTENT-WB] chunk(124,145) hash=c609a794ad63d51d dh=9f91b7bfbffa4e8 nz=32831
[22:37:33] [Worker-Main-21/INFO] (Minecraft) [STDOUT]: [WG-CONTENT-WB] chunk(124,146) hash=6fccbb07cf64be8 dh=9c4beec405a4b487 nz=34290
[22:37:33] [Worker-Main-1/INFO] (Minecraft) [STDOUT]: [WG-CONTENT-WB] chunk(133,141) hash=7885d810379ea168 dh=98131d7c9f3dc5f nz=32822
[22:37:33] [Worker-Main-12/INFO] (Minecraft) [STDOUT]: [WG-CONTENT-WB] chunk(133,142) hash=7eb23b545628b6df dh=2a791ca6fcd61843 nz=32902
[22:37:33] [Worker-Main-12/INFO] (Minecraft) [STDOUT]: [WG-CONTENT-WB] chunk(133,143) hash=6c4f9aac8f71a9f9 dh=9eccb5d6d49dff26 nz=32765
[22:37:33] [Worker-Main-12/INFO] (Minecraft) [STDOUT]: [WG-CONTENT-WB] chunk(133,144) hash=776c05da0569807e dh=45dcb1149f249206 nz=32562
[22:37:33] [Worker-Main-12/INFO] (Minecraft) [STDOUT]: [WG-CONTENT-WB] chunk(133,145) hash=5e0fe212c4a8e020 dh=4a2cb84a624af2e1 nz=32512
[22:37:33] [Worker-Main-21/INFO] (Minecraft) [STDOUT]: [WG-CONTENT-WB] chunk(133,140) hash=b809775085fa01ad dh=5a9819d2a3c207c5 nz=32768
[22:37:33] [Worker-Main-12/INFO] (Minecraft) [STDOUT]: [WG-CONTENT-WB] chunk(133,128) hash=a52de821456c078d dh=dc428e9918b95c5d nz=33532
[22:37:33] [Worker-Main-8/INFO] (Minecraft) [STDOUT]: [WG-CONTENT-WB] chunk(133,129) hash=7cae89e126e28fb4 dh=5adc17238aa99b18 nz=34431
[22:37:33] [Worker-Main-8/INFO] (Minecraft) [STDOUT]: [WG-CONTENT-WB] chunk(133,127) hash=c25ba5e03ed058c8 dh=954b6866ad55cbb6 nz=29992
[22:37:33] [Worker-Main-8/INFO] (Minecraft) [STDOUT]: [WG-CONTENT-WB] chunk(133,133) hash=6a0e63cbca1d24b2 dh=506e7bf0f3d20d29 nz=31944
[22:37:33] [Worker-Main-8/INFO] (Minecraft) [STDOUT]: [WG-CONTENT-WB] chunk(133,130) hash=3651754c780be7a3 dh=e47c1d4509aa6140 nz=34745
[22:37:33] [Worker-Main-8/INFO] (Minecraft) [STDOUT]: [WG-CONTENT-WB] chunk(133,125) hash=f54791d2e134ddba dh=f436f31bc9732fc nz=26861
[22:37:33] [Worker-Main-8/INFO] (Minecraft) [STDOUT]: [WG-CONTENT-WB] chunk(133,131) hash=bea574d9eed09fa3 dh=6a1fdd882583916c nz=34611
[22:37:33] [Worker-Main-12/INFO] (Minecraft) [STDOUT]: [WG-CONTENT-WB] chunk(133,132) hash=5f13da3fe61a3ea1 dh=db2ba26c2687442a nz=33963
[22:37:34] [Worker-Main-12/INFO] (Minecraft) [STDOUT]: [WG-CONTENT-WB] chunk(133,126) hash=4f43b3c3dab350dd dh=986e3c488721d08e nz=24541
[22:37:34] [Worker-Main-21/INFO] (Minecraft) [STDOUT]: [WG-CONTENT-WB] chunk(133,134) hash=9dd1999b2ffaeb51 dh=4c45c3af218a4bb9 nz=32626
[22:37:34] [Worker-Main-21/INFO] (Minecraft) [STDOUT]: [WG-CONTENT-WB] chunk(133,135) hash=31266f848abb5ae9 dh=11482600dab2e6a1 nz=32816
[22:37:34] [Worker-Main-8/INFO] (Minecraft) [STDOUT]: [WG-CONTENT-WB] chunk(133,136) hash=35cc2634dc9c157 dh=96c8e4cb6f3a2d0 nz=32671
[22:37:34] [Worker-Main-21/INFO] (Minecraft) [STDOUT]: [WG-CONTENT-WB] chunk(133,146) hash=357f0de5bd5760a5 dh=1a851dd858f7dfa5 nz=32512
[22:37:34] [Worker-Main-21/INFO] (Minecraft) [STDOUT]: [WG-CONTENT-WB] chunk(133,139) hash=e65a798c384d2dc dh=3b7ccd9da0374ee3 nz=32543
[22:37:34] [Worker-Main-12/INFO] (Minecraft) [STDOUT]: [WG-CONTENT-WB] chunk(133,137) hash=2d9810942ed52667 dh=a1a4cde24f371fd2 nz=32527
[22:37:34] [Worker-Main-12/INFO] (Minecraft) [STDOUT]: [WG-CONTENT-WB] chunk(133,138) hash=f900cdc32fe724d0 dh=c589ed681524ab32 nz=32512
[22:37:34] [Worker-Main-4/INFO] (Minecraft) [STDOUT]: [WG-CONTENT-WB] chunk(134,128) hash=dd8e3edbc4784b16 dh=80967beb62d04e6d nz=31955
[22:37:34] [Worker-Main-23/INFO] (Minecraft) [STDOUT]: [WG-CONTENT-WB] chunk(134,129) hash=82e01cf4f7a45c7c dh=d48adbce9e4354e3 nz=32894
[22:37:34] [Worker-Main-15/INFO] (Minecraft) [STDOUT]: [WG-CONTENT-WB] chunk(134,130) hash=c7a04417cdb0f354 dh=3796f0d5cb325256 nz=34425
[22:37:34] [Worker-Main-11/INFO] (Minecraft) [STDOUT]: [WG-CONTENT-WB] chunk(134,127) hash=d65bc16bfc7105c6 dh=8f9b37519fe84b74 nz=30422
[22:37:34] [Worker-Main-15/INFO] (Minecraft) [STDOUT]: [WG-CONTENT-WB] chunk(134,125) hash=7ce0c5a9bcdceb06 dh=2813a823afefb4d6 nz=30080
[22:37:34] [Worker-Main-2/INFO] (Minecraft) [STDOUT]: [WG-CONTENT-WB] chunk(134,126) hash=da6d31f33989cc44 dh=b9e2fe04aabfdb28 nz=29417
[22:37:34] [Worker-Main-11/INFO] (Minecraft) [STDOUT]: [WG-CONTENT-WB] chunk(134,134) hash=233b9dc6f2200e8e dh=f984c80c7a5a62f1 nz=33036
[22:37:34] [Worker-Main-11/INFO] (Minecraft) [STDOUT]: [WG-CONTENT-WB] chunk(134,135) hash=b9fdfd0657ea33a4 dh=df2cc8eaafb5ad83 nz=32846
[22:37:34] [Worker-Main-11/INFO] (Minecraft) [STDOUT]: [WG-CONTENT-WB] chunk(134,136) hash=176382ac84ae2d36 dh=571e8f4eb6a515a4 nz=32739
[22:37:34] [Worker-Main-2/INFO] (Minecraft) [STDOUT]: [WG-CONTENT-WB] chunk(134,133) hash=dcfdfcf2f7738a20 dh=365eec61ed37ce7b nz=31884
[22:37:35] [Worker-Main-15/INFO] (Minecraft) [STDOUT]: [WG-CONTENT-WB] chunk(134,131) hash=f695c9303761f34b dh=e9420be4931769b2 nz=34153
[22:37:35] [Worker-Main-15/INFO] (Minecraft) [STDOUT]: [WG-CONTENT-WB] chunk(134,132) hash=e29304abd24d73d0 dh=7cf9e201ede8bbad nz=30587
[22:37:35] [Worker-Main-2/INFO] (Minecraft) [STDOUT]: [WG-CONTENT-WB] chunk(134,138) hash=4857f4fb1a7373b4 dh=a215c1f84b402de0 nz=32512
[22:37:35] [Worker-Main-2/INFO] (Minecraft) [STDOUT]: [WG-CONTENT-WB] chunk(134,137) hash=670ac80f9e759373 dh=a855cb5678f1d44f nz=32532
[22:37:35] [Worker-Main-9/INFO] (Minecraft) [STDOUT]: [WG-CONTENT-WB] chunk(124,147) hash=d5a4c614bb1b41df dh=f6ed7ead2bfb0fc nz=33855
[22:37:35] [Worker-Main-9/INFO] (Minecraft) [STDOUT]: [WG-CONTENT-WB] chunk(129,147) hash=d362037e99983c8e dh=510f0fc9366cb845 nz=33408
[22:37:35] [Worker-Main-9/INFO] (Minecraft) [STDOUT]: [WG-CONTENT-WB] chunk(125,147) hash=2a5d2d32cea4c906 dh=b99e93e752b5c47 nz=31850
[22:37:35] [Worker-Main-4/INFO] (Minecraft) [STDOUT]: [WG-CONTENT-WB] chunk(126,147) hash=50a7ddad3e22f91b dh=9ce161862dc38fa5 nz=33156
[22:37:35] [Worker-Main-9/INFO] (Minecraft) [STDOUT]: [WG-CONTENT-WB] chunk(127,147) hash=b7487b7762f80cce dh=334a621ee81d8fd9 nz=33720
[22:37:35] [Worker-Main-9/INFO] (Minecraft) [STDOUT]: [WG-CONTENT-WB] chunk(128,147) hash=b5e022a7166eafcf dh=3640e2b169674a0 nz=33445
[22:37:35] [Worker-Main-12/INFO] (Minecraft) [STDOUT]: [WG-CONTENT-WB] chunk(130,147) hash=d51ad4040d103d2a dh=2f834982374f6017 nz=33122
[22:37:35] [Worker-Main-12/INFO] (Minecraft) [STDOUT]: [WG-CONTENT-WB] chunk(131,147) hash=f27271d2b5b471e0 dh=724ca74c7217865c nz=31828
[22:37:35] [Worker-Main-1/INFO] (Minecraft) [STDOUT]: [WG-CONTENT-WB] chunk(134,142) hash=826cf70dab70b24b dh=644a426d4261b126 nz=32923
[22:37:35] [Worker-Main-1/INFO] (Minecraft) [STDOUT]: [WG-CONTENT-WB] chunk(134,139) hash=88c7e44388647a53 dh=d8d2357df578d16b nz=32654
[22:37:35] [Worker-Main-1/INFO] (Minecraft) [STDOUT]: [WG-CONTENT-WB] chunk(134,140) hash=2f987bf24214bb45 dh=5a9819d2a3c207c5 nz=32768
[22:37:35] [Worker-Main-1/INFO] (Minecraft) [STDOUT]: [WG-CONTENT-WB] chunk(134,141) hash=250292544020f9f7 dh=611d2f7e71af0c9c nz=32797
[22:37:35] [Worker-Main-1/INFO] (Minecraft) [STDOUT]: [WG-CONTENT-WB] chunk(134,143) hash=b99f3356ad69d12e dh=c4aa059e679ffe22 nz=32745
[22:37:36] [Worker-Main-19/INFO] (Minecraft) [STDOUT]: [WG-CONTENT-WB] chunk(134,144) hash=68e09fb7289340a6 dh=d210ff62bfa493fb nz=32480
[22:37:36] [Worker-Main-19/INFO] (Minecraft) [STDOUT]: [WG-CONTENT-WB] chunk(134,145) hash=dd3982a547c5e54f dh=9cae04208cddea01 nz=31984
[22:37:36] [Worker-Main-19/INFO] (Minecraft) [STDOUT]: [WG-CONTENT-WB] chunk(134,146) hash=1760c6eccf74bb33 dh=efe0c54cf3984352 nz=32490
[22:37:36] [Worker-Main-13/INFO] (Minecraft) [STDOUT]: [WG-CONTENT-WB] chunk(135,129) hash=91c05e64dec28434 dh=bd16f3a8acdbd48 nz=33232
[22:37:36] [Worker-Main-21/INFO] (Minecraft) [STDOUT]: [WG-CONTENT-WB] chunk(135,130) hash=f6e29eb062b8350f dh=26a94e60f9c54f98 nz=32386
[22:37:36] [Worker-Main-21/INFO] (Minecraft) [STDOUT]: [WG-CONTENT-WB] chunk(135,128) hash=3560bed167911bb dh=b12444eb82f98270 nz=31509
[22:37:36] [Worker-Main-21/INFO] (Minecraft) [STDOUT]: [WG-CONTENT-WB] chunk(135,131) hash=96e211696261d7d3 dh=3f08f07c30091d39 nz=31497
[22:37:36] [Worker-Main-21/INFO] (Minecraft) [STDOUT]: [WG-CONTENT-WB] chunk(135,126) hash=2403a549df9fabe3 dh=3efdbb456cfa9337 nz=35319
[22:37:36] [Worker-Main-21/INFO] (Minecraft) [STDOUT]: [WG-CONTENT-WB] chunk(135,127) hash=95047ce8bbc2c42 dh=825cf776a31d754c nz=31085
[22:37:36] [Worker-Main-13/INFO] (Minecraft) [STDOUT]: [WG-CONTENT-WB] chunk(135,132) hash=47dfc0cd32df17ff dh=78919f283e573386 nz=27246
[22:37:36] [Worker-Main-21/INFO] (Minecraft) [STDOUT]: [WG-CONTENT-WB] chunk(135,125) hash=1796ea83b1b42ca dh=fec49b46919c14a1 nz=32050
[22:37:36] [Worker-Main-13/INFO] (Minecraft) [STDOUT]: [WG-CONTENT-WB] chunk(135,133) hash=eeb4d2d6d23173bb dh=bdaf3d7317cfba6f nz=28195
[22:37:36] [Worker-Main-13/INFO] (Minecraft) [STDOUT]: [WG-CONTENT-WB] chunk(135,134) hash=9a0d184fded6df9 dh=ee3ac217eb37c45f nz=28255
[22:37:36] [Worker-Main-21/INFO] (Minecraft) [STDOUT]: [WG-CONTENT-WB] chunk(135,135) hash=89c207f7fed36a71 dh=fa59540dcce369ef nz=31381
[22:37:36] [Worker-Main-17/INFO] (Minecraft) [STDOUT]: [WG-CONTENT-WB] chunk(135,136) hash=e39d0af4dbce19ce dh=58891f7c14ccecff nz=32530
[22:37:36] [Worker-Main-13/INFO] (Minecraft) [STDOUT]: [WG-CONTENT-WB] chunk(135,137) hash=19feddd1ea33e6db dh=451797746c871846 nz=32512
[22:37:36] [Worker-Main-21/INFO] (Minecraft) [STDOUT]: [WG-CONTENT-WB] chunk(135,138) hash=ea7d832120dfae62 dh=59a44307c2f06742 nz=32512
[22:37:36] [Worker-Main-17/INFO] (Minecraft) [STDOUT]: [WG-CONTENT-WB] chunk(135,142) hash=c8116480259ce245 dh=5a9819d2a3c207c5 nz=32768
[22:37:37] [Worker-Main-17/INFO] (Minecraft) [STDOUT]: [WG-CONTENT-WB] chunk(135,139) hash=57f827534d09686e dh=feb14a50009ae49d nz=32641
[22:37:37] [Worker-Main-21/INFO] (Minecraft) [STDOUT]: [WG-CONTENT-WB] chunk(135,140) hash=9bd11f4023a7b3c9 dh=9a54e64882baa766 nz=32755
[22:37:37] [Worker-Main-21/INFO] (Minecraft) [STDOUT]: [WG-CONTENT-WB] chunk(135,143) hash=ea0e08c7ebdd9273 dh=5a9819d2a3c207c5 nz=32768
[22:37:37] [Worker-Main-17/INFO] (Minecraft) [STDOUT]: [WG-CONTENT-WB] chunk(135,141) hash=b7215748993d8562 dh=12da5a157a49d83b nz=32766
[22:37:37] [Worker-Main-17/INFO] (Minecraft) [STDOUT]: [WG-CONTENT-WB] chunk(135,144) hash=81f456e3ae2d1870 dh=e5590d7d1557eb43 nz=31984
[22:37:37] [Worker-Main-17/INFO] (Minecraft) [STDOUT]: [WG-CONTENT-WB] chunk(135,145) hash=c48b96f26e6117d0 dh=a1938cfe28b0c838 nz=29535
[22:37:37] [Worker-Main-17/INFO] (Minecraft) [STDOUT]: [WG-CONTENT-WB] chunk(135,146) hash=b92c81f567126ef dh=8677f1b0ba7305f4 nz=31447
[22:37:37] [Worker-Main-18/INFO] (Minecraft) [STDOUT]: [WG-CONTENT-WB] chunk(132,147) hash=8ed62cb5a972ed18 dh=e502d7ec827cb545 nz=31134
[22:37:37] [Worker-Main-1/INFO] (Minecraft) [STDOUT]: [WG-CONTENT-WB] chunk(136,130) hash=aea9ae029a887796 dh=5289fe4675894eaf nz=32036
[22:37:37] [Worker-Main-1/INFO] (Minecraft) [STDOUT]: [WG-CONTENT-WB] chunk(136,131) hash=1bfb8cfeccb3c016 dh=ecb0571c3c2a8d5e nz=29886
[22:37:37] [Worker-Main-1/INFO] (Minecraft) [STDOUT]: [WG-CONTENT-WB] chunk(136,132) hash=d06cdb3befb59182 dh=c9b6a0949aa853b7 nz=31294
[22:37:37] [Worker-Main-1/INFO] (Minecraft) [STDOUT]: [WG-CONTENT-WB] chunk(136,129) hash=bbe8f5668ce2f59a dh=66742586b47edabc nz=33723
[22:37:37] [Worker-Main-1/INFO] (Minecraft) [STDOUT]: [WG-CONTENT-WB] chunk(136,133) hash=676221e9db8d5f9b dh=1748163eeb39ee2e nz=30386
[22:37:37] [Worker-Main-1/INFO] (Minecraft) [STDOUT]: [WG-CONTENT-WB] chunk(136,134) hash=b18d8c6d317bdcc4 dh=184525e517c6e95e nz=30210
[22:37:37] [Worker-Main-1/INFO] (Minecraft) [STDOUT]: [WG-CONTENT-WB] chunk(136,135) hash=da6010bafd91ad47 dh=6b99356a2425665e nz=31137
[22:37:37] [Worker-Main-20/INFO] (Minecraft) [STDOUT]: [WG-CONTENT-WB] chunk(136,126) hash=44541f7b00ac80f4 dh=d1e0203a6d8d1cec nz=35869
[22:37:37] [Worker-Main-1/INFO] (Minecraft) [STDOUT]: [WG-CONTENT-WB] chunk(136,127) hash=3655fc5f82425570 dh=1d93501ad459720a nz=32545
[22:37:38] [Worker-Main-20/INFO] (Minecraft) [STDOUT]: [WG-CONTENT-WB] chunk(136,128) hash=3322989f2a135ccf dh=d56c1d42f4634b4c nz=33448
[22:37:38] [Worker-Main-20/INFO] (Minecraft) [STDOUT]: [WG-CONTENT-WB] chunk(136,125) hash=6f6a66825c4f5c7d dh=ef8e902049cec5d5 nz=34275
[22:37:38] [Worker-Main-20/INFO] (Minecraft) [STDOUT]: [WG-CONTENT-WB] chunk(136,136) hash=3263717db63bab60 dh=a96b6af37164cbd nz=32512
[22:37:38] [Worker-Main-20/INFO] (Minecraft) [STDOUT]: [WG-CONTENT-WB] chunk(136,137) hash=e7e28a17066b16f1 dh=9f861e13c26d8bdc nz=32512
[22:37:38] [Worker-Main-22/INFO] (Minecraft) [STDOUT]: [WG-CONTENT-WB] chunk(136,141) hash=3d0a7322c5f38add dh=c4efc92f202e1e5d nz=31282
[22:37:38] [Worker-Main-22/INFO] (Minecraft) [STDOUT]: [WG-CONTENT-WB] chunk(136,142) hash=449573f540ff9b16 dh=2449b0076bc95260 nz=32596
[22:37:38] [Worker-Main-1/INFO] (Minecraft) [STDOUT]: [WG-CONTENT-WB] chunk(136,138) hash=af28912bc56e3ab6 dh=727abfab8269eae5 nz=32512
[22:37:38] [Worker-Main-20/INFO] (Minecraft) [STDOUT]: [WG-CONTENT-WB] chunk(136,139) hash=1da3951386ec7b98 dh=964ea99645590398 nz=32209
[22:37:38] [Worker-Main-1/INFO] (Minecraft) [STDOUT]: [WG-CONTENT-WB] chunk(136,140) hash=2f6634aee190cc88 dh=34ec69931cb0cd9b nz=30119
[22:37:38] [Worker-Main-1/INFO] (Minecraft) [STDOUT]: [WG-CONTENT-WB] chunk(136,143) hash=d4ef6b5229f3418 dh=a572f2087af812c nz=32768
[22:37:38] [Worker-Main-22/INFO] (Minecraft) [STDOUT]: [WG-CONTENT-WB] chunk(136,144) hash=b275663ada6ace15 dh=3590c90abc6e053d nz=32568
[22:37:38] [Worker-Main-20/INFO] (Minecraft) [STDOUT]: [WG-CONTENT-WB] chunk(136,145) hash=c9489772a5bed810 dh=eb0e29770c6dbb45 nz=30102
[22:37:38] [Worker-Main-20/INFO] (Minecraft) [STDOUT]: [WG-CONTENT-WB] chunk(136,146) hash=987417503466b122 dh=fdbf3421f84f68b nz=30366
[22:37:38] [Worker-Main-11/INFO] (Minecraft) [STDOUT]: [WG-CONTENT-WB] chunk(133,124) hash=3d039d739c892c5 dh=c27c1bf03bc8d600 nz=25662
[22:37:38] [Worker-Main-22/INFO] (Minecraft) [STDOUT]: [WG-CONTENT-WB] chunk(134,124) hash=b15aa0cafa25603a dh=fa3f8ae0d54572aa nz=27262
[22:37:38] [Worker-Main-5/INFO] (Minecraft) [STDOUT]: [WG-CONTENT-WB] chunk(137,127) hash=33864db70a1dacef dh=3427542888623c0c nz=33853
[22:37:39] [Worker-Main-6/INFO] (Minecraft) [STDOUT]: [WG-CONTENT-WB] chunk(137,128) hash=9fd2d5e4c41d2125 dh=b02f392278c94e6e nz=34776
[22:37:39] [Worker-Main-6/INFO] (Minecraft) [STDOUT]: [WG-CONTENT-WB] chunk(137,129) hash=db99995797c3c9de dh=e0a1b39f6268c814 nz=31692
[22:37:39] [Worker-Main-6/INFO] (Minecraft) [STDOUT]: [WG-CONTENT-WB] chunk(137,130) hash=d243294d65af75fb dh=549572e40cb17eec nz=29597
[22:37:39] [Worker-Main-12/INFO] (Minecraft) [STDOUT]: [WG-CONTENT-WB] chunk(137,131) hash=550193f744d144fc dh=4b8d3be4cca44fb7 nz=30319
[22:37:39] [Worker-Main-6/INFO] (Minecraft) [STDOUT]: [WG-CONTENT-WB] chunk(137,126) hash=91aae8bc0a8ab501 dh=c67a0218ec98fdad nz=33806
[22:37:39] [Worker-Main-5/INFO] (Minecraft) [STDOUT]: [WG-CONTENT-WB] chunk(137,125) hash=f8f6381fb80417e1 dh=f54ee2a54c06e785 nz=33076
[22:37:39] [Worker-Main-12/INFO] (Minecraft) [STDOUT]: [WG-CONTENT-WB] chunk(137,135) hash=28b54c47a154486c dh=9bab5e1a95f77298 nz=32710
[22:37:39] [Worker-Main-6/INFO] (Minecraft) [STDOUT]: [WG-CONTENT-WB] chunk(137,136) hash=43e5b92b151f0442 dh=4ab10661975e3935 nz=32450
[22:37:39] [Worker-Main-12/INFO] (Minecraft) [STDOUT]: [WG-CONTENT-WB] chunk(137,137) hash=5b9979015e72bbfe dh=d3d78a982f503f48 nz=32512
[22:37:39] [Worker-Main-5/INFO] (Minecraft) [STDOUT]: [WG-CONTENT-WB] chunk(137,138) hash=4a196dfebedbd5e0 dh=5015a52192b29cec nz=32512
[22:37:39] [Worker-Main-7/INFO] (Minecraft) [STDOUT]: [WG-CONTENT-WB] chunk(137,132) hash=286723666f42ac06 dh=8fd2272a723b2001 nz=32558
[22:37:39] [Worker-Main-7/INFO] (Minecraft) [STDOUT]: [WG-CONTENT-WB] chunk(137,133) hash=6a4362dc27214cea dh=5a6d413e8a6b2693 nz=32760
[22:37:39] [Worker-Main-7/INFO] (Minecraft) [STDOUT]: [WG-CONTENT-WB] chunk(137,134) hash=f209480d468aeedd dh=d88b42a8ef88cf76 nz=32675
[22:37:39] [Worker-Main-12/INFO] (Minecraft) [STDOUT]: [WG-CONTENT-WB] chunk(137,139) hash=11b85e41bd1b9233 dh=718129a516039b10 nz=32512
[22:37:39] [Worker-Main-12/INFO] (Minecraft) [STDOUT]: [WG-CONTENT-WB] chunk(137,140) hash=98c225d89bf25388 dh=7d78bb1f8e4217c1 nz=32339
[22:37:39] [Worker-Main-7/INFO] (Minecraft) [STDOUT]: [WG-CONTENT-WB] chunk(137,143) hash=d57299ce683644e0 dh=76bb4cec6fe09e53 nz=31741
[22:37:39] [Worker-Main-6/INFO] (Minecraft) [STDOUT]: [WG-CONTENT-WB] chunk(137,141) hash=422ad6c4ac19059b dh=dd9a8635bbf66724 nz=31651
[22:37:39] [Worker-Main-12/INFO] (Minecraft) [STDOUT]: [WG-CONTENT-WB] chunk(137,142) hash=5c134f9a1bee5a6c dh=ff63a500e9a9cbd8 nz=31890
[22:37:39] [Worker-Main-12/INFO] (Minecraft) [STDOUT]: [WG-CONTENT-WB] chunk(137,144) hash=881f5aaf8f16f49a dh=2f85fa0ecf321d37 nz=32284
[22:37:40] [Worker-Main-12/INFO] (Minecraft) [STDOUT]: [WG-CONTENT-WB] chunk(137,145) hash=45015653297eeff6 dh=f90d683fefbd8fa0 nz=31723
[22:37:40] [Worker-Main-6/INFO] (Minecraft) [STDOUT]: [WG-CONTENT-WB] chunk(137,146) hash=2a5c6de50bebe1e dh=9077862fdcf0e05c nz=33149
[22:37:40] [Worker-Main-17/INFO] (Minecraft) [STDOUT]: [WG-CONTENT-WB] chunk(133,147) hash=55f351d2575153e6 dh=1368cb357fdc1ee0 nz=32451
[22:37:40] [Worker-Main-3/INFO] (Minecraft) [STDOUT]: [WG-CONTENT-WB] chunk(138,126) hash=60e410e29ae6e244 dh=840d0e28f4da3cd4 nz=31867
[22:37:40] [Worker-Main-22/INFO] (Minecraft) [STDOUT]: [WG-CONTENT-WB] chunk(138,125) hash=8926705143eb52d4 dh=af7f9d14ce7412d2 nz=33105
[22:37:40] [Worker-Main-3/INFO] (Minecraft) [STDOUT]: [WG-CONTENT-WB] chunk(138,127) hash=d4d46ac91fc1a43c dh=d446b754b360996 nz=31911
[22:37:40] [Worker-Main-3/INFO] (Minecraft) [STDOUT]: [WG-CONTENT-WB] chunk(138,133) hash=f7950088c041e167 dh=d00032d70c50b55 nz=32062
[22:37:40] [Worker-Main-22/INFO] (Minecraft) [STDOUT]: [WG-CONTENT-WB] chunk(138,134) hash=deccd1831cecb973 dh=bd84e0294716c8c nz=32647
[22:37:40] [Worker-Main-22/INFO] (Minecraft) [STDOUT]: [WG-CONTENT-WB] chunk(138,131) hash=3514dbcbf52994a6 dh=69a2ceea3ac63eac nz=32508
[22:37:40] [Worker-Main-14/INFO] (Minecraft) [STDOUT]: [WG-CONTENT-WB] chunk(138,132) hash=14a08fdb30a9d680 dh=923dc66ebe8026f7 nz=31242
[22:37:40] [Worker-Main-14/INFO] (Minecraft) [STDOUT]: [WG-CONTENT-WB] chunk(138,128) hash=50e864c6c39ffd65 dh=e724277d08b44547 nz=32075
[22:37:40] [Worker-Main-3/INFO] (Minecraft) [STDOUT]: [WG-CONTENT-WB] chunk(138,129) hash=57e899a8a1456ad7 dh=d48620a5870bd101 nz=30101
[22:37:40] [Worker-Main-3/INFO] (Minecraft) [STDOUT]: [WG-CONTENT-WB] chunk(138,130) hash=948d2774d5f2a113 dh=485f6acd7011ecf7 nz=31702
[22:37:40] [Worker-Main-3/INFO] (Minecraft) [STDOUT]: [WG-CONTENT-WB] chunk(138,135) hash=c53f3ca72d2b55e6 dh=cb6e8060bf7ebe77 nz=32790
[22:37:40] [Worker-Main-14/INFO] (Minecraft) [STDOUT]: [WG-CONTENT-WB] chunk(138,136) hash=f9d8bfe1e9228f76 dh=ff07c851badcb05e nz=32444
[22:37:40] [Worker-Main-22/INFO] (Minecraft) [STDOUT]: [WG-CONTENT-WB] chunk(138,139) hash=52b8eff48ef98515 dh=1522016bf1f7e5b9 nz=32512
[22:37:40] [Worker-Main-3/INFO] (Minecraft) [STDOUT]: [WG-CONTENT-WB] chunk(138,137) hash=c0b4be9e441aa080 dh=7915c061acb472ea nz=32524
[22:37:41] [Worker-Main-22/INFO] (Minecraft) [STDOUT]: [WG-CONTENT-WB] chunk(138,138) hash=87c2589af112357 dh=201b778be9934 nz=32512
[22:37:41] [Worker-Main-8/INFO] (Minecraft) [STDOUT]: [WG-CONTENT-WB] chunk(138,140) hash=8d0f1a08c8d4086e dh=1172feedf0aa2acc nz=32512
[22:37:41] [Worker-Main-22/INFO] (Minecraft) [STDOUT]: [WG-CONTENT-WB] chunk(138,141) hash=a5f31bf67add7f80 dh=fa40c9ecdf7913d9 nz=32512
[22:37:41] [Worker-Main-3/INFO] (Minecraft) [STDOUT]: [WG-CONTENT-WB] chunk(138,142) hash=2ca7b745c165f1da dh=f8c34bca2d727dd9 nz=32512
[22:37:41] [Worker-Main-22/INFO] (Minecraft) [STDOUT]: [WG-CONTENT-WB] chunk(138,143) hash=3d90d0b1bec0dc5 dh=c4a77d1d81adaafd nz=32509
[22:37:41] [Worker-Main-22/INFO] (Minecraft) [STDOUT]: [WG-CONTENT-WB] chunk(138,144) hash=9fb3575b192d7111 dh=61e192f67253bd2d nz=32692
[22:37:41] [Worker-Main-8/INFO] (Minecraft) [STDOUT]: [WG-CONTENT-WB] chunk(138,145) hash=4899fac73f1740f5 dh=a490cdc3e129dc31 nz=33300
[22:37:41] [Worker-Main-8/INFO] (Minecraft) [STDOUT]: [WG-CONTENT-WB] chunk(138,146) hash=8c55d7e32bc169fd dh=a10ae78cd02d8985 nz=33579
[22:37:41] [Worker-Main-13/INFO] (Minecraft) [STDOUT]: [WG-CONTENT-WB] chunk(134,147) hash=99e8c00d0f61a958 dh=75c934a7ceb12259 nz=32581
[22:37:41] [Worker-Main-9/INFO] (Minecraft) [STDOUT]: [WG-CONTENT-WB] chunk(139,126) hash=627eae4b2098cfc5 dh=625763df8b8da92b nz=34438
[22:37:41] [Worker-Main-9/INFO] (Minecraft) [STDOUT]: [WG-CONTENT-WB] chunk(139,132) hash=933546c6995d8ddb dh=24e58d4ad0103335 nz=32252
[22:37:41] [Worker-Main-9/INFO] (Minecraft) [STDOUT]: [WG-CONTENT-WB] chunk(139,135) hash=bb62ef16c5dd8baf dh=e7441c1a2bbd0d4 nz=32642
[22:37:41] [Worker-Main-20/INFO] (Minecraft) [STDOUT]: [WG-CONTENT-WB] chunk(139,133) hash=a9cb43f49dfa41b1 dh=74796a43a16f9305 nz=31520
[22:37:41] [Worker-Main-20/INFO] (Minecraft) [STDOUT]: [WG-CONTENT-WB] chunk(139,136) hash=49073dc0945ef881 dh=49dbe872d12721ce nz=32210
[22:37:41] [Worker-Main-6/INFO] (Minecraft) [STDOUT]: [WG-CONTENT-WB] chunk(139,134) hash=75841c84a09edd1e dh=fe6d4e9f702ecff1 nz=32933
[22:37:41] [Worker-Main-22/INFO] (Minecraft) [STDOUT]: [WG-CONTENT-WB] chunk(139,127) hash=694534e7808797ce dh=5a1fc9d603129a9c nz=35324
[22:37:41] [Worker-Main-6/INFO] (Minecraft) [STDOUT]: [WG-CONTENT-WB] chunk(139,128) hash=80012800262ec7ed dh=bfe357bb4dcf3b7a nz=34775
[22:37:41] [Worker-Main-9/INFO] (Minecraft) [STDOUT]: [WG-CONTENT-WB] chunk(139,125) hash=d9d2814e8ca756bd dh=970b773a51220210 nz=32057
[22:37:42] [Worker-Main-22/INFO] (Minecraft) [STDOUT]: [WG-CONTENT-WB] chunk(139,129) hash=f9edd9f6870bd2af dh=70fd2310e265b65b nz=33237
[22:37:42] [Worker-Main-9/INFO] (Minecraft) [STDOUT]: [WG-CONTENT-WB] chunk(139,130) hash=9e989820cc57aa0e dh=49ec8bc68009f8ad nz=31697
[22:37:42] [Worker-Main-6/INFO] (Minecraft) [STDOUT]: [WG-CONTENT-WB] chunk(139,131) hash=9602ff2671190e0b dh=5c7309ac915f1df9 nz=32753
[22:37:42] [Worker-Main-22/INFO] (Minecraft) [STDOUT]: [WG-CONTENT-WB] chunk(139,137) hash=a8567877b174c53 dh=752d119404c7ef55 nz=32610
[22:37:42] [Worker-Main-9/INFO] (Minecraft) [STDOUT]: [WG-CONTENT-WB] chunk(139,138) hash=8aef8a0ed21d3ee0 dh=61fe66cb36a89504 nz=32512
[22:37:42] [Worker-Main-9/INFO] (Minecraft) [STDOUT]: [WG-CONTENT-WB] chunk(139,145) hash=3a61b76b5c49c7ce dh=cdbe2213ae7a9b7e nz=33990
[22:37:42] [Worker-Main-9/INFO] (Minecraft) [STDOUT]: [WG-CONTENT-WB] chunk(139,142) hash=f2fd28683dd73ccc dh=1de70076fd89eca7 nz=32512
[22:37:42] [Worker-Main-9/INFO] (Minecraft) [STDOUT]: [WG-CONTENT-WB] chunk(139,143) hash=471ca877eefac96c dh=5c70bc90e724a5a8 nz=32213
[22:37:42] [Worker-Main-20/INFO] (Minecraft) [STDOUT]: [WG-CONTENT-WB] chunk(139,144) hash=c08cfffdc0aa92a3 dh=7812c33cc9bbb33c nz=32785
[22:37:42] [Worker-Main-22/INFO] (Minecraft) [STDOUT]: [WG-CONTENT-WB] chunk(139,139) hash=13878e4eb67db09c dh=6edca329b7e096c nz=32512
[22:37:42] [Worker-Main-22/INFO] (Minecraft) [STDOUT]: [WG-CONTENT-WB] chunk(139,140) hash=e7bcd39870a9b750 dh=6dc82d197de78e8 nz=32512
[22:37:42] [Worker-Main-20/INFO] (Minecraft) [STDOUT]: [WG-CONTENT-WB] chunk(139,141) hash=94077c207a1e440a dh=e3ff0d9331ebdd4b nz=32512
[22:37:42] [Worker-Main-9/INFO] (Minecraft) [STDOUT]: [WG-CONTENT-WB] chunk(139,146) hash=2a0e66835cfdde91 dh=6b7f5b7965b6e181 nz=34744
[22:37:42] [Worker-Main-3/INFO] (Minecraft) [STDOUT]: [WG-CONTENT-WB] chunk(135,124) hash=981f66107ff2af77 dh=3eaed936948a1012 nz=27844
[22:37:42] [Worker-Main-8/INFO] (Minecraft) [STDOUT]: [WG-CONTENT-WB] chunk(135,147) hash=a9b001c03a333943 dh=c784241fe6bb31f6 nz=31001
[22:37:42] [Worker-Main-17/INFO] (Minecraft) [STDOUT]: [WG-CONTENT-WB] chunk(140,128) hash=7f061acdfe0d2f9f dh=3303bd228678460e nz=34187
[22:37:42] [Worker-Main-16/INFO] (Minecraft) [STDOUT]: [WG-CONTENT-WB] chunk(140,125) hash=db84496ea8cb5a3f dh=d36ac7a6c70c8dc1 nz=33296
[22:37:43] [Worker-Main-1/INFO] (Minecraft) [STDOUT]: [WG-CONTENT-WB] chunk(140,126) hash=dacaa0f3b064764d dh=e0686a99f7a9690f nz=33738
[22:37:43] [Worker-Main-1/INFO] (Minecraft) [STDOUT]: [WG-CONTENT-WB] chunk(140,127) hash=65279ed9ffa0071c dh=6f508a6e8559a24c nz=34633
[22:37:43] [Worker-Main-17/INFO] (Minecraft) [STDOUT]: [WG-CONTENT-WB] chunk(140,129) hash=d49f1fc4270e1093 dh=70d6daa564af7b61 nz=33252
[22:37:43] [Worker-Main-1/INFO] (Minecraft) [STDOUT]: [WG-CONTENT-WB] chunk(140,130) hash=30f094a2da5bbc53 dh=1c4ffe8ecf3734f4 nz=32981
[22:37:43] [Worker-Main-1/INFO] (Minecraft) [STDOUT]: [WG-CONTENT-WB] chunk(140,131) hash=d217363f00b7f4aa dh=485a09d8f978d1f4 nz=32953
[22:37:43] [Worker-Main-23/INFO] (Minecraft) [STDOUT]: [WG-CONTENT-WB] chunk(140,132) hash=cd736bc1c0707c28 dh=6a335f27777d05ff nz=32270
[22:37:43] [Worker-Main-23/INFO] (Minecraft) [STDOUT]: [WG-CONTENT-WB] chunk(140,133) hash=bc9e29e3174d4932 dh=df547415080df370 nz=31333
[22:37:43] [Worker-Main-5/INFO] (Minecraft) [STDOUT]: [WG-CONTENT-WB] chunk(140,134) hash=833fa9081e3c938d dh=990bc03af37c1fb1 nz=32423
[22:37:43] [Worker-Main-6/INFO] (Minecraft) [STDOUT]: [WG-CONTENT-WB] chunk(140,135) hash=672a199c1be07e83 dh=11939cacf3315e8e nz=32667
[22:37:43] [Worker-Main-5/INFO] (Minecraft) [STDOUT]: [WG-CONTENT-WB] chunk(140,136) hash=4e28475f198aa307 dh=c5f4ebe31d0f2286 nz=32511
[22:37:43] [Worker-Main-6/INFO] (Minecraft) [STDOUT]: [WG-CONTENT-WB] chunk(140,137) hash=151ff0871707f061 dh=f486129a4b244cc8 nz=33391
[22:37:43] [Worker-Main-11/INFO] (Minecraft) [STDOUT]: [WG-CONTENT-WB] chunk(140,138) hash=c848e313dfb73d2d dh=90c6fab848bcad0e nz=32703
[22:37:43] [Worker-Main-23/INFO] (Minecraft) [STDOUT]: [WG-CONTENT-WB] chunk(140,139) hash=6ac2f07608e7fe1f dh=f4ff09d16d90a71e nz=32514
[22:37:43] [Worker-Main-23/INFO] (Minecraft) [STDOUT]: [WG-CONTENT-WB] chunk(140,143) hash=3a64a3c25906b985 dh=3db0c19d693d544f nz=27693
[22:37:43] [Worker-Main-23/INFO] (Minecraft) [STDOUT]: [WG-CONTENT-WB] chunk(140,140) hash=c94242b83c6490c4 dh=ce668416d67c37a6 nz=32512
[22:37:43] [Worker-Main-23/INFO] (Minecraft) [STDOUT]: [WG-CONTENT-WB] chunk(140,141) hash=28cead38231d8d9d dh=22ff1aeb0f21c5af nz=32512
[22:37:43] [Worker-Main-23/INFO] (Minecraft) [STDOUT]: [WG-CONTENT-WB] chunk(140,142) hash=ac33db7b886fd8a7 dh=fdc05a85599d1931 nz=32246
[22:37:43] [Worker-Main-23/INFO] (Minecraft) [STDOUT]: [WG-CONTENT-WB] chunk(140,144) hash=76dbfb7d0a2b0dbc dh=f787ea5cd496fc7a nz=30963
[22:37:44] [Worker-Main-11/INFO] (Minecraft) [STDOUT]: [WG-CONTENT-WB] chunk(140,145) hash=fd2fe0efd30d4de4 dh=ec7388b024b08b86 nz=34329
[22:37:44] [Worker-Main-6/INFO] (Minecraft) [STDOUT]: [WG-CONTENT-WB] chunk(140,146) hash=2898d5c39449592f dh=7604b382bbe2ecb8 nz=34759
[22:37:44] [Worker-Main-23/INFO] (Minecraft) [STDOUT]: [WG-CONTENT-WB] chunk(141,131) hash=ed2ed002a1164fcb dh=eb3454504104e183 nz=33094
[22:37:44] [Worker-Main-18/INFO] (Minecraft) [STDOUT]: [WG-CONTENT-WB] chunk(141,132) hash=4c5a7f8a94aaf14a dh=6af23bb2ab04552e nz=32464
[22:37:44] [Worker-Main-14/INFO] (Minecraft) [STDOUT]: [WG-CONTENT-WB] chunk(141,127) hash=6e8b43f768c97c72 dh=a098b003843c9329 nz=33900
[22:37:44] [Worker-Main-18/INFO] (Minecraft) [STDOUT]: [WG-CONTENT-WB] chunk(141,133) hash=49f64e8d07aaf29 dh=f47292fe5a4932f5 nz=32656
[22:37:44] [Worker-Main-18/INFO] (Minecraft) [STDOUT]: [WG-CONTENT-WB] chunk(141,134) hash=bf77dee35f8dac59 dh=a05dfd230853e28f nz=32248
[22:37:44] [Worker-Main-14/INFO] (Minecraft) [STDOUT]: [WG-CONTENT-WB] chunk(141,128) hash=64fcede161e0167f dh=aa6e74935cb47f18 nz=33942
[22:37:44] [Worker-Main-14/INFO] (Minecraft) [STDOUT]: [WG-CONTENT-WB] chunk(141,129) hash=427db53e596c4a80 dh=6f4e7676e12203c9 nz=33548
[22:37:44] [Worker-Main-23/INFO] (Minecraft) [STDOUT]: [WG-CONTENT-WB] chunk(141,130) hash=1b9a54211a1dfc52 dh=4c594fd1e895420e nz=33163
[22:37:44] [Worker-Main-12/INFO] (Minecraft) [STDOUT]: [WG-CONTENT-WB] chunk(141,126) hash=cfa0aa6f5d40935b dh=b59178b79cd7c69 nz=33708
[22:37:44] [Worker-Main-12/INFO] (Minecraft) [STDOUT]: [WG-CONTENT-WB] chunk(141,135) hash=e12e2c596fc94144 dh=584da8b89002255b nz=31682
[22:37:44] [Worker-Main-12/INFO] (Minecraft) [STDOUT]: [WG-CONTENT-WB] chunk(141,125) hash=77f7d813f573d77f dh=2ce716776493f9fb nz=33726
[22:37:44] [Worker-Main-14/INFO] (Minecraft) [STDOUT]: [WG-CONTENT-WB] chunk(141,136) hash=764833b80de37d3f dh=3172aab9a000cab7 nz=31474
[22:37:44] [Worker-Main-12/INFO] (Minecraft) [STDOUT]: [WG-CONTENT-WB] chunk(141,137) hash=d51fc52fd1cd47e1 dh=741971b026cd2c94 nz=32989
[22:37:44] [Worker-Main-14/INFO] (Minecraft) [STDOUT]: [WG-CONTENT-WB] chunk(141,138) hash=5a13b39e7cc6bcf9 dh=32e9e08dc741412 nz=33228
[22:37:44] [Worker-Main-14/INFO] (Minecraft) [STDOUT]: [WG-CONTENT-WB] chunk(141,139) hash=1827f73950f42fd8 dh=82c2ca86af505e3a nz=32857
[22:37:44] [Worker-Main-12/INFO] (Minecraft) [STDOUT]: [WG-CONTENT-WB] chunk(141,140) hash=a94eb6125c8d1aca dh=487fd9d681d5d946 nz=32641
[22:37:44] [Worker-Main-18/INFO] (Minecraft) [STDOUT]: [WG-CONTENT-WB] chunk(141,141) hash=bbd6b651666740ca dh=821d3f3e6300b7e2 nz=32476
[22:37:45] [Worker-Main-12/INFO] (Minecraft) [STDOUT]: [WG-CONTENT-WB] chunk(141,142) hash=c1a996383f7b5941 dh=8a9eb2715496d1c4 nz=30721
[22:37:45] [Worker-Main-18/INFO] (Minecraft) [STDOUT]: [WG-CONTENT-WB] chunk(141,143) hash=347e68213031f3d8 dh=342c967fc4f664cf nz=26011
[22:37:45] [Worker-Main-18/INFO] (Minecraft) [STDOUT]: [WG-CONTENT-WB] chunk(141,144) hash=7cc94ea957c907f3 dh=c72602f163a59855 nz=32334
[22:37:45] [Worker-Main-12/INFO] (Minecraft) [STDOUT]: [WG-CONTENT-WB] chunk(141,145) hash=9d1fa24154e1bde1 dh=c64543952678150c nz=33899
[22:37:45] [Worker-Main-12/INFO] (Minecraft) [STDOUT]: [WG-CONTENT-WB] chunk(141,146) hash=8af5730d460e225e dh=d9bb65c9f91af490 nz=33108
[22:37:45] [Worker-Main-11/INFO] (Minecraft) [STDOUT]: [WG-CONTENT-WB] chunk(142,129) hash=aa5c83743e31748e dh=69f1127f870c2fe8 nz=34285
[22:37:45] [Worker-Main-3/INFO] (Minecraft) [STDOUT]: [WG-CONTENT-WB] chunk(142,130) hash=554e7d1d86503fe7 dh=66f01e21b3cf4359 nz=33801
[22:37:45] [Worker-Main-11/INFO] (Minecraft) [STDOUT]: [WG-CONTENT-WB] chunk(142,131) hash=ff31b9a5aa5ffbaa dh=beeb435a8e7077ef nz=33201
[22:37:45] [Worker-Main-11/INFO] (Minecraft) [STDOUT]: [WG-CONTENT-WB] chunk(142,136) hash=75670e9a738d02b3 dh=f2fdac5890164205 nz=31920
[22:37:45] [Worker-Main-3/INFO] (Minecraft) [STDOUT]: [WG-CONTENT-WB] chunk(142,135) hash=aa6c9c086b26ee43 dh=557ac87546170e07 nz=32190
[22:37:45] [Worker-Main-3/INFO] (Minecraft) [STDOUT]: [WG-CONTENT-WB] chunk(142,125) hash=972e087133f2077a dh=cd31d3929561c5f2 nz=34423
[22:37:45] [Worker-Main-3/INFO] (Minecraft) [STDOUT]: [WG-CONTENT-WB] chunk(142,132) hash=4810f426ac09d390 dh=bb57216e2a79a3e2 nz=32907
[22:37:45] [Worker-Main-13/INFO] (Minecraft) [STDOUT]: [WG-CONTENT-WB] chunk(142,133) hash=54bd5fc3d3409317 dh=682f6433a8120b48 nz=32727
[22:37:45] [Worker-Main-13/INFO] (Minecraft) [STDOUT]: [WG-CONTENT-WB] chunk(142,134) hash=390af4afb4f00a4f dh=3a3d8b4486455615 nz=32226
[22:37:45] [Worker-Main-11/INFO] (Minecraft) [STDOUT]: [WG-CONTENT-WB] chunk(142,137) hash=319b8f89d75ff6c1 dh=2cd869ef3e3e4a6c nz=33767
[22:37:45] [Worker-Main-13/INFO] (Minecraft) [STDOUT]: [WG-CONTENT-WB] chunk(142,138) hash=68375b3f0c8ae7f4 dh=ace326790f805966 nz=33645
[22:37:46] [Worker-Main-3/INFO] (Minecraft) [STDOUT]: [WG-CONTENT-WB] chunk(142,126) hash=64efb08ef17107df dh=830bd3368e4e9a78 nz=34429
[22:37:46] [Worker-Main-13/INFO] (Minecraft) [STDOUT]: [WG-CONTENT-WB] chunk(142,127) hash=d1ae3c73174f1d97 dh=6e2ab199f8ce3969 nz=33964
[22:37:46] [Worker-Main-3/INFO] (Minecraft) [STDOUT]: [WG-CONTENT-WB] chunk(142,128) hash=29e98019a72eb647 dh=f914044c6f96fa95 nz=34000
[22:37:46] [Worker-Main-13/INFO] (Minecraft) [STDOUT]: [WG-CONTENT-WB] chunk(142,139) hash=5904132d3a124a9 dh=fbeda0f7bd484b9f nz=33505
[22:37:46] [Worker-Main-13/INFO] (Minecraft) [STDOUT]: [WG-CONTENT-WB] chunk(142,140) hash=631cf3f849c07a86 dh=83dbb3b507604f4c nz=33469
[22:37:46] [Worker-Main-13/INFO] (Minecraft) [STDOUT]: [WG-CONTENT-WB] chunk(142,141) hash=65495850da6d047 dh=a952f3c40413b077 nz=32729
[22:37:46] [Worker-Main-2/INFO] (Minecraft) [STDOUT]: [WG-CONTENT-WB] chunk(136,124) hash=8696322a09e10d7e dh=20255a22db85579a nz=30651
[22:37:46] [Worker-Main-6/INFO] (Minecraft) [STDOUT]: [WG-CONTENT-WB] chunk(142,142) hash=3b601c12a01571e6 dh=4fb171db2b020c4f nz=30840
[22:37:46] [Worker-Main-20/INFO] (Minecraft) [STDOUT]: [WG-CONTENT-WB] chunk(142,143) hash=1fc93a30a8466b96 dh=1a05fcd6670c35a1 nz=31632
[22:37:46] [Worker-Main-20/INFO] (Minecraft) [STDOUT]: [WG-CONTENT-WB] chunk(142,144) hash=1dd5d25dd2d227ae dh=b155eb4730faf308 nz=33624
[22:37:46] [Worker-Main-19/INFO] (Minecraft) [STDOUT]: [WG-CONTENT-WB] chunk(142,145) hash=8b2d406746297e3a dh=4952a2483983949e nz=32470
[22:37:46] [Worker-Main-20/INFO] (Minecraft) [STDOUT]: [WG-CONTENT-WB] chunk(142,146) hash=1030763ecee61407 dh=f7c1597b1cf821c8 nz=30553
[22:37:46] [Worker-Main-20/INFO] (Minecraft) [STDOUT]: [WG-CONTENT-WB] chunk(143,130) hash=945b466a3c739ed8 dh=91de9cee7d267d90 nz=34659
[22:37:46] [Worker-Main-19/INFO] (Minecraft) [STDOUT]: [WG-CONTENT-WB] chunk(143,131) hash=4bb283d7c4fd69ca dh=6c45550c6abaea07 nz=33986
[22:37:46] [Worker-Main-20/INFO] (Minecraft) [STDOUT]: [WG-CONTENT-WB] chunk(143,132) hash=36eb74ed20bfdcbb dh=1e81a35125d5c7f8 nz=33473
[22:37:46] [Worker-Main-20/INFO] (Minecraft) [STDOUT]: [WG-CONTENT-WB] chunk(143,133) hash=351207b834e75b3b dh=de2b023e5aa0e4fa nz=32839
[22:37:47] [Worker-Main-22/INFO] (Minecraft) [STDOUT]: [WG-CONTENT-WB] chunk(143,128) hash=6c7b7c5733624de5 dh=ca617028d59d9f1d nz=34136
[22:37:47] [Worker-Main-19/INFO] (Minecraft) [STDOUT]: [WG-CONTENT-WB] chunk(143,129) hash=df051fd64e7b983c dh=d03ab3f7d20f7167 nz=33826
[22:37:47] [Worker-Main-22/INFO] (Minecraft) [STDOUT]: [WG-CONTENT-WB] chunk(143,127) hash=1cc5dd72dafc37d0 dh=7d2e26730fb41cdb nz=34462
[22:37:47] [Worker-Main-19/INFO] (Minecraft) [STDOUT]: [WG-CONTENT-WB] chunk(143,125) hash=ef78f88ad0a41d47 dh=e37c30dfdce009ad nz=34792
[22:37:47] [Worker-Main-20/INFO] (Minecraft) [STDOUT]: [WG-CONTENT-WB] chunk(143,126) hash=57b1a99a44f8f166 dh=2040750efbf4b901 nz=34884
[22:37:47] [Worker-Main-22/INFO] (Minecraft) [STDOUT]: [WG-CONTENT-WB] chunk(143,134) hash=4bc71806b885dabd dh=1c98807c47ebb3ac nz=32691
[22:37:47] [Worker-Main-19/INFO] (Minecraft) [STDOUT]: [WG-CONTENT-WB] chunk(143,135) hash=15dce30b488fcb42 dh=bdbbc5bf77cac911 nz=31212
[22:37:47] [Worker-Main-17/INFO] (Minecraft) [STDOUT]: [WG-CONTENT-WB] chunk(143,136) hash=680404cfe3877205 dh=a6372fb6344ea2f2 nz=31501
[22:37:47] [Worker-Main-17/INFO] (Minecraft) [STDOUT]: [WG-CONTENT-WB] chunk(143,137) hash=e8132cf6b70851ce dh=11dcaf29006222c1 nz=32453
[22:37:47] [Worker-Main-19/INFO] (Minecraft) [STDOUT]: [WG-CONTENT-WB] chunk(143,138) hash=e823a66779eab78a dh=356ed1c4644cd5c0 nz=33288
[22:37:47] [Worker-Main-17/INFO] (Minecraft) [STDOUT]: [WG-CONTENT-WB] chunk(143,139) hash=f1dc88ef512cde90 dh=f56a4afc0427c963 nz=34188
[22:37:47] [Worker-Main-20/INFO] (Minecraft) [STDOUT]: [WG-CONTENT-WB] chunk(143,140) hash=9326944b931f7b4d dh=319f8a2e22f49246 nz=34322
[22:37:47] [Worker-Main-20/INFO] (Minecraft) [STDOUT]: [WG-CONTENT-WB] chunk(143,141) hash=31a1f3ef847b96ba dh=11c23970b214fc83 nz=34291
[22:37:47] [Worker-Main-14/INFO] (Minecraft) [STDOUT]: [WG-CONTENT-WB] chunk(143,142) hash=3988caa66bdb803d dh=8f8b761636403853 nz=34579
[22:37:47] [Worker-Main-14/INFO] (Minecraft) [STDOUT]: [WG-CONTENT-WB] chunk(143,143) hash=42373b0500596c2d dh=9dc49a7487c391c6 nz=34541
[22:37:48] [Worker-Main-18/INFO] (Minecraft) [STDOUT]: [WG-CONTENT-WB] chunk(143,144) hash=33047b95a29986fd dh=8a955c023ef33f6c nz=34451
[22:37:48] [Worker-Main-18/INFO] (Minecraft) [STDOUT]: [WG-CONTENT-WB] chunk(143,145) hash=3404101545e9cffd dh=fc66a697bbd22ed9 nz=32886
[22:37:48] [Worker-Main-18/INFO] (Minecraft) [STDOUT]: [WG-CONTENT-WB] chunk(143,146) hash=a908517bb5f3a67e dh=2e01b174e86c56f1 nz=33272
[22:37:48] [Worker-Main-15/INFO] (Minecraft) [STDOUT]: [WG-CONTENT-WB] chunk(144,126) hash=4449ccc01c5d6be9 dh=270fe6a00c59c634 nz=34609
[22:37:48] [Worker-Main-18/INFO] (Minecraft) [STDOUT]: [WG-CONTENT-WB] chunk(144,127) hash=4a6acf17706ab59 dh=9baa7310b97b9852 nz=34519
[22:37:48] [Worker-Main-15/INFO] (Minecraft) [STDOUT]: [WG-CONTENT-WB] chunk(144,125) hash=70a9983a0aab3b6c dh=96f91c0dedcccd6e nz=34539
[22:37:48] [Worker-Main-23/INFO] (Minecraft) [STDOUT]: [WG-CONTENT-WB] chunk(144,134) hash=5d7c6b567187225a dh=397cb5b1f2fe409d nz=32190
[22:37:48] [Worker-Main-23/INFO] (Minecraft) [STDOUT]: [WG-CONTENT-WB] chunk(144,132) hash=79a9d78eed7ba291 dh=2bc13da2d8089118 nz=34589
[22:37:48] [Worker-Main-8/INFO] (Minecraft) [STDOUT]: [WG-CONTENT-WB] chunk(144,133) hash=80c8fc5dc50f371e dh=752c9aab57f8fbc3 nz=33874
[22:37:48] [Worker-Main-23/INFO] (Minecraft) [STDOUT]: [WG-CONTENT-WB] chunk(144,128) hash=c81494e6e21ae996 dh=2a907eeda2f4330c nz=34313
[22:37:48] [Worker-Main-4/INFO] (Minecraft) [STDOUT]: [WG-CONTENT-WB] chunk(144,129) hash=ee4568afd05d9c2c dh=dfc9db34a45d05b9 nz=33264
[22:37:48] [Worker-Main-8/INFO] (Minecraft) [STDOUT]: [WG-CONTENT-WB] chunk(144,130) hash=583bcad1a9cda8f0 dh=455a3ceec52ae627 nz=34629
[22:37:48] [Worker-Main-8/INFO] (Minecraft) [STDOUT]: [WG-CONTENT-WB] chunk(144,131) hash=fa85bc40cba51a96 dh=4e05ee5ec0059e83 nz=35398
[22:37:48] [Worker-Main-8/INFO] (Minecraft) [STDOUT]: [WG-CONTENT-WB] chunk(144,135) hash=667dba4ee44b0c58 dh=5634ccd6426ec2e9 nz=29592
[22:37:48] [Worker-Main-8/INFO] (Minecraft) [STDOUT]: [WG-CONTENT-WB] chunk(144,136) hash=6e90e10135730b75 dh=2af70ad2525e9c9 nz=32255
[22:37:48] [Worker-Main-4/INFO] (Minecraft) [STDOUT]: [WG-CONTENT-WB] chunk(144,137) hash=cce0226f92e2fcb0 dh=1477edf2c357a97f nz=32768
[22:37:48] [Worker-Main-7/INFO] (Minecraft) [STDOUT]: [WG-CONTENT-WB] chunk(144,138) hash=510b7ec0d580b8f9 dh=c26c0f65749ca993 nz=32891
[22:37:48] [Worker-Main-7/INFO] (Minecraft) [STDOUT]: [WG-CONTENT-WB] chunk(144,139) hash=71f38d0bc08b7d53 dh=cfb7d0a79a88f618 nz=34326
[22:37:49] [Worker-Main-4/INFO] (Minecraft) [STDOUT]: [WG-CONTENT-WB] chunk(144,140) hash=9c21e312f3becae9 dh=cdb53099e9c367f8 nz=34349
[22:37:49] [Worker-Main-8/INFO] (Minecraft) [STDOUT]: [WG-CONTENT-WB] chunk(144,141) hash=b28871061ea0db0d dh=e474ead49a70b5a0 nz=34059
[22:37:49] [Worker-Main-22/INFO] (Minecraft) [STDOUT]: [WG-CONTENT-WB] chunk(144,142) hash=738f20aab8d567b7 dh=d05fa2981063d7c nz=34431
[22:37:49] [Worker-Main-2/INFO] (Minecraft) [STDOUT]: [WG-CONTENT-WB] chunk(144,143) hash=75a3053d11f1940a dh=9faf0fe6ccdd1d91 nz=34186
[22:37:49] [Worker-Main-22/INFO] (Minecraft) [STDOUT]: [WG-CONTENT-WB] chunk(144,144) hash=bac7606f51a1dd16 dh=7339829ec41bd78c nz=34275
[22:37:49] [Worker-Main-11/INFO] (Minecraft) [STDOUT]: [WG-CONTENT-WB] chunk(144,145) hash=97c16354f7fe4b9e dh=ba09f470083fadc0 nz=34935
[22:37:49] [Worker-Main-11/INFO] (Minecraft) [STDOUT]: [WG-CONTENT-WB] chunk(144,146) hash=b3df87ef4d08a9d9 dh=eaa633f30e24f05d nz=40392
[22:37:49] [Worker-Main-5/INFO] (Minecraft) [STDOUT]: [WG-CONTENT-WB] chunk(145,130) hash=a7b0796f1fdda95c dh=afbfd3dd33bbb36b nz=35411
[22:37:49] [Worker-Main-12/INFO] (Minecraft) [STDOUT]: [WG-CONTENT-WB] chunk(145,131) hash=210a098051438671 dh=e8e439b2a5c5646a nz=35567
[22:37:49] [Worker-Main-7/INFO] (Minecraft) [STDOUT]: [WG-CONTENT-WB] chunk(145,129) hash=e83bfbbf18992dce dh=6c90767381df91bf nz=34425
[22:37:49] [Worker-Main-12/INFO] (Minecraft) [STDOUT]: [WG-CONTENT-WB] chunk(145,128) hash=aa573598aee3a978 dh=eb366847e53c8006 nz=34179
[22:37:49] [Worker-Main-12/INFO] (Minecraft) [STDOUT]: [WG-CONTENT-WB] chunk(145,132) hash=86b4527f32be1db0 dh=93494c95a6e6edda nz=34415
[22:37:49] [Worker-Main-7/INFO] (Minecraft) [STDOUT]: [WG-CONTENT-WB] chunk(145,133) hash=3d4609a619a87833 dh=59de758ba1093670 nz=32137
[22:37:49] [Worker-Main-12/INFO] (Minecraft) [STDOUT]: [WG-CONTENT-WB] chunk(145,134) hash=cb178ea4f62f902d dh=ec7a008ad3f38d45 nz=30201
[22:37:49] [Worker-Main-12/INFO] (Minecraft) [STDOUT]: [WG-CONTENT-WB] chunk(145,125) hash=d63651ad8a18651d dh=2de0b73078edbab2 nz=33963
[22:37:49] [Worker-Main-13/INFO] (Minecraft) [STDOUT]: [WG-CONTENT-WB] chunk(145,126) hash=5fc4514cce8dbda0 dh=c9ca1a33138d9c60 nz=33941
[22:37:49] [Worker-Main-12/INFO] (Minecraft) [STDOUT]: [WG-CONTENT-WB] chunk(145,127) hash=3891a2c007d775aa dh=747bad514f2ccd16 nz=33939
[22:37:50] [Worker-Main-13/INFO] (Minecraft) [STDOUT]: [WG-CONTENT-WB] chunk(145,135) hash=6fef248a72fbb366 dh=1e60f253534727c6 nz=30665
[22:37:50] [Worker-Main-5/INFO] (Minecraft) [STDOUT]: [WG-CONTENT-WB] chunk(145,136) hash=db5aa85026c40451 dh=da55de1b73af846e nz=32695
[22:37:50] [Worker-Main-5/INFO] (Minecraft) [STDOUT]: [WG-CONTENT-WB] chunk(145,137) hash=807538e0a23508c2 dh=330aea0b31cb9e7e nz=32779
[22:37:50] [Worker-Main-13/INFO] (Minecraft) [STDOUT]: [WG-CONTENT-WB] chunk(145,138) hash=19aa037fca479842 dh=646d93d09acc0ec3 nz=33759
[22:37:50] [Worker-Main-5/INFO] (Minecraft) [STDOUT]: [WG-CONTENT-WB] chunk(145,139) hash=cb1317df687dc02a dh=a5cbbdc1d2b879f nz=34329
[22:37:50] [Worker-Main-13/INFO] (Minecraft) [STDOUT]: [WG-CONTENT-WB] chunk(145,140) hash=728ab0e5ab8ef5f4 dh=bd79ed9d0286a760 nz=34350
[22:37:50] [Worker-Main-13/INFO] (Minecraft) [STDOUT]: [WG-CONTENT-WB] chunk(145,141) hash=3e710168bb685149 dh=5842483fe6b1d41f nz=33938
[22:37:50] [Worker-Main-5/INFO] (Minecraft) [STDOUT]: [WG-CONTENT-WB] chunk(145,142) hash=cc5bd1e53f4ada4c dh=f86a1009e62929c4 nz=34158
[22:37:50] [Worker-Main-13/INFO] (Minecraft) [STDOUT]: [WG-CONTENT-WB] chunk(145,143) hash=f678e3957b139a8a dh=97b0f7803299c9bf nz=34202
[22:37:50] [Worker-Main-5/INFO] (Minecraft) [STDOUT]: [WG-CONTENT-WB] chunk(145,144) hash=cbb39cc82a9de36e dh=843f3f9cde50cfa6 nz=35331
[22:37:50] [Worker-Main-5/INFO] (Minecraft) [STDOUT]: [WG-CONTENT-WB] chunk(145,145) hash=791fc47eb0d445fa dh=ba1c1439eea71a4c nz=34297
[22:37:50] [Worker-Main-12/INFO] (Minecraft) [STDOUT]: [WG-CONTENT-WB] chunk(145,146) hash=e19b83ad96fbe402 dh=accbe150b5ceb3e6 nz=41809
[22:37:50] [Server thread/INFO] (Minecraft) [Rcon: Marked [128, 128] chunks in minecraft:overworld from [128, 128] to [143, 143] to be force loaded]
[22:37:50] [Server thread/WARN] (Minecraft) Can't keep up! Is the server overloaded? Running 30320ms or 606 ticks behind
[22:37:50] [RCON Client /127.0.0.1 #2/INFO] (Minecraft) Thread RCON Client /127.0.0.1 shutting down
[22:37:50] [Worker-Main-23/INFO] (Minecraft) [STDOUT]: [WG-CONTENT-WB] chunk(136,147) hash=a5221a50c5b249b1 dh=38cfddf3abd75866 nz=31063
[22:37:50] [Worker-Main-23/INFO] (Minecraft) [STDOUT]: [WG-CONTENT-WB] chunk(146,132) hash=ff1827f7d499be4b dh=b87851874c2a2e16 nz=30856
[22:37:50] [Worker-Main-16/INFO] (Minecraft) [STDOUT]: [WG-CONTENT-WB] chunk(146,130) hash=ad41ee4437732e8f dh=b90dee0783529fb8 nz=34654
[22:37:51] [Worker-Main-16/INFO] (Minecraft) [STDOUT]: [WG-CONTENT-WB] chunk(146,131) hash=6065dfdba9d4c188 dh=dfa435332d8d9eca nz=34357
[22:37:51] [Worker-Main-8/INFO] (Minecraft) [STDOUT]: [WG-CONTENT-WB] chunk(146,133) hash=fb6f09ebc63f984a dh=2cda2c277845810b nz=30118
[22:37:51] [Worker-Main-5/INFO] (Minecraft) [STDOUT]: [WG-CONTENT-WB] chunk(146,129) hash=efae109ed3a58d1e dh=b3d8ba9192b8ed52 nz=33903
[22:37:51] [Worker-Main-5/INFO] (Minecraft) [STDOUT]: [WG-CONTENT-WB] chunk(146,128) hash=b37224a4652219fc dh=92b1ca7ea9fdc3af nz=32914
[22:37:51] [Worker-Main-1/INFO] (Minecraft) [STDOUT]: [WG-CONTENT-WB] chunk(146,134) hash=d74c27ed151398d6 dh=5eff5f751af3cbba nz=31341
[22:37:51] [Worker-Main-10/INFO] (Minecraft) [STDOUT]: [WG-CONTENT-WB] chunk(146,135) hash=1c350d4d766ca8d4 dh=2f2a9c74accb9bcd nz=32814
[22:37:51] [Worker-Main-3/INFO] (Minecraft) [STDOUT]: [WG-CONTENT-WB] chunk(146,125) hash=29dd39ea273a67b8 dh=3f80a1526f6635b9 nz=32512
[22:37:51] [Worker-Main-8/INFO] (Minecraft) [STDOUT]: [WG-CONTENT-WB] chunk(146,126) hash=e859ec34b43b8244 dh=4bd8508bd150edec nz=32740
[22:37:51] [Worker-Main-3/INFO] (Minecraft) [STDOUT]: [WG-CONTENT-WB] chunk(146,127) hash=d850c4d178f0da4a dh=c6d5738f9dc98ff4 nz=32897
[22:37:51] [Worker-Main-11/INFO] (Minecraft) [STDOUT]: [WG-CONTENT-WB] chunk(146,136) hash=1a68c170eff21432 dh=166b2d55293bcbe7 nz=32667
[22:37:51] [Worker-Main-1/INFO] (Minecraft) [STDOUT]: [WG-CONTENT-WB] chunk(146,137) hash=345a3ede44a3fefe dh=2832d1eb7ef0054f nz=33408
[22:37:51] [Worker-Main-1/INFO] (Minecraft) [STDOUT]: [WG-CONTENT-WB] chunk(146,138) hash=616573c6c43af638 dh=f60d1363d89a8a39 nz=33908
[22:37:51] [Worker-Main-1/INFO] (Minecraft) [STDOUT]: [WG-CONTENT-WB] chunk(146,139) hash=c62d62b0e55759f9 dh=4f592b9945229b79 nz=34543
[22:37:51] [Worker-Main-6/INFO] (Minecraft) [STDOUT]: [WG-CONTENT-WB] chunk(146,140) hash=77bbff7abe972de8 dh=f2e5c72d80b47b8f nz=34357
[22:37:52] [Worker-Main-4/INFO] (Minecraft) [STDOUT]: [WG-CONTENT-WB] chunk(146,141) hash=5831f09f54401d80 dh=ac817aa863cbda1e nz=33976
[22:37:52] [Worker-Main-4/INFO] (Minecraft) [STDOUT]: [WG-CONTENT-WB] chunk(146,145) hash=2f5cefc0d9e2b069 dh=d35a37657fbcc5ed nz=37880
[22:37:52] [Worker-Main-15/INFO] (Minecraft) [STDOUT]: [WG-CONTENT-WB] chunk(146,142) hash=e30e67ab3d9ed053 dh=2a6819413c8f374 nz=33225
[22:37:52] [Worker-Main-12/INFO] (Minecraft) [STDOUT]: [WG-CONTENT-WB] chunk(146,143) hash=5261188d65eb659c dh=d7d9f8f41c6bf175 nz=33832
[22:37:52] [Worker-Main-8/INFO] (Minecraft) [STDOUT]: [WG-CONTENT-WB] chunk(146,144) hash=d0afad934599f3e9 dh=e49cd42726621c1 nz=35698
[22:37:52] [Worker-Main-6/INFO] (Minecraft) [STDOUT]: [WG-CONTENT-WB] chunk(146,146) hash=e5595e4fb98e0ab2 dh=68b8e62b109414a2 nz=41687
[22:37:52] [Worker-Main-16/INFO] (Minecraft) [STDOUT]: [WG-CONTENT-WB] chunk(137,124) hash=6029a51aa202ebac dh=a07ae05004809926 nz=32249
[22:37:52] [Worker-Main-7/INFO] (Minecraft) [STDOUT]: [WG-CONTENT-WB] chunk(138,124) hash=b33510f29c18e15e dh=6b006fd3b50939f nz=33242
[22:37:52] [Worker-Main-15/INFO] (Minecraft) [STDOUT]: [WG-CONTENT-WB] chunk(139,124) hash=571c98c990ec2bb2 dh=1e0acb9facecaed6 nz=31701
[22:37:52] [Worker-Main-23/INFO] (Minecraft) [STDOUT]: [WG-CONTENT-WB] chunk(137,147) hash=44dd315a9a709ebc dh=e6ba70133669ab69 nz=33680
[22:37:52] [Worker-Main-17/INFO] (Minecraft) [STDOUT]: [WG-CONTENT-WB] chunk(140,124) hash=1ccdb498491ff2b9 dh=d090123d48b2898f nz=33462
[22:37:52] [Worker-Main-17/INFO] (Minecraft) [STDOUT]: [WG-CONTENT-WB] chunk(141,124) hash=d3b505c621612478 dh=a3e320527bde8831 nz=33652
[22:37:52] [Worker-Main-7/INFO] (Minecraft) [STDOUT]: [WG-CONTENT-WB] chunk(142,124) hash=650d52ce10e793ee dh=db43c4a35436881b nz=33758
[22:37:52] [Worker-Main-7/INFO] (Minecraft) [STDOUT]: [WG-CONTENT-WB] chunk(141,147) hash=1d10b66e21ca8b73 dh=df411fdf2392cdf2 nz=34403
[22:37:52] [Worker-Main-4/INFO] (Minecraft) [STDOUT]: [WG-CONTENT-WB] chunk(138,147) hash=4e524855ed25cbd1 dh=8484c440d803a7fc nz=33901
[22:37:52] [Worker-Main-4/INFO] (Minecraft) [STDOUT]: [WG-CONTENT-WB] chunk(139,147) hash=c8b93d430109fc64 dh=e35f830097f2c8b5 nz=34287
[22:37:53] [Worker-Main-4/INFO] (Minecraft) [STDOUT]: [WG-CONTENT-WB] chunk(140,147) hash=e9af8f2514d97f9d dh=de4b6c15705aa9ec nz=34425
[22:37:53] [Worker-Main-3/INFO] (Minecraft) [STDOUT]: [WG-CONTENT-WB] chunk(143,124) hash=53087eb1d4b5c2b6 dh=92115c07496c1c6d nz=33960
[22:37:53] [Worker-Main-2/INFO] (Minecraft) [STDOUT]: [WG-CONTENT-WB] chunk(143,147) hash=1041ff437d7871f5 dh=de3012db7a2c6596 nz=37449
[22:37:53] [Worker-Main-2/INFO] (Minecraft) [STDOUT]: [WG-CONTENT-WB] chunk(142,147) hash=aa68dae732df3a9c dh=5a4191d459a96f67 nz=35288
[22:37:53] [Worker-Main-3/INFO] (Minecraft) [STDOUT]: [WG-CONTENT-WB] chunk(144,124) hash=a01c31011a9efbf0 dh=ac95586f02ac69a9 nz=34028
[22:37:53] [Worker-Main-21/INFO] (Minecraft) [STDOUT]: [WG-CONTENT-WB] chunk(145,124) hash=885f803b5ef2b940 dh=a4bb417432336230 nz=33683
[22:37:53] [Worker-Main-21/INFO] (Minecraft) [STDOUT]: [WG-CONTENT-WB] chunk(146,124) hash=38c431761fadc349 dh=91aaad6ca53cee49 nz=32338
[22:37:53] [Worker-Main-12/INFO] (Minecraft) [STDOUT]: [WG-CONTENT-WB] chunk(144,147) hash=32b02ceaa6547bf1 dh=c8a40b84fa5d1d9e nz=42782
[22:37:53] [Worker-Main-20/INFO] (Minecraft) [STDOUT]: [WG-CONTENT-WB] chunk(145,147) hash=2540b3520ab235be dh=57f13e5f118cc1c6 nz=43934
[22:37:53] [Worker-Main-5/INFO] (Minecraft) [STDOUT]: [WG-CONTENT-WB] chunk(146,147) hash=813fed7a64b09aa7 dh=656f27ac7ddacd5d nz=43269
[22:37:53] [Worker-Main-21/INFO] (Minecraft) [STDOUT]: [WG-CONTENT-WB] chunk(147,127) hash=8a314d04afecf92e dh=74e399e78820760 nz=32512
[22:37:53] [Worker-Main-23/INFO] (Minecraft) [STDOUT]: [WG-CONTENT-WB] chunk(147,128) hash=8a539fb0afbe094f dh=7a344c340ba56c7e nz=32484
[22:37:53] [Worker-Main-3/INFO] (Minecraft) [STDOUT]: [WG-CONTENT-WB] chunk(147,129) hash=ae9046f2e3f74dfd dh=ec58506cbc4e4a9d nz=32741
[22:37:53] [Worker-Main-12/INFO] (Minecraft) [STDOUT]: [WG-CONTENT-WB] chunk(147,125) hash=88a2f4439a246d6a dh=dba52c7eddd72397 nz=32512
[22:37:53] [Worker-Main-20/INFO] (Minecraft) [STDOUT]: [WG-CONTENT-WB] chunk(147,131) hash=a192ca6ef8d224 dh=511b5430592f06c8 nz=31825
[22:37:54] [Worker-Main-7/INFO] (Minecraft) [STDOUT]: [WG-CONTENT-WB] chunk(147,126) hash=9f2931aaa58468d3 dh=e2250b57ecc91639 nz=32533
[22:37:54] [Worker-Main-20/INFO] (Minecraft) [STDOUT]: [WG-CONTENT-WB] chunk(147,130) hash=6d5eb99fb9b78f56 dh=fbdcc3da4574ffe7 nz=33324
[22:37:54] [Worker-Main-7/INFO] (Minecraft) [STDOUT]: [WG-CONTENT-WB] chunk(147,132) hash=52d1eb203666db76 dh=df1843162855fb5b nz=29658
[22:37:54] [Worker-Main-21/INFO] (Minecraft) [STDOUT]: [WG-CONTENT-WB] chunk(147,133) hash=102af30848e262ce dh=62ad8608a75f865c nz=31683
[22:37:54] [Worker-Main-23/INFO] (Minecraft) [STDOUT]: [WG-CONTENT-WB] chunk(147,134) hash=ffe468755ffe7f38 dh=b684ad7e8535ab0b nz=32495
[22:37:54] [Worker-Main-4/INFO] (Minecraft) [STDOUT]: [WG-CONTENT-WB] chunk(147,135) hash=34bd060531517d1f dh=d0d9f04c44e6642a nz=33788
[22:37:54] [Worker-Main-8/INFO] (Minecraft) [STDOUT]: [WG-CONTENT-WB] chunk(147,136) hash=e3fb8c718b5463f6 dh=faf006ef7b10d8a3 nz=33695
[22:37:54] [Worker-Main-8/INFO] (Minecraft) [STDOUT]: [WG-CONTENT-WB] chunk(147,124) hash=21c0b1b6fac92ed5 dh=7560786754241835 nz=32487
[22:37:54] [Worker-Main-4/INFO] (Minecraft) [STDOUT]: [WG-CONTENT-WB] chunk(147,137) hash=53cab17603776683 dh=a8993ece519dea6b nz=34381
[22:37:54] [Worker-Main-23/INFO] (Minecraft) [STDOUT]: [WG-CONTENT-WB] chunk(147,138) hash=88664479e11708bb dh=7e01849272598e14 nz=34410
[22:37:54] [Worker-Main-15/INFO] (Minecraft) [STDOUT]: [WG-CONTENT-WB] chunk(147,139) hash=602244a87f639b57 dh=50cdd1bbeb72ba47 nz=34724
[22:37:54] [Worker-Main-21/INFO] (Minecraft) [STDOUT]: [WG-CONTENT-WB] chunk(147,140) hash=1d7c2653cb51b76a dh=f3d93660395dde5c nz=33223
[22:37:54] [Worker-Main-20/INFO] (Minecraft) [STDOUT]: [WG-CONTENT-WB] chunk(147,141) hash=51f4854a2daaaccc dh=a02e9093a31f7d01 nz=32044
[22:37:54] [Worker-Main-23/INFO] (Minecraft) [STDOUT]: [WG-CONTENT-WB] chunk(147,142) hash=d06996fde0a506cf dh=c4d2690898f4d2bb nz=31401
[22:37:54] [Worker-Main-23/INFO] (Minecraft) [STDOUT]: [WG-CONTENT-WB] chunk(147,143) hash=de3b208f31d052f6 dh=95b95131f51d180c nz=32449
[22:37:55] [Worker-Main-20/INFO] (Minecraft) [STDOUT]: [WG-CONTENT-WB] chunk(147,144) hash=4587230dd5ec65f0 dh=c2b8e7ef81f3e342 nz=34263
[22:37:55] [Worker-Main-10/INFO] (Minecraft) [STDOUT]: [WG-CONTENT-WB] chunk(147,145) hash=932003f2db3b34c1 dh=3c79cd8b29f0bbf5 nz=38692
[22:37:55] [Worker-Main-20/INFO] (Minecraft) [STDOUT]: [WG-CONTENT-WB] chunk(147,146) hash=b3fdd3064ef08779 dh=4c54a6d1b218e831 nz=42188
[22:37:55] [Worker-Main-8/INFO] (Minecraft) [STDOUT]: [WG-CONTENT-WB] chunk(147,147) hash=cde0428300805d24 dh=65800a725b4d0e77 nz=41761
[22:38:05] [RCON Listener #1/INFO] (Minecraft) Thread RCON Client /127.0.0.1 started
[22:38:05] [Server thread/INFO] (Minecraft) [Rcon: Stopping the server]
[22:38:05] [RCON Client /127.0.0.1 #3/INFO] (Minecraft) Thread RCON Client /127.0.0.1 shutting down
[22:38:05] [Server thread/INFO] (Minecraft) Stopping server
[22:38:05] [Server thread/INFO] (Minecraft) Saving players
[22:38:05] [Server thread/INFO] (Minecraft) Saving worlds
[22:38:06] [Server thread/INFO] (Minecraft) Saving chunks for level 'ServerLevel[world]'/minecraft:overworld
[22:38:11] [Server thread/INFO] (Minecraft) Saving chunks for level 'ServerLevel[world]'/minecraft:the_nether
[22:38:11] [Server thread/INFO] (Minecraft) Saving chunks for level 'ServerLevel[world]'/minecraft:the_end
[22:38:11] [Server thread/INFO] (Minecraft) ThreadedAnvilChunkStorage (world): All chunks are saved
[22:38:11] [Server thread/INFO] (Minecraft) ThreadedAnvilChunkStorage (DIM-1): All chunks are saved
[22:38:11] [Server thread/INFO] (Minecraft) ThreadedAnvilChunkStorage (DIM1): All chunks are saved
[22:38:11] [Server thread/INFO] (Minecraft) ThreadedAnvilChunkStorage: All dimensions are saved
[22:38:11] [Server thread/INFO] (Minecraft) Thread RCON Listener stopped

BUILD SUCCESSFUL in 1m 45s
6 actionable tasks: 1 executed, 5 up-to-date
