Starting a Gradle Daemon, 12 stopped Daemons could not be reused, use --status for details

> Configure project :
Fabric Loom: 1.10.5

> Configure project :content-test
Fabric Loom: 1.10.5

> Task :compileJava UP-TO-DATE
> Task :processResources UP-TO-DATE
> Task :classes UP-TO-DATE
> Task :generateLog4jConfig UP-TO-DATE
> Task :generateRemapClasspath UP-TO-DATE
> Task :generateDLIConfig UP-TO-DATE
> Task :configureLaunch UP-TO-DATE

> Task :runServer
[21:46:11] [main/INFO] (FabricLoader/GameProvider) Loading Minecraft 1.20.1 with Fabric Loader 0.15.11
[21:46:11] [main/INFO] (FabricLoader) Loading 48 mods:
	- chunky 1.3.146
	- coreswap 1.20.1-1.0.29
	- fabric-api 0.92.0+1.20.1
	- fabric-api-base 0.4.31+1802ada577
	- fabric-api-lookup-api-v1 1.6.36+1802ada577
	- fabric-biome-api-v1 13.0.13+1802ada577
	- fabric-block-api-v1 1.0.11+1802ada577
	- fabric-block-view-api-v2 1.0.1+1802ada577
	- fabric-command-api-v1 1.2.34+f71b366f77
	- fabric-command-api-v2 2.2.13+1802ada577
	- fabric-commands-v0 0.2.51+df3654b377
	- fabric-containers-v0 0.1.64+df3654b377
	- fabric-content-registries-v0 4.0.11+1802ada577
	- fabric-convention-tags-v1 1.5.5+1802ada577
	- fabric-crash-report-info-v1 0.2.19+1802ada577
	- fabric-data-attachment-api-v1 1.0.0+de0fd6d177
	- fabric-data-generation-api-v1 12.3.4+1802ada577
	- fabric-dimensions-v1 2.1.54+1802ada577
	- fabric-entity-events-v1 1.6.0+1c78457f77
	- fabric-events-interaction-v0 0.6.2+1802ada577
	- fabric-events-lifecycle-v0 0.2.63+df3654b377
	- fabric-game-rule-api-v1 1.0.40+1802ada577
	- fabric-gametest-api-v1 1.2.13+1802ada577
	- fabric-item-api-v1 2.1.28+1802ada577
	- fabric-item-group-api-v1 4.0.12+1802ada577
	- fabric-lifecycle-events-v1 2.2.22+1802ada577
	- fabric-loot-api-v2 1.2.1+1802ada577
	- fabric-loot-tables-v1 1.1.45+9e7660c677
	- fabric-message-api-v1 5.1.9+1802ada577
	- fabric-mining-level-api-v1 2.1.50+1802ada577
	- fabric-networking-api-v1 1.3.11+1802ada577
	- fabric-networking-v0 0.3.51+df3654b377
	- fabric-object-builder-api-v1 11.1.3+1802ada577
	- fabric-particles-v1 1.1.2+1802ada577
	- fabric-recipe-api-v1 1.0.21+1802ada577
	- fabric-registry-sync-v0 2.3.3+1802ada577
	- fabric-rendering-data-attachment-v1 0.3.37+92a0d36777
	- fabric-rendering-fluids-v1 3.0.28+1802ada577
	- fabric-resource-conditions-api-v1 2.3.8+1802ada577
	- fabric-resource-loader-v0 0.11.10+1802ada577
	- fabric-screen-handler-api-v1 1.3.30+1802ada577
	- fabric-transfer-api-v1 3.3.4+1802ada577
	- fabric-transitive-access-wideners-v1 4.3.1+1802ada577
	- fabricloader 0.15.11
	- java 17
	- minecraft 1.20.1
	- mixinextras 0.3.5
	- testcontent 1.0.0
[21:46:14] [main/INFO] (FabricLoader/Mixin) SpongePowered MIXIN Subsystem Version=0.8.5 Source=file:/E:/PYTHON/CoreSwap/.gradle-home/caches/modules-2/files-2.1/net.fabricmc/sponge-mixin/0.13.3+mixin.0.8.5/9527e6b0d2449408958fd1302594dc65ec5ade9c/sponge-mixin-0.13.3+mixin.0.8.5.jar Service=Knot/Fabric Env=SERVER
[21:46:14] [main/INFO] (FabricLoader/Mixin) Loaded Fabric development mappings for mixin remapper!
[21:46:14] [main/INFO] (FabricLoader/Mixin) Compatibility level set to JAVA_16
[21:46:14] [main/INFO] (FabricLoader/Mixin) Compatibility level set to JAVA_17
[21:46:15] [main/INFO] (FabricLoader/MixinExtras|Service) Initializing MixinExtras via com.llamalad7.mixinextras.service.MixinExtrasServiceImpl(version=0.3.5).
[21:46:17] [main/WARN] (WmiQueryHandler) COM exception querying Win32_Processor, which might not be on your system. Will not attempt to query it again. Error was -2147217405: (HRESULT: 80041003)
[21:46:17] [main/WARN] (WmiQueryHandler) COM exception querying Win32_Processor, which might not be on your system. Will not attempt to query it again. Error was -2147217405: (HRESULT: 80041003)
[21:46:17] [main/WARN] (WmiQueryHandler) COM exception querying Win32_VideoController, which might not be on your system. Will not attempt to query it again. Error was -2147217405: (HRESULT: 80041003)
[21:46:17] [main/WARN] (WmiQueryHandler) COM exception querying Win32_PhysicalMemory, which might not be on your system. Will not attempt to query it again. Error was -2147217405: (HRESULT: 80041003)
[21:46:25] [main/INFO] (Minecraft) [STDOUT]: [TestContent] registered testcontent:test_brick raw=1003 testcontent:test_lamp raw=1004
[21:46:25] [main/INFO] (Minecraft) Environment: authHost='https://authserver.mojang.com', accountsHost='https://api.mojang.com', sessionHost='https://sessionserver.mojang.com', servicesHost='https://api.minecraftservices.com', name='PROD'
[21:46:28] [main/INFO] (Minecraft) Loaded 7 recipes
[21:46:28] [main/INFO] (Minecraft) Loaded 1271 advancements
[21:46:28] [main/INFO] (BiomeModificationImpl) Applied 0 biome modifications to 0 of 64 new biomes in 2.665 ms
[21:46:28] [Server thread/INFO] (Minecraft) Starting minecraft server version 1.20.1
[21:46:28] [Server thread/INFO] (Minecraft) Loading properties
[21:46:28] [Server thread/INFO] (Minecraft) Default game type: SURVIVAL
[21:46:28] [Server thread/INFO] (Minecraft) Generating keypair
[21:46:28] [Server thread/INFO] (Minecraft) Starting Minecraft server on *:25565
[21:46:28] [Server thread/INFO] (Minecraft) Using default channel type
[21:46:29] [Server thread/INFO] (Minecraft) Preparing level "world"
[21:46:31] [Server thread/INFO] (Minecraft) Preparing start region for dimension minecraft:overworld
[21:46:32] [Worker-Main-22/INFO] (Minecraft) Preparing spawn area: 0%
[21:46:32] [Worker-Main-2/INFO] (Minecraft) Preparing spawn area: 0%
[21:46:32] [Worker-Main-22/INFO] (Minecraft) Preparing spawn area: 0%
[21:46:33] [Worker-Main-9/INFO] (Minecraft) Preparing spawn area: 1%
[21:46:33] [Worker-Main-21/INFO] (Minecraft) Preparing spawn area: 5%
[21:46:34] [Worker-Main-10/INFO] (Minecraft) Preparing spawn area: 9%
[21:46:34] [Worker-Main-19/INFO] (Minecraft) Preparing spawn area: 13%
[21:46:35] [Worker-Main-23/INFO] (Minecraft) Preparing spawn area: 18%
[21:46:35] [Worker-Main-7/INFO] (Minecraft) Preparing spawn area: 25%
[21:46:36] [Worker-Main-5/INFO] (Minecraft) Preparing spawn area: 32%
[21:46:36] [Worker-Main-7/INFO] (Minecraft) Preparing spawn area: 39%
[21:46:37] [Worker-Main-9/INFO] (Minecraft) Preparing spawn area: 43%
[21:46:37] [Worker-Main-12/INFO] (Minecraft) Preparing spawn area: 50%
[21:46:38] [Worker-Main-19/INFO] (Minecraft) Preparing spawn area: 56%
[21:46:38] [Worker-Main-10/INFO] (Minecraft) Preparing spawn area: 62%
[21:46:39] [Worker-Main-15/INFO] (Minecraft) Preparing spawn area: 69%
[21:46:39] [Worker-Main-9/INFO] (Minecraft) Preparing spawn area: 76%
[21:46:40] [Worker-Main-15/INFO] (Minecraft) Preparing spawn area: 83%
[21:46:40] [Worker-Main-10/INFO] (Minecraft) Preparing spawn area: 85%
[21:46:41] [Worker-Main-23/INFO] (Minecraft) Preparing spawn area: 90%
[21:46:41] [Server thread/INFO] (Minecraft) Time elapsed: 9911 ms
[21:46:41] [Server thread/INFO] (Minecraft) Done (12.464s)! For help, type "help"
[21:46:41] [Server thread/INFO] (Minecraft) Starting remote control listener
[21:46:41] [Server thread/INFO] (Minecraft) Thread RCON Listener started
[21:46:41] [Server thread/INFO] (Minecraft) RCON running on 0.0.0.0:25575
[21:46:42] [Server thread/INFO] (Minecraft) [STDOUT]: [CppBridge] init seed=417950215108767439 worldgenDir=E:\PYTHON\CoreSwap\versions\1.20.1\data\worldgen enabled=true stageMask=3 env.CORESWAP_DEFAULT_BLOCK=null
[21:46:42] [Server thread/INFO] (Minecraft) [STDOUT]: [CppBridge] dll=E:\PYTHON\CoreSwap\.tmp\java-tmp\coreswap-native\worldgen.dll size=2457600 sha256=838e89794a54e19d...
[21:46:42] [Server thread/INFO] (Minecraft) [STDOUT]: [CppBridge] initNether seed=417950215108767439 enabled=true stageMask=3
[21:46:42] [Server thread/INFO] (Minecraft) [STDOUT]: [CppBridge] initEnd seed=417950215108767439 enabled=true stageMask=3
[21:46:42] [Server thread/INFO] (Minecraft) [STDOUT]: [BenchMod] CoreSwap replace mode: C++ worldgen active
[21:46:48] [RCON Listener #1/INFO] (Minecraft) Thread RCON Client /127.0.0.1 started
[21:46:49] [RCON Client /127.0.0.1 #2/INFO] (Minecraft) Thread RCON Client /127.0.0.1 shutting down
[21:46:50] [RCON Listener #1/INFO] (Minecraft) Thread RCON Client /127.0.0.1 started
[21:46:50] [RCON Client /127.0.0.1 #3/INFO] (Minecraft) Thread RCON Client /127.0.0.1 shutting down
[21:46:50] [RCON Listener #1/INFO] (Minecraft) Thread RCON Client /127.0.0.1 started
[21:46:50] [RCON Client /127.0.0.1 #4/INFO] (Minecraft) Thread RCON Client /127.0.0.1 shutting down
[21:46:51] [RCON Listener #1/INFO] (Minecraft) Thread RCON Client /127.0.0.1 started
[21:46:51] [RCON Client /127.0.0.1 #5/INFO] (Minecraft) Thread RCON Client /127.0.0.1 shutting down
[21:46:52] [RCON Listener #1/INFO] (Minecraft) Thread RCON Client /127.0.0.1 started
[21:46:52] [RCON Client /127.0.0.1 #6/INFO] (Minecraft) Thread RCON Client /127.0.0.1 shutting down
[21:46:52] [Worker-Main-14/INFO] (Minecraft) [STDOUT]: [WG-EXEC] mode=own-pool pool=10 queue=128 rejectedPolicy=CallerRuns logical=24 syncfill=false
[21:46:52] [CoreSwap-Fill-1/INFO] (Minecraft) [STDOUT]: [WG-BULKWB-TEST] PASS distinct=1 (readback 4096 positions; SINGULAR branch)
[21:46:52] [CoreSwap-Fill-1/INFO] (Minecraft) [STDOUT]: [WG-BULKWB-TEST] PASS distinct=3 (readback 4096 positions; ARRAY branch)
[21:46:52] [CoreSwap-Fill-10/INFO] (Minecraft) [STDOUT]: [WG-BULKWB] state_ids_size=24137 idlist_bits=15 (bulk section writeback active; ARRAY<=4bit, BI_MAP 5-8bit, ID_LIST=above)
[21:46:52] [CoreSwap-Fill-1/INFO] (Minecraft) [STDOUT]: [WG-BULKWB-TEST] PASS distinct=20 (readback 4096 positions; BI_MAP branch)
[21:46:52] [CoreSwap-Fill-1/INFO] (Minecraft) [STDOUT]: [WG-BULKWB-TEST] PASS distinct=300 (readback 4096 positions; ID_LIST branch)
[21:46:52] [CoreSwap-Fill-1/INFO] (Minecraft) [STDOUT]: [WG-BULKWB-TEST] all branches PASS (SINGULAR/ARRAY/BI_MAP/ID_LIST)
[21:46:52] [CoreSwap-Fill-10/INFO] (Minecraft) [STDOUT]: [WG-CONTENT-WB] chunk(-11,-6) hash=fa5debef13ea66d5 dh=33cc3d01afdb740b nz=32512
[21:46:52] [CoreSwap-Fill-4/INFO] (Minecraft) [STDOUT]: [WG-CONTENT-WB] chunk(-12,-10) hash=85637cb45c5fcbae dh=54605add05c081cc nz=31021
[21:46:52] [CoreSwap-Fill-9/INFO] (Minecraft) [STDOUT]: [WG-CONTENT-WB] chunk(-11,-7) hash=86ea56bf8c58585 dh=5dfc3edd27c46de3 nz=32048
[21:46:52] [CoreSwap-Fill-3/INFO] (Minecraft) [STDOUT]: [WG-CONTENT-WB] chunk(-11,-10) hash=abc06b30c87d9493 dh=3c08836dbaceb1d3 nz=31072
[21:46:52] [CoreSwap-Fill-8/INFO] (Minecraft) [STDOUT]: [WG-CONTENT-WB] chunk(-12,-6) hash=f13c9d56116fd482 dh=f7bb97dad123a597 nz=32414
[21:46:52] [CoreSwap-Fill-2/INFO] (Minecraft) [STDOUT]: [WG-CONTENT-WB] chunk(-11,-8) hash=2e274b6f2bc24e4c dh=b99c97bda4b54790 nz=26972
[21:46:52] [CoreSwap-Fill-7/INFO] (Minecraft) [STDOUT]: [WG-CONTENT-WB] chunk(-12,-7) hash=5015a767e0460004 dh=de2ff5c0e7831a02 nz=32327
[21:46:52] [CoreSwap-Fill-1/INFO] (Minecraft) [STDOUT]: [WG-CONTENT-WB] chunk(-11,-9) hash=452b2cad1d4ae35b dh=6aeec807a6d71949 nz=32169
[21:46:52] [CoreSwap-Fill-6/INFO] (Minecraft) [STDOUT]: [WG-CONTENT-WB] chunk(-12,-8) hash=77bb8add8db2ba4c dh=421aea652a0f0ee5 nz=27324
[21:46:52] [CoreSwap-Fill-5/INFO] (Minecraft) [STDOUT]: [WG-CONTENT-WB] chunk(-12,-9) hash=99ad844dbde61bc6 dh=782368a4e9d0a70a nz=30695
[21:46:52] [CoreSwap-Fill-10/INFO] (Minecraft) [STDOUT]: [WG-CONTENT-WB] chunk(-12,-5) hash=1cf31b3133695b90 dh=409e84a577720966 nz=31486
[21:46:52] [CoreSwap-Fill-4/INFO] (Minecraft) [STDOUT]: [WG-CONTENT-WB] chunk(-11,-5) hash=3d6edf9054404b98 dh=7e22d02e07e616da nz=31754
[21:46:52] [CoreSwap-Fill-9/INFO] (Minecraft) [STDOUT]: [WG-CONTENT-WB] chunk(-12,-4) hash=dd7c7aafbeb0a4ed dh=c2e4392116085cf2 nz=32454
[21:46:52] [CoreSwap-Fill-8/INFO] (Minecraft) [STDOUT]: [WG-CONTENT-WB] chunk(-11,-4) hash=2c13d7c746a28f98 dh=6cbe152a99c2395e nz=32429
[21:46:52] [CoreSwap-Fill-3/INFO] (Minecraft) [STDOUT]: [WG-CONTENT-WB] chunk(-12,-3) hash=4eae7d49f7b2d14 dh=eb6684cbb49a4e7e nz=32379
[21:46:52] [CoreSwap-Fill-2/INFO] (Minecraft) [STDOUT]: [WG-CONTENT-WB] chunk(-11,-3) hash=5993a375bf5f861e dh=fa6bffd4bf71ad45 nz=32512
[21:46:52] [CoreSwap-Fill-7/INFO] (Minecraft) [STDOUT]: [WG-CONTENT-WB] chunk(-11,-2) hash=4d795cf947104602 dh=16244674daf3df69 nz=32512
[21:46:52] [CoreSwap-Fill-6/INFO] (Minecraft) [STDOUT]: [WG-CONTENT-WB] chunk(-10,-10) hash=da69e45fa399453e dh=37c3b22f5dc00ebe nz=32430
[21:46:52] [CoreSwap-Fill-1/INFO] (Minecraft) [STDOUT]: [WG-CONTENT-WB] chunk(-12,-2) hash=a9f5bdd60e5a6c1 dh=dbc41213f4e6306a nz=32460
[21:46:52] [CoreSwap-Fill-5/INFO] (Minecraft) [STDOUT]: [WG-CONTENT-WB] chunk(-13,-9) hash=5b52406ae06db5c9 dh=343f18322a0cb8b1 nz=30074
[21:46:52] [CoreSwap-Fill-4/INFO] (Minecraft) [STDOUT]: [WG-CONTENT-WB] chunk(-10,-8) hash=1aa7b8a6f624aec1 dh=e0c55ea8836508b1 nz=27654
[21:46:52] [CoreSwap-Fill-10/INFO] (Minecraft) [STDOUT]: [WG-CONTENT-WB] chunk(-10,-9) hash=2691066121d8c476 dh=f0495eaeabd85c0e nz=29590
[21:46:52] [CoreSwap-Fill-9/INFO] (Minecraft) [STDOUT]: [WG-CONTENT-WB] chunk(-10,-7) hash=5327b3733caf5a40 dh=4aa6b669453cca76 nz=29172
[21:46:52] [CoreSwap-Fill-3/INFO] (Minecraft) [STDOUT]: [WG-CONTENT-WB] chunk(-13,-11) hash=cd357cf6f757944f dh=debba7727ba2fb nz=32512
[21:46:52] [CoreSwap-Fill-8/INFO] (Minecraft) [STDOUT]: [WG-CONTENT-WB] chunk(-13,-10) hash=4d769ab4f4efa9f0 dh=2865ce1794f44a1e nz=32397
[21:46:52] [CoreSwap-Fill-2/INFO] (Minecraft) [STDOUT]: [WG-CONTENT-WB] chunk(-12,-11) hash=f678e4e82b77aae4 dh=4da1f6780397de26 nz=31990
[21:46:52] [CoreSwap-Fill-6/INFO] (Minecraft) [STDOUT]: [WG-CONTENT-WB] chunk(-13,-8) hash=acbb469b43eeb005 dh=44e31591be3ff0cd nz=27848
[21:46:52] [CoreSwap-Fill-7/INFO] (Minecraft) [STDOUT]: [WG-CONTENT-WB] chunk(-11,-11) hash=7056cbc84b26ca0f dh=5800a9d04e1bef0f nz=30595
[21:46:52] [CoreSwap-Fill-1/INFO] (Minecraft) [STDOUT]: [WG-CONTENT-WB] chunk(-13,-7) hash=be95533bb6bb6b39 dh=d0d4e8276a2c1a1b nz=32396
[21:46:52] [CoreSwap-Fill-4/INFO] (Minecraft) [STDOUT]: [WG-CONTENT-WB] chunk(-13,-5) hash=a7bebb288fde2029 dh=4db88ec19578bbc9 nz=32301
[21:46:52] [CoreSwap-Fill-5/INFO] (Minecraft) [STDOUT]: [WG-CONTENT-WB] chunk(-13,-6) hash=19380ec1d89fbd2e dh=eaf19bef463761cc nz=32142
[21:46:52] [CoreSwap-Fill-10/INFO] (Minecraft) [STDOUT]: [WG-CONTENT-WB] chunk(-13,-4) hash=4309b37632aaa442 dh=1675da7262c75f78 nz=32412
[21:46:52] [CoreSwap-Fill-9/INFO] (Minecraft) [STDOUT]: [WG-CONTENT-WB] chunk(-13,-3) hash=e390ae1bf1f97a5c dh=53f556f58e3b83ff nz=31066
[21:46:52] [CoreSwap-Fill-8/INFO] (Minecraft) [STDOUT]: [WG-CONTENT-WB] chunk(-10,-11) hash=1f53f135fa221537 dh=88b23a6741d92e31 nz=32512
[21:46:52] [CoreSwap-Fill-3/INFO] (Minecraft) [STDOUT]: [WG-CONTENT-WB] chunk(-13,-2) hash=3987a8762a31c4e3 dh=1e0516b7c8943c30 nz=32002
[21:46:52] [CoreSwap-Fill-2/INFO] (Minecraft) [STDOUT]: [WG-CONTENT-WB] chunk(-13,-1) hash=35aa882fcb41ba05 dh=c33dc87c34c22da6 nz=32315
[21:46:52] [CoreSwap-Fill-6/INFO] (Minecraft) [STDOUT]: [WG-CONTENT-WB] chunk(-12,-1) hash=c68dfb389d9e6da6 dh=20c40185918a164e nz=32422
[21:46:52] [CoreSwap-Fill-1/INFO] (Minecraft) [STDOUT]: [WG-CONTENT-WB] chunk(-10,-6) hash=b949c4bc043d2feb dh=7e7b137726341b36 nz=32109
[21:46:52] [CoreSwap-Fill-7/INFO] (Minecraft) [STDOUT]: [WG-CONTENT-WB] chunk(-11,-1) hash=da0149341a0a01d5 dh=2d39f48f13b0af53 nz=32404
[21:46:52] [CoreSwap-Fill-4/INFO] (Minecraft) [STDOUT]: [WG-CONTENT-WB] chunk(-10,-5) hash=738c3ca26ec9d97a dh=1bd43f2a4426916 nz=32467
[21:46:52] [CoreSwap-Fill-5/INFO] (Minecraft) [STDOUT]: [WG-CONTENT-WB] chunk(-9,-6) hash=3d351c77848afec5 dh=3967ac399fb4ba73 nz=32512
[21:46:52] [CoreSwap-Fill-10/INFO] (Minecraft) [STDOUT]: [WG-CONTENT-WB] chunk(-10,-4) hash=558f123169ecd9d7 dh=46756b1619040029 nz=32512
[21:46:52] [CoreSwap-Fill-9/INFO] (Minecraft) [STDOUT]: [WG-CONTENT-WB] chunk(-10,-3) hash=9b4522e5f79fe4a1 dh=d2bb9f6adb1c42d7 nz=32512
[21:46:52] [CoreSwap-Fill-8/INFO] (Minecraft) [STDOUT]: [WG-CONTENT-WB] chunk(-9,-5) hash=99386210d8dcf58d dh=7bb0da53f6ca224d nz=32512
[21:46:52] [CoreSwap-Fill-3/INFO] (Minecraft) [STDOUT]: [WG-CONTENT-WB] chunk(-8,-6) hash=3a0410a8560998d0 dh=2ba90f5c3bfd0180 nz=30187
[21:46:52] [CoreSwap-Fill-2/INFO] (Minecraft) [STDOUT]: [WG-CONTENT-WB] chunk(-8,-5) hash=77c166042ba8b0b3 dh=3f951705e27e594b nz=31122
[21:46:52] [CoreSwap-Fill-1/INFO] (Minecraft) [STDOUT]: [WG-CONTENT-WB] chunk(-9,-3) hash=e841fd5581cf9eda dh=c28540811704bbc nz=32512
[21:46:52] [CoreSwap-Fill-6/INFO] (Minecraft) [STDOUT]: [WG-CONTENT-WB] chunk(-9,-4) hash=b24d9666a83fda45 dh=f6331bb3b20bfe8b nz=32512
[21:46:52] [CoreSwap-Fill-5/INFO] (Minecraft) [STDOUT]: [WG-CONTENT-WB] chunk(-10,-2) hash=f1572d0f2ac8738b dh=b0ea876520fc029a nz=32512
[21:46:52] [CoreSwap-Fill-4/INFO] (Minecraft) [STDOUT]: [WG-CONTENT-WB] chunk(-7,-5) hash=148707383a9b0628 dh=d6d0b7c098b0ee40 nz=31830
[21:46:52] [CoreSwap-Fill-7/INFO] (Minecraft) [STDOUT]: [WG-CONTENT-WB] chunk(-7,-6) hash=758d67159dcc704a dh=d57bea046e6341f0 nz=29055
[21:46:52] [CoreSwap-Fill-10/INFO] (Minecraft) [STDOUT]: [WG-CONTENT-WB] chunk(-10,-1) hash=d088239bbe394410 dh=a0ddf8635438e96a nz=32512
[21:46:52] [CoreSwap-Fill-9/INFO] (Minecraft) [STDOUT]: [WG-CONTENT-WB] chunk(-9,-7) hash=834bd2da11085ef9 dh=285013090f425337 nz=29526
[21:46:52] [CoreSwap-Fill-8/INFO] (Minecraft) [STDOUT]: [WG-CONTENT-WB] chunk(-9,-8) hash=9371228b929cf4cf dh=8906f5b610b16651 nz=29512
[21:46:52] [CoreSwap-Fill-3/INFO] (Minecraft) [STDOUT]: [WG-CONTENT-WB] chunk(-9,-9) hash=6c17a9ade78988e1 dh=8b6c4f6a52cd202 nz=29776
[21:46:52] [CoreSwap-Fill-6/INFO] (Minecraft) [STDOUT]: [WG-CONTENT-WB] chunk(-9,-2) hash=56b32cec632505c3 dh=bbc8c75ec3be52d5 nz=32502
[21:46:52] [CoreSwap-Fill-1/INFO] (Minecraft) [STDOUT]: [WG-CONTENT-WB] chunk(-9,-10) hash=5ca5889127ca27ec dh=2425977bd22567d0 nz=32264
[21:46:52] [CoreSwap-Fill-2/INFO] (Minecraft) [STDOUT]: [WG-CONTENT-WB] chunk(-9,-11) hash=c7e72b0aa3cdde55 dh=2e7887a42c7ea142 nz=32504
[21:46:52] [CoreSwap-Fill-5/INFO] (Minecraft) [STDOUT]: [WG-CONTENT-WB] chunk(-9,-1) hash=e3dc7862d1adbbaf dh=eb590250f709ce85 nz=32483
[21:46:52] [CoreSwap-Fill-4/INFO] (Minecraft) [STDOUT]: [WG-CONTENT-WB] chunk(-8,-4) hash=e810891f9e36d09e dh=9aaf2cf28075cd3e nz=31154
[21:46:52] [CoreSwap-Fill-7/INFO] (Minecraft) [STDOUT]: [WG-CONTENT-WB] chunk(-8,-3) hash=80a09d0c343ef5b8 dh=cceee2deb955b7f2 nz=31218
[21:46:52] [CoreSwap-Fill-10/INFO] (Minecraft) [STDOUT]: [WG-CONTENT-WB] chunk(-7,-4) hash=54318706139bdf17 dh=dfd91825e2400b3b nz=32083
[21:46:52] [CoreSwap-Fill-9/INFO] (Minecraft) [STDOUT]: [WG-CONTENT-WB] chunk(-8,-2) hash=e3e7c7ac0b58628 dh=8e92bd0b18eb6f52 nz=31319
[21:46:52] [CoreSwap-Fill-8/INFO] (Minecraft) [STDOUT]: [WG-CONTENT-WB] chunk(-8,-1) hash=b1d3f89833db75e4 dh=56cabf6ec1d2274e nz=31352
[21:46:52] [CoreSwap-Fill-3/INFO] (Minecraft) [STDOUT]: [WG-CONTENT-WB] chunk(-14,-12) hash=c9c746c9c8499115 dh=258f6f5f0896007d nz=31968
[21:46:52] [CoreSwap-Fill-6/INFO] (Minecraft) [STDOUT]: [WG-CONTENT-WB] chunk(-14,-11) hash=4f27bed544ee60c1 dh=1061cb60bb2c0131 nz=32506
[21:46:52] [CoreSwap-Fill-1/INFO] (Minecraft) [STDOUT]: [WG-CONTENT-WB] chunk(-14,-10) hash=8683524fbf618532 dh=652de586977f279f nz=32083
[21:46:52] [CoreSwap-Fill-2/INFO] (Minecraft) [STDOUT]: [WG-CONTENT-WB] chunk(-13,-12) hash=eb183b4db9a14bca dh=e201fb0f60a0adee nz=32119
[21:46:52] [CoreSwap-Fill-4/INFO] (Minecraft) [STDOUT]: [WG-CONTENT-WB] chunk(-11,-12) hash=caa2216ea2de00d0 dh=96d99c7f0d68dd1e nz=30963
[21:46:52] [CoreSwap-Fill-5/INFO] (Minecraft) [STDOUT]: [WG-CONTENT-WB] chunk(-12,-12) hash=64721c0b83dcfb48 dh=c6c0aa88664d7010 nz=31396
[21:46:52] [CoreSwap-Fill-7/INFO] (Minecraft) [STDOUT]: [WG-CONTENT-WB] chunk(-14,-9) hash=41fdd91ca1cc46c dh=a562a5e989b85090 nz=30152
[21:46:52] [CoreSwap-Fill-9/INFO] (Minecraft) [STDOUT]: [WG-CONTENT-WB] chunk(-14,-8) hash=ed21bac6d8fd8ec dh=ab1bc65024b7b104 nz=32169
[21:46:52] [CoreSwap-Fill-10/INFO] (Minecraft) [STDOUT]: [WG-CONTENT-WB] chunk(-14,0) hash=93769b86d7e9702 dh=9bf0652695f578b0 nz=31047
[21:46:52] [CoreSwap-Fill-8/INFO] (Minecraft) [STDOUT]: [WG-CONTENT-WB] chunk(-14,-2) hash=20571f01fba3466a dh=c47fa96aa718960f nz=32027
[21:46:52] [CoreSwap-Fill-3/INFO] (Minecraft) [STDOUT]: [WG-CONTENT-WB] chunk(-14,-1) hash=cc277b0e6cfe6fc3 dh=23e11dc4ef693b14 nz=31167
[21:46:52] [CoreSwap-Fill-1/INFO] (Minecraft) [STDOUT]: [WG-CONTENT-WB] chunk(-10,-12) hash=db0e6ea4c9658cc0 dh=c9decc7a6136d8c8 nz=32122
[21:46:52] [CoreSwap-Fill-6/INFO] (Minecraft) [STDOUT]: [WG-CONTENT-WB] chunk(-9,0) hash=e65dc787be5139d dh=61707b9fbc4de3b9 nz=32262
[21:46:52] [CoreSwap-Fill-5/INFO] (Minecraft) [STDOUT]: [WG-CONTENT-WB] chunk(-14,-6) hash=98e524b96c6da95e dh=655ad6dc23f65b84 nz=32344
[21:46:52] [CoreSwap-Fill-2/INFO] (Minecraft) [STDOUT]: [WG-CONTENT-WB] chunk(-10,0) hash=81c3d9ff37352522 dh=4d825662de3f30b2 nz=32512
[21:46:52] [CoreSwap-Fill-4/INFO] (Minecraft) [STDOUT]: [WG-CONTENT-WB] chunk(-14,-7) hash=d3c190aea3af00d1 dh=fba247eb45062903 nz=32304
[21:46:52] [CoreSwap-Fill-7/INFO] (Minecraft) [STDOUT]: [WG-CONTENT-WB] chunk(-14,-5) hash=d930900cb2e887a7 dh=7eb80abe4e04389 nz=32225
[21:46:52] [CoreSwap-Fill-8/INFO] (Minecraft) [STDOUT]: [WG-CONTENT-WB] chunk(-13,0) hash=a575000e1b692c21 dh=d6d06d84f3618157 nz=32337
[21:46:52] [CoreSwap-Fill-9/INFO] (Minecraft) [STDOUT]: [WG-CONTENT-WB] chunk(-14,-4) hash=2d54b2decd4909de dh=7c97971dd4a06d54 nz=32173
[21:46:52] [CoreSwap-Fill-10/INFO] (Minecraft) [STDOUT]: [WG-CONTENT-WB] chunk(-14,-3) hash=d07eb9cdd0eb9ce6 dh=f6972023e14cbc2f nz=31906
[21:46:52] [Server thread/INFO] (Minecraft) [Chunky] Task running for minecraft:overworld. Processed: 10 chunks (2.27%), ETA: 0:00:05, Rate: 74.6 cps, Current: -12, -10
[21:46:52] [CoreSwap-Fill-3/INFO] (Minecraft) [STDOUT]: [WG-CONTENT-WB] chunk(-12,0) hash=7e015e2c18613d1d dh=4006d368c0a63682 nz=32391
[21:46:52] [CoreSwap-Fill-5/INFO] (Minecraft) [STDOUT]: [WG-CONTENT-WB] chunk(-9,-12) hash=c3fedb1187291ac3 dh=8de3952a924b8153 nz=32284
[21:46:52] [CoreSwap-Fill-2/INFO] (Minecraft) [STDOUT]: [WG-CONTENT-WB] chunk(-8,-11) hash=6d07aca3fd6699db dh=4c7b2d17cdb43d31 nz=32512
[21:46:52] [CoreSwap-Fill-1/INFO] (Minecraft) [STDOUT]: [WG-CONTENT-WB] chunk(-11,0) hash=71bd6ba96968ea01 dh=ec1991c7fb644689 nz=32511
[21:46:52] [CoreSwap-Fill-4/INFO] (Minecraft) [STDOUT]: [WG-CONTENT-WB] chunk(-8,-10) hash=eeea6d101920094b dh=cf5ac4efb7efdc09 nz=32512
[21:46:52] [CoreSwap-Fill-7/INFO] (Minecraft) [STDOUT]: [WG-CONTENT-WB] chunk(-8,-9) hash=60dbf7f9558b86fd dh=a05c1ae7fb17fa19 nz=31336
[21:46:52] [CoreSwap-Fill-6/INFO] (Minecraft) [STDOUT]: [WG-CONTENT-WB] chunk(-8,0) hash=564c10737e87c28e dh=2e4409734c9b2a5a nz=31217
[21:46:52] [CoreSwap-Fill-8/INFO] (Minecraft) [STDOUT]: [WG-CONTENT-WB] chunk(-8,-8) hash=af06875b055d2393 dh=e8b7682888c15fdb nz=31346
[21:46:52] [CoreSwap-Fill-9/INFO] (Minecraft) [STDOUT]: [WG-CONTENT-WB] chunk(-8,-7) hash=99815b834f0f7c01 dh=b84aa67e711fd081 nz=29342
[21:46:52] [CoreSwap-Fill-10/INFO] (Minecraft) [STDOUT]: [WG-CONTENT-WB] chunk(-8,-12) hash=da8a98f3defc3f8f dh=c928790ff4d078e3 nz=32512
[21:46:52] [CoreSwap-Fill-5/INFO] (Minecraft) [STDOUT]: [WG-CONTENT-WB] chunk(-13,-13) hash=10be033ec3f732c4 dh=22e97bf1181b371c nz=31724
[21:46:52] [CoreSwap-Fill-3/INFO] (Minecraft) [STDOUT]: [WG-CONTENT-WB] chunk(-14,-13) hash=7b8470de9cf735c8 dh=89389a2ca91b6491 nz=28969
[21:46:52] [CoreSwap-Fill-2/INFO] (Minecraft) [STDOUT]: [WG-CONTENT-WB] chunk(-15,-13) hash=6b7a26d7aa7ffce4 dh=3415c2516449df3a nz=26227
[21:46:52] [CoreSwap-Fill-1/INFO] (Minecraft) [STDOUT]: [WG-CONTENT-WB] chunk(-15,-12) hash=f0f137e0ced2750e dh=a7194a035fd12911 nz=26081
[21:46:52] [CoreSwap-Fill-7/INFO] (Minecraft) [STDOUT]: [WG-CONTENT-WB] chunk(-15,-10) hash=e076f077c4ce9cf2 dh=befab87bc0100ec5 nz=30008
[21:46:52] [CoreSwap-Fill-4/INFO] (Minecraft) [STDOUT]: [WG-CONTENT-WB] chunk(-15,-11) hash=4e443e01d7266b93 dh=77546d8776ae9113 nz=30929
[21:46:52] [CoreSwap-Fill-6/INFO] (Minecraft) [STDOUT]: [WG-CONTENT-WB] chunk(-15,-9) hash=d492ce8ddf241c10 dh=5f8594e61a319f98 nz=31759
[21:46:52] [CoreSwap-Fill-9/INFO] (Minecraft) [STDOUT]: [WG-CONTENT-WB] chunk(-12,-13) hash=22cdd1e27dd63336 dh=6df499d5190f5d2e nz=30354
[21:46:52] [CoreSwap-Fill-10/INFO] (Minecraft) [STDOUT]: [WG-CONTENT-WB] chunk(-11,-13) hash=482a149146836826 dh=404cbd1020d86e8c nz=32143
[21:46:52] [CoreSwap-Fill-8/INFO] (Minecraft) [STDOUT]: [WG-CONTENT-WB] chunk(-15,0) hash=8486fd24527e5a15 dh=641ac5707b01fdf4 nz=32155
[21:46:52] [CoreSwap-Fill-5/INFO] (Minecraft) [STDOUT]: [WG-CONTENT-WB] chunk(-15,-1) hash=e20f8b26337248f0 dh=54c270b391809472 nz=31711
[21:46:52] [CoreSwap-Fill-3/INFO] (Minecraft) [STDOUT]: [WG-CONTENT-WB] chunk(-7,-8) hash=7c75ac2d9455d615 dh=72f8d7b257531975 nz=31619
[21:46:52] [CoreSwap-Fill-4/INFO] (Minecraft) [STDOUT]: [WG-CONTENT-WB] chunk(-15,-4) hash=9800c63bc463e071 dh=b4395721bdb56344 nz=31736
[21:46:52] [CoreSwap-Fill-2/INFO] (Minecraft) [STDOUT]: [WG-CONTENT-WB] chunk(-7,-7) hash=5b05ea05663769a6 dh=1bf0fd9c4da1db86 nz=29536
[21:46:52] [CoreSwap-Fill-6/INFO] (Minecraft) [STDOUT]: [WG-CONTENT-WB] chunk(-15,-3) hash=3242094b18729231 dh=7107dc9c8f5a1c40 nz=32351
[21:46:52] [CoreSwap-Fill-7/INFO] (Minecraft) [STDOUT]: [WG-CONTENT-WB] chunk(-15,-5) hash=1f21255dfd349058 dh=396327104c5e7b29 nz=32078
[21:46:52] [CoreSwap-Fill-9/INFO] (Minecraft) [STDOUT]: [WG-CONTENT-WB] chunk(-15,-2) hash=caca4c280930b493 dh=31577e9f3d7d097b nz=32290
[21:46:52] [CoreSwap-Fill-8/INFO] (Minecraft) [STDOUT]: [WG-CONTENT-WB] chunk(-15,-8) hash=a9402d1f012032d7 dh=234efab9e7d14e1a nz=32089
[21:46:52] [CoreSwap-Fill-1/INFO] (Minecraft) [STDOUT]: [WG-CONTENT-WB] chunk(-15,1) hash=455536bb5627351f dh=dcf7109483087ed5 nz=32430
[21:46:52] [CoreSwap-Fill-10/INFO] (Minecraft) [STDOUT]: [WG-CONTENT-WB] chunk(-8,1) hash=74ef525b84d28c34 dh=5906ebce3ef7c914 nz=32034
[21:46:52] [CoreSwap-Fill-5/INFO] (Minecraft) [STDOUT]: [WG-CONTENT-WB] chunk(-15,-7) hash=e483dc456973b94a dh=f49d1e43640adea8 nz=32368
[21:46:52] [CoreSwap-Fill-2/INFO] (Minecraft) [STDOUT]: [WG-CONTENT-WB] chunk(-7,-9) hash=557f0d3217980c29 dh=81ec3d5471c3f27b nz=31722
[21:46:52] [CoreSwap-Fill-4/INFO] (Minecraft) [STDOUT]: [WG-CONTENT-WB] chunk(-15,-6) hash=333714dc15d75a00 dh=79ddb9000be6e28d nz=32182
[21:46:52] [CoreSwap-Fill-3/INFO] (Minecraft) [STDOUT]: [WG-CONTENT-WB] chunk(-14,1) hash=94a46b57273464c9 dh=2301cdc2d0ba0ec5 nz=32201
[21:46:52] [CoreSwap-Fill-9/INFO] (Minecraft) [STDOUT]: [WG-CONTENT-WB] chunk(-7,-11) hash=59b8ccff733162c5 dh=c701dfe56d325323 nz=32509
[21:46:52] [CoreSwap-Fill-6/INFO] (Minecraft) [STDOUT]: [WG-CONTENT-WB] chunk(-10,1) hash=4664e73808763324 dh=dc72de2ffc602024 nz=32512
[21:46:52] [CoreSwap-Fill-8/INFO] (Minecraft) [STDOUT]: [WG-CONTENT-WB] chunk(-7,-10) hash=7a55ce88e1bd5123 dh=8dc970b5c94cad5f nz=32460
[21:46:52] [CoreSwap-Fill-7/INFO] (Minecraft) [STDOUT]: [WG-CONTENT-WB] chunk(-9,1) hash=c5fd13b360bcbe7d dh=e8ebbc5b0c182e96 nz=31674
[21:46:52] [CoreSwap-Fill-1/INFO] (Minecraft) [STDOUT]: [WG-CONTENT-WB] chunk(-10,-13) hash=31c363e52d3e70cc dh=21cba40160a0e24a nz=32071
[21:46:52] [CoreSwap-Fill-10/INFO] (Minecraft) [STDOUT]: [WG-CONTENT-WB] chunk(-7,-12) hash=1271f73d1b0d62ff dh=d8937946fdf216f5 nz=32496
[21:46:52] [CoreSwap-Fill-5/INFO] (Minecraft) [STDOUT]: [WG-CONTENT-WB] chunk(-13,1) hash=b3d92381195faa96 dh=32e6ddbd6b81b964 nz=32398
[21:46:52] [CoreSwap-Fill-9/INFO] (Minecraft) [STDOUT]: [WG-CONTENT-WB] chunk(-8,-13) hash=f1e90c170a11722 dh=cf663733d2a6408 nz=32469
[21:46:52] [CoreSwap-Fill-3/INFO] (Minecraft) [STDOUT]: [WG-CONTENT-WB] chunk(-9,-13) hash=59d7312cacb632f8 dh=d340a36486e37744 nz=31040
[21:46:52] [CoreSwap-Fill-2/INFO] (Minecraft) [STDOUT]: [WG-CONTENT-WB] chunk(-12,1) hash=683ef81adf8fc052 dh=29670f2993ac6a9c nz=32512
[21:46:52] [CoreSwap-Fill-8/INFO] (Minecraft) [STDOUT]: [WG-CONTENT-WB] chunk(-7,-3) hash=d8eb0f758aee8575 dh=ca910f497303635d nz=32149
[21:46:52] [CoreSwap-Fill-4/INFO] (Minecraft) [STDOUT]: [WG-CONTENT-WB] chunk(-11,1) hash=d31b15a77b3303ec dh=4b8c4ee9c7c8cf2e nz=32512
[21:46:52] [CoreSwap-Fill-7/INFO] (Minecraft) [STDOUT]: [WG-CONTENT-WB] chunk(-7,-2) hash=8d21ec5cf34e204a dh=c3977e1018923c10 nz=32463
[21:46:52] [CoreSwap-Fill-6/INFO] (Minecraft) [STDOUT]: [WG-CONTENT-WB] chunk(-7,-13) hash=2846145ef3f12034 dh=fc27618de5805544 nz=32383
[21:46:52] [CoreSwap-Fill-1/INFO] (Minecraft) [STDOUT]: [WG-CONTENT-WB] chunk(-7,-1) hash=f29bf4318747c373 dh=f69dbb0e2547f999 nz=32500
[21:46:52] [CoreSwap-Fill-10/INFO] (Minecraft) [STDOUT]: [WG-CONTENT-WB] chunk(-7,0) hash=efb29cffeba09342 dh=b7ea44fea00bb01e nz=31574
[21:46:53] [CoreSwap-Fill-9/INFO] (Minecraft) [STDOUT]: [WG-CONTENT-WB] chunk(-6,-6) hash=36cf259bf4f95c4a dh=598f56ac7e294e80 nz=32496
[21:46:53] [CoreSwap-Fill-3/INFO] (Minecraft) [STDOUT]: [WG-CONTENT-WB] chunk(-6,-12) hash=e0658ffa50fef498 dh=ec72ad5e4961b5a2 nz=32512
[21:46:53] [CoreSwap-Fill-2/INFO] (Minecraft) [STDOUT]: [WG-CONTENT-WB] chunk(-6,-11) hash=5d6fbf304daa178c dh=eaea6aa79cbe4036 nz=32473
[21:46:53] [CoreSwap-Fill-8/INFO] (Minecraft) [STDOUT]: [WG-CONTENT-WB] chunk(-6,-10) hash=9b02f7ddb8db023d dh=13e21ff9fd712ac5 nz=31825
[21:46:53] [CoreSwap-Fill-4/INFO] (Minecraft) [STDOUT]: [WG-CONTENT-WB] chunk(-6,-13) hash=3723a133cb2c5bbc dh=c2b73779f9d8c9c nz=32512
[21:46:53] [CoreSwap-Fill-5/INFO] (Minecraft) [STDOUT]: [WG-CONTENT-WB] chunk(-7,1) hash=7ca32d5bdfeb7326 dh=ef50f3cc05d4053d nz=32198
[21:46:53] [CoreSwap-Fill-6/INFO] (Minecraft) [STDOUT]: [WG-CONTENT-WB] chunk(-6,-8) hash=fe0c7d380ef2c4d dh=1f9c4b9841d68d71 nz=31451
[21:46:53] [CoreSwap-Fill-7/INFO] (Minecraft) [STDOUT]: [WG-CONTENT-WB] chunk(-6,-9) hash=9253220c2ce7435f dh=d30f3b112291b8f9 nz=31357
[21:46:53] [CoreSwap-Fill-1/INFO] (Minecraft) [STDOUT]: [WG-CONTENT-WB] chunk(-6,-7) hash=137435fb6b5cc32c dh=c6ae8b9146a4e0fa nz=31976
[21:46:53] [CoreSwap-Fill-10/INFO] (Minecraft) [STDOUT]: [WG-CONTENT-WB] chunk(-6,-5) hash=49f9eb485aff228e dh=38f32721a17891a6 nz=32512
[21:46:53] [CoreSwap-Fill-9/INFO] (Minecraft) [STDOUT]: [WG-CONTENT-WB] chunk(-6,-2) hash=f189f1159d03b7cc dh=d07e28b88aa79974 nz=32512
[21:46:53] [CoreSwap-Fill-3/INFO] (Minecraft) [STDOUT]: [WG-CONTENT-WB] chunk(-6,-4) hash=e5b496196dc39324 dh=7777f632e9647393 nz=32512
[21:46:53] [CoreSwap-Fill-2/INFO] (Minecraft) [STDOUT]: [WG-CONTENT-WB] chunk(-6,-3) hash=b361481d6b5fdccc dh=a6c8f9f180f51fdf nz=32512
[21:46:53] [CoreSwap-Fill-8/INFO] (Minecraft) [STDOUT]: [WG-CONTENT-WB] chunk(-6,-1) hash=38f6ff954e0e2bb6 dh=d07e28b88aa79974 nz=32512
[21:46:53] [CoreSwap-Fill-6/INFO] (Minecraft) [STDOUT]: [WG-CONTENT-WB] chunk(-5,-10) hash=659f30685170091f dh=ce06954788347cd1 nz=32512
[21:46:53] [CoreSwap-Fill-4/INFO] (Minecraft) [STDOUT]: [WG-CONTENT-WB] chunk(-5,-8) hash=b352711eed6c49c7 dh=83a1a814cdcfd28d nz=32227
[21:46:53] [CoreSwap-Fill-5/INFO] (Minecraft) [STDOUT]: [WG-CONTENT-WB] chunk(-5,-9) hash=bcc5bbc578961e70 dh=7856ecb0fd1a5f50 nz=31083
[21:46:53] [CoreSwap-Fill-1/INFO] (Minecraft) [STDOUT]: [WG-CONTENT-WB] chunk(-5,-7) hash=c431add9d0f876e4 dh=e02bf7e5cff1a136 nz=32512
[21:46:53] [CoreSwap-Fill-7/INFO] (Minecraft) [STDOUT]: [WG-CONTENT-WB] chunk(-6,0) hash=665a3b8178404f03 dh=cb27fb9d133bb147 nz=28931
[21:46:53] [CoreSwap-Fill-10/INFO] (Minecraft) [STDOUT]: [WG-CONTENT-WB] chunk(-6,1) hash=3966edb3e3f86649 dh=cb6204b4bb0e1f93 nz=31458
[21:46:53] [CoreSwap-Fill-9/INFO] (Minecraft) [STDOUT]: [WG-CONTENT-WB] chunk(-5,-6) hash=dd779f03a54e545c dh=ba94c546d5aded62 nz=32512
[21:46:53] [CoreSwap-Fill-3/INFO] (Minecraft) [STDOUT]: [WG-CONTENT-WB] chunk(-5,-5) hash=40dddd57f8f21998 dh=5e709de56ad2ddbb nz=32512
[21:46:53] [CoreSwap-Fill-2/INFO] (Minecraft) [STDOUT]: [WG-CONTENT-WB] chunk(-5,-13) hash=34bc0c2074ee1230 dh=c640ab42ad54074 nz=32512
[21:46:53] [CoreSwap-Fill-8/INFO] (Minecraft) [STDOUT]: [WG-CONTENT-WB] chunk(-5,-12) hash=f1569f86c62656f3 dh=fde39eb17c03cbb5 nz=32512
[21:46:53] [CoreSwap-Fill-6/INFO] (Minecraft) [STDOUT]: [WG-CONTENT-WB] chunk(-5,-11) hash=a9c915ab86833168 dh=cca6835dad24c75a nz=32512
[21:46:53] [CoreSwap-Fill-1/INFO] (Minecraft) [STDOUT]: [WG-CONTENT-WB] chunk(-5,-2) hash=6a42bf67fe1662b6 dh=70fd57051c577014 nz=32512
[21:46:53] [CoreSwap-Fill-5/INFO] (Minecraft) [STDOUT]: [WG-CONTENT-WB] chunk(-5,-3) hash=a36d42978a653782 dh=164e91f2e5ad335f nz=32512
[21:46:53] [CoreSwap-Fill-4/INFO] (Minecraft) [STDOUT]: [WG-CONTENT-WB] chunk(-5,-4) hash=3ead84213d0f33c4 dh=6ac328e050bd35e1 nz=32512
[21:46:53] [CoreSwap-Fill-7/INFO] (Minecraft) [STDOUT]: [WG-CONTENT-WB] chunk(-5,-1) hash=24115f9517601eee dh=d28a911991a72a80 nz=32512
[21:46:53] [CoreSwap-Fill-2/INFO] (Minecraft) [STDOUT]: [WG-CONTENT-WB] chunk(-4,-10) hash=a5e078bcf44efbb5 dh=5fd44b4fd759f1ad nz=32512
[21:46:53] [CoreSwap-Fill-3/INFO] (Minecraft) [STDOUT]: [WG-CONTENT-WB] chunk(-4,-12) hash=92e61930ffd3d509 dh=b152a5956aa5c0cd nz=32512
[21:46:53] [CoreSwap-Fill-8/INFO] (Minecraft) [STDOUT]: [WG-CONTENT-WB] chunk(-4,-11) hash=e6c8b1057f19d6a7 dh=64b267876abdf59b nz=32512
[21:46:53] [CoreSwap-Fill-10/INFO] (Minecraft) [STDOUT]: [WG-CONTENT-WB] chunk(-5,0) hash=edc81c5f9a017ee5 dh=a0c156536bb91ecd nz=30223
[21:46:53] [CoreSwap-Fill-6/INFO] (Minecraft) [STDOUT]: [WG-CONTENT-WB] chunk(-4,-9) hash=1cee45de4c021cc1 dh=45c7cb7009ce909 nz=31050
[21:46:53] [CoreSwap-Fill-1/INFO] (Minecraft) [STDOUT]: [WG-CONTENT-WB] chunk(-4,-13) hash=7a687ac76fc58785 dh=1158e6ea77b2f7f1 nz=32512
[21:46:53] [CoreSwap-Fill-4/INFO] (Minecraft) [STDOUT]: [WG-CONTENT-WB] chunk(-4,-7) hash=1fc706de5c02ed dh=71e560ee7130764f nz=32512
[21:46:53] [CoreSwap-Fill-9/INFO] (Minecraft) [STDOUT]: [WG-CONTENT-WB] chunk(-5,1) hash=3266ddcbd4cf3d dh=1d328cbea548fdd7 nz=32362
[21:46:53] [CoreSwap-Fill-5/INFO] (Minecraft) [STDOUT]: [WG-CONTENT-WB] chunk(-4,-8) hash=8d2d6c7ad55e025a dh=4e2bcdde16f59a60 nz=31401
[21:46:53] [CoreSwap-Fill-7/INFO] (Minecraft) [STDOUT]: [WG-CONTENT-WB] chunk(-4,-6) hash=49be18b1b362a1e2 dh=70eb171b8397e272 nz=32512
[21:46:53] [CoreSwap-Fill-2/INFO] (Minecraft) [STDOUT]: [WG-CONTENT-WB] chunk(-4,-5) hash=55a1d94d22b2f099 dh=d54ca6aa3efa3b95 nz=32512
[21:46:53] [CoreSwap-Fill-3/INFO] (Minecraft) [STDOUT]: [WG-CONTENT-WB] chunk(-4,-4) hash=8057fa9d44125d7f dh=281571a61d1994eb nz=32512
[21:46:53] [CoreSwap-Fill-8/INFO] (Minecraft) [STDOUT]: [WG-CONTENT-WB] chunk(-4,-3) hash=97d088447cb1dccd dh=f236f6a40bcef635 nz=32453
[21:46:53] [CoreSwap-Fill-6/INFO] (Minecraft) [STDOUT]: [WG-CONTENT-WB] chunk(-3,-6) hash=8c9cf4cfe9c889cf dh=68ba93f490ac9063 nz=32512
[21:46:53] [CoreSwap-Fill-10/INFO] (Minecraft) [STDOUT]: [WG-CONTENT-WB] chunk(-3,-5) hash=aac734f8bc3ebea8 dh=48efc35201e30dd4 nz=32512
[21:46:53] [CoreSwap-Fill-5/INFO] (Minecraft) [STDOUT]: [WG-CONTENT-WB] chunk(-3,-7) hash=1aeda78b6aba486 dh=ece5028c4a33cec6 nz=32512
[21:46:53] [CoreSwap-Fill-1/INFO] (Minecraft) [STDOUT]: [WG-CONTENT-WB] chunk(-4,-2) hash=c040e8a998f5b17f dh=4dc592249fc5d771 nz=31179
[21:46:53] [CoreSwap-Fill-4/INFO] (Minecraft) [STDOUT]: [WG-CONTENT-WB] chunk(-4,-1) hash=8503b07e4b652113 dh=e46ca4fe5c23c7af nz=30223
[21:46:53] [CoreSwap-Fill-9/INFO] (Minecraft) [STDOUT]: [WG-CONTENT-WB] chunk(-4,0) hash=c7c66ba1ff511084 dh=af2ddb6b53392b8e nz=32428
[21:46:53] [CoreSwap-Fill-7/INFO] (Minecraft) [STDOUT]: [WG-CONTENT-WB] chunk(-4,1) hash=fb6a4d7e6bb43d28 dh=aac65c7174223292 nz=32512
[21:46:53] [CoreSwap-Fill-2/INFO] (Minecraft) [STDOUT]: [WG-CONTENT-WB] chunk(-3,-8) hash=a55729f05956eb1b dh=9a1b3a212f0da761 nz=32060
[21:46:53] [CoreSwap-Fill-3/INFO] (Minecraft) [STDOUT]: [WG-CONTENT-WB] chunk(-3,-9) hash=42f08197cd069092 dh=8fc019f830e1f8a nz=32510
[21:46:53] [CoreSwap-Fill-8/INFO] (Minecraft) [STDOUT]: [WG-CONTENT-WB] chunk(-3,-11) hash=eaf157e84afa03c5 dh=562d50d228a06781 nz=32503
[21:46:53] [CoreSwap-Fill-6/INFO] (Minecraft) [STDOUT]: [WG-CONTENT-WB] chunk(-3,-10) hash=d6c4fb7360f70bcb dh=422eff9008dd1a21 nz=32512
[21:46:53] [CoreSwap-Fill-1/INFO] (Minecraft) [STDOUT]: [WG-CONTENT-WB] chunk(-3,-4) hash=249fc4d796e07ad3 dh=23c517099a7e571f nz=32512
[21:46:53] [CoreSwap-Fill-10/INFO] (Minecraft) [STDOUT]: [WG-CONTENT-WB] chunk(-3,-12) hash=901ac83293d30dfe dh=41ce7aa6d959fd3a nz=31628
[21:46:53] [CoreSwap-Fill-4/INFO] (Minecraft) [STDOUT]: [WG-CONTENT-WB] chunk(-3,-3) hash=3a1c64b161ce24f3 dh=8d67d7ac9a0279d9 nz=32136
[21:46:53] [CoreSwap-Fill-5/INFO] (Minecraft) [STDOUT]: [WG-CONTENT-WB] chunk(-3,-13) hash=a5490ecfaec7673b dh=3fa57c2a1956bda9 nz=32252
[21:46:53] [CoreSwap-Fill-9/INFO] (Minecraft) [STDOUT]: [WG-CONTENT-WB] chunk(-3,-2) hash=7d4a062d44a9293c dh=a7115c1ce5cf2098 nz=30510
[21:46:53] [CoreSwap-Fill-7/INFO] (Minecraft) [STDOUT]: [WG-CONTENT-WB] chunk(-3,-1) hash=910f008eea4b7b54 dh=3698a109df9fa910 nz=30455
[21:46:53] [CoreSwap-Fill-8/INFO] (Minecraft) [STDOUT]: [WG-CONTENT-WB] chunk(-2,-6) hash=924b5de2e6770147 dh=43775082d4bd9253 nz=32512
[21:46:53] [CoreSwap-Fill-1/INFO] (Minecraft) [STDOUT]: [WG-CONTENT-WB] chunk(-2,-11) hash=a0ffc38c330e4b8 dh=63eb2498c09fe32c nz=32512
[21:46:53] [CoreSwap-Fill-2/INFO] (Minecraft) [STDOUT]: [WG-CONTENT-WB] chunk(-3,0) hash=50b51fcbdd08fc8a dh=b89486b960a70ece nz=32512
[21:46:53] [CoreSwap-Fill-10/INFO] (Minecraft) [STDOUT]: [WG-CONTENT-WB] chunk(-2,-10) hash=960c92d3db43a5fa dh=93e3314f0002d9c0 nz=32512
[21:46:53] [CoreSwap-Fill-6/INFO] (Minecraft) [STDOUT]: [WG-CONTENT-WB] chunk(-2,-5) hash=bb14567ce92b5035 dh=3d41f82cf23686e3 nz=32512
[21:46:53] [CoreSwap-Fill-4/INFO] (Minecraft) [STDOUT]: [WG-CONTENT-WB] chunk(-2,-9) hash=ae66a1b44adea351 dh=b83aebac3b788b2b nz=32512
[21:46:53] [CoreSwap-Fill-3/INFO] (Minecraft) [STDOUT]: [WG-CONTENT-WB] chunk(-3,1) hash=29d7fc06d6d1b347 dh=e190bedc873f19e7 nz=32038
[21:46:53] [CoreSwap-Fill-5/INFO] (Minecraft) [STDOUT]: [WG-CONTENT-WB] chunk(-2,-8) hash=208234e9ef124307 dh=9a959fec6cfbb39f nz=32512
[21:46:53] [CoreSwap-Fill-9/INFO] (Minecraft) [STDOUT]: [WG-CONTENT-WB] chunk(-2,-7) hash=7e811fc004131803 dh=9bb7007a514ef0c3 nz=32512
[21:46:53] [CoreSwap-Fill-7/INFO] (Minecraft) [STDOUT]: [WG-CONTENT-WB] chunk(-2,-13) hash=8a9ed9f51aaf9187 dh=f9049ab52623a36b nz=31799
[21:46:53] [CoreSwap-Fill-8/INFO] (Minecraft) [STDOUT]: [WG-CONTENT-WB] chunk(-2,-12) hash=70afbb0b367b307b dh=24eabba0bff9047d nz=29828
[21:46:53] [CoreSwap-Fill-1/INFO] (Minecraft) [STDOUT]: [WG-CONTENT-WB] chunk(-2,-4) hash=944ee315c66967fa dh=cfe04d9893633d14 nz=32512
[21:46:53] [CoreSwap-Fill-6/INFO] (Minecraft) [STDOUT]: [WG-CONTENT-WB] chunk(-2,-3) hash=a8d0c80abe533aa4 dh=867ded4e9f86ac5c nz=32399
[21:46:53] [CoreSwap-Fill-3/INFO] (Minecraft) [STDOUT]: [WG-CONTENT-WB] chunk(-2,-1) hash=f0eae2a95ad864c dh=f69b7e05b602c6c0 nz=32388
[21:46:53] [CoreSwap-Fill-2/INFO] (Minecraft) [STDOUT]: [WG-CONTENT-WB] chunk(-2,0) hash=7157c4c2133f42be dh=8c8fa53c5f613916 nz=32512
[21:46:53] [CoreSwap-Fill-4/INFO] (Minecraft) [STDOUT]: [WG-CONTENT-WB] chunk(-2,-2) hash=d8676889443e602b dh=490ca5fbe238d1e5 nz=32122
[21:46:53] [CoreSwap-Fill-5/INFO] (Minecraft) [STDOUT]: [WG-CONTENT-WB] chunk(-1,-7) hash=1f47a0624bbdb21b dh=4c7b2d17cdb43d31 nz=32512
[21:46:53] [CoreSwap-Fill-10/INFO] (Minecraft) [STDOUT]: [WG-CONTENT-WB] chunk(-2,1) hash=1b023cb2f105cdb6 dh=fa96468f1d6ce4f8 nz=31848
[21:46:53] [CoreSwap-Fill-9/INFO] (Minecraft) [STDOUT]: [WG-CONTENT-WB] chunk(-1,-6) hash=b4e984c220a014b4 dh=60e6c4c93f607960 nz=32512
[21:46:53] [CoreSwap-Fill-7/INFO] (Minecraft) [STDOUT]: [WG-CONTENT-WB] chunk(-1,-5) hash=25997102819152e5 dh=e4b455fe9754c9b5 nz=32512
[21:46:53] [CoreSwap-Fill-8/INFO] (Minecraft) [STDOUT]: [WG-CONTENT-WB] chunk(-1,-11) hash=9e06b9470f7ff8c4 dh=da02cf0f50453b9c nz=32512
[21:46:53] [CoreSwap-Fill-1/INFO] (Minecraft) [STDOUT]: [WG-CONTENT-WB] chunk(-1,-12) hash=4396403f14259c63 dh=d5a7ab96e30e70ed nz=32360
[21:46:53] [CoreSwap-Fill-6/INFO] (Minecraft) [STDOUT]: [WG-CONTENT-WB] chunk(-1,-10) hash=1fcfd5997b5fa737 dh=ce2fe79224e2705f nz=32512
[21:46:53] [CoreSwap-Fill-3/INFO] (Minecraft) [STDOUT]: [WG-CONTENT-WB] chunk(-1,-9) hash=f7c59cb6ac3ec6c1 dh=367b2b1befb76d5 nz=32512
[21:46:53] [CoreSwap-Fill-2/INFO] (Minecraft) [STDOUT]: [WG-CONTENT-WB] chunk(-1,-8) hash=382009a16d70aeac dh=c2b73779f9d8c9c nz=32512
[21:46:53] [CoreSwap-Fill-5/INFO] (Minecraft) [STDOUT]: [WG-CONTENT-WB] chunk(-1,-4) hash=d767f9bff86bdcec dh=f65d67f69dc0e276 nz=32512
[21:46:53] [CoreSwap-Fill-4/INFO] (Minecraft) [STDOUT]: [WG-CONTENT-WB] chunk(-1,-13) hash=fecb1aba17533090 dh=9d8c1270ff674ecd nz=32512
[21:46:53] [CoreSwap-Fill-10/INFO] (Minecraft) [STDOUT]: [WG-CONTENT-WB] chunk(-1,-3) hash=b1415a128a116889 dh=4309d574bbff972b nz=32189
[21:46:53] [CoreSwap-Fill-9/INFO] (Minecraft) [STDOUT]: [WG-CONTENT-WB] chunk(-1,-2) hash=89e2e9f617b24fea dh=47b04ead2a0761ac nz=31295
[21:46:53] [CoreSwap-Fill-7/INFO] (Minecraft) [STDOUT]: [WG-CONTENT-WB] chunk(-1,-1) hash=ded6c5b27978adc0 dh=a46ef76a822213e4 nz=31894
[21:46:53] [CoreSwap-Fill-3/INFO] (Minecraft) [STDOUT]: [WG-CONTENT-WB] chunk(0,-8) hash=3b01f29222ef5998 dh=608952b3b9284b58 nz=32512
[21:46:53] [CoreSwap-Fill-6/INFO] (Minecraft) [STDOUT]: [WG-CONTENT-WB] chunk(0,-7) hash=ffa979e3cd2c1fc3 dh=df4ae0026353193b nz=32512
[21:46:53] [CoreSwap-Fill-8/INFO] (Minecraft) [STDOUT]: [WG-CONTENT-WB] chunk(-1,0) hash=71012b377160871e dh=6a358f8f9a2e512a nz=32512
[21:46:53] [CoreSwap-Fill-2/INFO] (Minecraft) [STDOUT]: [WG-CONTENT-WB] chunk(0,-3) hash=f165b0f71f66787d dh=757baec54dbaa91d nz=32512
[21:46:53] [CoreSwap-Fill-5/INFO] (Minecraft) [STDOUT]: [WG-CONTENT-WB] chunk(0,-6) hash=68e1d86243b8c043 dh=296f950fe4621077 nz=32192
[21:46:53] [CoreSwap-Fill-1/INFO] (Minecraft) [STDOUT]: [WG-CONTENT-WB] chunk(-1,1) hash=cdde837fd667263f dh=21bdd1a22736f041 nz=32512
[21:46:53] [CoreSwap-Fill-4/INFO] (Minecraft) [STDOUT]: [WG-CONTENT-WB] chunk(0,-5) hash=7a8c6664ecaf15e dh=cc0e6c1285d08954 nz=30608
[21:46:53] [CoreSwap-Fill-10/INFO] (Minecraft) [STDOUT]: [WG-CONTENT-WB] chunk(0,-4) hash=4e5566469d07025e dh=209b01fefcd414d8 nz=31908
[21:46:53] [CoreSwap-Fill-9/INFO] (Minecraft) [STDOUT]: [WG-CONTENT-WB] chunk(0,-10) hash=66f9c176ddc65bdb dh=349562883bc5363b nz=32512
[21:46:53] [CoreSwap-Fill-7/INFO] (Minecraft) [STDOUT]: [WG-CONTENT-WB] chunk(0,-9) hash=2b6ac85919546f5e dh=bd3363794f170da nz=32512
[21:46:53] [CoreSwap-Fill-6/INFO] (Minecraft) [STDOUT]: [WG-CONTENT-WB] chunk(0,-11) hash=c9e6f7c0807fcc2b dh=18b7cf06e410e7a9 nz=32512
[21:46:53] [CoreSwap-Fill-3/INFO] (Minecraft) [STDOUT]: [WG-CONTENT-WB] chunk(0,-12) hash=9224525043a44d63 dh=bc2d25ed1972302f nz=32512
[21:46:53] [CoreSwap-Fill-8/INFO] (Minecraft) [STDOUT]: [WG-CONTENT-WB] chunk(0,-13) hash=72265a1b52b2b85 dh=71ca8bace7ac8d65 nz=32540
[21:46:53] [CoreSwap-Fill-2/INFO] (Minecraft) [STDOUT]: [WG-CONTENT-WB] chunk(0,-2) hash=b25a681bdd83c91e dh=3aa8c8d52a9a30e2 nz=32512
[21:46:53] [CoreSwap-Fill-5/INFO] (Minecraft) [STDOUT]: [WG-CONTENT-WB] chunk(0,-1) hash=7006abf32acd63a7 dh=a92acacc9609f07d nz=30494
[21:46:53] [CoreSwap-Fill-10/INFO] (Minecraft) [STDOUT]: [WG-CONTENT-WB] chunk(1,-6) hash=e56fec5aeab2b8d2 dh=23121aaa98d39cfc nz=32386
[21:46:53] [CoreSwap-Fill-9/INFO] (Minecraft) [STDOUT]: [WG-CONTENT-WB] chunk(1,-9) hash=e647a4832d768ece dh=254bd0ff0109ff4c nz=32512
[21:46:53] [CoreSwap-Fill-1/INFO] (Minecraft) [STDOUT]: [WG-CONTENT-WB] chunk(0,0) hash=81b122a1bf2e6c78 dh=adc1948a67b6624 nz=32505
[21:46:53] [CoreSwap-Fill-4/INFO] (Minecraft) [STDOUT]: [WG-CONTENT-WB] chunk(0,1) hash=6885f59f9ca34695 dh=e5e1cead43f91f39 nz=32512
[21:46:53] [CoreSwap-Fill-7/INFO] (Minecraft) [STDOUT]: [WG-CONTENT-WB] chunk(1,-5) hash=c03e40909afd80e0 dh=c28460283fe96850 nz=31294
[21:46:53] [CoreSwap-Fill-6/INFO] (Minecraft) [STDOUT]: [WG-CONTENT-WB] chunk(1,-8) hash=59a06214720595c4 dh=c2b73779f9d8c9c nz=32512
[21:46:53] [CoreSwap-Fill-3/INFO] (Minecraft) [STDOUT]: [WG-CONTENT-WB] chunk(1,-7) hash=241b4e57d3e70728 dh=ba68c6b0923ac278 nz=32512
[21:46:53] [CoreSwap-Fill-8/INFO] (Minecraft) [STDOUT]: [WG-CONTENT-WB] chunk(1,-10) hash=8eee7abdbe03a343 dh=29d456dbb5f37c0b nz=32507
[21:46:53] [CoreSwap-Fill-2/INFO] (Minecraft) [STDOUT]: [WG-CONTENT-WB] chunk(1,-11) hash=b99600eac637f5b dh=b7550f9ec2db8571 nz=32503
[21:46:53] [CoreSwap-Fill-5/INFO] (Minecraft) [STDOUT]: [WG-CONTENT-WB] chunk(1,-13) hash=eb425c8a502f54c4 dh=73fa3dfe4ddf0677 nz=32512
[21:46:53] [CoreSwap-Fill-9/INFO] (Minecraft) [STDOUT]: [WG-CONTENT-WB] chunk(1,-4) hash=a7357344a241eade dh=d661845bfab91fba nz=30335
[21:46:53] [CoreSwap-Fill-1/INFO] (Minecraft) [STDOUT]: [WG-CONTENT-WB] chunk(1,-3) hash=ac068966def6a257 dh=6bffd6271e3d42f5 nz=31359
[21:46:53] [CoreSwap-Fill-10/INFO] (Minecraft) [STDOUT]: [WG-CONTENT-WB] chunk(1,-12) hash=312c014770fe845b dh=8f481390108a0d7c nz=32512
[21:46:53] [CoreSwap-Fill-4/INFO] (Minecraft) [STDOUT]: [WG-CONTENT-WB] chunk(2,-9) hash=87444b231d7003b0 dh=5de5e41b4dd1dc6 nz=32512
[21:46:53] [CoreSwap-Fill-7/INFO] (Minecraft) [STDOUT]: [WG-CONTENT-WB] chunk(1,-2) hash=a5d0e41ae3a12bdf dh=e7f9af9280aca47 nz=32507
[21:46:53] [CoreSwap-Fill-3/INFO] (Minecraft) [STDOUT]: [WG-CONTENT-WB] chunk(2,-10) hash=f13b8ceda0fcae53 dh=43775082d4bd9253 nz=32512
[21:46:53] [CoreSwap-Fill-6/INFO] (Minecraft) [STDOUT]: [WG-CONTENT-WB] chunk(1,-1) hash=dac84004ccd8ba63 dh=2438703fd72caa02 nz=31063
[21:46:53] [CoreSwap-Fill-5/INFO] (Minecraft) [STDOUT]: [WG-CONTENT-WB] chunk(2,-8) hash=d0da0e503b865fc3 dh=3cf45fbc7f2d591f nz=32512
[21:46:53] [CoreSwap-Fill-8/INFO] (Minecraft) [STDOUT]: [WG-CONTENT-WB] chunk(1,0) hash=def51697a843519a dh=5d841b49a4218c82 nz=32183
[21:46:53] [CoreSwap-Fill-9/INFO] (Minecraft) [STDOUT]: [WG-CONTENT-WB] chunk(2,-12) hash=95173f808621a8a dh=aa822ea23f523f45 nz=32491
[21:46:53] [CoreSwap-Fill-1/INFO] (Minecraft) [STDOUT]: [WG-CONTENT-WB] chunk(2,-11) hash=f8a4e1c28cfa81c dh=b23ee21ca25a2e17 nz=32498
[21:46:53] [CoreSwap-Fill-10/INFO] (Minecraft) [STDOUT]: [WG-CONTENT-WB] chunk(2,-13) hash=84676bbf42a77dd9 dh=f215cef98ad449c0 nz=32506
[21:46:53] [CoreSwap-Fill-2/INFO] (Minecraft) [STDOUT]: [WG-CONTENT-WB] chunk(1,1) hash=48498286f4e530d6 dh=13f01d520b70d7dd nz=32380
[21:46:53] [CoreSwap-Fill-4/INFO] (Minecraft) [STDOUT]: [WG-CONTENT-WB] chunk(2,-7) hash=940cf79d3ceaf9e9 dh=bcbd06d9ed977917 nz=32512
[21:46:53] [CoreSwap-Fill-7/INFO] (Minecraft) [STDOUT]: [WG-CONTENT-WB] chunk(2,-6) hash=30246f605291cc60 dh=3e7acd10a89bb7c0 nz=32397
[21:46:53] [CoreSwap-Fill-3/INFO] (Minecraft) [STDOUT]: [WG-CONTENT-WB] chunk(2,-5) hash=f7306b7b2b7cf72 dh=327d61ca53cafdfc nz=32483
[21:46:53] [CoreSwap-Fill-6/INFO] (Minecraft) [STDOUT]: [WG-CONTENT-WB] chunk(2,-4) hash=2e87c8a12dff2ec2 dh=3fd8b31135bb234c nz=31876
[21:46:53] [CoreSwap-Fill-5/INFO] (Minecraft) [STDOUT]: [WG-CONTENT-WB] chunk(2,-3) hash=ca4193d1d7dab276 dh=d8a37ac74a492fa2 nz=31754
[21:46:53] [CoreSwap-Fill-9/INFO] (Minecraft) [STDOUT]: [WG-CONTENT-WB] chunk(2,-1) hash=ef61ce8d42d0b9fc dh=8bbcea9045fbc4ea nz=32351
[21:46:53] [CoreSwap-Fill-8/INFO] (Minecraft) [STDOUT]: [WG-CONTENT-WB] chunk(2,-2) hash=7043ab4707b1e480 dh=693d5808de3c71a0 nz=32511
[21:46:53] [CoreSwap-Fill-4/INFO] (Minecraft) [STDOUT]: [WG-CONTENT-WB] chunk(3,-8) hash=30c96c55fe0ae395 dh=fc9176f65dc2c85d nz=32512
[21:46:53] [CoreSwap-Fill-1/INFO] (Minecraft) [STDOUT]: [WG-CONTENT-WB] chunk(2,0) hash=133ce49cd7796662 dh=3a5b0f98b8b1f450 nz=31541
[21:46:53] [CoreSwap-Fill-10/INFO] (Minecraft) [STDOUT]: [WG-CONTENT-WB] chunk(2,1) hash=c5f78fcfce350006 dh=6cad2717a39747ac nz=32512
[21:46:53] [CoreSwap-Fill-7/INFO] (Minecraft) [STDOUT]: [WG-CONTENT-WB] chunk(3,-7) hash=406898976656d5d8 dh=32f48b6df6df3168 nz=32512
[21:46:53] [CoreSwap-Fill-2/INFO] (Minecraft) [STDOUT]: [WG-CONTENT-WB] chunk(3,1) hash=46da37af3d5f0d0e dh=ae448fd1b1ea102e nz=32512
[21:46:53] [CoreSwap-Fill-6/INFO] (Minecraft) [STDOUT]: [WG-CONTENT-WB] chunk(3,-6) hash=8fe1c5ba87b1f49c dh=a4dbaa642a0b2e2f nz=32097
[21:46:53] [CoreSwap-Fill-3/INFO] (Minecraft) [STDOUT]: [WG-CONTENT-WB] chunk(3,-3) hash=20bacff63fb35ee4 dh=6d4857f889a9a334 nz=32512
[21:46:53] [CoreSwap-Fill-5/INFO] (Minecraft) [STDOUT]: [WG-CONTENT-WB] chunk(3,-5) hash=a53ccd8b11d1585f dh=c96ef23cd2479408 nz=32512
[21:46:53] [CoreSwap-Fill-9/INFO] (Minecraft) [STDOUT]: [WG-CONTENT-WB] chunk(3,-4) hash=c035e4a76b87dc62 dh=e5d8764fa305ca32 nz=32512
[21:46:53] [CoreSwap-Fill-8/INFO] (Minecraft) [STDOUT]: [WG-CONTENT-WB] chunk(3,-9) hash=c34a5a42212e8519 dh=5af8dc8fbafb08f7 nz=32208
[21:46:53] [CoreSwap-Fill-4/INFO] (Minecraft) [STDOUT]: [WG-CONTENT-WB] chunk(3,-13) hash=2a6aedbafa3e0514 dh=c8da051ed67fd8ae nz=32512
[21:46:53] [CoreSwap-Fill-1/INFO] (Minecraft) [STDOUT]: [WG-CONTENT-WB] chunk(3,-12) hash=70fbc7fd2e8f2700 dh=7e68067f86ac628e nz=32487
[21:46:53] [CoreSwap-Fill-7/INFO] (Minecraft) [STDOUT]: [WG-CONTENT-WB] chunk(3,-10) hash=b9cab0d153e2d336 dh=cfef270c5a83678a nz=31286
[21:46:53] [CoreSwap-Fill-10/INFO] (Minecraft) [STDOUT]: [WG-CONTENT-WB] chunk(3,-11) hash=85d85a0ff17bf1b5 dh=f22c5a5eaf80d985 nz=30893
[21:46:53] [CoreSwap-Fill-2/INFO] (Minecraft) [STDOUT]: [WG-CONTENT-WB] chunk(3,-2) hash=ff2b5a33f53572e6 dh=9ebaca735ecf65b0 nz=32512
[21:46:53] [CoreSwap-Fill-6/INFO] (Minecraft) [STDOUT]: [WG-CONTENT-WB] chunk(3,-1) hash=6e49b262a3f8d9c2 dh=d69d598d7725f02 nz=32512
[21:46:53] [CoreSwap-Fill-3/INFO] (Minecraft) [STDOUT]: [WG-CONTENT-WB] chunk(3,0) hash=9d560bb268fa9855 dh=814ea83159a05387 nz=31880
[21:46:53] [CoreSwap-Fill-5/INFO] (Minecraft) [STDOUT]: [WG-CONTENT-WB] chunk(4,-6) hash=9cddd2a35a5112c0 dh=c09ff7191f7d9478 nz=32282
[21:46:53] [CoreSwap-Fill-8/INFO] (Minecraft) [STDOUT]: [WG-CONTENT-WB] chunk(4,-7) hash=7cdb5a14a0790460 dh=79a42d77ae54db1b nz=32464
[21:46:53] [CoreSwap-Fill-9/INFO] (Minecraft) [STDOUT]: [WG-CONTENT-WB] chunk(4,-11) hash=8f29362b0e53d4b8 dh=ce5ae6fdc43794c2 nz=28812
[21:46:53] [CoreSwap-Fill-4/INFO] (Minecraft) [STDOUT]: [WG-CONTENT-WB] chunk(4,-13) hash=41f32ca139d7a675 dh=b50ff68687da79ad nz=32512
[21:46:53] [CoreSwap-Fill-1/INFO] (Minecraft) [STDOUT]: [WG-CONTENT-WB] chunk(4,-12) hash=8004879b84513ae0 dh=cd5948087f8eb068 nz=31608
[21:46:53] [CoreSwap-Fill-7/INFO] (Minecraft) [STDOUT]: [WG-CONTENT-WB] chunk(4,-10) hash=9719bd4870b89207 dh=7184288e75e7f88d nz=30945
[21:46:53] [CoreSwap-Fill-10/INFO] (Minecraft) [STDOUT]: [WG-CONTENT-WB] chunk(4,-9) hash=438b93fa9217fb50 dh=392189687dfda950 nz=31745
[21:46:53] [CoreSwap-Fill-2/INFO] (Minecraft) [STDOUT]: [WG-CONTENT-WB] chunk(4,-8) hash=8b552b9bbd9fd18e dh=6841d2a49eee3b7e nz=32512
[21:46:53] [CoreSwap-Fill-6/INFO] (Minecraft) [STDOUT]: [WG-CONTENT-WB] chunk(4,-5) hash=128b3b55259a1f16 dh=ec2ee3e32eb98e0f nz=32512
[21:46:53] [CoreSwap-Fill-3/INFO] (Minecraft) [STDOUT]: [WG-CONTENT-WB] chunk(4,-4) hash=a6aab569b85a9ff5 dh=290272894496019b nz=32512
[21:46:53] [CoreSwap-Fill-5/INFO] (Minecraft) [STDOUT]: [WG-CONTENT-WB] chunk(4,-3) hash=2ad266ee9064fe5 dh=9937de3749329eca nz=32511
[21:46:53] [CoreSwap-Fill-8/INFO] (Minecraft) [STDOUT]: [WG-CONTENT-WB] chunk(4,-2) hash=7896a539452ab282 dh=c0a52c737a70d926 nz=32512
[21:46:53] [CoreSwap-Fill-9/INFO] (Minecraft) [STDOUT]: [WG-CONTENT-WB] chunk(4,-1) hash=e38219440526ba29 dh=d672bb67bb95c16 nz=32512
[21:46:53] [CoreSwap-Fill-4/INFO] (Minecraft) [STDOUT]: [WG-CONTENT-WB] chunk(4,0) hash=d89c00ce13039e10 dh=343439de9786fbf6 nz=31569
[21:46:53] [CoreSwap-Fill-10/INFO] (Minecraft) [STDOUT]: [WG-CONTENT-WB] chunk(5,-13) hash=51f56b6b7efb3080 dh=9a1a33260b14cf66 nz=32512
[21:46:53] [CoreSwap-Fill-7/INFO] (Minecraft) [STDOUT]: [WG-CONTENT-WB] chunk(5,-1) hash=5deabc551c61d543 dh=f8627350f091f812 nz=32229
[21:46:53] [CoreSwap-Fill-2/INFO] (Minecraft) [STDOUT]: [WG-CONTENT-WB] chunk(5,-6) hash=5a8b2802c497e41b dh=912913ce1b80cab8 nz=31936
[21:46:53] [CoreSwap-Fill-1/INFO] (Minecraft) [STDOUT]: [WG-CONTENT-WB] chunk(4,1) hash=f177c2102d5a216 dh=46e5fb148d49fdfa nz=31560
[21:46:53] [CoreSwap-Fill-6/INFO] (Minecraft) [STDOUT]: [WG-CONTENT-WB] chunk(5,-12) hash=e8de65095a13bc18 dh=64e03f7b71762824 nz=31481
[21:46:53] [CoreSwap-Fill-3/INFO] (Minecraft) [STDOUT]: [WG-CONTENT-WB] chunk(5,-11) hash=2857c0c4e1f75eb2 dh=578b8fcb9d192a5a nz=29366
[21:46:53] [CoreSwap-Fill-5/INFO] (Minecraft) [STDOUT]: [WG-CONTENT-WB] chunk(5,-10) hash=fdc622a582f83cc0 dh=bb7d90f35350fd18 nz=30076
[21:46:53] [CoreSwap-Fill-8/INFO] (Minecraft) [STDOUT]: [WG-CONTENT-WB] chunk(5,-2) hash=5396a3412765ff7e dh=66185cce885c9dba nz=32411
[21:46:53] [CoreSwap-Fill-9/INFO] (Minecraft) [STDOUT]: [WG-CONTENT-WB] chunk(5,-5) hash=7efe2527641068d3 dh=c5f41d19a3f7f532 nz=32512
[21:46:53] [CoreSwap-Fill-4/INFO] (Minecraft) [STDOUT]: [WG-CONTENT-WB] chunk(5,-9) hash=2f8ffaa95faaca74 dh=20210cb0c944c16e nz=31312
[21:46:53] [CoreSwap-Fill-10/INFO] (Minecraft) [STDOUT]: [WG-CONTENT-WB] chunk(5,-4) hash=a8e339e51421d80b dh=9d68e856ecce1e92 nz=32512
[21:46:53] [CoreSwap-Fill-7/INFO] (Minecraft) [STDOUT]: [WG-CONTENT-WB] chunk(5,-8) hash=5c274f9661f298d8 dh=83857607726b8d5a nz=32512
[21:46:53] [CoreSwap-Fill-2/INFO] (Minecraft) [STDOUT]: [WG-CONTENT-WB] chunk(5,-3) hash=3b1c864c40c9e21b dh=38a9fc505b5ede2e nz=32184
[21:46:53] [CoreSwap-Fill-1/INFO] (Minecraft) [STDOUT]: [WG-CONTENT-WB] chunk(5,-7) hash=a25a2c587b396441 dh=5eb77c81865d9fb nz=32158
[21:46:53] [CoreSwap-Fill-6/INFO] (Minecraft) [STDOUT]: [WG-CONTENT-WB] chunk(5,0) hash=1cb8190e653f1299 dh=bae10dd97af31511 nz=31327
[21:46:53] [CoreSwap-Fill-5/INFO] (Minecraft) [STDOUT]: [WG-CONTENT-WB] chunk(6,-6) hash=6cf538e5d8538e4b dh=c7f5313c075efb48 nz=30174
[21:46:53] [CoreSwap-Fill-9/INFO] (Minecraft) [STDOUT]: [WG-CONTENT-WB] chunk(6,-5) hash=526c12d7d36be091 dh=92aeb7cf1d71f500 nz=32410
[21:46:53] [CoreSwap-Fill-3/INFO] (Minecraft) [STDOUT]: [WG-CONTENT-WB] chunk(5,1) hash=d1ff6afac2eb41c3 dh=506d9938471c179b nz=30249
[21:46:53] [CoreSwap-Fill-8/INFO] (Minecraft) [STDOUT]: [WG-CONTENT-WB] chunk(7,-6) hash=feee05a830534e88 dh=c7f6af4fd429bbf3 nz=32029
[21:46:53] [CoreSwap-Fill-7/INFO] (Minecraft) [STDOUT]: [WG-CONTENT-WB] chunk(6,-2) hash=5f948de1eda4c0fb dh=6dcb9559090cb5f2 nz=32110
[21:46:53] [CoreSwap-Fill-4/INFO] (Minecraft) [STDOUT]: [WG-CONTENT-WB] chunk(6,-4) hash=d2e85d44783c7d88 dh=4c1b255de906da6b nz=32509
[21:46:53] [CoreSwap-Fill-1/INFO] (Minecraft) [STDOUT]: [WG-CONTENT-WB] chunk(7,-4) hash=3ac4e253cc22fb59 dh=e19984fecfa7b5ae nz=32503
[21:46:53] [CoreSwap-Fill-10/INFO] (Minecraft) [STDOUT]: [WG-CONTENT-WB] chunk(6,-3) hash=5f9279d0e50ab5ed dh=a22a669391fada85 nz=32173
[21:46:53] [CoreSwap-Fill-2/INFO] (Minecraft) [STDOUT]: [WG-CONTENT-WB] chunk(7,-5) hash=4277b35c95a659cb dh=b614835ae44ba064 nz=31742
[21:46:53] [CoreSwap-Fill-6/INFO] (Minecraft) [STDOUT]: [WG-CONTENT-WB] chunk(7,-3) hash=7483d7e48b5edc31 dh=46ba3ab72a8711f nz=32376
[21:46:54] [CoreSwap-Fill-9/INFO] (Minecraft) [STDOUT]: [WG-CONTENT-WB] chunk(6,-1) hash=b0ed861586681f03 dh=5a08af1066ec9bc nz=32283
[21:46:54] [CoreSwap-Fill-5/INFO] (Minecraft) [STDOUT]: [WG-CONTENT-WB] chunk(7,-2) hash=fc15c052e421d5d9 dh=a4a79250c4655bfa nz=32039
[21:46:54] [CoreSwap-Fill-3/INFO] (Minecraft) [STDOUT]: [WG-CONTENT-WB] chunk(7,-1) hash=ab6d8f0ffe04a2df dh=e499dfacf47f2e3a nz=32507
[21:46:54] [CoreSwap-Fill-4/INFO] (Minecraft) [STDOUT]: [WG-CONTENT-WB] chunk(8,-4) hash=b08e7ce08fee7c9d dh=b91c550e05da3 nz=31219
[21:46:54] [CoreSwap-Fill-10/INFO] (Minecraft) [STDOUT]: [WG-CONTENT-WB] chunk(8,-2) hash=b3adae9732ba52e5 dh=cbc5c9a6c5c2343a nz=31735
[21:46:54] [CoreSwap-Fill-2/INFO] (Minecraft) [STDOUT]: [WG-CONTENT-WB] chunk(8,-1) hash=1eddbfb53e80ece9 dh=4b1304d50ab86911 nz=32198
[21:46:54] [CoreSwap-Fill-1/INFO] (Minecraft) [STDOUT]: [WG-CONTENT-WB] chunk(8,-3) hash=b26638056abf38b7 dh=9a5dcac537a7c917 nz=31926
[21:46:54] [CoreSwap-Fill-8/INFO] (Minecraft) [STDOUT]: [WG-CONTENT-WB] chunk(8,-6) hash=77140cf96e6a2553 dh=4594b0cc4f1a72b3 nz=31244
[21:46:54] [CoreSwap-Fill-7/INFO] (Minecraft) [STDOUT]: [WG-CONTENT-WB] chunk(8,-5) hash=21811ccc99365da0 dh=1d9915f2bc37db08 nz=29289
[21:46:54] [CoreSwap-Fill-9/INFO] (Minecraft) [STDOUT]: [WG-CONTENT-WB] chunk(7,0) hash=fde2bd4fc3198568 dh=4d40160185b2607c nz=32332
[21:46:54] [CoreSwap-Fill-5/INFO] (Minecraft) [STDOUT]: [WG-CONTENT-WB] chunk(8,0) hash=9cffbc72e7001d14 dh=53c0663087ad93fa nz=32034
[21:46:54] [CoreSwap-Fill-6/INFO] (Minecraft) [STDOUT]: [WG-CONTENT-WB] chunk(6,0) hash=e07fb8da20ec4d44 dh=ef5e496dcdf23dbe nz=32511
[21:46:54] [CoreSwap-Fill-3/INFO] (Minecraft) [STDOUT]: [WG-CONTENT-WB] chunk(6,-8) hash=5389d5c5aac6505b dh=93c84386ca9af491 nz=32512
[21:46:54] [CoreSwap-Fill-4/INFO] (Minecraft) [STDOUT]: [WG-CONTENT-WB] chunk(6,-7) hash=869cce5a14fad8e2 dh=2084bd38b3f6e079 nz=32508
[21:46:54] [CoreSwap-Fill-10/INFO] (Minecraft) [STDOUT]: [WG-CONTENT-WB] chunk(7,-8) hash=4fce3c39cdcd9c7d dh=f22e60a8a670cf21 nz=32512
[21:46:54] [CoreSwap-Fill-7/INFO] (Minecraft) [STDOUT]: [WG-CONTENT-WB] chunk(7,-7) hash=a95bef9d3ca74738 dh=dc8fd0dc7e145fcb nz=32512
[21:46:54] [CoreSwap-Fill-2/INFO] (Minecraft) [STDOUT]: [WG-CONTENT-WB] chunk(6,1) hash=13d81b46b471a558 dh=841dfe77dd5c7ba6 nz=32510
[21:46:54] [CoreSwap-Fill-1/INFO] (Minecraft) [STDOUT]: [WG-CONTENT-WB] chunk(7,1) hash=a47506e07c4c43b2 dh=5e93abe4ca6b5d0c nz=32339
[21:46:54] [CoreSwap-Fill-8/INFO] (Minecraft) [STDOUT]: [WG-CONTENT-WB] chunk(8,1) hash=f7f0013e12b5d439 dh=f89127e40f5e51dd nz=32244
[21:46:54] [CoreSwap-Fill-9/INFO] (Minecraft) [STDOUT]: [WG-CONTENT-WB] chunk(9,-11) hash=916263e67f8cbcc2 dh=5be0e71dac904c86 nz=32512
[21:46:54] [CoreSwap-Fill-5/INFO] (Minecraft) [STDOUT]: [WG-CONTENT-WB] chunk(6,-13) hash=af12001a768319ce dh=34b6289846639ea1 nz=32512
[21:46:54] [CoreSwap-Fill-6/INFO] (Minecraft) [STDOUT]: [WG-CONTENT-WB] chunk(9,-10) hash=4e42d2c9c9f76004 dh=e9f4cba41cd3ba16 nz=32512
[21:46:54] [CoreSwap-Fill-3/INFO] (Minecraft) [STDOUT]: [WG-CONTENT-WB] chunk(6,-12) hash=96635efe0c48a67e dh=e5a56c7ad3bdaea2 nz=32512
[21:46:54] [CoreSwap-Fill-4/INFO] (Minecraft) [STDOUT]: [WG-CONTENT-WB] chunk(9,-12) hash=51b75e3d1146c176 dh=a388ac929514ea6a nz=32512
[21:46:54] [CoreSwap-Fill-10/INFO] (Minecraft) [STDOUT]: [WG-CONTENT-WB] chunk(7,-12) hash=c5fe8e5f050ce216 dh=f09ccc9eb45b9f26 nz=32512
[21:46:54] [CoreSwap-Fill-7/INFO] (Minecraft) [STDOUT]: [WG-CONTENT-WB] chunk(8,-12) hash=de843cb30b34c003 dh=a1781a14551d4931 nz=32512
[21:46:54] [CoreSwap-Fill-2/INFO] (Minecraft) [STDOUT]: [WG-CONTENT-WB] chunk(7,-13) hash=802f166d7074186d dh=541e5ad91c4446fb nz=32512
[21:46:54] [CoreSwap-Fill-8/INFO] (Minecraft) [STDOUT]: [WG-CONTENT-WB] chunk(6,-11) hash=38ac99679ee555b1 dh=45ef460eeac1bd91 nz=32507
[21:46:54] [CoreSwap-Fill-1/INFO] (Minecraft) [STDOUT]: [WG-CONTENT-WB] chunk(8,-13) hash=108a48968866cbfd dh=73003edbb5925715 nz=32512
[21:46:54] [CoreSwap-Fill-9/INFO] (Minecraft) [STDOUT]: [WG-CONTENT-WB] chunk(6,-10) hash=55ee63b085dc5d0a dh=5b6915481075d29e nz=31740
[21:46:54] [CoreSwap-Fill-5/INFO] (Minecraft) [STDOUT]: [WG-CONTENT-WB] chunk(6,-9) hash=193cee7036a6b2a4 dh=686d2ffaff7972ae nz=31150
[21:46:54] [CoreSwap-Fill-6/INFO] (Minecraft) [STDOUT]: [WG-CONTENT-WB] chunk(7,-11) hash=e1126f5571c5e9a3 dh=98159466f5a4f4ab nz=32512
[21:46:54] [CoreSwap-Fill-3/INFO] (Minecraft) [STDOUT]: [WG-CONTENT-WB] chunk(7,-10) hash=8e5fc527d205658c dh=2b06ab5e8011484e nz=32503
[21:46:54] [CoreSwap-Fill-4/INFO] (Minecraft) [STDOUT]: [WG-CONTENT-WB] chunk(7,-9) hash=d47aa2ee9779f298 dh=35c19135d4beda5 nz=32496
[21:46:54] [CoreSwap-Fill-10/INFO] (Minecraft) [STDOUT]: [WG-CONTENT-WB] chunk(8,-11) hash=c2461c47efdfe0bd dh=5911ce0d6611dfe5 nz=32512
[21:46:54] [CoreSwap-Fill-7/INFO] (Minecraft) [STDOUT]: [WG-CONTENT-WB] chunk(8,-10) hash=b81519bbb49dfe26 dh=7f4d9f90f0b1171e nz=32512
[21:46:54] [CoreSwap-Fill-2/INFO] (Minecraft) [STDOUT]: [WG-CONTENT-WB] chunk(9,-13) hash=3d412cf327a2d53e dh=cd8facac976b237c nz=32512
[21:46:54] [CoreSwap-Fill-8/INFO] (Minecraft) [STDOUT]: [WG-CONTENT-WB] chunk(8,-9) hash=acc84228fa4d8862 dh=61ef340473bc7b2a nz=32512
[21:46:54] [CoreSwap-Fill-1/INFO] (Minecraft) [STDOUT]: [WG-CONTENT-WB] chunk(8,-8) hash=f7ef877c6215d052 dh=1038756b7dfdfc58 nz=32431
[21:46:54] [CoreSwap-Fill-9/INFO] (Minecraft) [STDOUT]: [WG-CONTENT-WB] chunk(8,-7) hash=87cb4035b54e9e40 dh=628e0e8fb0576e3b nz=31725
[21:46:54] [CoreSwap-Fill-5/INFO] (Minecraft) [STDOUT]: [WG-CONTENT-WB] chunk(9,-9) hash=ff39a5f41eec04b8 dh=d34a60075e6a7ea nz=32512
[21:46:54] [CoreSwap-Fill-6/INFO] (Minecraft) [STDOUT]: [WG-CONTENT-WB] chunk(9,-8) hash=4ab4fdacc0b6c22f dh=a77580656d4239d7 nz=32496
[21:46:54] [CoreSwap-Fill-3/INFO] (Minecraft) [STDOUT]: [WG-CONTENT-WB] chunk(9,-7) hash=3c74389020a5ac3d dh=807ec4dbf0fd0e89 nz=32504
[21:46:54] [CoreSwap-Fill-4/INFO] (Minecraft) [STDOUT]: [WG-CONTENT-WB] chunk(-12,2) hash=c2a1b1f9109b5650 dh=7f8a778f03fa5e89 nz=32396
[21:46:54] [CoreSwap-Fill-8/INFO] (Minecraft) [STDOUT]: [WG-CONTENT-WB] chunk(-12,6) hash=5b800751d242177b dh=6be5e428f979353d nz=32512
[21:46:54] [CoreSwap-Fill-7/INFO] (Minecraft) [STDOUT]: [WG-CONTENT-WB] chunk(-12,4) hash=315eb13ca491d393 dh=a8e6cade3710c603 nz=32181
[21:46:54] [CoreSwap-Fill-1/INFO] (Minecraft) [STDOUT]: [WG-CONTENT-WB] chunk(-12,7) hash=9da8994d6321fb21 dh=f8eaaa42292afdfd nz=31831
[21:46:54] [CoreSwap-Fill-3/INFO] (Minecraft) [STDOUT]: [WG-CONTENT-WB] chunk(-13,4) hash=abdc0e0ab2e92269 dh=cbde8e5ef769834f nz=32077
[21:46:54] [CoreSwap-Fill-5/INFO] (Minecraft) [STDOUT]: [WG-CONTENT-WB] chunk(-13,2) hash=8112ce1fd5d3649c dh=80c3f83889707518 nz=32142
[21:46:54] [CoreSwap-Fill-10/INFO] (Minecraft) [STDOUT]: [WG-CONTENT-WB] chunk(-12,3) hash=8bff5c58f78b2f66 dh=54ae4bebf6390564 nz=32432
[21:46:54] [CoreSwap-Fill-6/INFO] (Minecraft) [STDOUT]: [WG-CONTENT-WB] chunk(-13,3) hash=e3fce00e681b685f dh=1f1501a9684ced4c nz=31999
[21:46:54] [CoreSwap-Fill-2/INFO] (Minecraft) [STDOUT]: [WG-CONTENT-WB] chunk(-12,5) hash=ad8e97cb490d54af dh=7cbe69752fabe8b nz=32122
[21:46:54] [CoreSwap-Fill-9/INFO] (Minecraft) [STDOUT]: [WG-CONTENT-WB] chunk(-12,8) hash=9e023263dc098197 dh=80f9f5bd8cf3f543 nz=29580
[21:46:54] [CoreSwap-Fill-4/INFO] (Minecraft) [STDOUT]: [WG-CONTENT-WB] chunk(-13,8) hash=85dd7d53e688a151 dh=fd29876d1e861d39 nz=31023
[21:46:54] [CoreSwap-Fill-8/INFO] (Minecraft) [STDOUT]: [WG-CONTENT-WB] chunk(-13,5) hash=f642fe2d5972ce84 dh=80e544c28322013c nz=32387
[21:46:54] [CoreSwap-Fill-7/INFO] (Minecraft) [STDOUT]: [WG-CONTENT-WB] chunk(-13,6) hash=1e74177110a8edb9 dh=d7f528c21a090153 nz=31370
[21:46:54] [CoreSwap-Fill-10/INFO] (Minecraft) [STDOUT]: [WG-CONTENT-WB] chunk(-11,7) hash=6188e0e49a1cb517 dh=e132e8b75f8de122 nz=28891
[21:46:54] [CoreSwap-Fill-5/INFO] (Minecraft) [STDOUT]: [WG-CONTENT-WB] chunk(-11,6) hash=a0a384dcee9ae5c8 dh=2d8a2dead1840d93 nz=31292
[21:46:54] [CoreSwap-Fill-1/INFO] (Minecraft) [STDOUT]: [WG-CONTENT-WB] chunk(-13,7) hash=1315eb1d7478461a dh=792a55cc53b8f322 nz=32421
[21:46:54] [CoreSwap-Fill-3/INFO] (Minecraft) [STDOUT]: [WG-CONTENT-WB] chunk(-11,2) hash=e0e2805ea59a7257 dh=9bfb12f674db925b nz=32512
[21:46:54] [CoreSwap-Fill-6/INFO] (Minecraft) [STDOUT]: [WG-CONTENT-WB] chunk(-11,8) hash=4ea53b84335aa296 dh=68183d8bb20e8d16 nz=28459
[21:46:54] [CoreSwap-Fill-2/INFO] (Minecraft) [STDOUT]: [WG-CONTENT-WB] chunk(-11,9) hash=4fdd3254d31cecb dh=40802bfe3be8bb2f nz=29173
[21:46:54] [CoreSwap-Fill-9/INFO] (Minecraft) [STDOUT]: [WG-CONTENT-WB] chunk(-13,9) hash=ceee772e2b9e9bd1 dh=fc480ce514e6bb1b nz=29322
[21:46:54] [CoreSwap-Fill-4/INFO] (Minecraft) [STDOUT]: [WG-CONTENT-WB] chunk(-12,9) hash=7e24b2c7070e7bf2 dh=a4362d7dc946a7c8 nz=29487
[21:46:54] [CoreSwap-Fill-9/INFO] (Minecraft) [STDOUT]: [WG-CONTENT-WB] chunk(-14,3) hash=fb73f44d046a3e8 dh=5fe79db6e6bec488 nz=32061
[21:46:54] [CoreSwap-Fill-3/INFO] (Minecraft) [STDOUT]: [WG-CONTENT-WB] chunk(-14,7) hash=b5dbdcd158ba2129 dh=81fca436f61f66df nz=31965
[21:46:54] [CoreSwap-Fill-6/INFO] (Minecraft) [STDOUT]: [WG-CONTENT-WB] chunk(-14,8) hash=12aee4c654229005 dh=22a2c47774c5b50d nz=31418
[21:46:54] [CoreSwap-Fill-7/INFO] (Minecraft) [STDOUT]: [WG-CONTENT-WB] chunk(-11,4) hash=c518d86958c442ad dh=a47355165d0561ad nz=32048
[21:46:54] [CoreSwap-Fill-10/INFO] (Minecraft) [STDOUT]: [WG-CONTENT-WB] chunk(-11,5) hash=9a87f79954a6aeb9 dh=6b8198b30652e385 nz=32010
[21:46:54] [CoreSwap-Fill-5/INFO] (Minecraft) [STDOUT]: [WG-CONTENT-WB] chunk(-14,2) hash=1def7e768a8b09d9 dh=77c55bd7f0948a5d nz=32303
[21:46:54] [CoreSwap-Fill-1/INFO] (Minecraft) [STDOUT]: [WG-CONTENT-WB] chunk(-14,9) hash=b7d2bc4102f8adad dh=1db4dce980267d0d nz=31110
[21:46:54] [CoreSwap-Fill-2/INFO] (Minecraft) [STDOUT]: [WG-CONTENT-WB] chunk(-14,6) hash=c28d244c262b3ea8 dh=efe362369aa2a89e nz=31675
[21:46:54] [CoreSwap-Fill-8/INFO] (Minecraft) [STDOUT]: [WG-CONTENT-WB] chunk(-11,3) hash=b3ebc481d112799c dh=2eb1f1dff40bcc7f nz=32512
[21:46:54] [CoreSwap-Fill-3/INFO] (Minecraft) [STDOUT]: [WG-CONTENT-WB] chunk(-14,5) hash=9e795cc5dde0efea dh=c5bb102277efdb8a nz=31728
[21:46:54] [CoreSwap-Fill-6/INFO] (Minecraft) [STDOUT]: [WG-CONTENT-WB] chunk(-12,10) hash=1a8e347ea8f00fdc dh=b538d75cdeaff8ea nz=29897
[21:46:54] [CoreSwap-Fill-9/INFO] (Minecraft) [STDOUT]: [WG-CONTENT-WB] chunk(-14,10) hash=f277b0067db189c3 dh=b7e759e6b0e3e3a9 nz=32309
[21:46:54] [CoreSwap-Fill-1/INFO] (Minecraft) [STDOUT]: [WG-CONTENT-WB] chunk(-10,2) hash=30f74935dbfcbdc dh=a731657f6a9255f1 nz=32512
[21:46:54] [CoreSwap-Fill-5/INFO] (Minecraft) [STDOUT]: [WG-CONTENT-WB] chunk(-13,10) hash=a6a33a54d97dd7d5 dh=9ef98659f3287025 nz=29131
[21:46:54] [CoreSwap-Fill-7/INFO] (Minecraft) [STDOUT]: [WG-CONTENT-WB] chunk(-10,3) hash=48ab21c8fd24631d dh=78033ffc6059b0ce nz=32512
[21:46:54] [CoreSwap-Fill-4/INFO] (Minecraft) [STDOUT]: [WG-CONTENT-WB] chunk(-14,4) hash=9448ac80fe7b65da dh=6f1a2a0088d0c9a nz=32158
[21:46:54] [CoreSwap-Fill-10/INFO] (Minecraft) [STDOUT]: [WG-CONTENT-WB] chunk(-11,10) hash=ddbcf10ad7cbb6b0 dh=7c322a15745222f nz=30770
[21:46:54] [CoreSwap-Fill-2/INFO] (Minecraft) [STDOUT]: [WG-CONTENT-WB] chunk(-10,4) hash=6001f33167a0c8a2 dh=af9a83e7fe1b0637 nz=31892
[21:46:54] [CoreSwap-Fill-8/INFO] (Minecraft) [STDOUT]: [WG-CONTENT-WB] chunk(-10,5) hash=a5f788a5b33779ed dh=118fabd6b0ca45cd nz=32311
[21:46:54] [CoreSwap-Fill-3/INFO] (Minecraft) [STDOUT]: [WG-CONTENT-WB] chunk(-10,6) hash=8a1b7d3d453499cf dh=d0a8a8f712723377 nz=31422
[21:46:54] [CoreSwap-Fill-7/INFO] (Minecraft) [STDOUT]: [WG-CONTENT-WB] chunk(-10,7) hash=c24e7773e2ba3d79 dh=4721168b28a53b6c nz=28439
[21:46:54] [CoreSwap-Fill-9/INFO] (Minecraft) [STDOUT]: [WG-CONTENT-WB] chunk(-9,3) hash=ef4679302968576e dh=ee1acbbb3ebdf97a nz=32366
[21:46:54] [CoreSwap-Fill-6/INFO] (Minecraft) [STDOUT]: [WG-CONTENT-WB] chunk(-9,2) hash=9fc5aa286b143732 dh=a0ed655ee6a059c nz=31993
[21:46:54] [CoreSwap-Fill-4/INFO] (Minecraft) [STDOUT]: [WG-CONTENT-WB] chunk(-10,8) hash=349bba5fa62b8aaf dh=81725212d51ba3ff nz=28586
[21:46:54] [CoreSwap-Fill-1/INFO] (Minecraft) [STDOUT]: [WG-CONTENT-WB] chunk(-9,4) hash=3141a58cd4bc8746 dh=ceffdc9749bcc9a nz=32463
[21:46:54] [CoreSwap-Fill-10/INFO] (Minecraft) [STDOUT]: [WG-CONTENT-WB] chunk(-9,6) hash=18b74d809f9c30d dh=4aabadcf43467783 nz=32512
[21:46:54] [CoreSwap-Fill-5/INFO] (Minecraft) [STDOUT]: [WG-CONTENT-WB] chunk(-9,5) hash=642fc281cfe74445 dh=fab9757487616f3 nz=32350
[21:46:54] [CoreSwap-Fill-2/INFO] (Minecraft) [STDOUT]: [WG-CONTENT-WB] chunk(-9,7) hash=b0d54d5571701f9d dh=9e15bd232221345a nz=32375
[21:46:54] [CoreSwap-Fill-8/INFO] (Minecraft) [STDOUT]: [WG-CONTENT-WB] chunk(-10,9) hash=7155833844d080b7 dh=6005ee899e4f0028 nz=28868
[21:46:54] [CoreSwap-Fill-7/INFO] (Minecraft) [STDOUT]: [WG-CONTENT-WB] chunk(-9,8) hash=74e539ff36d6297b dh=2569ad3a6b474e7 nz=32180
[21:46:54] [CoreSwap-Fill-3/INFO] (Minecraft) [STDOUT]: [WG-CONTENT-WB] chunk(-10,10) hash=5c8d77bafe447bc9 dh=c831790dc973c724 nz=29608
[21:46:54] [CoreSwap-Fill-1/INFO] (Minecraft) [STDOUT]: [WG-CONTENT-WB] chunk(-15,3) hash=eb9def5e90d7fe5 dh=5db7d51e4b85645b nz=32512
[21:46:54] [CoreSwap-Fill-9/INFO] (Minecraft) [STDOUT]: [WG-CONTENT-WB] chunk(-9,9) hash=2c20c35acff6f71c dh=c7da113a45cce156 nz=30221
[21:46:54] [CoreSwap-Fill-6/INFO] (Minecraft) [STDOUT]: [WG-CONTENT-WB] chunk(-9,10) hash=1bf9076218f46b3c dh=ec1c829c04f0fb18 nz=28461
[21:46:54] [CoreSwap-Fill-4/INFO] (Minecraft) [STDOUT]: [WG-CONTENT-WB] chunk(-15,2) hash=e26e373368c96e96 dh=2cc160f263a28a59 nz=32178
[21:46:54] [CoreSwap-Fill-10/INFO] (Minecraft) [STDOUT]: [WG-CONTENT-WB] chunk(-15,4) hash=23286185115f216 dh=85e496c7a76b20f7 nz=32340
[21:46:54] [CoreSwap-Fill-2/INFO] (Minecraft) [STDOUT]: [WG-CONTENT-WB] chunk(-15,6) hash=8094f0b23835cd47 dh=c7acf6cbcf52372b nz=32512
[21:46:54] [CoreSwap-Fill-5/INFO] (Minecraft) [STDOUT]: [WG-CONTENT-WB] chunk(-15,5) hash=8219996f484dcf24 dh=e070820376a872c3 nz=32091
[21:46:54] [CoreSwap-Fill-8/INFO] (Minecraft) [STDOUT]: [WG-CONTENT-WB] chunk(-15,7) hash=630f9e53ec53ea65 dh=2413c72becd627fe nz=32411
[21:46:54] [CoreSwap-Fill-7/INFO] (Minecraft) [STDOUT]: [WG-CONTENT-WB] chunk(-15,8) hash=af707ef92cb67334 dh=3ac21dee016711da nz=30579
[21:46:54] [CoreSwap-Fill-3/INFO] (Minecraft) [STDOUT]: [WG-CONTENT-WB] chunk(-15,9) hash=a78dcd881a62527f dh=ed0fc0ed87d76b61 nz=31902
[21:46:54] [CoreSwap-Fill-9/INFO] (Minecraft) [STDOUT]: [WG-CONTENT-WB] chunk(-8,9) hash=82a7618d5a8f55e5 dh=8d64c2ba1ec8ee6a nz=30005
[21:46:54] [CoreSwap-Fill-1/INFO] (Minecraft) [STDOUT]: [WG-CONTENT-WB] chunk(-15,10) hash=e9f0f68080fbd55 dh=e44e48c955d2fc2d nz=32315
[21:46:54] [CoreSwap-Fill-6/INFO] (Minecraft) [STDOUT]: [WG-CONTENT-WB] chunk(-8,8) hash=595c7d1ec4a5c6aa dh=a8c6b9c22120f39 nz=30394
[21:46:54] [CoreSwap-Fill-4/INFO] (Minecraft) [STDOUT]: [WG-CONTENT-WB] chunk(-15,11) hash=a964adde64f8cfbc dh=2ea2b124c75aca8 nz=32500
[21:46:54] [CoreSwap-Fill-5/INFO] (Minecraft) [STDOUT]: [WG-CONTENT-WB] chunk(-8,6) hash=4bc7d18880de9266 dh=7cf4def867237b46 nz=32512
[21:46:54] [CoreSwap-Fill-10/INFO] (Minecraft) [STDOUT]: [WG-CONTENT-WB] chunk(-14,11) hash=33852e82227c70d4 dh=8cf5ab7d608a5c8e nz=32171
[21:46:54] [CoreSwap-Fill-2/INFO] (Minecraft) [STDOUT]: [WG-CONTENT-WB] chunk(-8,5) hash=9262d38c20ac8ff9 dh=b5bed79911694b97 nz=32443
[21:46:54] [CoreSwap-Fill-8/INFO] (Minecraft) [STDOUT]: [WG-CONTENT-WB] chunk(-8,7) hash=cdc677804872355 dh=a35970f0b4255ac9 nz=32487
[21:46:54] [CoreSwap-Fill-3/INFO] (Minecraft) [STDOUT]: [WG-CONTENT-WB] chunk(-7,7) hash=8e246dd75541e519 dh=a5105513a31a4f81 nz=32498
[21:46:54] [CoreSwap-Fill-7/INFO] (Minecraft) [STDOUT]: [WG-CONTENT-WB] chunk(-7,6) hash=c1c04c887a5f0e83 dh=8b49810709bfd3db nz=32457
[21:46:54] [CoreSwap-Fill-6/INFO] (Minecraft) [STDOUT]: [WG-CONTENT-WB] chunk(-8,2) hash=63b353697474ff8a dh=8a10d03c4e10d38d nz=32353
[21:46:54] [CoreSwap-Fill-1/INFO] (Minecraft) [STDOUT]: [WG-CONTENT-WB] chunk(-8,10) hash=1c5c01cf64a4177d dh=8978478b7619306c nz=29268
[21:46:54] [CoreSwap-Fill-9/INFO] (Minecraft) [STDOUT]: [WG-CONTENT-WB] chunk(-13,11) hash=b5cc4d64ff338b4c dh=2fd023353c58956e nz=29671
[21:46:54] [CoreSwap-Fill-5/INFO] (Minecraft) [STDOUT]: [WG-CONTENT-WB] chunk(-8,4) hash=d2d8b4c12a7c3223 dh=959a12cc166916f7 nz=32372
[21:46:54] [CoreSwap-Fill-4/INFO] (Minecraft) [STDOUT]: [WG-CONTENT-WB] chunk(-8,3) hash=37f953ab247ba346 dh=644b0f5bdb3713da nz=32437
[21:46:54] [CoreSwap-Fill-10/INFO] (Minecraft) [STDOUT]: [WG-CONTENT-WB] chunk(-7,2) hash=3883bd38e59a8980 dh=731564de0a406435 nz=32512
[21:46:54] [CoreSwap-Fill-2/INFO] (Minecraft) [STDOUT]: [WG-CONTENT-WB] chunk(-7,3) hash=fa20fe45c1919586 dh=22a41c8ba9074906 nz=32512
[21:46:54] [CoreSwap-Fill-8/INFO] (Minecraft) [STDOUT]: [WG-CONTENT-WB] chunk(-7,5) hash=992b8ce8f03d6dc9 dh=7d17748e73fe842f nz=32476
[21:46:54] [CoreSwap-Fill-6/INFO] (Minecraft) [STDOUT]: [WG-CONTENT-WB] chunk(-7,9) hash=65dd8cb38748570e dh=c5321807151e04d4 nz=32063
[21:46:54] [CoreSwap-Fill-7/INFO] (Minecraft) [STDOUT]: [WG-CONTENT-WB] chunk(-7,8) hash=a5b8e76e5519eca0 dh=4b1ea72e0518196f nz=32439
[21:46:54] [CoreSwap-Fill-3/INFO] (Minecraft) [STDOUT]: [WG-CONTENT-WB] chunk(-7,4) hash=1118f651bb1364f3 dh=85a3b83f8c24e95b nz=32512
[21:46:54] [CoreSwap-Fill-1/INFO] (Minecraft) [STDOUT]: [WG-CONTENT-WB] chunk(-7,10) hash=80989834458ab5e8 dh=20a073b010309f94 nz=32406
[21:46:54] [CoreSwap-Fill-9/INFO] (Minecraft) [STDOUT]: [WG-CONTENT-WB] chunk(-12,11) hash=f32e8d2dd6e83039 dh=140abee5881c1757 nz=28992
[21:46:54] [CoreSwap-Fill-5/INFO] (Minecraft) [STDOUT]: [WG-CONTENT-WB] chunk(-11,11) hash=ada19cb96ab72cfc dh=176612a2e41280dc nz=31430
[21:46:54] [CoreSwap-Fill-4/INFO] (Minecraft) [STDOUT]: [WG-CONTENT-WB] chunk(-10,11) hash=2e6dbfac1bdd6b00 dh=44fffbdcb7de046c nz=31611
[21:46:54] [CoreSwap-Fill-10/INFO] (Minecraft) [STDOUT]: [WG-CONTENT-WB] chunk(-9,11) hash=7bfcd2aacd0a553e dh=13790a9d4b622ed4 nz=29787
[21:46:54] [CoreSwap-Fill-2/INFO] (Minecraft) [STDOUT]: [WG-CONTENT-WB] chunk(-8,11) hash=c105acdc367a180d dh=458e75b09aeb6ad5 nz=31826
[21:46:54] [CoreSwap-Fill-8/INFO] (Minecraft) [STDOUT]: [WG-CONTENT-WB] chunk(-7,11) hash=93631a2bf46e4486 dh=bd6c86f0e7951aad nz=32467
[21:46:55] [CoreSwap-Fill-6/INFO] (Minecraft) [STDOUT]: [WG-CONTENT-WB] chunk(-6,2) hash=bf5aa72c4c94a1a9 dh=3b7c461129a2bb19 nz=32512
[21:46:55] [CoreSwap-Fill-7/INFO] (Minecraft) [STDOUT]: [WG-CONTENT-WB] chunk(-6,3) hash=3ef6ba2fc0733618 dh=ce6824ab83b02b86 nz=32512
[21:46:55] [CoreSwap-Fill-1/INFO] (Minecraft) [STDOUT]: [WG-CONTENT-WB] chunk(-6,5) hash=7090db0606b5b6bc dh=e132a49411e06d09 nz=31905
[21:46:55] [CoreSwap-Fill-3/INFO] (Minecraft) [STDOUT]: [WG-CONTENT-WB] chunk(-6,4) hash=3100f01363f8de85 dh=42a773834d02bc73 nz=32463
[21:46:55] [CoreSwap-Fill-9/INFO] (Minecraft) [STDOUT]: [WG-CONTENT-WB] chunk(-6,6) hash=11eaa75be3fb0a3 dh=573056827f1c6efd nz=30629
[21:46:55] [CoreSwap-Fill-5/INFO] (Minecraft) [STDOUT]: [WG-CONTENT-WB] chunk(-6,7) hash=fb326fd06b25723d dh=9ccc92c8d8e92171 nz=30986
[21:46:55] [CoreSwap-Fill-2/INFO] (Minecraft) [STDOUT]: [WG-CONTENT-WB] chunk(-6,9) hash=6074a6156f1cbb16 dh=a62ff94e46b47cb2 nz=32486
[21:46:55] [CoreSwap-Fill-10/INFO] (Minecraft) [STDOUT]: [WG-CONTENT-WB] chunk(-6,8) hash=6b8bd423d4212e1a dh=653999cd27477040 nz=32482
[21:46:55] [CoreSwap-Fill-4/INFO] (Minecraft) [STDOUT]: [WG-CONTENT-WB] chunk(-6,10) hash=2d40f527ee8a5c74 dh=92f8429a3d41c62 nz=32512
[21:46:55] [CoreSwap-Fill-8/INFO] (Minecraft) [STDOUT]: [WG-CONTENT-WB] chunk(-6,11) hash=fa221cbf338068e4 dh=b1ffee78e7475588 nz=32512
[21:46:55] [CoreSwap-Fill-6/INFO] (Minecraft) [STDOUT]: [WG-CONTENT-WB] chunk(-5,10) hash=8d70ab0119fe2191 dh=7d11ec3a486e39bf nz=32512
[21:46:55] [CoreSwap-Fill-7/INFO] (Minecraft) [STDOUT]: [WG-CONTENT-WB] chunk(-5,11) hash=8f82245c895793cc dh=308b9f8f9755f748 nz=32299
[21:46:55] [CoreSwap-Fill-5/INFO] (Minecraft) [STDOUT]: [WG-CONTENT-WB] chunk(-5,7) hash=793ee4731e7b5103 dh=2845606f9fa41018 nz=31955
[21:46:55] [CoreSwap-Fill-1/INFO] (Minecraft) [STDOUT]: [WG-CONTENT-WB] chunk(-5,2) hash=80d31bcc6455a276 dh=af1c214f0d19fb1e nz=32512
[21:46:55] [CoreSwap-Fill-10/INFO] (Minecraft) [STDOUT]: [WG-CONTENT-WB] chunk(-5,8) hash=ba266f50f105424d dh=792a8d9b164a62f7 nz=32469
[21:46:55] [CoreSwap-Fill-3/INFO] (Minecraft) [STDOUT]: [WG-CONTENT-WB] chunk(-4,2) hash=bd0e672e50b0a1b8 dh=2f8ebbad3b198fd6 nz=32512
[21:46:55] [CoreSwap-Fill-4/INFO] (Minecraft) [STDOUT]: [WG-CONTENT-WB] chunk(-5,9) hash=2ccbf0c50b8c6a60 dh=5f4272cc923aeb2c nz=32512
[21:46:55] [CoreSwap-Fill-2/INFO] (Minecraft) [STDOUT]: [WG-CONTENT-WB] chunk(-5,3) hash=efd253247674575 dh=3cd4e333deb05ba1 nz=32512
[21:46:55] [CoreSwap-Fill-9/INFO] (Minecraft) [STDOUT]: [WG-CONTENT-WB] chunk(-5,6) hash=c03059e6f74b3aee dh=c76bf768dc777ded nz=31657
[21:46:55] [CoreSwap-Fill-8/INFO] (Minecraft) [STDOUT]: [WG-CONTENT-WB] chunk(-5,4) hash=157f92018ade4fe9 dh=5f4333f9199f51dd nz=31657
[21:46:55] [CoreSwap-Fill-7/INFO] (Minecraft) [STDOUT]: [WG-CONTENT-WB] chunk(-4,3) hash=ef5fdefcba881665 dh=6a85e7c334954247 nz=32512
[21:46:55] [CoreSwap-Fill-6/INFO] (Minecraft) [STDOUT]: [WG-CONTENT-WB] chunk(-5,5) hash=f49d544382848ccb dh=503104ab909724a nz=28644
[21:46:55] [CoreSwap-Fill-1/INFO] (Minecraft) [STDOUT]: [WG-CONTENT-WB] chunk(-4,8) hash=d7eba114969c60c8 dh=1fc1f5b852c25e14 nz=32472
[21:46:55] [CoreSwap-Fill-5/INFO] (Minecraft) [STDOUT]: [WG-CONTENT-WB] chunk(-4,4) hash=afc0848bbf9bf29c dh=ccaa78007842f363 nz=31772
[21:46:55] [CoreSwap-Fill-4/INFO] (Minecraft) [STDOUT]: [WG-CONTENT-WB] chunk(-4,7) hash=b51abfc215c9d60b dh=795de4d85150147c nz=32348
[21:46:55] [CoreSwap-Fill-3/INFO] (Minecraft) [STDOUT]: [WG-CONTENT-WB] chunk(-4,6) hash=5280fb252cb58c1e dh=88e572e346fb0826 nz=32489
[21:46:55] [CoreSwap-Fill-2/INFO] (Minecraft) [STDOUT]: [WG-CONTENT-WB] chunk(-4,9) hash=2731d3498fefd37d dh=ac3962f4987e1635 nz=32512
[21:46:55] [CoreSwap-Fill-10/INFO] (Minecraft) [STDOUT]: [WG-CONTENT-WB] chunk(-4,5) hash=ee33715e58d6575b dh=f1604f416e640537 nz=31364
[21:46:55] [CoreSwap-Fill-9/INFO] (Minecraft) [STDOUT]: [WG-CONTENT-WB] chunk(-4,10) hash=e214abc0b1cfc8dc dh=d75e9c8f542da705 nz=32512
[21:46:55] [CoreSwap-Fill-8/INFO] (Minecraft) [STDOUT]: [WG-CONTENT-WB] chunk(-4,11) hash=4108c73c14de956f dh=ea5020baf5daa037 nz=32512
[21:46:55] [CoreSwap-Fill-7/INFO] (Minecraft) [STDOUT]: [WG-CONTENT-WB] chunk(-3,2) hash=4e5383942f60b600 dh=461d65ea2ff697a4 nz=32390
[21:46:55] [CoreSwap-Fill-6/INFO] (Minecraft) [STDOUT]: [WG-CONTENT-WB] chunk(-3,3) hash=679bc26857a8b3b1 dh=e62f671db7024cfd nz=32512
[21:46:55] [CoreSwap-Fill-3/INFO] (Minecraft) [STDOUT]: [WG-CONTENT-WB] chunk(-3,8) hash=d8472ffa3eaf9aa4 dh=5b43617cf5d498c2 nz=32174
[21:46:55] [CoreSwap-Fill-4/INFO] (Minecraft) [STDOUT]: [WG-CONTENT-WB] chunk(-3,6) hash=f4959d8ba11cb267 dh=f910691a27d25909 nz=32512
[21:46:55] [CoreSwap-Fill-1/INFO] (Minecraft) [STDOUT]: [WG-CONTENT-WB] chunk(-3,4) hash=b2a26224f29f3076 dh=f1012f4bf60f9473 nz=31063
[21:46:55] [CoreSwap-Fill-5/INFO] (Minecraft) [STDOUT]: [WG-CONTENT-WB] chunk(-3,5) hash=91325c7d2ee7faf3 dh=1e5f968e0b67dae7 nz=32260
[21:46:55] [CoreSwap-Fill-2/INFO] (Minecraft) [STDOUT]: [WG-CONTENT-WB] chunk(-3,7) hash=ebce50cd4dcb39d0 dh=91f06e1bac69a2a5 nz=32512
[21:46:55] [CoreSwap-Fill-10/INFO] (Minecraft) [STDOUT]: [WG-CONTENT-WB] chunk(-3,9) hash=77a78955fc3212c5 dh=f837201ba4b07c9b nz=31749
[21:46:55] [CoreSwap-Fill-9/INFO] (Minecraft) [STDOUT]: [WG-CONTENT-WB] chunk(-2,2) hash=e02ee2a67883cd24 dh=6ba1b67cd73df15c nz=32199
[21:46:55] [CoreSwap-Fill-8/INFO] (Minecraft) [STDOUT]: [WG-CONTENT-WB] chunk(-3,10) hash=aeeb5e419ccce3d8 dh=5384d9702da42d0f nz=32341
[21:46:55] [CoreSwap-Fill-7/INFO] (Minecraft) [STDOUT]: [WG-CONTENT-WB] chunk(-2,10) hash=e0a12cb9375ff519 dh=8173dca1d28c2881 nz=32363
[21:46:55] [CoreSwap-Fill-6/INFO] (Minecraft) [STDOUT]: [WG-CONTENT-WB] chunk(-3,11) hash=e712d1de4045750c dh=81cdb6f2598bdf16 nz=32371
[21:46:55] [CoreSwap-Fill-4/INFO] (Minecraft) [STDOUT]: [WG-CONTENT-WB] chunk(-1,2) hash=e87da4fd7b264535 dh=411635a26ccfe01a nz=32512
[21:46:55] [CoreSwap-Fill-5/INFO] (Minecraft) [STDOUT]: [WG-CONTENT-WB] chunk(-2,3) hash=450978a38a0ebc66 dh=ec5735f7dddc3f60 nz=32324
[21:46:55] [CoreSwap-Fill-3/INFO] (Minecraft) [STDOUT]: [WG-CONTENT-WB] chunk(-2,11) hash=2aac56dadcbc7c8 dh=7c2355eb0f287a86 nz=32512
[21:46:55] [CoreSwap-Fill-1/INFO] (Minecraft) [STDOUT]: [WG-CONTENT-WB] chunk(-2,4) hash=9bb85963d0f70712 dh=68b6fe180c504b80 nz=31300
[21:46:55] [CoreSwap-Fill-10/INFO] (Minecraft) [STDOUT]: [WG-CONTENT-WB] chunk(-2,8) hash=2cbbb2b3302589eb dh=675639470847e825 nz=32512
[21:46:55] [CoreSwap-Fill-2/INFO] (Minecraft) [STDOUT]: [WG-CONTENT-WB] chunk(-1,3) hash=75d9f4b56d5b23d6 dh=9ff267cb70191002 nz=31802
[21:46:55] [CoreSwap-Fill-9/INFO] (Minecraft) [STDOUT]: [WG-CONTENT-WB] chunk(-2,9) hash=bc8522cdc30581e1 dh=9f85e033d6ebfa0c nz=32445
[21:46:55] [CoreSwap-Fill-8/INFO] (Minecraft) [STDOUT]: [WG-CONTENT-WB] chunk(-2,5) hash=5b107b4c046d7c44 dh=b5b18a798af109de nz=32274
[21:46:55] [CoreSwap-Fill-7/INFO] (Minecraft) [STDOUT]: [WG-CONTENT-WB] chunk(-2,6) hash=4ea05668835e3df6 dh=ebaed45cdfef142a nz=32285
[21:46:55] [CoreSwap-Fill-6/INFO] (Minecraft) [STDOUT]: [WG-CONTENT-WB] chunk(-2,7) hash=a5babb971fa3bfc5 dh=2bcfe14ba0dca296 nz=32379
[21:46:55] [CoreSwap-Fill-4/INFO] (Minecraft) [STDOUT]: [WG-CONTENT-WB] chunk(-1,4) hash=5292bbd789a36673 dh=97a46628f820fdfa nz=30690
[21:46:55] [CoreSwap-Fill-5/INFO] (Minecraft) [STDOUT]: [WG-CONTENT-WB] chunk(-1,8) hash=7ec562522f459f22 dh=50607330928638e2 nz=32270
[21:46:55] [CoreSwap-Fill-3/INFO] (Minecraft) [STDOUT]: [WG-CONTENT-WB] chunk(-1,9) hash=b071675418f731fe dh=42bc216143ca578 nz=32208
[21:46:55] [CoreSwap-Fill-10/INFO] (Minecraft) [STDOUT]: [WG-CONTENT-WB] chunk(-1,5) hash=890656da6eed45b3 dh=2e1252f1163a5af nz=31136
[21:46:55] [CoreSwap-Fill-2/INFO] (Minecraft) [STDOUT]: [WG-CONTENT-WB] chunk(-1,6) hash=4c87d4618b242df9 dh=14febc26ff426073 nz=32356
[21:46:55] [CoreSwap-Fill-1/INFO] (Minecraft) [STDOUT]: [WG-CONTENT-WB] chunk(-1,10) hash=c93ad4d4a2609a24 dh=92cdd39d5ca72eb0 nz=32292
[21:46:55] [CoreSwap-Fill-9/INFO] (Minecraft) [STDOUT]: [WG-CONTENT-WB] chunk(-1,7) hash=336121047a978c04 dh=b1d096862cb574c8 nz=31994
[21:46:55] [CoreSwap-Fill-8/INFO] (Minecraft) [STDOUT]: [WG-CONTENT-WB] chunk(-1,11) hash=a6e86873dc306e2a dh=3de9c444b3764555 nz=32512
[21:46:55] [CoreSwap-Fill-7/INFO] (Minecraft) [STDOUT]: [WG-CONTENT-WB] chunk(0,2) hash=951d3f9e06c30e5a dh=920aa18c52d887fb nz=32422
[21:46:55] [CoreSwap-Fill-6/INFO] (Minecraft) [STDOUT]: [WG-CONTENT-WB] chunk(0,3) hash=d58e9b96d2100661 dh=4832f5a2179fea1d nz=32512
[21:46:55] [CoreSwap-Fill-4/INFO] (Minecraft) [STDOUT]: [WG-CONTENT-WB] chunk(0,4) hash=9dd8d1fe538382c1 dh=4dcc3274c9daf93b nz=32416
[21:46:55] [CoreSwap-Fill-5/INFO] (Minecraft) [STDOUT]: [WG-CONTENT-WB] chunk(0,5) hash=36cd637200131c45 dh=6f94e4bcd7bd3dc1 nz=31973
[21:46:55] [CoreSwap-Fill-3/INFO] (Minecraft) [STDOUT]: [WG-CONTENT-WB] chunk(0,6) hash=d95707f54c521dfa dh=97c1c77da5d4c67e nz=32067
[21:46:55] [CoreSwap-Fill-10/INFO] (Minecraft) [STDOUT]: [WG-CONTENT-WB] chunk(0,7) hash=39b52b0681d7fbb5 dh=dcf3d89190649aac nz=32165
[21:46:55] [CoreSwap-Fill-2/INFO] (Minecraft) [STDOUT]: [WG-CONTENT-WB] chunk(0,8) hash=795c7ee6fc9418ac dh=2ab394d1aad26e12 nz=30862
[21:46:55] [CoreSwap-Fill-1/INFO] (Minecraft) [STDOUT]: [WG-CONTENT-WB] chunk(0,9) hash=a672cc988755e340 dh=1300da346deb5954 nz=31347
[21:46:55] [CoreSwap-Fill-9/INFO] (Minecraft) [STDOUT]: [WG-CONTENT-WB] chunk(0,10) hash=a89724b81902e3ad dh=8a861cea51462f08 nz=32511
[21:46:55] [CoreSwap-Fill-8/INFO] (Minecraft) [STDOUT]: [WG-CONTENT-WB] chunk(0,11) hash=28db554014df44f dh=d921d2a4861f8042 nz=32512
[21:46:55] [CoreSwap-Fill-7/INFO] (Minecraft) [STDOUT]: [WG-CONTENT-WB] chunk(1,2) hash=c2e56e77c9daf45b dh=cbd925e9d5077e43 nz=32341
[21:46:55] [CoreSwap-Fill-6/INFO] (Minecraft) [STDOUT]: [WG-CONTENT-WB] chunk(1,3) hash=4dd12865d9a81403 dh=7727c679220e8c4d nz=32447
[21:46:55] [CoreSwap-Fill-4/INFO] (Minecraft) [STDOUT]: [WG-CONTENT-WB] chunk(1,4) hash=d47b080d8a0b3570 dh=2285c5bc4452c072 nz=32502
[21:46:55] [CoreSwap-Fill-5/INFO] (Minecraft) [STDOUT]: [WG-CONTENT-WB] chunk(1,5) hash=ab98bd88f2f34be4 dh=ad3864bdde4c893b nz=32494
[21:46:55] [CoreSwap-Fill-10/INFO] (Minecraft) [STDOUT]: [WG-CONTENT-WB] chunk(1,7) hash=c05b76b1aeae2d99 dh=491f1150e2614fcb nz=31490
[21:46:55] [CoreSwap-Fill-3/INFO] (Minecraft) [STDOUT]: [WG-CONTENT-WB] chunk(1,6) hash=42488692a3ef5902 dh=ef10dbf77d0f001c nz=32468
[21:46:55] [CoreSwap-Fill-2/INFO] (Minecraft) [STDOUT]: [WG-CONTENT-WB] chunk(1,8) hash=fde0dd2008f82f82 dh=cf4e07d8a8176f3f nz=29919
[21:46:55] [CoreSwap-Fill-9/INFO] (Minecraft) [STDOUT]: [WG-CONTENT-WB] chunk(1,10) hash=3b28a598cebc6299 dh=c6a263e64a742a05 nz=32512
[21:46:55] [CoreSwap-Fill-1/INFO] (Minecraft) [STDOUT]: [WG-CONTENT-WB] chunk(1,9) hash=cd7a3586586cbbba dh=5441fc3767f3745c nz=31350
[21:46:55] [CoreSwap-Fill-8/INFO] (Minecraft) [STDOUT]: [WG-CONTENT-WB] chunk(1,11) hash=805224ac93200786 dh=f0aa32812a429721 nz=32488
[21:46:55] [CoreSwap-Fill-7/INFO] (Minecraft) [STDOUT]: [WG-CONTENT-WB] chunk(2,2) hash=276bc9d075c63796 dh=41265a5bf91699b7 nz=32363
[21:46:55] [CoreSwap-Fill-6/INFO] (Minecraft) [STDOUT]: [WG-CONTENT-WB] chunk(2,3) hash=d5d61fac30356454 dh=f576d1e5c5a7faf1 nz=32512
[21:46:55] [CoreSwap-Fill-10/INFO] (Minecraft) [STDOUT]: [WG-CONTENT-WB] chunk(2,6) hash=435eca3756516dfa dh=93401b789eb4b579 nz=32096
[21:46:55] [CoreSwap-Fill-4/INFO] (Minecraft) [STDOUT]: [WG-CONTENT-WB] chunk(2,4) hash=c594b353f218db2d dh=def9082c1586f669 nz=32512
[21:46:55] [CoreSwap-Fill-3/INFO] (Minecraft) [STDOUT]: [WG-CONTENT-WB] chunk(2,7) hash=9ad0759ab49abc6c dh=e83b4a41dbb5189 nz=32439
[21:46:55] [CoreSwap-Fill-5/INFO] (Minecraft) [STDOUT]: [WG-CONTENT-WB] chunk(2,5) hash=9019cdc78b9fed4c dh=1f299fda5239caa4 nz=32266
[21:46:55] [CoreSwap-Fill-2/INFO] (Minecraft) [STDOUT]: [WG-CONTENT-WB] chunk(2,8) hash=9c77ef81c8c8aa28 dh=c6931633ad72224f nz=31534
[21:46:55] [CoreSwap-Fill-1/INFO] (Minecraft) [STDOUT]: [WG-CONTENT-WB] chunk(2,10) hash=d86b8d06044ef294 dh=65b6a0a14e041a35 nz=32455
[21:46:55] [CoreSwap-Fill-9/INFO] (Minecraft) [STDOUT]: [WG-CONTENT-WB] chunk(2,9) hash=73a43ca31f777955 dh=122184ec9c64947c nz=31183
[21:46:55] [CoreSwap-Fill-8/INFO] (Minecraft) [STDOUT]: [WG-CONTENT-WB] chunk(2,11) hash=cb4e8ff945494bbc dh=43efc3fbde75b0d nz=32374
[21:46:55] [CoreSwap-Fill-7/INFO] (Minecraft) [STDOUT]: [WG-CONTENT-WB] chunk(3,2) hash=ddc16b5726e15e8c dh=4498706532aaa8cf nz=32348
[21:46:55] [CoreSwap-Fill-6/INFO] (Minecraft) [STDOUT]: [WG-CONTENT-WB] chunk(3,5) hash=d02c9786c13e0ba2 dh=360529f0d669942d nz=32304
[21:46:55] [CoreSwap-Fill-10/INFO] (Minecraft) [STDOUT]: [WG-CONTENT-WB] chunk(3,3) hash=fe2494dc9ff5143a dh=ee6baefd75778932 nz=32512
[21:46:55] [CoreSwap-Fill-3/INFO] (Minecraft) [STDOUT]: [WG-CONTENT-WB] chunk(3,6) hash=884cee6886da8b9b dh=6674b869f13978e8 nz=32440
[21:46:55] [CoreSwap-Fill-4/INFO] (Minecraft) [STDOUT]: [WG-CONTENT-WB] chunk(3,4) hash=f8581a661bbbf62c dh=dccd6f8e29cbc83c nz=32433
[21:46:55] [CoreSwap-Fill-2/INFO] (Minecraft) [STDOUT]: [WG-CONTENT-WB] chunk(4,2) hash=271796204a13669b dh=f44b3761f8c5d113 nz=32505
[21:46:55] [CoreSwap-Fill-5/INFO] (Minecraft) [STDOUT]: [WG-CONTENT-WB] chunk(3,7) hash=d0f53de2570edcad dh=dbebf113a8d90ed7 nz=32512
[21:46:55] [CoreSwap-Fill-9/INFO] (Minecraft) [STDOUT]: [WG-CONTENT-WB] chunk(3,8) hash=a8e42862ef152a0f dh=b4bb75a6c9c7dd6f nz=32461
[21:46:55] [CoreSwap-Fill-1/INFO] (Minecraft) [STDOUT]: [WG-CONTENT-WB] chunk(4,3) hash=c1dea359bf8951e3 dh=f1448bdb3560dfde nz=32509
[21:46:55] [CoreSwap-Fill-8/INFO] (Minecraft) [STDOUT]: [WG-CONTENT-WB] chunk(3,9) hash=64e7e3472edeb7be dh=f819e6ad54929670 nz=32092
[21:46:55] [CoreSwap-Fill-7/INFO] (Minecraft) [STDOUT]: [WG-CONTENT-WB] chunk(3,10) hash=a2873c4c65ae174 dh=1cfb82e5dbd0e506 nz=30905
[21:46:55] [CoreSwap-Fill-6/INFO] (Minecraft) [STDOUT]: [WG-CONTENT-WB] chunk(3,11) hash=5415493ced1f675d dh=46acc02e457f9e9b nz=30070
[21:46:55] [CoreSwap-Fill-10/INFO] (Minecraft) [STDOUT]: [WG-CONTENT-WB] chunk(4,4) hash=d192a458543b3788 dh=bb1725bf635fc3be nz=32406
[21:46:55] [CoreSwap-Fill-5/INFO] (Minecraft) [STDOUT]: [WG-CONTENT-WB] chunk(4,8) hash=f9ff9f19618c1b1f dh=9a2ac012281a46fd nz=32512
[21:46:55] [CoreSwap-Fill-4/INFO] (Minecraft) [STDOUT]: [WG-CONTENT-WB] chunk(4,6) hash=65f92af458e40c93 dh=38338172ddecb84 nz=32446
[21:46:55] [CoreSwap-Fill-3/INFO] (Minecraft) [STDOUT]: [WG-CONTENT-WB] chunk(4,5) hash=15e3dc29030c69bf dh=4916c709a24daf8e nz=32040
[21:46:55] [CoreSwap-Fill-2/INFO] (Minecraft) [STDOUT]: [WG-CONTENT-WB] chunk(4,7) hash=4aa1399dde22eb83 dh=b91eca2623a015b nz=32512
[21:46:55] [CoreSwap-Fill-9/INFO] (Minecraft) [STDOUT]: [WG-CONTENT-WB] chunk(4,9) hash=e8580e8157581881 dh=e224fd7e73026a67 nz=32488
[21:46:55] [CoreSwap-Fill-1/INFO] (Minecraft) [STDOUT]: [WG-CONTENT-WB] chunk(4,10) hash=a10b0b89344d5e3 dh=feef0f156c33f801 nz=31898
[21:46:55] [CoreSwap-Fill-8/INFO] (Minecraft) [STDOUT]: [WG-CONTENT-WB] chunk(4,11) hash=4edb0384a1dce348 dh=5ae55161edeea8ea nz=32249
[21:46:55] [CoreSwap-Fill-7/INFO] (Minecraft) [STDOUT]: [WG-CONTENT-WB] chunk(5,2) hash=8545b27760665d43 dh=5c0df1fac0a82516 nz=31384
[21:46:55] [CoreSwap-Fill-6/INFO] (Minecraft) [STDOUT]: [WG-CONTENT-WB] chunk(5,3) hash=97cee1f8e7d0ceb2 dh=bb2fa09751537d78 nz=31660
[21:46:55] [CoreSwap-Fill-10/INFO] (Minecraft) [STDOUT]: [WG-CONTENT-WB] chunk(5,4) hash=138f0f3cf028fe22 dh=d83eb24b49a3cb06 nz=31914
[21:46:55] [CoreSwap-Fill-5/INFO] (Minecraft) [STDOUT]: [WG-CONTENT-WB] chunk(5,5) hash=85748c3694fc9b91 dh=81d33e1cd33f62d6 nz=32133
[21:46:55] [CoreSwap-Fill-3/INFO] (Minecraft) [STDOUT]: [WG-CONTENT-WB] chunk(5,7) hash=2f97287abda0e1ec dh=86da45edbaf1190a nz=32284
[21:46:55] [CoreSwap-Fill-4/INFO] (Minecraft) [STDOUT]: [WG-CONTENT-WB] chunk(5,6) hash=ab19b72bfa5e08a dh=cf738ab15820de37 nz=32336
[21:46:55] [CoreSwap-Fill-2/INFO] (Minecraft) [STDOUT]: [WG-CONTENT-WB] chunk(5,8) hash=eefa5de406781fdd dh=7d6f23e2ab100f92 nz=32070
[21:46:55] [CoreSwap-Fill-1/INFO] (Minecraft) [STDOUT]: [WG-CONTENT-WB] chunk(5,10) hash=179cd8fee5cf8346 dh=e9797877e545260d nz=32280
[21:46:55] [CoreSwap-Fill-9/INFO] (Minecraft) [STDOUT]: [WG-CONTENT-WB] chunk(5,9) hash=ef5d98e69201605a dh=df69cb75b02907e9 nz=29002
[21:46:55] [CoreSwap-Fill-8/INFO] (Minecraft) [STDOUT]: [WG-CONTENT-WB] chunk(5,11) hash=2b6bcfc69b8977da dh=bc7beb23c39e9e6c nz=32512
[21:46:55] [CoreSwap-Fill-7/INFO] (Minecraft) [STDOUT]: [WG-CONTENT-WB] chunk(6,2) hash=5968b50dac20f2a9 dh=75748acfc65a45c0 nz=32512
[21:46:55] [CoreSwap-Fill-6/INFO] (Minecraft) [STDOUT]: [WG-CONTENT-WB] chunk(6,3) hash=1a4020bfc9a98361 dh=7942c50cb231f8cf nz=32453
[21:46:55] [CoreSwap-Fill-5/INFO] (Minecraft) [STDOUT]: [WG-CONTENT-WB] chunk(6,4) hash=b591fb3d03a9749 dh=23b85295f60f1429 nz=31489
[21:46:55] [CoreSwap-Fill-10/INFO] (Minecraft) [STDOUT]: [WG-CONTENT-WB] chunk(6,5) hash=64f13c348a1097fb dh=35a0b24c4015ed25 nz=31218
[21:46:55] [CoreSwap-Fill-4/INFO] (Minecraft) [STDOUT]: [WG-CONTENT-WB] chunk(6,7) hash=540e7a0c51679f76 dh=32367d438a8374d2 nz=32429
[21:46:55] [CoreSwap-Fill-3/INFO] (Minecraft) [STDOUT]: [WG-CONTENT-WB] chunk(6,6) hash=f8d1fc0854f7a4bc dh=b411f018bae79e9c nz=31398
[21:46:55] [CoreSwap-Fill-2/INFO] (Minecraft) [STDOUT]: [WG-CONTENT-WB] chunk(6,8) hash=ec897d1299fea94 dh=4977adba4273c0db nz=32238
[21:46:55] [CoreSwap-Fill-1/INFO] (Minecraft) [STDOUT]: [WG-CONTENT-WB] chunk(6,9) hash=ac1122e008e6affc dh=bf78bb47a3da3833 nz=32349
[21:46:55] [CoreSwap-Fill-9/INFO] (Minecraft) [STDOUT]: [WG-CONTENT-WB] chunk(6,10) hash=18820b209c3bcadc dh=137ef9fa3f385a14 nz=32112
[21:46:55] [CoreSwap-Fill-8/INFO] (Minecraft) [STDOUT]: [WG-CONTENT-WB] chunk(7,2) hash=421b3770668aa918 dh=5540d53963ef5138 nz=31341
[21:46:55] [CoreSwap-Fill-7/INFO] (Minecraft) [STDOUT]: [WG-CONTENT-WB] chunk(7,3) hash=1f204f6df012370c dh=412edbd36eb52f4e nz=32175
[21:46:55] [CoreSwap-Fill-6/INFO] (Minecraft) [STDOUT]: [WG-CONTENT-WB] chunk(7,4) hash=cc45397231f15990 dh=7a811fd2055a32af nz=32465
[21:46:55] [CoreSwap-Fill-10/INFO] (Minecraft) [STDOUT]: [WG-CONTENT-WB] chunk(7,5) hash=46621dd17f0af78d dh=2bf379e105b1b6f2 nz=31659
[21:46:55] [CoreSwap-Fill-2/INFO] (Minecraft) [STDOUT]: [WG-CONTENT-WB] chunk(7,8) hash=ff3e3488fbce50e4 dh=693b22f54404a5cc nz=32276
[21:46:55] [CoreSwap-Fill-5/INFO] (Minecraft) [STDOUT]: [WG-CONTENT-WB] chunk(6,11) hash=bcd735f6d2b85405 dh=da93d57f315c7275 nz=31977
[21:46:55] [CoreSwap-Fill-4/INFO] (Minecraft) [STDOUT]: [WG-CONTENT-WB] chunk(7,6) hash=b4e7af1dd72e4316 dh=8d95b8556f831ab2 nz=30283
[21:46:55] [CoreSwap-Fill-3/INFO] (Minecraft) [STDOUT]: [WG-CONTENT-WB] chunk(7,7) hash=87c7d2b0ca1bbb3b dh=8a2bd2152ee3b181 nz=31797
[21:46:55] [CoreSwap-Fill-1/INFO] (Minecraft) [STDOUT]: [WG-CONTENT-WB] chunk(7,9) hash=6e187880feb3e23e dh=5b868eedc63e0be0 nz=32303
[21:46:55] [CoreSwap-Fill-9/INFO] (Minecraft) [STDOUT]: [WG-CONTENT-WB] chunk(7,10) hash=c79304dbf14b7cb7 dh=38ef06334166c08a nz=29686
[21:46:55] [CoreSwap-Fill-8/INFO] (Minecraft) [STDOUT]: [WG-CONTENT-WB] chunk(7,11) hash=762af78edb2733bf dh=2e6db5be5c307b36 nz=28020
[21:46:55] [CoreSwap-Fill-7/INFO] (Minecraft) [STDOUT]: [WG-CONTENT-WB] chunk(8,2) hash=d54dec8c00b4ebc5 dh=a5482cf3869e69cf nz=32511
[21:46:55] [CoreSwap-Fill-6/INFO] (Minecraft) [STDOUT]: [WG-CONTENT-WB] chunk(8,3) hash=7c139084fa1d25f6 dh=57aebbc59120e3cf nz=32293
[21:46:55] [CoreSwap-Fill-5/INFO] (Minecraft) [STDOUT]: [WG-CONTENT-WB] chunk(8,6) hash=79ce9e7fd3baad85 dh=e511368cb366242b nz=32292
[21:46:55] [CoreSwap-Fill-10/INFO] (Minecraft) [STDOUT]: [WG-CONTENT-WB] chunk(8,4) hash=5323db2733817256 dh=ab29380ab3b89465 nz=32053
[21:46:55] [CoreSwap-Fill-4/INFO] (Minecraft) [STDOUT]: [WG-CONTENT-WB] chunk(8,7) hash=884a3dd40c2072d3 dh=80f8e904c666830d nz=31987
[21:46:55] [CoreSwap-Fill-3/INFO] (Minecraft) [STDOUT]: [WG-CONTENT-WB] chunk(8,8) hash=3b59b4e73926d650 dh=b6f9fc1b8ccadad2 nz=31935
[21:46:55] [CoreSwap-Fill-2/INFO] (Minecraft) [STDOUT]: [WG-CONTENT-WB] chunk(8,5) hash=c4953214a6b7c1e2 dh=4683e2c20f1dff52 nz=31841
[21:46:55] [CoreSwap-Fill-1/INFO] (Minecraft) [STDOUT]: [WG-CONTENT-WB] chunk(8,9) hash=d6e0a66abc23be75 dh=4eb782a6d027abc7 nz=29155
[21:46:55] [CoreSwap-Fill-9/INFO] (Minecraft) [STDOUT]: [WG-CONTENT-WB] chunk(8,10) hash=213757e0b3364730 dh=d1b51ab47dd8f1da nz=25322
[21:46:55] [CoreSwap-Fill-8/INFO] (Minecraft) [STDOUT]: [WG-CONTENT-WB] chunk(8,11) hash=dd4b9f08f73c1471 dh=4be8ed1faa81e073 nz=24588
[21:46:55] [Server thread/INFO] (Minecraft) [Chunky] Task finished for minecraft:overworld. Processed: 441 chunks (100.00%), Total time: 0:00:03
[21:47:06] [RCON Listener #1/INFO] (Minecraft) Thread RCON Client /127.0.0.1 started
[21:47:06] [RCON Client /127.0.0.1 #7/INFO] (Minecraft) Thread RCON Client /127.0.0.1 shutting down
[21:47:07] [RCON Listener #1/INFO] (Minecraft) Thread RCON Client /127.0.0.1 started
[21:47:07] [Server thread/INFO] (Minecraft) [Rcon: Stopping the server]
[21:47:07] [RCON Client /127.0.0.1 #8/INFO] (Minecraft) Thread RCON Client /127.0.0.1 shutting down
[21:47:07] [Server thread/INFO] (Minecraft) [STDOUT]: [WG-BULKWB] calls=607 sections_replaced=4856 air_sections_skipped=9712 idlist_hits=0 max_distinct=7 ns/section: build=75666 (incl. readPacket=5963) counts_set=116 ns/call(total)=652202 (per-section ns; compare against per-block setBlockState path)
[21:47:07] [Server thread/INFO] (Minecraft) [STDOUT]: [WG-PERBLOCK] calls=0 ns/call(total)=-1 (旧逐块路径写回分项，与 [WG-BULKWB] ns/call(total) 同仪器)
[21:47:07] [Server thread/INFO] (Minecraft) Stopping server
[21:47:07] [Server thread/INFO] (Minecraft) Saving players
[21:47:07] [Server thread/INFO] (Minecraft) Saving worlds
[21:47:07] [Server thread/INFO] (Minecraft) Saving chunks for level 'ServerLevel[world]'/minecraft:overworld
[21:47:13] [Server thread/INFO] (Minecraft) Saving chunks for level 'ServerLevel[world]'/minecraft:the_end
[21:47:13] [Server thread/INFO] (Minecraft) Saving chunks for level 'ServerLevel[world]'/minecraft:the_nether
[21:47:13] [Server thread/INFO] (Minecraft) ThreadedAnvilChunkStorage (world): All chunks are saved
[21:47:13] [Server thread/INFO] (Minecraft) ThreadedAnvilChunkStorage (DIM1): All chunks are saved
[21:47:13] [Server thread/INFO] (Minecraft) ThreadedAnvilChunkStorage (DIM-1): All chunks are saved
[21:47:13] [Server thread/INFO] (Minecraft) ThreadedAnvilChunkStorage: All dimensions are saved
[21:47:13] [Server thread/INFO] (Minecraft) Thread RCON Listener stopped

BUILD SUCCESSFUL in 1m 19s
6 actionable tasks: 1 executed, 5 up-to-date
