Starting a Gradle Daemon, 14 stopped Daemons could not be reused, use --status for details

> Configure project :
Fabric Loom: 1.10.5

> Configure project :content-test
Fabric Loom: 1.10.5

> Task :compileJava UP-TO-DATE
> Task :processResources UP-TO-DATE
> Task :classes UP-TO-DATE
> Task :generateLog4jConfig UP-TO-DATE
> Task :generateRemapClasspath UP-TO-DATE
> Task :generateDLIConfig UP-TO-DATE
> Task :configureLaunch UP-TO-DATE

> Task :runServer
[21:52:16] [main/INFO] (FabricLoader/GameProvider) Loading Minecraft 1.20.1 with Fabric Loader 0.15.11
[21:52:16] [main/INFO] (FabricLoader) Loading 48 mods:
	- chunky 1.3.146
	- coreswap 1.20.1-1.0.29
	- fabric-api 0.92.0+1.20.1
	- fabric-api-base 0.4.31+1802ada577
	- fabric-api-lookup-api-v1 1.6.36+1802ada577
	- fabric-biome-api-v1 13.0.13+1802ada577
	- fabric-block-api-v1 1.0.11+1802ada577
	- fabric-block-view-api-v2 1.0.1+1802ada577
	- fabric-command-api-v1 1.2.34+f71b366f77
	- fabric-command-api-v2 2.2.13+1802ada577
	- fabric-commands-v0 0.2.51+df3654b377
	- fabric-containers-v0 0.1.64+df3654b377
	- fabric-content-registries-v0 4.0.11+1802ada577
	- fabric-convention-tags-v1 1.5.5+1802ada577
	- fabric-crash-report-info-v1 0.2.19+1802ada577
	- fabric-data-attachment-api-v1 1.0.0+de0fd6d177
	- fabric-data-generation-api-v1 12.3.4+1802ada577
	- fabric-dimensions-v1 2.1.54+1802ada577
	- fabric-entity-events-v1 1.6.0+1c78457f77
	- fabric-events-interaction-v0 0.6.2+1802ada577
	- fabric-events-lifecycle-v0 0.2.63+df3654b377
	- fabric-game-rule-api-v1 1.0.40+1802ada577
	- fabric-gametest-api-v1 1.2.13+1802ada577
	- fabric-item-api-v1 2.1.28+1802ada577
	- fabric-item-group-api-v1 4.0.12+1802ada577
	- fabric-lifecycle-events-v1 2.2.22+1802ada577
	- fabric-loot-api-v2 1.2.1+1802ada577
	- fabric-loot-tables-v1 1.1.45+9e7660c677
	- fabric-message-api-v1 5.1.9+1802ada577
	- fabric-mining-level-api-v1 2.1.50+1802ada577
	- fabric-networking-api-v1 1.3.11+1802ada577
	- fabric-networking-v0 0.3.51+df3654b377
	- fabric-object-builder-api-v1 11.1.3+1802ada577
	- fabric-particles-v1 1.1.2+1802ada577
	- fabric-recipe-api-v1 1.0.21+1802ada577
	- fabric-registry-sync-v0 2.3.3+1802ada577
	- fabric-rendering-data-attachment-v1 0.3.37+92a0d36777
	- fabric-rendering-fluids-v1 3.0.28+1802ada577
	- fabric-resource-conditions-api-v1 2.3.8+1802ada577
	- fabric-resource-loader-v0 0.11.10+1802ada577
	- fabric-screen-handler-api-v1 1.3.30+1802ada577
	- fabric-transfer-api-v1 3.3.4+1802ada577
	- fabric-transitive-access-wideners-v1 4.3.1+1802ada577
	- fabricloader 0.15.11
	- java 17
	- minecraft 1.20.1
	- mixinextras 0.3.5
	- testcontent 1.0.0
[21:52:19] [main/INFO] (FabricLoader/Mixin) SpongePowered MIXIN Subsystem Version=0.8.5 Source=file:/E:/PYTHON/CoreSwap/.gradle-home/caches/modules-2/files-2.1/net.fabricmc/sponge-mixin/0.13.3+mixin.0.8.5/9527e6b0d2449408958fd1302594dc65ec5ade9c/sponge-mixin-0.13.3+mixin.0.8.5.jar Service=Knot/Fabric Env=SERVER
[21:52:19] [main/INFO] (FabricLoader/Mixin) Loaded Fabric development mappings for mixin remapper!
[21:52:19] [main/INFO] (FabricLoader/Mixin) Compatibility level set to JAVA_16
[21:52:19] [main/INFO] (FabricLoader/Mixin) Compatibility level set to JAVA_17
[21:52:20] [main/INFO] (FabricLoader/MixinExtras|Service) Initializing MixinExtras via com.llamalad7.mixinextras.service.MixinExtrasServiceImpl(version=0.3.5).
[21:52:21] [main/WARN] (WmiQueryHandler) COM exception querying Win32_Processor, which might not be on your system. Will not attempt to query it again. Error was -2147217405: (HRESULT: 80041003)
[21:52:21] [main/WARN] (WmiQueryHandler) COM exception querying Win32_Processor, which might not be on your system. Will not attempt to query it again. Error was -2147217405: (HRESULT: 80041003)
[21:52:21] [main/WARN] (WmiQueryHandler) COM exception querying Win32_VideoController, which might not be on your system. Will not attempt to query it again. Error was -2147217405: (HRESULT: 80041003)
[21:52:21] [main/WARN] (WmiQueryHandler) COM exception querying Win32_PhysicalMemory, which might not be on your system. Will not attempt to query it again. Error was -2147217405: (HRESULT: 80041003)
[21:52:29] [main/INFO] (Minecraft) [STDOUT]: [TestContent] registered testcontent:test_brick raw=1003 testcontent:test_lamp raw=1004
[21:52:29] [main/INFO] (Minecraft) Environment: authHost='https://authserver.mojang.com', accountsHost='https://api.mojang.com', sessionHost='https://sessionserver.mojang.com', servicesHost='https://api.minecraftservices.com', name='PROD'
[21:52:31] [main/INFO] (Minecraft) Loaded 7 recipes
[21:52:31] [main/INFO] (Minecraft) Loaded 1271 advancements
[21:52:32] [main/INFO] (BiomeModificationImpl) Applied 0 biome modifications to 0 of 64 new biomes in 2.738 ms
[21:52:32] [Server thread/INFO] (Minecraft) Starting minecraft server version 1.20.1
[21:52:32] [Server thread/INFO] (Minecraft) Loading properties
[21:52:32] [Server thread/INFO] (Minecraft) Default game type: SURVIVAL
[21:52:32] [Server thread/INFO] (Minecraft) Generating keypair
[21:52:32] [Server thread/INFO] (Minecraft) Starting Minecraft server on *:25565
[21:52:32] [Server thread/INFO] (Minecraft) Using default channel type
[21:52:32] [Server thread/INFO] (Minecraft) Preparing level "world"
[21:52:35] [Server thread/INFO] (Minecraft) Preparing start region for dimension minecraft:overworld
[21:52:35] [Worker-Main-15/INFO] (Minecraft) Preparing spawn area: 0%
[21:52:35] [Worker-Main-7/INFO] (Minecraft) Preparing spawn area: 0%
[21:52:36] [Worker-Main-5/INFO] (Minecraft) Preparing spawn area: 0%
[21:52:36] [Worker-Main-4/INFO] (Minecraft) Preparing spawn area: 1%
[21:52:37] [Worker-Main-16/INFO] (Minecraft) Preparing spawn area: 4%
[21:52:37] [Worker-Main-2/INFO] (Minecraft) Preparing spawn area: 10%
[21:52:38] [Worker-Main-17/INFO] (Minecraft) Preparing spawn area: 16%
[21:52:38] [Worker-Main-4/INFO] (Minecraft) Preparing spawn area: 22%
[21:52:39] [Worker-Main-16/INFO] (Minecraft) Preparing spawn area: 29%
[21:52:39] [Worker-Main-21/INFO] (Minecraft) Preparing spawn area: 34%
[21:52:40] [Worker-Main-2/INFO] (Minecraft) Preparing spawn area: 40%
[21:52:40] [Worker-Main-7/INFO] (Minecraft) Preparing spawn area: 45%
[21:52:41] [Worker-Main-15/INFO] (Minecraft) Preparing spawn area: 54%
[21:52:41] [Worker-Main-14/INFO] (Minecraft) Preparing spawn area: 59%
[21:52:42] [Worker-Main-10/INFO] (Minecraft) Preparing spawn area: 66%
[21:52:42] [Worker-Main-18/INFO] (Minecraft) Preparing spawn area: 70%
[21:52:43] [Worker-Main-14/INFO] (Minecraft) Preparing spawn area: 78%
[21:52:43] [Worker-Main-12/INFO] (Minecraft) Preparing spawn area: 84%
[21:52:44] [Worker-Main-14/INFO] (Minecraft) Preparing spawn area: 89%
[21:52:44] [Server thread/INFO] (Minecraft) Time elapsed: 9431 ms
[21:52:44] [Server thread/INFO] (Minecraft) Done (11.937s)! For help, type "help"
[21:52:44] [Server thread/INFO] (Minecraft) Starting remote control listener
[21:52:44] [Server thread/INFO] (Minecraft) Thread RCON Listener started
[21:52:44] [Server thread/INFO] (Minecraft) RCON running on 0.0.0.0:25575
[21:52:44] [Server thread/INFO] (Minecraft) [STDOUT]: [CppBridge] init seed=417950215108767439 worldgenDir=E:\PYTHON\CoreSwap\versions\1.20.1\data\worldgen enabled=true stageMask=3 env.CORESWAP_DEFAULT_BLOCK=null
[21:52:44] [Server thread/INFO] (Minecraft) [STDOUT]: [CppBridge] dll=E:\PYTHON\CoreSwap\.tmp\java-tmp\coreswap-native\worldgen.dll size=2457600 sha256=838e89794a54e19d...
[21:52:45] [Server thread/INFO] (Minecraft) [STDOUT]: [CppBridge] initNether seed=417950215108767439 enabled=true stageMask=3
[21:52:45] [Server thread/INFO] (Minecraft) [STDOUT]: [CppBridge] initEnd seed=417950215108767439 enabled=true stageMask=3
[21:52:45] [Server thread/INFO] (Minecraft) [STDOUT]: [BenchMod] CoreSwap replace mode: C++ worldgen active
[21:52:52] [RCON Listener #1/INFO] (Minecraft) Thread RCON Client /127.0.0.1 started
[21:52:52] [RCON Client /127.0.0.1 #2/INFO] (Minecraft) Thread RCON Client /127.0.0.1 shutting down
[21:52:53] [RCON Listener #1/INFO] (Minecraft) Thread RCON Client /127.0.0.1 started
[21:52:53] [RCON Client /127.0.0.1 #3/INFO] (Minecraft) Thread RCON Client /127.0.0.1 shutting down
[21:52:54] [RCON Listener #1/INFO] (Minecraft) Thread RCON Client /127.0.0.1 started
[21:52:54] [RCON Client /127.0.0.1 #4/INFO] (Minecraft) Thread RCON Client /127.0.0.1 shutting down
[21:52:55] [RCON Listener #1/INFO] (Minecraft) Thread RCON Client /127.0.0.1 started
[21:52:55] [RCON Client /127.0.0.1 #5/INFO] (Minecraft) Thread RCON Client /127.0.0.1 shutting down
[21:52:55] [RCON Listener #1/INFO] (Minecraft) Thread RCON Client /127.0.0.1 started
[21:52:55] [RCON Client /127.0.0.1 #6/INFO] (Minecraft) Thread RCON Client /127.0.0.1 shutting down
[21:52:56] [Worker-Main-17/INFO] (Minecraft) [STDOUT]: [WG-EXEC] mode=own-pool pool=10 queue=128 rejectedPolicy=CallerRuns logical=24 syncfill=false
[21:52:56] [CoreSwap-Fill-10/INFO] (Minecraft) [STDOUT]: [WG-BULKWB] state_ids_size=24137 idlist_bits=15 (bulk section writeback active; ARRAY<=4bit, BI_MAP 5-8bit, ID_LIST=above)
[21:52:56] [CoreSwap-Fill-4/INFO] (Minecraft) [STDOUT]: [WG-CONTENT-WB] chunk(-12,-10) hash=569491d8d5fd7dca dh=3e9a37501881f070 nz=31279
[21:52:56] [CoreSwap-Fill-8/INFO] (Minecraft) [STDOUT]: [WG-CONTENT-WB] chunk(-11,-7) hash=255391cf2cbd370a dh=3cc10532b5c9cc4c nz=29881
[21:52:56] [CoreSwap-Fill-3/INFO] (Minecraft) [STDOUT]: [WG-CONTENT-WB] chunk(-11,-10) hash=5d05dc8f45ac0c52 dh=1a75257145c5d710 nz=32459
[21:52:56] [CoreSwap-Fill-10/INFO] (Minecraft) [STDOUT]: [WG-CONTENT-WB] chunk(-11,-6) hash=63230542bfb346a dh=3d36458953db9fdf nz=32068
[21:52:56] [CoreSwap-Fill-6/INFO] (Minecraft) [STDOUT]: [WG-CONTENT-WB] chunk(-12,-8) hash=95eacc68bfd78708 dh=b3c6983b91effc80 nz=24665
[21:52:56] [CoreSwap-Fill-2/INFO] (Minecraft) [STDOUT]: [WG-CONTENT-WB] chunk(-11,-8) hash=c2dffbdbf84423b4 dh=e57aef7270adaa0f nz=27750
[21:52:56] [CoreSwap-Fill-5/INFO] (Minecraft) [STDOUT]: [WG-CONTENT-WB] chunk(-12,-9) hash=105eabb6ead06f7a dh=3d091a8858b19c7b nz=29228
[21:52:56] [CoreSwap-Fill-1/INFO] (Minecraft) [STDOUT]: [WG-CONTENT-WB] chunk(-11,-9) hash=4010e10dbfa1914e dh=5bfd39b875cdf6fa nz=30049
[21:52:56] [CoreSwap-Fill-7/INFO] (Minecraft) [STDOUT]: [WG-CONTENT-WB] chunk(-12,-7) hash=d1bdf1f38ed8f411 dh=ba174127789f0773 nz=28440
[21:52:56] [CoreSwap-Fill-9/INFO] (Minecraft) [STDOUT]: [WG-CONTENT-WB] chunk(-12,-6) hash=68b4c8662e240385 dh=208287ea38384e8 nz=30909
[21:52:56] [CoreSwap-Fill-10/INFO] (Minecraft) [STDOUT]: [WG-CONTENT-WB] chunk(-12,-3) hash=7b95291aaf21b78a dh=aa8b1196dceca55d nz=28976
[21:52:56] [CoreSwap-Fill-3/INFO] (Minecraft) [STDOUT]: [WG-CONTENT-WB] chunk(-12,-4) hash=655296f04249b4cd dh=29502c7139d81202 nz=30027
[21:52:56] [CoreSwap-Fill-8/INFO] (Minecraft) [STDOUT]: [WG-CONTENT-WB] chunk(-12,-5) hash=a54b401fbba6e48a dh=5cc15b8fea925e2f nz=30864
[21:52:56] [CoreSwap-Fill-4/INFO] (Minecraft) [STDOUT]: [WG-CONTENT-WB] chunk(-11,-5) hash=cb54eabf347a9e16 dh=6d7d7efad58cb3ad nz=31447
[21:52:56] [CoreSwap-Fill-6/INFO] (Minecraft) [STDOUT]: [WG-CONTENT-WB] chunk(-11,-4) hash=407bf24172f95d0e dh=d94f9443454db297 nz=30124
[21:52:56] [CoreSwap-Fill-2/INFO] (Minecraft) [STDOUT]: [WG-CONTENT-WB] chunk(-11,-3) hash=861a08f590cf2c15 dh=3a183c5c5ba03f73 nz=29806
[21:52:56] [CoreSwap-Fill-1/INFO] (Minecraft) [STDOUT]: [WG-CONTENT-WB] chunk(-11,-2) hash=cb8c7fbc5d62635a dh=680b40a90b5931b7 nz=27556
[21:52:56] [CoreSwap-Fill-5/INFO] (Minecraft) [STDOUT]: [WG-CONTENT-WB] chunk(-12,-2) hash=c26a9bb8d53b9c92 dh=fb83a36b5b626548 nz=26995
[21:52:56] [CoreSwap-Fill-9/INFO] (Minecraft) [STDOUT]: [WG-CONTENT-WB] chunk(-10,-9) hash=fe1927eadcfe908b dh=5a193a7971e5557f nz=25460
[21:52:56] [CoreSwap-Fill-7/INFO] (Minecraft) [STDOUT]: [WG-CONTENT-WB] chunk(-10,-10) hash=3b8dba856c3ab158 dh=7cded0919ac08094 nz=30089
[21:52:56] [CoreSwap-Fill-10/INFO] (Minecraft) [STDOUT]: [WG-CONTENT-WB] chunk(-10,-8) hash=97e0fd465ac0e8b6 dh=7041dccac6081588 nz=26955
[21:52:56] [CoreSwap-Fill-3/INFO] (Minecraft) [STDOUT]: [WG-CONTENT-WB] chunk(-10,-7) hash=3f4d263f156acfb4 dh=1a98eaddaec75bb3 nz=29718
[21:52:56] [CoreSwap-Fill-6/INFO] (Minecraft) [STDOUT]: [WG-CONTENT-WB] chunk(-11,-11) hash=4995f7b1fdeb3ed9 dh=bbbecbcda1868cf6 nz=32467
[21:52:56] [CoreSwap-Fill-2/INFO] (Minecraft) [STDOUT]: [WG-CONTENT-WB] chunk(-13,-10) hash=9dcc2a924b210789 dh=9bd5eda7960770e3 nz=31604
[21:52:56] [CoreSwap-Fill-8/INFO] (Minecraft) [STDOUT]: [WG-CONTENT-WB] chunk(-13,-11) hash=4c09d5ce21b8bbc4 dh=aac3a4634c97ea24 nz=31317
[21:52:56] [CoreSwap-Fill-1/INFO] (Minecraft) [STDOUT]: [WG-CONTENT-WB] chunk(-13,-9) hash=84ef6927cf1b1f1a dh=dc6b8823e2c2ae6b nz=29900
[21:52:56] [CoreSwap-Fill-4/INFO] (Minecraft) [STDOUT]: [WG-CONTENT-WB] chunk(-12,-11) hash=53c94f46872bf96 dh=a1796e82594e7df1 nz=31692
[21:52:56] [CoreSwap-Fill-8/INFO] (Minecraft) [STDOUT]: [WG-CONTENT-WB] chunk(-13,-1) hash=cbeb617e91dda9db dh=3d3560742ff4c7c7 nz=21761
[21:52:56] [CoreSwap-Fill-5/INFO] (Minecraft) [STDOUT]: [WG-CONTENT-WB] chunk(-13,-8) hash=fd2da976c698f957 dh=fe8307041f0c09fb nz=28682
[21:52:56] [CoreSwap-Fill-9/INFO] (Minecraft) [STDOUT]: [WG-CONTENT-WB] chunk(-13,-7) hash=a5f8ccf540a34222 dh=2473c6028486d7a7 nz=30370
[21:52:56] [CoreSwap-Fill-1/INFO] (Minecraft) [STDOUT]: [WG-CONTENT-WB] chunk(-12,-1) hash=b15afe180950451c dh=b43398200dfba866 nz=28794
[21:52:56] [CoreSwap-Fill-4/INFO] (Minecraft) [STDOUT]: [WG-CONTENT-WB] chunk(-11,-1) hash=16be6c4d0dd87a04 dh=aaba031434242717 nz=26467
[21:52:56] [CoreSwap-Fill-7/INFO] (Minecraft) [STDOUT]: [WG-CONTENT-WB] chunk(-13,-6) hash=7e82ad247003bb2d dh=89b40f719cd0021d nz=31284
[21:52:56] [CoreSwap-Fill-6/INFO] (Minecraft) [STDOUT]: [WG-CONTENT-WB] chunk(-13,-3) hash=39c32c5b0920add1 dh=80f21226ea3adc48 nz=27475
[21:52:56] [CoreSwap-Fill-2/INFO] (Minecraft) [STDOUT]: [WG-CONTENT-WB] chunk(-13,-2) hash=3f1fee3d4e1f419c dh=986a60614b7e4d3 nz=22385
[21:52:56] [CoreSwap-Fill-10/INFO] (Minecraft) [STDOUT]: [WG-CONTENT-WB] chunk(-13,-5) hash=bdbd7bb69a08702b dh=b454fbb96253051b nz=30681
[21:52:56] [CoreSwap-Fill-3/INFO] (Minecraft) [STDOUT]: [WG-CONTENT-WB] chunk(-13,-4) hash=59296dd2a2409f36 dh=c3d7c32b01ba566e nz=29129
[21:52:56] [CoreSwap-Fill-8/INFO] (Minecraft) [STDOUT]: [WG-CONTENT-WB] chunk(-10,-11) hash=bbd7957c5cbdf57d dh=28fe88023eaec4f4 nz=31853
[21:52:56] [CoreSwap-Fill-1/INFO] (Minecraft) [STDOUT]: [WG-CONTENT-WB] chunk(-10,-4) hash=70106337f457076d dh=c66e3a4b6c0d5387 nz=31474
[21:52:56] [CoreSwap-Fill-6/INFO] (Minecraft) [STDOUT]: [WG-CONTENT-WB] chunk(-10,-1) hash=a663aa3c90411f92 dh=4f96669bbaa146ae nz=24397
[21:52:56] [CoreSwap-Fill-5/INFO] (Minecraft) [STDOUT]: [WG-CONTENT-WB] chunk(-10,-6) hash=88c693ad850b1908 dh=be57c0590f0dde34 nz=32255
[21:52:56] [CoreSwap-Fill-9/INFO] (Minecraft) [STDOUT]: [WG-CONTENT-WB] chunk(-10,-5) hash=a7bbb99261c1958e dh=80e865079bbd3afa nz=32755
[21:52:56] [CoreSwap-Fill-7/INFO] (Minecraft) [STDOUT]: [WG-CONTENT-WB] chunk(-10,-2) hash=f25fa75e007ea256 dh=366b78bc08122cff nz=26784
[21:52:56] [CoreSwap-Fill-4/INFO] (Minecraft) [STDOUT]: [WG-CONTENT-WB] chunk(-10,-3) hash=8329f2344bbee269 dh=d5cafe65a077d3b nz=30202
[21:52:56] [CoreSwap-Fill-10/INFO] (Minecraft) [STDOUT]: [WG-CONTENT-WB] chunk(-9,-10) hash=6fd63a868118cf7b dh=31c8d3373bcfa9a8 nz=22629
[21:52:56] [CoreSwap-Fill-3/INFO] (Minecraft) [STDOUT]: [WG-CONTENT-WB] chunk(-9,-9) hash=f619c974febca8a8 dh=e3e92774cb0bba0e nz=22231
[21:52:56] [CoreSwap-Fill-2/INFO] (Minecraft) [STDOUT]: [WG-CONTENT-WB] chunk(-9,-11) hash=303d3e03634c45f6 dh=4264b11586a354b6 nz=27417
[21:52:56] [CoreSwap-Fill-8/INFO] (Minecraft) [STDOUT]: [WG-CONTENT-WB] chunk(-9,-8) hash=75d66980eac52861 dh=f295708424e1049 nz=23900
[21:52:56] [CoreSwap-Fill-1/INFO] (Minecraft) [STDOUT]: [WG-CONTENT-WB] chunk(-9,-7) hash=aceab68ffc6971d4 dh=fab5c18dba33fe91 nz=27908
[21:52:56] [CoreSwap-Fill-7/INFO] (Minecraft) [STDOUT]: [WG-CONTENT-WB] chunk(-11,-12) hash=e82e972f28cbc82d dh=3d48d651d3b3de89 nz=31394
[21:52:56] [CoreSwap-Fill-5/INFO] (Minecraft) [STDOUT]: [WG-CONTENT-WB] chunk(-13,-12) hash=3fc770b97229585 dh=5ddfbc6fc4c1013f nz=30724
[21:52:56] [CoreSwap-Fill-9/INFO] (Minecraft) [STDOUT]: [WG-CONTENT-WB] chunk(-12,-12) hash=e9373357311b823d dh=4a50befa8c44b45f nz=31514
[21:52:56] [CoreSwap-Fill-6/INFO] (Minecraft) [STDOUT]: [WG-CONTENT-WB] chunk(-9,-6) hash=621676537ed22131 dh=f519c084f41bcba1 nz=30280
[21:52:56] [CoreSwap-Fill-4/INFO] (Minecraft) [STDOUT]: [WG-CONTENT-WB] chunk(-14,-9) hash=6eb08d7630a17276 dh=ed8e6dd0fe0f1576 nz=30755
[21:52:56] [CoreSwap-Fill-10/INFO] (Minecraft) [STDOUT]: [WG-CONTENT-WB] chunk(-14,-8) hash=3b3fc2ed5b42946 dh=b1536fc527e8de0d nz=31626
[21:52:56] [CoreSwap-Fill-3/INFO] (Minecraft) [STDOUT]: [WG-CONTENT-WB] chunk(-14,-7) hash=3eda2bf3f47416ac dh=2f8988546af4bad0 nz=32645
[21:52:56] [CoreSwap-Fill-2/INFO] (Minecraft) [STDOUT]: [WG-CONTENT-WB] chunk(-14,-6) hash=79986e91e649bd13 dh=95b835c052a7ff21 nz=31970
[21:52:56] [CoreSwap-Fill-8/INFO] (Minecraft) [STDOUT]: [WG-CONTENT-WB] chunk(-14,-5) hash=a75815de9da4a0d1 dh=926913365444e60 nz=30221
[21:52:56] [CoreSwap-Fill-1/INFO] (Minecraft) [STDOUT]: [WG-CONTENT-WB] chunk(-14,-4) hash=c4882518793c3735 dh=90c293678fa720e7 nz=27730
[21:52:56] [CoreSwap-Fill-10/INFO] (Minecraft) [STDOUT]: [WG-CONTENT-WB] chunk(-14,-2) hash=976ec5343b6619fe dh=61e938e96d7b611c nz=20201
[21:52:56] [CoreSwap-Fill-6/INFO] (Minecraft) [STDOUT]: [WG-CONTENT-WB] chunk(-14,-1) hash=6ecc1813bd41a639 dh=7733fd78e413a472 nz=18889
[21:52:56] [CoreSwap-Fill-4/INFO] (Minecraft) [STDOUT]: [WG-CONTENT-WB] chunk(-14,-3) hash=5b7a2f8b6566c56d dh=fbbb2a6ed5d9853 nz=24926
[21:52:56] [CoreSwap-Fill-3/INFO] (Minecraft) [STDOUT]: [WG-CONTENT-WB] chunk(-14,0) hash=d67639e683e0493f dh=367732d2b816344a nz=19374
[21:52:56] [CoreSwap-Fill-9/INFO] (Minecraft) [STDOUT]: [WG-CONTENT-WB] chunk(-14,-10) hash=e9bbad3f52a41d13 dh=4084596034323cc1 nz=31140
[21:52:56] [CoreSwap-Fill-5/INFO] (Minecraft) [STDOUT]: [WG-CONTENT-WB] chunk(-14,-11) hash=16646e74fe2a6859 dh=fdfeb0ca7e550fe6 nz=31099
[21:52:56] [CoreSwap-Fill-2/INFO] (Minecraft) [STDOUT]: [WG-CONTENT-WB] chunk(-13,0) hash=b6c9c8967e0d995d dh=7c622f77b0f26986 nz=23715
[21:52:56] [CoreSwap-Fill-7/INFO] (Minecraft) [STDOUT]: [WG-CONTENT-WB] chunk(-14,-12) hash=6ec81118baf13af5 dh=7cdef601f39d90f4 nz=31293
[21:52:56] [CoreSwap-Fill-8/INFO] (Minecraft) [STDOUT]: [WG-CONTENT-WB] chunk(-12,0) hash=30b39ee0b1b14858 dh=8bb84fe6884454b9 nz=26717
[21:52:56] [CoreSwap-Fill-1/INFO] (Minecraft) [STDOUT]: [WG-CONTENT-WB] chunk(-11,0) hash=7eefef937b539932 dh=6db1e3322c69fd4f nz=25476
[21:52:56] [CoreSwap-Fill-10/INFO] (Minecraft) [STDOUT]: [WG-CONTENT-WB] chunk(-10,-12) hash=a9052c214b454acd dh=c2269a30edeef65b nz=27126
[21:52:56] [CoreSwap-Fill-6/INFO] (Minecraft) [STDOUT]: [WG-CONTENT-WB] chunk(-10,0) hash=f73d45ace056c92f dh=f2b36efbbca767ae nz=24212
[21:52:56] [CoreSwap-Fill-4/INFO] (Minecraft) [STDOUT]: [WG-CONTENT-WB] chunk(-9,-12) hash=df0b5f696bcbe802 dh=f931e03c53ad93fc nz=25017
[21:52:56] [CoreSwap-Fill-7/INFO] (Minecraft) [STDOUT]: [WG-CONTENT-WB] chunk(-9,-1) hash=e6dd2892887b1ec6 dh=a399abb3a4dddbd9 nz=22260
[21:52:56] [CoreSwap-Fill-2/INFO] (Minecraft) [STDOUT]: [WG-CONTENT-WB] chunk(-9,-2) hash=3afed5b4f1b46e5d dh=106b563969ada454 nz=24777
[21:52:56] [CoreSwap-Fill-9/INFO] (Minecraft) [STDOUT]: [WG-CONTENT-WB] chunk(-9,-4) hash=24cec787f6ff86bd dh=a5a77d823e6eff8a nz=30679
[21:52:56] [CoreSwap-Fill-5/INFO] (Minecraft) [STDOUT]: [WG-CONTENT-WB] chunk(-9,-3) hash=af4097a50dea4d5c dh=8f138cf2eab656ed nz=31275
[21:52:56] [CoreSwap-Fill-3/INFO] (Minecraft) [STDOUT]: [WG-CONTENT-WB] chunk(-9,-5) hash=8674ca7a113e3680 dh=58de48c2f930f6e3 nz=30233
[21:52:56] [CoreSwap-Fill-8/INFO] (Minecraft) [STDOUT]: [WG-CONTENT-WB] chunk(-9,0) hash=efb60e5df0d808cc dh=e5a472d309a845a9 nz=22981
[21:52:56] [CoreSwap-Fill-1/INFO] (Minecraft) [STDOUT]: [WG-CONTENT-WB] chunk(-8,-12) hash=e7178d3d624329f9 dh=5659872842cbd70c nz=25837
[21:52:56] [CoreSwap-Fill-6/INFO] (Minecraft) [STDOUT]: [WG-CONTENT-WB] chunk(-8,-10) hash=9d5f76468c6f3c27 dh=d4a5ab745ac25355 nz=21702
[21:52:56] [CoreSwap-Fill-4/INFO] (Minecraft) [STDOUT]: [WG-CONTENT-WB] chunk(-8,-9) hash=1cc6f91c22bd88ca dh=98c7fcdaa3237e71 nz=21504
[21:52:56] [CoreSwap-Fill-10/INFO] (Minecraft) [STDOUT]: [WG-CONTENT-WB] chunk(-8,-11) hash=911882237fcc649a dh=10274fb57cc92e97 nz=25216
[21:52:56] [CoreSwap-Fill-7/INFO] (Minecraft) [STDOUT]: [WG-CONTENT-WB] chunk(-8,-8) hash=81675d854c7534b5 dh=8c3b6f64e660cf7a nz=24469
[21:52:56] [CoreSwap-Fill-9/INFO] (Minecraft) [STDOUT]: [WG-CONTENT-WB] chunk(-8,-6) hash=2de4d8b349160e5e dh=d22910c2e23eb31c nz=27937
[21:52:56] [CoreSwap-Fill-2/INFO] (Minecraft) [STDOUT]: [WG-CONTENT-WB] chunk(-8,-7) hash=9c3526f2132ae159 dh=74f71aba6e3988f9 nz=26976
[21:52:56] [CoreSwap-Fill-5/INFO] (Minecraft) [STDOUT]: [WG-CONTENT-WB] chunk(-8,-5) hash=18a938dac2788866 dh=4a9b36195861bbbe nz=27955
[21:52:56] [CoreSwap-Fill-3/INFO] (Minecraft) [STDOUT]: [WG-CONTENT-WB] chunk(-14,-13) hash=91630ae9636a95ac dh=aa06602d692917b8 nz=31663
[21:52:56] [CoreSwap-Fill-8/INFO] (Minecraft) [STDOUT]: [WG-CONTENT-WB] chunk(-13,-13) hash=d2f62e20846b2239 dh=266502700f459407 nz=31148
[21:52:56] [CoreSwap-Fill-4/INFO] (Minecraft) [STDOUT]: [WG-CONTENT-WB] chunk(-15,-11) hash=a710bab9a1f44165 dh=c0e2d2b6e317f4b5 nz=31910
[21:52:56] [CoreSwap-Fill-10/INFO] (Minecraft) [STDOUT]: [WG-CONTENT-WB] chunk(-12,-13) hash=c69577d3dbddb753 dh=b90612a9c66fc65c nz=31329
[21:52:56] [CoreSwap-Fill-1/INFO] (Minecraft) [STDOUT]: [WG-CONTENT-WB] chunk(-15,-13) hash=4522e61c0a0b3b12 dh=57954b767db86724 nz=32059
[21:52:56] [CoreSwap-Fill-6/INFO] (Minecraft) [STDOUT]: [WG-CONTENT-WB] chunk(-15,-12) hash=543a2eba35316208 dh=175b63b1817565d7 nz=32266
[21:52:56] [CoreSwap-Fill-7/INFO] (Minecraft) [STDOUT]: [WG-CONTENT-WB] chunk(-11,-13) hash=b3ec91ac50b3203a dh=c503ebb0f2e6cc8d nz=31350
[21:52:56] [CoreSwap-Fill-2/INFO] (Minecraft) [STDOUT]: [WG-CONTENT-WB] chunk(-15,-9) hash=89bec8173147d5e9 dh=95a15f4fb3b7545b nz=31422
[21:52:56] [CoreSwap-Fill-9/INFO] (Minecraft) [STDOUT]: [WG-CONTENT-WB] chunk(-15,-10) hash=f1ebac96d87a3e3c dh=2107c6a4368aaaee nz=31181
[21:52:56] [CoreSwap-Fill-5/INFO] (Minecraft) [STDOUT]: [WG-CONTENT-WB] chunk(-15,-8) hash=91bb3d3f9a9fc4a1 dh=f120ac856c665ba0 nz=32421
[21:52:56] [CoreSwap-Fill-3/INFO] (Minecraft) [STDOUT]: [WG-CONTENT-WB] chunk(-15,-7) hash=8924efb25a627d56 dh=999e756dc898d215 nz=32498
[21:52:56] [CoreSwap-Fill-8/INFO] (Minecraft) [STDOUT]: [WG-CONTENT-WB] chunk(-15,-6) hash=4e5cda31e09ce8e7 dh=c6237001c1c913f6 nz=32367
[21:52:56] [CoreSwap-Fill-6/INFO] (Minecraft) [STDOUT]: [WG-CONTENT-WB] chunk(-15,-2) hash=ab71ba3f4b830cd3 dh=eed149c755012934 nz=16900
[21:52:56] [CoreSwap-Fill-1/INFO] (Minecraft) [STDOUT]: [WG-CONTENT-WB] chunk(-15,-3) hash=7da0b97b51d03817 dh=735ef5817538097 nz=19763
[21:52:56] [CoreSwap-Fill-10/INFO] (Minecraft) [STDOUT]: [WG-CONTENT-WB] chunk(-15,-4) hash=7a4536ebd7ec3d9d dh=aa66e2f92a4e449c nz=23095
[21:52:56] [CoreSwap-Fill-7/INFO] (Minecraft) [STDOUT]: [WG-CONTENT-WB] chunk(-15,-1) hash=a786190afa96fe9a dh=dd04cf49f2a7e578 nz=17289
[21:52:56] [CoreSwap-Fill-4/INFO] (Minecraft) [STDOUT]: [WG-CONTENT-WB] chunk(-15,-5) hash=7c7363e4df61588b dh=d73aedfefdf1bebf nz=28347
[21:52:56] [CoreSwap-Fill-2/INFO] (Minecraft) [STDOUT]: [WG-CONTENT-WB] chunk(-15,0) hash=98673c3f96367bf3 dh=aaf5fdf513a4aa93 nz=17641
[21:52:56] [CoreSwap-Fill-9/INFO] (Minecraft) [STDOUT]: [WG-CONTENT-WB] chunk(-15,1) hash=1db55f7b52433702 dh=68937c258f864c73 nz=16882
[21:52:56] [CoreSwap-Fill-5/INFO] (Minecraft) [STDOUT]: [WG-CONTENT-WB] chunk(-14,1) hash=738d8e9624d21b50 dh=d92263380cfdaee3 nz=21509
[21:52:56] [CoreSwap-Fill-3/INFO] (Minecraft) [STDOUT]: [WG-CONTENT-WB] chunk(-13,1) hash=980bf9ab151c0c49 dh=e68beefe2960afbb nz=23496
[21:52:56] [CoreSwap-Fill-8/INFO] (Minecraft) [STDOUT]: [WG-CONTENT-WB] chunk(-12,1) hash=ae84e307b384ef15 dh=c77dcf947de52f3f nz=24310
[21:52:56] [CoreSwap-Fill-6/INFO] (Minecraft) [STDOUT]: [WG-CONTENT-WB] chunk(-11,1) hash=5ed87fa39948f465 dh=3ef2b5983c5c55c0 nz=24107
[21:52:56] [CoreSwap-Fill-10/INFO] (Minecraft) [STDOUT]: [WG-CONTENT-WB] chunk(-10,1) hash=529c92eac0216d2b dh=2cafd00cc3bb1f51 nz=23915
[21:52:56] [CoreSwap-Fill-1/INFO] (Minecraft) [STDOUT]: [WG-CONTENT-WB] chunk(-10,-13) hash=3c08208affb1b8da dh=2c0fd4c441495c69 nz=29148
[21:52:56] [CoreSwap-Fill-4/INFO] (Minecraft) [STDOUT]: [WG-CONTENT-WB] chunk(-8,-13) hash=778a6d891b1f9727 dh=43bf71fbbe7c8720 nz=25531
[21:52:56] [CoreSwap-Fill-2/INFO] (Minecraft) [STDOUT]: [WG-CONTENT-WB] chunk(-9,1) hash=48a8c3f1f950c8a1 dh=3c5697c2aa9436e9 nz=23680
[21:52:56] [CoreSwap-Fill-7/INFO] (Minecraft) [STDOUT]: [WG-CONTENT-WB] chunk(-9,-13) hash=d43bef22f358496a dh=a93119ac58a872b3 nz=26190
[21:52:56] [CoreSwap-Fill-9/INFO] (Minecraft) [STDOUT]: [WG-CONTENT-WB] chunk(-8,-4) hash=a2dbd1f25d188fae dh=78b61b8600849b36 nz=28245
[21:52:56] [CoreSwap-Fill-5/INFO] (Minecraft) [STDOUT]: [WG-CONTENT-WB] chunk(-8,-3) hash=9c3841c1aab03af3 dh=94b1fb97a9205fbd nz=31593
[21:52:56] [CoreSwap-Fill-3/INFO] (Minecraft) [STDOUT]: [WG-CONTENT-WB] chunk(-8,-2) hash=107c34aed2edda78 dh=5994e5659dffd0c7 nz=28131
[21:52:56] [CoreSwap-Fill-8/INFO] (Minecraft) [STDOUT]: [WG-CONTENT-WB] chunk(-8,-1) hash=90a14d3a3beca0bc dh=39cb5a902344337a nz=23302
[21:52:56] [CoreSwap-Fill-6/INFO] (Minecraft) [STDOUT]: [WG-CONTENT-WB] chunk(-8,0) hash=1abacce3980331bd dh=7de6922beaf6d3b6 nz=23531
[21:52:56] [CoreSwap-Fill-10/INFO] (Minecraft) [STDOUT]: [WG-CONTENT-WB] chunk(-8,1) hash=191548eefe360625 dh=2ef336537251158a nz=23665
[21:52:56] [CoreSwap-Fill-1/INFO] (Minecraft) [STDOUT]: [WG-CONTENT-WB] chunk(-7,-13) hash=5a884d6fa890a214 dh=943328134d2acd1d nz=28132
[21:52:56] [CoreSwap-Fill-4/INFO] (Minecraft) [STDOUT]: [WG-CONTENT-WB] chunk(-7,-12) hash=8c81f6fe41d2de08 dh=93d16bd83cba7124 nz=24849
[21:52:56] [CoreSwap-Fill-2/INFO] (Minecraft) [STDOUT]: [WG-CONTENT-WB] chunk(-7,-11) hash=bfe006debf5c58b9 dh=3d9ca34270aa0bd4 nz=24807
[21:52:56] [CoreSwap-Fill-9/INFO] (Minecraft) [STDOUT]: [WG-CONTENT-WB] chunk(-7,-9) hash=ef964a0b59b5a9ad dh=ae046d6d251a587f nz=22890
[21:52:56] [CoreSwap-Fill-7/INFO] (Minecraft) [STDOUT]: [WG-CONTENT-WB] chunk(-7,-10) hash=6eec26fc5d40c206 dh=d1da1c0b1d37ce50 nz=24323
[21:52:56] [CoreSwap-Fill-5/INFO] (Minecraft) [STDOUT]: [WG-CONTENT-WB] chunk(-7,-8) hash=a042ef996eccc3c9 dh=e7cd38537d569f0d nz=25358
[21:52:56] [CoreSwap-Fill-3/INFO] (Minecraft) [STDOUT]: [WG-CONTENT-WB] chunk(-7,-7) hash=798af52d439f7f9d dh=bf1fe3a8d977c1c4 nz=29611
[21:52:56] [CoreSwap-Fill-8/INFO] (Minecraft) [STDOUT]: [WG-CONTENT-WB] chunk(-7,-6) hash=74fecef15c3ae254 dh=6939ef314493df43 nz=29038
[21:52:56] [CoreSwap-Fill-6/INFO] (Minecraft) [STDOUT]: [WG-CONTENT-WB] chunk(-7,-5) hash=2a3262ea3a93d471 dh=556f95ea889d9832 nz=27345
[21:52:56] [CoreSwap-Fill-10/INFO] (Minecraft) [STDOUT]: [WG-CONTENT-WB] chunk(-7,-4) hash=5a0406a4ed94ba76 dh=780b6751d7c42a2 nz=28881
[21:52:56] [Server thread/INFO] (Minecraft) [Chunky] Task running for minecraft:the_nether. Processed: 18 chunks (4.08%), ETA: 0:00:02, Rate: 174.8 cps, Current: -10, -8
[21:52:56] [CoreSwap-Fill-7/INFO] (Minecraft) [STDOUT]: [WG-CONTENT-WB] chunk(-6,-8) hash=633a148845a0d7c9 dh=becbfb57ca8f0ed4 nz=23135
[21:52:56] [CoreSwap-Fill-2/INFO] (Minecraft) [STDOUT]: [WG-CONTENT-WB] chunk(-6,-10) hash=d33fc59f6a8aa006 dh=9dae0a7be7a48bbf nz=21328
[21:52:56] [CoreSwap-Fill-4/INFO] (Minecraft) [STDOUT]: [WG-CONTENT-WB] chunk(-7,-2) hash=c4c2680b232dc29f dh=4d69bd1500c3ac28 nz=31381
[21:52:56] [CoreSwap-Fill-9/INFO] (Minecraft) [STDOUT]: [WG-CONTENT-WB] chunk(-6,-9) hash=dedf621fef40ff52 dh=c60c615e15d3a874 nz=21431
[21:52:56] [CoreSwap-Fill-5/INFO] (Minecraft) [STDOUT]: [WG-CONTENT-WB] chunk(-6,-7) hash=111f6a4584b193b0 dh=86e5a1a336ba2966 nz=30635
[21:52:56] [CoreSwap-Fill-3/INFO] (Minecraft) [STDOUT]: [WG-CONTENT-WB] chunk(-6,-6) hash=7a0507a4b73c5ff2 dh=f4c263901e59cbc nz=30691
[21:52:56] [CoreSwap-Fill-1/INFO] (Minecraft) [STDOUT]: [WG-CONTENT-WB] chunk(-7,-3) hash=646190a8e16cd68f dh=95c2cda10041f947 nz=30830
[21:52:56] [CoreSwap-Fill-10/INFO] (Minecraft) [STDOUT]: [WG-CONTENT-WB] chunk(-6,-11) hash=6e0d0321a85e6dad dh=a778b69b917ff550 nz=19761
[21:52:56] [CoreSwap-Fill-8/INFO] (Minecraft) [STDOUT]: [WG-CONTENT-WB] chunk(-6,-5) hash=7cc9fce10de2c3cb dh=4b627a831460c8e2 nz=28225
[21:52:56] [CoreSwap-Fill-6/INFO] (Minecraft) [STDOUT]: [WG-CONTENT-WB] chunk(-7,-1) hash=ca9597b2ee388f6a dh=55de18e8f5b17081 nz=28442
[21:52:56] [CoreSwap-Fill-5/INFO] (Minecraft) [STDOUT]: [WG-CONTENT-WB] chunk(-5,-11) hash=5ff1ef58ed4a3a5a dh=70a2a368972ef655 nz=17660
[21:52:56] [CoreSwap-Fill-1/INFO] (Minecraft) [STDOUT]: [WG-CONTENT-WB] chunk(-5,-9) hash=fdddc705e35e1c81 dh=bd9c66921e2b803 nz=18726
[21:52:56] [CoreSwap-Fill-2/INFO] (Minecraft) [STDOUT]: [WG-CONTENT-WB] chunk(-6,-2) hash=bb47b5570f751dae dh=ccef7000fa702b7a nz=29610
[21:52:56] [CoreSwap-Fill-3/INFO] (Minecraft) [STDOUT]: [WG-CONTENT-WB] chunk(-5,-10) hash=adbd7b929f9e3ea5 dh=7df88ad142205a5 nz=19590
[21:52:56] [CoreSwap-Fill-4/INFO] (Minecraft) [STDOUT]: [WG-CONTENT-WB] chunk(-6,-3) hash=8556c9f575d27d93 dh=290d4919daaab277 nz=29086
[21:52:56] [CoreSwap-Fill-7/INFO] (Minecraft) [STDOUT]: [WG-CONTENT-WB] chunk(-6,-4) hash=32c15f63bba1cb dh=ce5119cc87bb0ee3 nz=28182
[21:52:56] [CoreSwap-Fill-10/INFO] (Minecraft) [STDOUT]: [WG-CONTENT-WB] chunk(-5,-8) hash=91fc0ddd55104b25 dh=d2ddafa6b79442e9 nz=19942
[21:52:56] [CoreSwap-Fill-9/INFO] (Minecraft) [STDOUT]: [WG-CONTENT-WB] chunk(-6,-1) hash=22df65beb58aa17d dh=d79ba875f99cef69 nz=27187
[21:52:56] [CoreSwap-Fill-8/INFO] (Minecraft) [STDOUT]: [WG-CONTENT-WB] chunk(-5,-7) hash=b96b54c8960efad4 dh=266bfc1f6ae89e98 nz=26825
[21:52:56] [CoreSwap-Fill-6/INFO] (Minecraft) [STDOUT]: [WG-CONTENT-WB] chunk(-5,-6) hash=466de907fb14d0e8 dh=a4182b57ca4cece0 nz=29037
[21:52:56] [CoreSwap-Fill-7/INFO] (Minecraft) [STDOUT]: [WG-CONTENT-WB] chunk(-5,-12) hash=17229b57051ae551 dh=ab4163497eb9f4a4 nz=17321
[21:52:56] [CoreSwap-Fill-10/INFO] (Minecraft) [STDOUT]: [WG-CONTENT-WB] chunk(-5,-3) hash=2115b2eac128e2b1 dh=cd36e39cd012b08a nz=27815
[21:52:56] [CoreSwap-Fill-2/INFO] (Minecraft) [STDOUT]: [WG-CONTENT-WB] chunk(-7,0) hash=b1d6260ad2dbc37c dh=30248b47e8bd97e1 nz=27543
[21:52:56] [CoreSwap-Fill-1/INFO] (Minecraft) [STDOUT]: [WG-CONTENT-WB] chunk(-5,-4) hash=1fd452ac1e22c6e6 dh=a9b257501845a949 nz=27688
[21:52:56] [CoreSwap-Fill-3/INFO] (Minecraft) [STDOUT]: [WG-CONTENT-WB] chunk(-6,-12) hash=9ae084129de4cc3e dh=1701da03a0e65fa7 nz=21876
[21:52:56] [CoreSwap-Fill-5/INFO] (Minecraft) [STDOUT]: [WG-CONTENT-WB] chunk(-5,-5) hash=f805f6e855c5948 dh=752f61e5341b7d0b nz=28278
[21:52:56] [CoreSwap-Fill-4/INFO] (Minecraft) [STDOUT]: [WG-CONTENT-WB] chunk(-6,0) hash=b9ff480fafaccec9 dh=ce0d8cd27f44d946 nz=27120
[21:52:56] [CoreSwap-Fill-8/INFO] (Minecraft) [STDOUT]: [WG-CONTENT-WB] chunk(-5,-1) hash=e101b89f9a9d9235 dh=613b50df2aad28b nz=24114
[21:52:56] [CoreSwap-Fill-9/INFO] (Minecraft) [STDOUT]: [WG-CONTENT-WB] chunk(-5,-2) hash=df8bb608cdb34ae4 dh=e3aaea89c17cee59 nz=27096
[21:52:56] [CoreSwap-Fill-6/INFO] (Minecraft) [STDOUT]: [WG-CONTENT-WB] chunk(-5,0) hash=b70763d5ad4310df dh=32755b40cad0899a nz=22459
[21:52:56] [CoreSwap-Fill-7/INFO] (Minecraft) [STDOUT]: [WG-CONTENT-WB] chunk(-4,-11) hash=2b0a077eaedc8351 dh=7f94f33d647c666f nz=21622
[21:52:56] [CoreSwap-Fill-2/INFO] (Minecraft) [STDOUT]: [WG-CONTENT-WB] chunk(-4,-9) hash=83ff8cf3f8271f3e dh=4ac16f4588be06af nz=19898
[21:52:56] [CoreSwap-Fill-10/INFO] (Minecraft) [STDOUT]: [WG-CONTENT-WB] chunk(-4,-10) hash=2ee5907214983636 dh=7804f7d9c8f1d5e1 nz=19684
[21:52:56] [CoreSwap-Fill-1/INFO] (Minecraft) [STDOUT]: [WG-CONTENT-WB] chunk(-4,-12) hash=5733cd949dbc3bf4 dh=9728ce94a438d739 nz=21458
[21:52:56] [CoreSwap-Fill-3/INFO] (Minecraft) [STDOUT]: [WG-CONTENT-WB] chunk(-4,-8) hash=e02c169d200e5e5e dh=168fbe52502efc8c nz=21681
[21:52:56] [CoreSwap-Fill-5/INFO] (Minecraft) [STDOUT]: [WG-CONTENT-WB] chunk(-4,-7) hash=bf212ab5ef434898 dh=6aa5f2f330f717c5 nz=23580
[21:52:56] [CoreSwap-Fill-4/INFO] (Minecraft) [STDOUT]: [WG-CONTENT-WB] chunk(-4,-6) hash=5c32f55d3cf7f5e dh=aa39b165f3799ec8 nz=28755
[21:52:56] [CoreSwap-Fill-6/INFO] (Minecraft) [STDOUT]: [WG-CONTENT-WB] chunk(-4,-3) hash=7b50f93b0a5b616a dh=52e4da83c930c817 nz=28326
[21:52:56] [CoreSwap-Fill-7/INFO] (Minecraft) [STDOUT]: [WG-CONTENT-WB] chunk(-4,-2) hash=23515b7f5ea22e11 dh=4c2c7710aa5a846d nz=25240
[21:52:56] [CoreSwap-Fill-8/INFO] (Minecraft) [STDOUT]: [WG-CONTENT-WB] chunk(-4,-5) hash=780898401a0cc36 dh=4cbb376fb30d6b7f nz=29240
[21:52:56] [CoreSwap-Fill-2/INFO] (Minecraft) [STDOUT]: [WG-CONTENT-WB] chunk(-4,-1) hash=a3aa1ce54480a27d dh=274d8bf280446739 nz=19278
[21:52:56] [CoreSwap-Fill-1/INFO] (Minecraft) [STDOUT]: [WG-CONTENT-WB] chunk(-3,-10) hash=8282fa9f76ac8400 dh=275fffb4b8060b19 nz=26100
[21:52:56] [CoreSwap-Fill-9/INFO] (Minecraft) [STDOUT]: [WG-CONTENT-WB] chunk(-4,-4) hash=2ed1dd4da73c2a4f dh=75faa1f4e48c994f nz=29714
[21:52:56] [CoreSwap-Fill-10/INFO] (Minecraft) [STDOUT]: [WG-CONTENT-WB] chunk(-3,-11) hash=61fe701c0c89ae0e dh=d46be93d2a2e1854 nz=23207
[21:52:56] [CoreSwap-Fill-3/INFO] (Minecraft) [STDOUT]: [WG-CONTENT-WB] chunk(-3,-9) hash=317a3c15dea67417 dh=e5b8ac42116e594f nz=23264
[21:52:56] [CoreSwap-Fill-4/INFO] (Minecraft) [STDOUT]: [WG-CONTENT-WB] chunk(-3,-7) hash=1726ecea61c58ae1 dh=7276ec5e5d00a343 nz=24666
[21:52:56] [CoreSwap-Fill-5/INFO] (Minecraft) [STDOUT]: [WG-CONTENT-WB] chunk(-3,-8) hash=8d27b5877ab20b37 dh=d6415dc620267a53 nz=23808
[21:52:56] [CoreSwap-Fill-6/INFO] (Minecraft) [STDOUT]: [WG-CONTENT-WB] chunk(-3,-6) hash=b37dd9d749d26476 dh=660da2f8df9f281f nz=28914
[21:52:56] [CoreSwap-Fill-9/INFO] (Minecraft) [STDOUT]: [WG-CONTENT-WB] chunk(-3,-1) hash=9ef88e21ebc33ce8 dh=7ae373c421fdedaf nz=22490
[21:52:56] [CoreSwap-Fill-8/INFO] (Minecraft) [STDOUT]: [WG-CONTENT-WB] chunk(-3,-4) hash=db9269c16d00a8c9 dh=b729d737fb77a7f6 nz=31595
[21:52:56] [CoreSwap-Fill-7/INFO] (Minecraft) [STDOUT]: [WG-CONTENT-WB] chunk(-3,-5) hash=1c9ef9a4cb59d457 dh=b744295ebeaca5e6 nz=30915
[21:52:56] [CoreSwap-Fill-2/INFO] (Minecraft) [STDOUT]: [WG-CONTENT-WB] chunk(-3,-3) hash=6e397273d030991a dh=ab3b67e2789b5244 nz=31677
[21:52:56] [CoreSwap-Fill-1/INFO] (Minecraft) [STDOUT]: [WG-CONTENT-WB] chunk(-3,-2) hash=f7ac2ca84ceb2e69 dh=910bb4b7aaa7f74d nz=27842
[21:52:56] [CoreSwap-Fill-3/INFO] (Minecraft) [STDOUT]: [WG-CONTENT-WB] chunk(-2,-10) hash=c2959c6cd1558942 dh=e099f9da9331d699 nz=29474
[21:52:56] [CoreSwap-Fill-4/INFO] (Minecraft) [STDOUT]: [WG-CONTENT-WB] chunk(-4,0) hash=54028aee69c0b0e7 dh=85b2657efb27eaf4 nz=18867
[21:52:56] [CoreSwap-Fill-10/INFO] (Minecraft) [STDOUT]: [WG-CONTENT-WB] chunk(-2,-11) hash=dfbdfb36f32b72af dh=b5ed04180d35934e nz=28303
[21:52:56] [CoreSwap-Fill-5/INFO] (Minecraft) [STDOUT]: [WG-CONTENT-WB] chunk(-3,-12) hash=2961a09029f74ed9 dh=6559d308b6789c6b nz=24310
[21:52:56] [CoreSwap-Fill-6/INFO] (Minecraft) [STDOUT]: [WG-CONTENT-WB] chunk(-3,0) hash=b2b321d887da6b79 dh=4714eca439d4d14d nz=19864
[21:52:56] [CoreSwap-Fill-9/INFO] (Minecraft) [STDOUT]: [WG-CONTENT-WB] chunk(-2,-12) hash=7d742e46de90b207 dh=abe9a998e4415cd8 nz=26783
[21:52:56] [CoreSwap-Fill-8/INFO] (Minecraft) [STDOUT]: [WG-CONTENT-WB] chunk(-2,-6) hash=353feaa386e6ee75 dh=8da6de526fdc656a nz=29925
[21:52:56] [CoreSwap-Fill-10/INFO] (Minecraft) [STDOUT]: [WG-CONTENT-WB] chunk(-2,0) hash=29eed8d2234e222 dh=4f9ef70eaa9292cc nz=21869
[21:52:56] [CoreSwap-Fill-7/INFO] (Minecraft) [STDOUT]: [WG-CONTENT-WB] chunk(-2,-5) hash=2feb25ebac95109e dh=fe585beba0eca7ce nz=31955
[21:52:56] [CoreSwap-Fill-2/INFO] (Minecraft) [STDOUT]: [WG-CONTENT-WB] chunk(-2,-4) hash=17c78a355d201339 dh=c4dc260b0b92056b nz=31598
[21:52:56] [CoreSwap-Fill-1/INFO] (Minecraft) [STDOUT]: [WG-CONTENT-WB] chunk(-2,-3) hash=e9de96339ffef4b1 dh=fe8cc2aaf70a6e7c nz=32117
[21:52:56] [CoreSwap-Fill-3/INFO] (Minecraft) [STDOUT]: [WG-CONTENT-WB] chunk(-2,-1) hash=42e6469a160e71cc dh=96d8c03606429d4c nz=25843
[21:52:56] [CoreSwap-Fill-5/INFO] (Minecraft) [STDOUT]: [WG-CONTENT-WB] chunk(-2,-9) hash=19c52fecfa0e25bd dh=89c6cc3319e175a0 nz=26099
[21:52:56] [CoreSwap-Fill-4/INFO] (Minecraft) [STDOUT]: [WG-CONTENT-WB] chunk(-2,-2) hash=27625954a4351b00 dh=82915fd6f4a9608a nz=29719
[21:52:56] [CoreSwap-Fill-6/INFO] (Minecraft) [STDOUT]: [WG-CONTENT-WB] chunk(-2,-8) hash=1486dd80ce4c840 dh=7fa9c422dd655ebf nz=25372
[21:52:56] [CoreSwap-Fill-9/INFO] (Minecraft) [STDOUT]: [WG-CONTENT-WB] chunk(-2,-7) hash=1952f7584b86dbae dh=2bdac98704053820 nz=27209
[21:52:57] [CoreSwap-Fill-8/INFO] (Minecraft) [STDOUT]: [WG-CONTENT-WB] chunk(-1,-11) hash=b8ec5a8e268c8a87 dh=1c893d2250e705b9 nz=30960
[21:52:57] [CoreSwap-Fill-7/INFO] (Minecraft) [STDOUT]: [WG-CONTENT-WB] chunk(-1,-10) hash=5220d9ca39365775 dh=4b18075196c9f66 nz=29699
[21:52:57] [CoreSwap-Fill-10/INFO] (Minecraft) [STDOUT]: [WG-CONTENT-WB] chunk(-1,-12) hash=4004c8d9a22e0999 dh=1df21abe748dc664 nz=30861
[21:52:57] [CoreSwap-Fill-1/INFO] (Minecraft) [STDOUT]: [WG-CONTENT-WB] chunk(-1,-8) hash=c8d4d9e12aa5ecc4 dh=836f20bcdf6dd072 nz=28003
[21:52:57] [CoreSwap-Fill-5/INFO] (Minecraft) [STDOUT]: [WG-CONTENT-WB] chunk(-1,-6) hash=f7dd083d7279aefa dh=a5b22551010d8832 nz=28545
[21:52:57] [CoreSwap-Fill-2/INFO] (Minecraft) [STDOUT]: [WG-CONTENT-WB] chunk(-1,-9) hash=9890ae7c76b4110c dh=faf2918941b90a38 nz=26541
[21:52:57] [CoreSwap-Fill-3/INFO] (Minecraft) [STDOUT]: [WG-CONTENT-WB] chunk(-1,-7) hash=6ad28289ce016ce7 dh=f11babeb91d4c51c nz=26683
[21:52:57] [CoreSwap-Fill-6/INFO] (Minecraft) [STDOUT]: [WG-CONTENT-WB] chunk(-1,-4) hash=79663ab0dc9f309e dh=b6972e4ae67c308c nz=31807
[21:52:57] [CoreSwap-Fill-4/INFO] (Minecraft) [STDOUT]: [WG-CONTENT-WB] chunk(-1,-5) hash=620002f2d5401de4 dh=abdd9b3f158eed1b nz=31376
[21:52:57] [CoreSwap-Fill-7/INFO] (Minecraft) [STDOUT]: [WG-CONTENT-WB] chunk(-1,-1) hash=9ed4288c6b270fd6 dh=a4751e646dd2227e nz=29357
[21:52:57] [CoreSwap-Fill-9/INFO] (Minecraft) [STDOUT]: [WG-CONTENT-WB] chunk(-1,-3) hash=13e1b37d030e5ad5 dh=617922f21426e4c9 nz=32594
[21:52:57] [CoreSwap-Fill-8/INFO] (Minecraft) [STDOUT]: [WG-CONTENT-WB] chunk(-1,-2) hash=e2df1171fb700e52 dh=caeed432b0293490 nz=31965
[21:52:57] [CoreSwap-Fill-10/INFO] (Minecraft) [STDOUT]: [WG-CONTENT-WB] chunk(-1,0) hash=3179256454a626f4 dh=b36110b8616bdb68 nz=28587
[21:52:57] [CoreSwap-Fill-2/INFO] (Minecraft) [STDOUT]: [WG-CONTENT-WB] chunk(0,-12) hash=11273b8be0cd19a9 dh=7eaef9d9a0b59a9d nz=29266
[21:52:57] [CoreSwap-Fill-6/INFO] (Minecraft) [STDOUT]: [WG-CONTENT-WB] chunk(0,-8) hash=712d400dab38a9be dh=a9abb16c05bd5fcd nz=30022
[21:52:57] [CoreSwap-Fill-5/INFO] (Minecraft) [STDOUT]: [WG-CONTENT-WB] chunk(0,-10) hash=cb79c17419736851 dh=f83360ac0af6dc28 nz=31003
[21:52:57] [CoreSwap-Fill-7/INFO] (Minecraft) [STDOUT]: [WG-CONTENT-WB] chunk(0,-6) hash=7bf7e1f2d6f83ed0 dh=473c9f0a60d3a8e3 nz=27136
[21:52:57] [CoreSwap-Fill-3/INFO] (Minecraft) [STDOUT]: [WG-CONTENT-WB] chunk(0,-9) hash=57729b375faf0a4b dh=ae4b599998da3e59 nz=30220
[21:52:57] [CoreSwap-Fill-1/INFO] (Minecraft) [STDOUT]: [WG-CONTENT-WB] chunk(0,-11) hash=e837936c68b0bda1 dh=2b7ff2b87359ebb9 nz=28964
[21:52:57] [CoreSwap-Fill-9/INFO] (Minecraft) [STDOUT]: [WG-CONTENT-WB] chunk(0,-5) hash=9295b65e87e2e8b dh=310a9fde26ac21ef nz=29144
[21:52:57] [CoreSwap-Fill-4/INFO] (Minecraft) [STDOUT]: [WG-CONTENT-WB] chunk(0,-7) hash=6418c72fcd5ed15a dh=8c36180ee4b536c1 nz=27362
[21:52:57] [CoreSwap-Fill-10/INFO] (Minecraft) [STDOUT]: [WG-CONTENT-WB] chunk(0,-3) hash=71e243dd38cbf1ea dh=b134c4e3cab1beb6 nz=30787
[21:52:57] [CoreSwap-Fill-8/INFO] (Minecraft) [STDOUT]: [WG-CONTENT-WB] chunk(0,-4) hash=ed132ec446d5d2f2 dh=ac26e2f6eccbd3c4 nz=30303
[21:52:57] [CoreSwap-Fill-1/INFO] (Minecraft) [STDOUT]: [WG-CONTENT-WB] chunk(1,-10) hash=d89a6abe34c695f3 dh=2003dfd4792aaf83 nz=24560
[21:52:57] [CoreSwap-Fill-7/INFO] (Minecraft) [STDOUT]: [WG-CONTENT-WB] chunk(1,-12) hash=9c9a4153e1f482bf dh=83f50dc040857bde nz=25217
[21:52:57] [CoreSwap-Fill-2/INFO] (Minecraft) [STDOUT]: [WG-CONTENT-WB] chunk(0,-2) hash=257002b7caff800e dh=edb3afe727c8c3d2 nz=32029
[21:52:57] [CoreSwap-Fill-6/INFO] (Minecraft) [STDOUT]: [WG-CONTENT-WB] chunk(0,0) hash=5cf3efb5126824fc dh=ebabb37d966c7ce7 nz=29072
[21:52:57] [CoreSwap-Fill-5/INFO] (Minecraft) [STDOUT]: [WG-CONTENT-WB] chunk(0,-1) hash=6210a8e5c33f5a46 dh=14c9e1b79003caa8 nz=30725
[21:52:57] [CoreSwap-Fill-3/INFO] (Minecraft) [STDOUT]: [WG-CONTENT-WB] chunk(1,-11) hash=ab78a773b7f1005f dh=aabf390a47fbbeaa nz=26847
[21:52:57] [CoreSwap-Fill-10/INFO] (Minecraft) [STDOUT]: [WG-CONTENT-WB] chunk(1,-7) hash=ef7cc8dc937e7d62 dh=ee7f0a27909e6059 nz=27948
[21:52:57] [CoreSwap-Fill-8/INFO] (Minecraft) [STDOUT]: [WG-CONTENT-WB] chunk(1,-6) hash=7705596960884da7 dh=187dfbb83cac52db nz=28238
[21:52:57] [CoreSwap-Fill-9/INFO] (Minecraft) [STDOUT]: [WG-CONTENT-WB] chunk(1,-9) hash=918794befbaf8def dh=3d5b2ad1cd590558 nz=26275
[21:52:57] [CoreSwap-Fill-4/INFO] (Minecraft) [STDOUT]: [WG-CONTENT-WB] chunk(1,-8) hash=1dbbca8a61659fc8 dh=261962cb4a563c37 nz=28666
[21:52:57] [CoreSwap-Fill-7/INFO] (Minecraft) [STDOUT]: [WG-CONTENT-WB] chunk(-7,1) hash=1d7ff673c55cc83d dh=f2cf8235f791763 nz=26000
[21:52:57] [CoreSwap-Fill-1/INFO] (Minecraft) [STDOUT]: [WG-CONTENT-WB] chunk(1,-5) hash=874f98fe22d7304e dh=822fc139e0b2651c nz=27151
[21:52:57] [CoreSwap-Fill-2/INFO] (Minecraft) [STDOUT]: [WG-CONTENT-WB] chunk(-6,-13) hash=32519a897f1d8772 dh=1f9ed09596d99ab7 nz=24876
[21:52:57] [CoreSwap-Fill-3/INFO] (Minecraft) [STDOUT]: [WG-CONTENT-WB] chunk(-5,1) hash=6c55376e39fce9f7 dh=9f98f1ef06e66ed0 nz=24345
[21:52:57] [CoreSwap-Fill-8/INFO] (Minecraft) [STDOUT]: [WG-CONTENT-WB] chunk(-4,1) hash=ebbbb6b1a6fc9b01 dh=1d113ea14d93f192 nz=20307
[21:52:57] [CoreSwap-Fill-6/INFO] (Minecraft) [STDOUT]: [WG-CONTENT-WB] chunk(-6,1) hash=8bbe41d3edf57004 dh=beeaaad1c0255843 nz=26725
[21:52:57] [CoreSwap-Fill-5/INFO] (Minecraft) [STDOUT]: [WG-CONTENT-WB] chunk(-5,-13) hash=c0281d5513770813 dh=77d664296301d31f nz=19718
[21:52:57] [CoreSwap-Fill-10/INFO] (Minecraft) [STDOUT]: [WG-CONTENT-WB] chunk(-4,-13) hash=7b25302626013ca0 dh=9b1d6b3b91552df6 nz=22219
[21:52:57] [CoreSwap-Fill-9/INFO] (Minecraft) [STDOUT]: [WG-CONTENT-WB] chunk(-3,-13) hash=1390a6215cf73bec dh=9be8efebe3809ad4 nz=26989
[21:52:57] [CoreSwap-Fill-4/INFO] (Minecraft) [STDOUT]: [WG-CONTENT-WB] chunk(-3,1) hash=42e1455d738b86d dh=16fa9b7f781ac7de nz=19673
[21:52:57] [CoreSwap-Fill-7/INFO] (Minecraft) [STDOUT]: [WG-CONTENT-WB] chunk(-2,-13) hash=e6ecb390aac104c1 dh=bdb2c14f41771e9d nz=30012
[21:52:57] [CoreSwap-Fill-1/INFO] (Minecraft) [STDOUT]: [WG-CONTENT-WB] chunk(-2,1) hash=86a0e56154a03e25 dh=6d16102f75e79e8d nz=24530
[21:52:57] [CoreSwap-Fill-9/INFO] (Minecraft) [STDOUT]: [WG-CONTENT-WB] chunk(2,-10) hash=ba18c59c2d989d96 dh=ea69010f0020c8a0 nz=16241
[21:52:57] [CoreSwap-Fill-10/INFO] (Minecraft) [STDOUT]: [WG-CONTENT-WB] chunk(2,-11) hash=99bda7e8abab5496 dh=ca4d55756214ad90 nz=18845
[21:52:57] [CoreSwap-Fill-6/INFO] (Minecraft) [STDOUT]: [WG-CONTENT-WB] chunk(1,-2) hash=a8ee637a8038a626 dh=f975e04ac959be78 nz=28625
[21:52:57] [CoreSwap-Fill-3/INFO] (Minecraft) [STDOUT]: [WG-CONTENT-WB] chunk(1,-4) hash=71c4a504917f3d3d dh=f67fa2235ddc726b nz=28038
[21:52:57] [CoreSwap-Fill-4/INFO] (Minecraft) [STDOUT]: [WG-CONTENT-WB] chunk(2,-9) hash=dc7e0156018b0d75 dh=2d49fe7c9181c38b nz=21966
[21:52:57] [CoreSwap-Fill-7/INFO] (Minecraft) [STDOUT]: [WG-CONTENT-WB] chunk(2,-8) hash=390de54ca78473cd dh=efe22bc6fcf6c358 nz=22361
[21:52:57] [CoreSwap-Fill-2/INFO] (Minecraft) [STDOUT]: [WG-CONTENT-WB] chunk(-1,-13) hash=c8ea1a3241f4859c dh=b79ff41b8a5a2c6 nz=30669
[21:52:57] [CoreSwap-Fill-5/INFO] (Minecraft) [STDOUT]: [WG-CONTENT-WB] chunk(1,-1) hash=fa723737a70bd328 dh=d991df3656dff95a nz=27269
[21:52:57] [CoreSwap-Fill-8/INFO] (Minecraft) [STDOUT]: [WG-CONTENT-WB] chunk(1,-3) hash=a26f03aebc41e0f1 dh=bd2c160295f99546 nz=29475
[21:52:57] [CoreSwap-Fill-1/INFO] (Minecraft) [STDOUT]: [WG-CONTENT-WB] chunk(2,-7) hash=6e229ce6672d095a dh=73140a0e02872e38 nz=25017
[21:52:57] [CoreSwap-Fill-4/INFO] (Minecraft) [STDOUT]: [WG-CONTENT-WB] chunk(2,-12) hash=39b05d0f4ea17364 dh=6b11a170c0f34367 nz=18496
[21:52:57] [CoreSwap-Fill-1/INFO] (Minecraft) [STDOUT]: [WG-CONTENT-WB] chunk(3,-12) hash=3c7ac74637ac2e0e dh=6dc14dc0998d6167 nz=16342
[21:52:57] [CoreSwap-Fill-9/INFO] (Minecraft) [STDOUT]: [WG-CONTENT-WB] chunk(2,-6) hash=227250b22d591c3 dh=b5913e2d97b57fbb nz=27952
[21:52:57] [CoreSwap-Fill-10/INFO] (Minecraft) [STDOUT]: [WG-CONTENT-WB] chunk(2,-5) hash=8585ab8722d3bcb6 dh=d639da96da05afe7 nz=29276
[21:52:57] [CoreSwap-Fill-7/INFO] (Minecraft) [STDOUT]: [WG-CONTENT-WB] chunk(2,-3) hash=7f007a32b6417c9f dh=35e050eb70ab60b6 nz=28851
[21:52:57] [CoreSwap-Fill-2/INFO] (Minecraft) [STDOUT]: [WG-CONTENT-WB] chunk(2,-2) hash=7a61008a96c43121 dh=a687331188ce3b6f nz=27762
[21:52:57] [CoreSwap-Fill-3/INFO] (Minecraft) [STDOUT]: [WG-CONTENT-WB] chunk(1,0) hash=f27e54e482e77a9c dh=8b7e10fae702437f nz=24746
[21:52:57] [CoreSwap-Fill-8/INFO] (Minecraft) [STDOUT]: [WG-CONTENT-WB] chunk(2,0) hash=a00d5e50b2684017 dh=f524ea383946b0b3 nz=24038
[21:52:57] [CoreSwap-Fill-6/INFO] (Minecraft) [STDOUT]: [WG-CONTENT-WB] chunk(2,-4) hash=c88fed318429dc5 dh=e21f5487061d30e2 nz=30503
[21:52:57] [CoreSwap-Fill-5/INFO] (Minecraft) [STDOUT]: [WG-CONTENT-WB] chunk(2,-1) hash=551f88cab245ea59 dh=37ca3b9667d2cbfd nz=27524
[21:52:57] [CoreSwap-Fill-4/INFO] (Minecraft) [STDOUT]: [WG-CONTENT-WB] chunk(3,-11) hash=4b3faa6cb8e6cb4e dh=d50129b39507bebb nz=19328
[21:52:57] [CoreSwap-Fill-1/INFO] (Minecraft) [STDOUT]: [WG-CONTENT-WB] chunk(3,-10) hash=75734d6c7fec4116 dh=5c2b3fa4dd60f528 nz=17255
[21:52:57] [CoreSwap-Fill-9/INFO] (Minecraft) [STDOUT]: [WG-CONTENT-WB] chunk(3,-9) hash=d31c147cb0ae8aeb dh=aed503d887112362 nz=17655
[21:52:57] [CoreSwap-Fill-7/INFO] (Minecraft) [STDOUT]: [WG-CONTENT-WB] chunk(3,-7) hash=e36651a290b93c8c dh=29c8bd15f9e3bf72 nz=22273
[21:52:57] [CoreSwap-Fill-2/INFO] (Minecraft) [STDOUT]: [WG-CONTENT-WB] chunk(3,-6) hash=dbca5ac79e02623b dh=c22bf0a578c5bc2 nz=23609
[21:52:57] [CoreSwap-Fill-10/INFO] (Minecraft) [STDOUT]: [WG-CONTENT-WB] chunk(3,-8) hash=ab0e635e7ea9567e dh=e6febece1fde7c5b nz=22966
[21:52:57] [CoreSwap-Fill-3/INFO] (Minecraft) [STDOUT]: [WG-CONTENT-WB] chunk(3,-5) hash=a90633ee52a6a896 dh=75a7cb47574428de nz=26329
[21:52:57] [CoreSwap-Fill-8/INFO] (Minecraft) [STDOUT]: [WG-CONTENT-WB] chunk(3,-4) hash=8632d5fec8f55e25 dh=267adb94cc42317e nz=28393
[21:52:57] [CoreSwap-Fill-6/INFO] (Minecraft) [STDOUT]: [WG-CONTENT-WB] chunk(3,-3) hash=ead30062bbda3562 dh=ea41de91932c6ab3 nz=30522
[21:52:57] [CoreSwap-Fill-5/INFO] (Minecraft) [STDOUT]: [WG-CONTENT-WB] chunk(-1,1) hash=a9fad570debc526 dh=7b1dd5c684c48247 nz=27612
[21:52:57] [CoreSwap-Fill-3/INFO] (Minecraft) [STDOUT]: [WG-CONTENT-WB] chunk(3,-13) hash=91c6a9ac16f51e6f dh=400f88ba8580220 nz=16349
[21:52:57] [CoreSwap-Fill-9/INFO] (Minecraft) [STDOUT]: [WG-CONTENT-WB] chunk(1,-13) hash=bcc7ec0564856d7e dh=f84196515e1e2d3 nz=25344
[21:52:57] [CoreSwap-Fill-4/INFO] (Minecraft) [STDOUT]: [WG-CONTENT-WB] chunk(0,-13) hash=55519e0bbff6e871 dh=a4a6fd4f8a05b299 nz=28796
[21:52:57] [CoreSwap-Fill-2/INFO] (Minecraft) [STDOUT]: [WG-CONTENT-WB] chunk(2,-13) hash=39ada51381b97c7b dh=813c2918c5074e94 nz=20399
[21:52:57] [CoreSwap-Fill-7/INFO] (Minecraft) [STDOUT]: [WG-CONTENT-WB] chunk(1,1) hash=d81d81ce3e1a40d3 dh=2bbd5a85eef947b0 nz=23009
[21:52:57] [CoreSwap-Fill-1/INFO] (Minecraft) [STDOUT]: [WG-CONTENT-WB] chunk(0,1) hash=98d241405160f710 dh=d0cccafd7631a6af nz=27470
[21:52:57] [CoreSwap-Fill-10/INFO] (Minecraft) [STDOUT]: [WG-CONTENT-WB] chunk(2,1) hash=4c1f21c7acc6b5d dh=337702efba50924b nz=26556
[21:52:57] [CoreSwap-Fill-8/INFO] (Minecraft) [STDOUT]: [WG-CONTENT-WB] chunk(3,-2) hash=d5b83133c8a82243 dh=cc0b708ebf8ca7ca nz=28973
[21:52:57] [CoreSwap-Fill-5/INFO] (Minecraft) [STDOUT]: [WG-CONTENT-WB] chunk(3,0) hash=72a4fb43a478af6b dh=1b6af444444c6e1c nz=27325
[21:52:57] [CoreSwap-Fill-6/INFO] (Minecraft) [STDOUT]: [WG-CONTENT-WB] chunk(3,-1) hash=1071a4e275b05d69 dh=591f251fd5ec0660 nz=29279
[21:52:57] [CoreSwap-Fill-3/INFO] (Minecraft) [STDOUT]: [WG-CONTENT-WB] chunk(3,1) hash=8f4ca6483f8b8087 dh=d4b111f29cce660a nz=26121
[21:52:57] [CoreSwap-Fill-9/INFO] (Minecraft) [STDOUT]: [WG-CONTENT-WB] chunk(4,-12) hash=573538d898969fdd dh=9cf42d9e13ed32a3 nz=14848
[21:52:57] [CoreSwap-Fill-4/INFO] (Minecraft) [STDOUT]: [WG-CONTENT-WB] chunk(4,-13) hash=9d9b2f560b8daa88 dh=9245cf356cae90af nz=14802
[21:52:57] [CoreSwap-Fill-2/INFO] (Minecraft) [STDOUT]: [WG-CONTENT-WB] chunk(4,-11) hash=12124e38aecd63b2 dh=f4008b84f4b27d8d nz=15660
[21:52:57] [CoreSwap-Fill-7/INFO] (Minecraft) [STDOUT]: [WG-CONTENT-WB] chunk(4,-10) hash=fa919fa0ff792b6f dh=d76bb2e29c876c91 nz=16826
[21:52:57] [CoreSwap-Fill-1/INFO] (Minecraft) [STDOUT]: [WG-CONTENT-WB] chunk(4,-9) hash=f30af96784d5a852 dh=c29f37c3a06d83d2 nz=16651
[21:52:57] [CoreSwap-Fill-10/INFO] (Minecraft) [STDOUT]: [WG-CONTENT-WB] chunk(4,-8) hash=bafd75759c2d44d dh=55f5b0936bce181 nz=18650
[21:52:57] [CoreSwap-Fill-5/INFO] (Minecraft) [STDOUT]: [WG-CONTENT-WB] chunk(4,-6) hash=835ea315842d98f7 dh=619f92c7d746c4cb nz=19128
[21:52:57] [CoreSwap-Fill-8/INFO] (Minecraft) [STDOUT]: [WG-CONTENT-WB] chunk(4,-7) hash=cb9eb79b12e23947 dh=e6ed29272b6f68c6 nz=19625
[21:52:57] [CoreSwap-Fill-6/INFO] (Minecraft) [STDOUT]: [WG-CONTENT-WB] chunk(4,-5) hash=79f24a2e5018ac1a dh=441adc1d7c2a90e2 nz=20191
[21:52:57] [CoreSwap-Fill-3/INFO] (Minecraft) [STDOUT]: [WG-CONTENT-WB] chunk(4,-4) hash=9077bdbe407897c1 dh=e83537eeb0478993 nz=21416
[21:52:57] [CoreSwap-Fill-4/INFO] (Minecraft) [STDOUT]: [WG-CONTENT-WB] chunk(5,-10) hash=f1c37f848169481e dh=ac09b437f33ad63b nz=18010
[21:52:57] [CoreSwap-Fill-1/INFO] (Minecraft) [STDOUT]: [WG-CONTENT-WB] chunk(5,-8) hash=c2c1faf87b791a2 dh=affcf28ae535be14 nz=16869
[21:52:57] [CoreSwap-Fill-10/INFO] (Minecraft) [STDOUT]: [WG-CONTENT-WB] chunk(5,-7) hash=659659c4bd01e7ae dh=6d7aa7fcd7ef7dc9 nz=15456
[21:52:57] [CoreSwap-Fill-7/INFO] (Minecraft) [STDOUT]: [WG-CONTENT-WB] chunk(5,-9) hash=30279f3e0e4d1d6f dh=411c5261bf902993 nz=19666
[21:52:57] [CoreSwap-Fill-9/INFO] (Minecraft) [STDOUT]: [WG-CONTENT-WB] chunk(4,-3) hash=d088aeee24d7ea2d dh=101936f9c3a00234 nz=27351
[21:52:57] [CoreSwap-Fill-8/INFO] (Minecraft) [STDOUT]: [WG-CONTENT-WB] chunk(5,-11) hash=90141619d6db90c4 dh=71698b7f3d512128 nz=15923
[21:52:57] [CoreSwap-Fill-2/INFO] (Minecraft) [STDOUT]: [WG-CONTENT-WB] chunk(4,-2) hash=ecc507b672f08bf3 dh=c5cf2849c6ec8b1e nz=26703
[21:52:57] [CoreSwap-Fill-3/INFO] (Minecraft) [STDOUT]: [WG-CONTENT-WB] chunk(5,-6) hash=ba628840fc6af973 dh=82506eb0317ebe58 nz=15035
[21:52:57] [CoreSwap-Fill-6/INFO] (Minecraft) [STDOUT]: [WG-CONTENT-WB] chunk(5,-5) hash=cbe20509aeb9a1d9 dh=7784f8f77cb86b9 nz=16848
[21:52:57] [CoreSwap-Fill-5/INFO] (Minecraft) [STDOUT]: [WG-CONTENT-WB] chunk(4,-1) hash=e4869d6d6f4ee681 dh=a39239fc6fe3da20 nz=25819
[21:52:57] [CoreSwap-Fill-4/INFO] (Minecraft) [STDOUT]: [WG-CONTENT-WB] chunk(5,-4) hash=8bdb7a676111bf03 dh=4bdaec7d027a6c0b nz=19200
[21:52:57] [CoreSwap-Fill-9/INFO] (Minecraft) [STDOUT]: [WG-CONTENT-WB] chunk(6,-10) hash=7aea594cdf3c8b0 dh=11fa91a395ac1c21 nz=16992
[21:52:57] [CoreSwap-Fill-3/INFO] (Minecraft) [STDOUT]: [WG-CONTENT-WB] chunk(6,-8) hash=b426e98bf358070e dh=e750d7c19e8f92e7 nz=17930
[21:52:57] [CoreSwap-Fill-6/INFO] (Minecraft) [STDOUT]: [WG-CONTENT-WB] chunk(6,-7) hash=75c2ef8ca56df8f2 dh=2dffdba6b0b79488 nz=15977
[21:52:57] [CoreSwap-Fill-1/INFO] (Minecraft) [STDOUT]: [WG-CONTENT-WB] chunk(5,-3) hash=dba29527a2682296 dh=12562574a38ced86 nz=23609
[21:52:57] [CoreSwap-Fill-8/INFO] (Minecraft) [STDOUT]: [WG-CONTENT-WB] chunk(6,-11) hash=3e9993c32dcc13a9 dh=bb7cb4c4a15074cd nz=16516
[21:52:57] [CoreSwap-Fill-2/INFO] (Minecraft) [STDOUT]: [WG-CONTENT-WB] chunk(6,-9) hash=87a9f15385837c03 dh=4a17dbc69e86c912 nz=20179
[21:52:57] [CoreSwap-Fill-7/INFO] (Minecraft) [STDOUT]: [WG-CONTENT-WB] chunk(5,-1) hash=feced6808915d35 dh=5a54cb8b4fa1612d nz=24620
[21:52:57] [CoreSwap-Fill-10/INFO] (Minecraft) [STDOUT]: [WG-CONTENT-WB] chunk(5,-2) hash=4536e6970a21d876 dh=1bd31b163a3569c nz=25947
[21:52:57] [CoreSwap-Fill-5/INFO] (Minecraft) [STDOUT]: [WG-CONTENT-WB] chunk(6,-6) hash=c02d1467508f2fec dh=43b7d3c7643708fe nz=17393
[21:52:57] [CoreSwap-Fill-9/INFO] (Minecraft) [STDOUT]: [WG-CONTENT-WB] chunk(5,-12) hash=b8c5c683541af02b dh=fb9ab62ad868db94 nz=14619
[21:52:57] [CoreSwap-Fill-4/INFO] (Minecraft) [STDOUT]: [WG-CONTENT-WB] chunk(4,0) hash=408ad041ad30f452 dh=a774ae29ef8e6714 nz=25595
[21:52:57] [CoreSwap-Fill-3/INFO] (Minecraft) [STDOUT]: [WG-CONTENT-WB] chunk(5,0) hash=284821966823da34 dh=d6c58fa298d31ffe nz=25995
[21:52:57] [CoreSwap-Fill-6/INFO] (Minecraft) [STDOUT]: [WG-CONTENT-WB] chunk(6,-12) hash=f3daac311f45c6c0 dh=bc0a00071cce9729 nz=16154
[21:52:57] [CoreSwap-Fill-1/INFO] (Minecraft) [STDOUT]: [WG-CONTENT-WB] chunk(6,-5) hash=3235817e4b67ec10 dh=138176ffd8d71ee4 nz=17703
[21:52:57] [CoreSwap-Fill-8/INFO] (Minecraft) [STDOUT]: [WG-CONTENT-WB] chunk(6,-4) hash=fb357578df61fd67 dh=9b7c4eca2e707f48 nz=23293
[21:52:57] [CoreSwap-Fill-9/INFO] (Minecraft) [STDOUT]: [WG-CONTENT-WB] chunk(7,-10) hash=4b7a9f2cac434534 dh=68c6d5d19862d59c nz=16637
[21:52:57] [CoreSwap-Fill-7/INFO] (Minecraft) [STDOUT]: [WG-CONTENT-WB] chunk(6,-2) hash=455ad01a12c5425b dh=7ee71d9d68855a33 nz=26826
[21:52:57] [CoreSwap-Fill-2/INFO] (Minecraft) [STDOUT]: [WG-CONTENT-WB] chunk(6,-3) hash=80cad8a157551bb4 dh=a336cb30fe159113 nz=27390
[21:52:57] [CoreSwap-Fill-4/INFO] (Minecraft) [STDOUT]: [WG-CONTENT-WB] chunk(7,-12) hash=ce304c33c7093bcc dh=40df80a9fe0a9757 nz=16588
[21:52:57] [CoreSwap-Fill-10/INFO] (Minecraft) [STDOUT]: [WG-CONTENT-WB] chunk(6,-1) hash=7a053887418c74b0 dh=857aae701951cc7 nz=26202
[21:52:57] [CoreSwap-Fill-3/INFO] (Minecraft) [STDOUT]: [WG-CONTENT-WB] chunk(7,-11) hash=17f78fb141de430c dh=8631a4d25d53e216 nz=17019
[21:52:57] [CoreSwap-Fill-6/INFO] (Minecraft) [STDOUT]: [WG-CONTENT-WB] chunk(7,-9) hash=83474fbdf27f3b9c dh=aec5a26e7d060bc5 nz=17676
[21:52:57] [CoreSwap-Fill-5/INFO] (Minecraft) [STDOUT]: [WG-CONTENT-WB] chunk(6,0) hash=beaca2a8b94345e2 dh=9a27db7137ed248 nz=25687
[21:52:57] [CoreSwap-Fill-1/INFO] (Minecraft) [STDOUT]: [WG-CONTENT-WB] chunk(7,-8) hash=726d1d24233e61f7 dh=2c0f09cc3df023eb nz=16284
[21:52:57] [CoreSwap-Fill-8/INFO] (Minecraft) [STDOUT]: [WG-CONTENT-WB] chunk(7,-7) hash=a7d3a4a0045348b7 dh=991f27123ca3286b nz=15934
[21:52:57] [CoreSwap-Fill-9/INFO] (Minecraft) [STDOUT]: [WG-CONTENT-WB] chunk(7,-6) hash=1beeb4d2adb10e5b dh=7e96437828eaa739 nz=16272
[21:52:57] [CoreSwap-Fill-7/INFO] (Minecraft) [STDOUT]: [WG-CONTENT-WB] chunk(7,-5) hash=ec581d2eabae0272 dh=3b18aa402169face nz=19005
[21:52:57] [CoreSwap-Fill-2/INFO] (Minecraft) [STDOUT]: [WG-CONTENT-WB] chunk(7,-4) hash=6acb99957aea6659 dh=cf59a13ac11b0bb8 nz=23949
[21:52:57] [CoreSwap-Fill-10/INFO] (Minecraft) [STDOUT]: [WG-CONTENT-WB] chunk(7,-2) hash=2294684eef20c5b3 dh=51fd82ed7906e547 nz=27932
[21:52:57] [CoreSwap-Fill-4/INFO] (Minecraft) [STDOUT]: [WG-CONTENT-WB] chunk(7,-3) hash=814caf73becf56ef dh=ad530eec9c123e29 nz=27832
[21:52:57] [CoreSwap-Fill-3/INFO] (Minecraft) [STDOUT]: [WG-CONTENT-WB] chunk(7,-1) hash=5f7659b1b74d3ba1 dh=a29fdd29cfc5599d nz=29436
[21:52:57] [CoreSwap-Fill-5/INFO] (Minecraft) [STDOUT]: [WG-CONTENT-WB] chunk(4,1) hash=7998285fc905b9c9 dh=56b379a0f77d373f nz=23104
[21:52:57] [CoreSwap-Fill-1/INFO] (Minecraft) [STDOUT]: [WG-CONTENT-WB] chunk(5,-13) hash=d3ec901184923fd2 dh=d7aaf4bf5c9ac4d3 nz=15436
[21:52:57] [CoreSwap-Fill-6/INFO] (Minecraft) [STDOUT]: [WG-CONTENT-WB] chunk(7,0) hash=159741c8c7ef7bea dh=55758c6ca4a38a61 nz=27672
[21:52:57] [CoreSwap-Fill-9/INFO] (Minecraft) [STDOUT]: [WG-CONTENT-WB] chunk(6,-13) hash=24e8fdd45e4e59b2 dh=c2c1c5ce84474607 nz=14942
[21:52:57] [CoreSwap-Fill-8/INFO] (Minecraft) [STDOUT]: [WG-CONTENT-WB] chunk(5,1) hash=7cec77c986ed8b2e dh=510107403b837c95 nz=24470
[21:52:57] [CoreSwap-Fill-2/INFO] (Minecraft) [STDOUT]: [WG-CONTENT-WB] chunk(7,-13) hash=9ad146fd93a34460 dh=25f374ed5cbcb2f1 nz=16580
[21:52:57] [CoreSwap-Fill-7/INFO] (Minecraft) [STDOUT]: [WG-CONTENT-WB] chunk(6,1) hash=2674ee56d98cf936 dh=c22a47fc66ea292f nz=25648
[21:52:57] [CoreSwap-Fill-4/INFO] (Minecraft) [STDOUT]: [WG-CONTENT-WB] chunk(8,-13) hash=65ee80e8230d4388 dh=c51c3aa6d1ff9d81 nz=18640
[21:52:57] [CoreSwap-Fill-5/INFO] (Minecraft) [STDOUT]: [WG-CONTENT-WB] chunk(8,-11) hash=391cf344b477775d dh=7f1196fbfc4ac680 nz=16191
[21:52:57] [CoreSwap-Fill-3/INFO] (Minecraft) [STDOUT]: [WG-CONTENT-WB] chunk(8,-12) hash=2af75b28c215b7cd dh=54d7934e9f4dbc89 nz=16728
[21:52:57] [CoreSwap-Fill-6/INFO] (Minecraft) [STDOUT]: [WG-CONTENT-WB] chunk(8,-9) hash=93944ec753f464d2 dh=89981aec870a43d8 nz=14687
[21:52:57] [CoreSwap-Fill-1/INFO] (Minecraft) [STDOUT]: [WG-CONTENT-WB] chunk(8,-10) hash=b8f21386271c0b93 dh=28679e233cad5d98 nz=16889
[21:52:57] [CoreSwap-Fill-10/INFO] (Minecraft) [STDOUT]: [WG-CONTENT-WB] chunk(7,1) hash=f366acaaee65560 dh=c7d50dbcbff8a98d nz=28252
[21:52:57] [CoreSwap-Fill-9/INFO] (Minecraft) [STDOUT]: [WG-CONTENT-WB] chunk(8,-8) hash=45062a72954910e0 dh=3820deee6633f5f6 nz=14947
[21:52:57] [CoreSwap-Fill-2/INFO] (Minecraft) [STDOUT]: [WG-CONTENT-WB] chunk(8,-6) hash=e919c0f58838baaa dh=1eebcccc61e370c8 nz=13499
[21:52:57] [CoreSwap-Fill-8/INFO] (Minecraft) [STDOUT]: [WG-CONTENT-WB] chunk(8,-7) hash=386d457cde6fbc39 dh=4b6cb982dd8a415 nz=14654
[21:52:57] [CoreSwap-Fill-7/INFO] (Minecraft) [STDOUT]: [WG-CONTENT-WB] chunk(8,-5) hash=f678a0d70fadd95d dh=33defd16865821a5 nz=18992
[21:52:57] [CoreSwap-Fill-4/INFO] (Minecraft) [STDOUT]: [WG-CONTENT-WB] chunk(8,-4) hash=48cd6bd5b8d59b3a dh=728dd9310199aa93 nz=23250
[21:52:57] [CoreSwap-Fill-5/INFO] (Minecraft) [STDOUT]: [WG-CONTENT-WB] chunk(8,-3) hash=dd975f348c8cd1d5 dh=56a51452c726662a nz=28187
[21:52:57] [CoreSwap-Fill-3/INFO] (Minecraft) [STDOUT]: [WG-CONTENT-WB] chunk(8,-2) hash=47e981b347266320 dh=28c86889d129dc63 nz=28632
[21:52:57] [CoreSwap-Fill-6/INFO] (Minecraft) [STDOUT]: [WG-CONTENT-WB] chunk(8,-1) hash=79fcd874bfd4c638 dh=bd3201585add63ac nz=29851
[21:52:57] [CoreSwap-Fill-1/INFO] (Minecraft) [STDOUT]: [WG-CONTENT-WB] chunk(8,0) hash=a81888dec5f406fd dh=e8572c1e4a9d1434 nz=30417
[21:52:57] [CoreSwap-Fill-10/INFO] (Minecraft) [STDOUT]: [WG-CONTENT-WB] chunk(8,1) hash=3bfca8cddab499f0 dh=c4672e82ead4ea3 nz=29738
[21:52:58] [CoreSwap-Fill-9/INFO] (Minecraft) [STDOUT]: [WG-CONTENT-WB] chunk(-12,2) hash=d6bc1e5bb259dfe7 dh=66b04601a19e7c07 nz=21853
[21:52:58] [CoreSwap-Fill-3/INFO] (Minecraft) [STDOUT]: [WG-CONTENT-WB] chunk(-12,8) hash=c901228684e264c2 dh=ed66dc846ef273fc nz=15675
[21:52:58] [CoreSwap-Fill-8/INFO] (Minecraft) [STDOUT]: [WG-CONTENT-WB] chunk(-12,4) hash=f94336bcf7c3f7b3 dh=c4119b87144af054 nz=25424
[21:52:58] [CoreSwap-Fill-2/INFO] (Minecraft) [STDOUT]: [WG-CONTENT-WB] chunk(-12,3) hash=ab20f50d867b7beb dh=dcf916f149e77bfb nz=23579
[21:52:58] [CoreSwap-Fill-5/INFO] (Minecraft) [STDOUT]: [WG-CONTENT-WB] chunk(-12,7) hash=970e3cda16f43f7 dh=b8c227b147165876 nz=18098
[21:52:58] [CoreSwap-Fill-7/INFO] (Minecraft) [STDOUT]: [WG-CONTENT-WB] chunk(-12,5) hash=ca74639d5ec405e dh=5ce1bacdf067781d nz=26208
[21:52:58] [CoreSwap-Fill-4/INFO] (Minecraft) [STDOUT]: [WG-CONTENT-WB] chunk(-12,6) hash=e224d00857bd2162 dh=cd521ddd05bd4c90 nz=24307
[21:52:58] [CoreSwap-Fill-6/INFO] (Minecraft) [STDOUT]: [WG-CONTENT-WB] chunk(-11,2) hash=24fb9ca3c29cdf55 dh=199ff34b92703ff2 nz=23891
[21:52:58] [CoreSwap-Fill-1/INFO] (Minecraft) [STDOUT]: [WG-CONTENT-WB] chunk(-11,3) hash=4a5207d1c44b690b dh=e0fad65961a2b9ea nz=24094
[21:52:58] [CoreSwap-Fill-10/INFO] (Minecraft) [STDOUT]: [WG-CONTENT-WB] chunk(-11,4) hash=2bfc35ceef814396 dh=d144ad3529965147 nz=26088
[21:52:58] [CoreSwap-Fill-3/INFO] (Minecraft) [STDOUT]: [WG-CONTENT-WB] chunk(-11,6) hash=4cdd3b0960d4e051 dh=e387f82f4d29f78d nz=26174
[21:52:58] [CoreSwap-Fill-9/INFO] (Minecraft) [STDOUT]: [WG-CONTENT-WB] chunk(-11,5) hash=c9e9a22bc22282c3 dh=a8ba3d742eae11c8 nz=27242
[21:52:58] [CoreSwap-Fill-8/INFO] (Minecraft) [STDOUT]: [WG-CONTENT-WB] chunk(-11,7) hash=c50b6e47e871db40 dh=72ec8521fb46501b nz=22588
[21:52:58] [CoreSwap-Fill-2/INFO] (Minecraft) [STDOUT]: [WG-CONTENT-WB] chunk(-13,2) hash=9d59aec22f3bd521 dh=cc35103b87efc98a nz=24065
[21:52:58] [CoreSwap-Fill-5/INFO] (Minecraft) [STDOUT]: [WG-CONTENT-WB] chunk(-13,3) hash=c904623bdb44e39d dh=91eb20b17aa677a0 nz=24817
[21:52:58] [CoreSwap-Fill-7/INFO] (Minecraft) [STDOUT]: [WG-CONTENT-WB] chunk(-13,4) hash=3858689238a9acaa dh=c45e0d72dbb32c8f nz=25622
[21:52:58] [CoreSwap-Fill-4/INFO] (Minecraft) [STDOUT]: [WG-CONTENT-WB] chunk(-13,5) hash=aafcce2868a17b35 dh=5815f98349363751 nz=27262
[21:52:58] [CoreSwap-Fill-1/INFO] (Minecraft) [STDOUT]: [WG-CONTENT-WB] chunk(-13,7) hash=6a5668352ae380e5 dh=e2b2fb4689650be3 nz=19827
[21:52:58] [CoreSwap-Fill-6/INFO] (Minecraft) [STDOUT]: [WG-CONTENT-WB] chunk(-13,6) hash=321cb181fb8d7032 dh=2fe4d460d4a374ba nz=24228
[21:52:58] [CoreSwap-Fill-10/INFO] (Minecraft) [STDOUT]: [WG-CONTENT-WB] chunk(-13,8) hash=54d983ec0cde2d3a dh=8738db2bd62cbc75 nz=16705
[21:52:58] [CoreSwap-Fill-3/INFO] (Minecraft) [STDOUT]: [WG-CONTENT-WB] chunk(-13,9) hash=df0d745f896f9fc6 dh=a311289e32804dd8 nz=20416
[21:52:58] [CoreSwap-Fill-9/INFO] (Minecraft) [STDOUT]: [WG-CONTENT-WB] chunk(-12,9) hash=53f830ddf64b67b6 dh=87ef7e3b96ce0483 nz=18069
[21:52:58] [CoreSwap-Fill-2/INFO] (Minecraft) [STDOUT]: [WG-CONTENT-WB] chunk(-11,9) hash=94e03355d89588d5 dh=e4038faa24701f5d nz=19745
[21:52:58] [CoreSwap-Fill-8/INFO] (Minecraft) [STDOUT]: [WG-CONTENT-WB] chunk(-11,8) hash=ea141716270cc936 dh=cb482ce715b00780 nz=20159
[21:52:58] [CoreSwap-Fill-5/INFO] (Minecraft) [STDOUT]: [WG-CONTENT-WB] chunk(-10,2) hash=8d0310509d9f76c0 dh=dbd4d53b5e7e2a24 nz=25744
[21:52:58] [CoreSwap-Fill-7/INFO] (Minecraft) [STDOUT]: [WG-CONTENT-WB] chunk(-10,3) hash=442f9f55073aa826 dh=d65b735e2f5bec3 nz=26386
[21:52:58] [CoreSwap-Fill-4/INFO] (Minecraft) [STDOUT]: [WG-CONTENT-WB] chunk(-10,4) hash=f171447cbf247912 dh=2705177430e72ffb nz=28390
[21:52:58] [CoreSwap-Fill-6/INFO] (Minecraft) [STDOUT]: [WG-CONTENT-WB] chunk(-10,5) hash=3f4d8fee3b7cbdf7 dh=5d77372a11cf2b84 nz=28072
[21:52:58] [CoreSwap-Fill-1/INFO] (Minecraft) [STDOUT]: [WG-CONTENT-WB] chunk(-10,6) hash=64f50460ae020683 dh=a5a8328391a8c39a nz=29432
[21:52:58] [CoreSwap-Fill-10/INFO] (Minecraft) [STDOUT]: [WG-CONTENT-WB] chunk(-10,7) hash=721da377a25a0f02 dh=3389c6e954f692d1 nz=28886
[21:52:58] [CoreSwap-Fill-9/INFO] (Minecraft) [STDOUT]: [WG-CONTENT-WB] chunk(-14,2) hash=90924faf5d421bea dh=26e70bfa8414258f nz=21470
[21:52:58] [CoreSwap-Fill-3/INFO] (Minecraft) [STDOUT]: [WG-CONTENT-WB] chunk(-10,8) hash=78587c77136bfe22 dh=6fef7d3a380acdc9 nz=28673
[21:52:58] [CoreSwap-Fill-2/INFO] (Minecraft) [STDOUT]: [WG-CONTENT-WB] chunk(-14,3) hash=a962e91c89b8a16e dh=60bae994f258757d nz=24462
[21:52:58] [CoreSwap-Fill-8/INFO] (Minecraft) [STDOUT]: [WG-CONTENT-WB] chunk(-14,4) hash=73ea920a7bfc34bc dh=9cd47c02ffb987b6 nz=26602
[21:52:58] [CoreSwap-Fill-5/INFO] (Minecraft) [STDOUT]: [WG-CONTENT-WB] chunk(-14,5) hash=be1bde174f5b7f55 dh=40c16ff9d45ac587 nz=23078
[21:52:58] [CoreSwap-Fill-7/INFO] (Minecraft) [STDOUT]: [WG-CONTENT-WB] chunk(-14,6) hash=6944c0fc69f141c2 dh=d075a7513851f225 nz=23403
[21:52:58] [CoreSwap-Fill-4/INFO] (Minecraft) [STDOUT]: [WG-CONTENT-WB] chunk(-14,7) hash=7c00b1aa0d07d86d dh=97897d2ad42fadb8 nz=22646
[21:52:58] [CoreSwap-Fill-6/INFO] (Minecraft) [STDOUT]: [WG-CONTENT-WB] chunk(-14,8) hash=5322510339111209 dh=be72f7f1e3bcaf6f nz=19337
[21:52:58] [CoreSwap-Fill-1/INFO] (Minecraft) [STDOUT]: [WG-CONTENT-WB] chunk(-14,9) hash=f087155f35cbbb45 dh=3706f830f299abb5 nz=19469
[21:52:58] [CoreSwap-Fill-10/INFO] (Minecraft) [STDOUT]: [WG-CONTENT-WB] chunk(-14,10) hash=9cb1e8cbd4210cfe dh=e305c91ded7e83c nz=24227
[21:52:58] [CoreSwap-Fill-3/INFO] (Minecraft) [STDOUT]: [WG-CONTENT-WB] chunk(-12,10) hash=4c927e0504852bde dh=faa8ec1fb3b95c01 nz=20343
[21:52:58] [CoreSwap-Fill-2/INFO] (Minecraft) [STDOUT]: [WG-CONTENT-WB] chunk(-11,10) hash=9d98ebd09b86d021 dh=45d6166756f152bd nz=19293
[21:52:58] [CoreSwap-Fill-9/INFO] (Minecraft) [STDOUT]: [WG-CONTENT-WB] chunk(-13,10) hash=6de4a967ac9264dd dh=b05b599b14803523 nz=24374
[21:52:58] [CoreSwap-Fill-5/INFO] (Minecraft) [STDOUT]: [WG-CONTENT-WB] chunk(-10,10) hash=778f3af191efb742 dh=3f2e84c68f949dfb nz=22956
[21:52:58] [CoreSwap-Fill-8/INFO] (Minecraft) [STDOUT]: [WG-CONTENT-WB] chunk(-10,9) hash=aa2ed42513649692 dh=d682f6b8d3043d43 nz=25805
[21:52:58] [CoreSwap-Fill-7/INFO] (Minecraft) [STDOUT]: [WG-CONTENT-WB] chunk(-9,2) hash=4c64d5106a8ba3ba dh=874ddd6c80992359 nz=26140
[21:52:58] [CoreSwap-Fill-4/INFO] (Minecraft) [STDOUT]: [WG-CONTENT-WB] chunk(-9,3) hash=7cc1812ac0173287 dh=c3ce811d0db538d nz=24679
[21:52:58] [CoreSwap-Fill-6/INFO] (Minecraft) [STDOUT]: [WG-CONTENT-WB] chunk(-9,4) hash=2e3c31cddf114ca7 dh=ea1ea027eb6d1238 nz=26662
[21:52:58] [CoreSwap-Fill-1/INFO] (Minecraft) [STDOUT]: [WG-CONTENT-WB] chunk(-9,5) hash=8eb89543f2b0436 dh=a515e3eef395e699 nz=28000
[21:52:58] [CoreSwap-Fill-10/INFO] (Minecraft) [STDOUT]: [WG-CONTENT-WB] chunk(-9,6) hash=65f6fff1db32cef6 dh=a942f8a5d2cef6ce nz=30255
[21:52:58] [CoreSwap-Fill-2/INFO] (Minecraft) [STDOUT]: [WG-CONTENT-WB] chunk(-9,8) hash=cbcb1c4284b62124 dh=1313a31d0c366c1 nz=30725
[21:52:58] [CoreSwap-Fill-9/INFO] (Minecraft) [STDOUT]: [WG-CONTENT-WB] chunk(-9,9) hash=9726094817c3e45c dh=1e52309eab07d30b nz=28908
[21:52:58] [CoreSwap-Fill-3/INFO] (Minecraft) [STDOUT]: [WG-CONTENT-WB] chunk(-9,7) hash=445a75e716eee0c4 dh=1658699d9787a696 nz=32650
[21:52:58] [CoreSwap-Fill-5/INFO] (Minecraft) [STDOUT]: [WG-CONTENT-WB] chunk(-9,10) hash=5461a8377e1c5b67 dh=667be8838eaceb34 nz=23934
[21:52:58] [CoreSwap-Fill-6/INFO] (Minecraft) [STDOUT]: [WG-CONTENT-WB] chunk(-8,5) hash=de02f63015a52660 dh=d8b64c27c236735c nz=23722
[21:52:58] [CoreSwap-Fill-8/INFO] (Minecraft) [STDOUT]: [WG-CONTENT-WB] chunk(-8,2) hash=c02b1c39184f6489 dh=d2cafd67f49ff837 nz=24996
[21:52:58] [CoreSwap-Fill-7/INFO] (Minecraft) [STDOUT]: [WG-CONTENT-WB] chunk(-8,3) hash=40faee5fdaeb0e57 dh=4d2a98629e9b5c2b nz=25257
[21:52:58] [CoreSwap-Fill-4/INFO] (Minecraft) [STDOUT]: [WG-CONTENT-WB] chunk(-8,4) hash=1b30e1b554d275e8 dh=25cf6f3461bfef24 nz=22090
[21:52:58] [CoreSwap-Fill-10/INFO] (Minecraft) [STDOUT]: [WG-CONTENT-WB] chunk(9,-12) hash=b15427fea1487914 dh=4d0772f4768a4bab nz=20632
[21:52:58] [CoreSwap-Fill-3/INFO] (Minecraft) [STDOUT]: [WG-CONTENT-WB] chunk(9,-9) hash=3e0708fbc501e9cf dh=feeb80d579f8322 nz=15803
[21:52:58] [CoreSwap-Fill-1/INFO] (Minecraft) [STDOUT]: [WG-CONTENT-WB] chunk(9,-13) hash=b8a4578216c558da dh=30fbc867987e9dd9 nz=22264
[21:52:58] [CoreSwap-Fill-9/INFO] (Minecraft) [STDOUT]: [WG-CONTENT-WB] chunk(9,-10) hash=7c0d3d0b08c1f076 dh=40c5b0888f639a2d nz=17652
[21:52:58] [CoreSwap-Fill-2/INFO] (Minecraft) [STDOUT]: [WG-CONTENT-WB] chunk(9,-11) hash=2cb8364b49cfbb10 dh=a221560db26be87d nz=18784
[21:52:58] [CoreSwap-Fill-5/INFO] (Minecraft) [STDOUT]: [WG-CONTENT-WB] chunk(9,-8) hash=d752c558e5881590 dh=1a528754bea7c6a3 nz=16288
[21:52:58] [CoreSwap-Fill-6/INFO] (Minecraft) [STDOUT]: [WG-CONTENT-WB] chunk(9,-7) hash=b7233148ce0d3bba dh=3d060a4f1a4d96ae nz=16637
[21:52:58] [CoreSwap-Fill-8/INFO] (Minecraft) [STDOUT]: [WG-CONTENT-WB] chunk(9,-6) hash=b134da208797a340 dh=3b656441346d49b4 nz=13479
[21:52:58] [CoreSwap-Fill-7/INFO] (Minecraft) [STDOUT]: [WG-CONTENT-WB] chunk(9,-5) hash=e5690279c4ea7eb8 dh=86216e42e2d8f1c4 nz=19711
[21:52:58] [CoreSwap-Fill-4/INFO] (Minecraft) [STDOUT]: [WG-CONTENT-WB] chunk(9,-4) hash=d3b431132a54161e dh=b4751dc0f4fb4f9a nz=25855
[21:52:58] [CoreSwap-Fill-1/INFO] (Minecraft) [STDOUT]: [WG-CONTENT-WB] chunk(9,-1) hash=30f56dc35abf3621 dh=8a1fe8514d87e475 nz=30718
[21:52:58] [CoreSwap-Fill-9/INFO] (Minecraft) [STDOUT]: [WG-CONTENT-WB] chunk(9,0) hash=be2f9b96bd834191 dh=1070bf4f70b54883 nz=30286
[21:52:58] [CoreSwap-Fill-2/INFO] (Minecraft) [STDOUT]: [WG-CONTENT-WB] chunk(9,1) hash=bafa15f9fd1b2b0 dh=792606bf0576257e nz=29747
[21:52:58] [CoreSwap-Fill-3/INFO] (Minecraft) [STDOUT]: [WG-CONTENT-WB] chunk(9,-2) hash=30dc324d97bca597 dh=996feeb379972f6 nz=29891
[21:52:58] [CoreSwap-Fill-10/INFO] (Minecraft) [STDOUT]: [WG-CONTENT-WB] chunk(9,-3) hash=182fd377114b0096 dh=6b5223fe118e33fa nz=29767
[21:52:58] [CoreSwap-Fill-9/INFO] (Minecraft) [STDOUT]: [WG-CONTENT-WB] chunk(-7,4) hash=abc2328f444d8f1c dh=4bd7f0ab91a67953 nz=19095
[21:52:58] [CoreSwap-Fill-2/INFO] (Minecraft) [STDOUT]: [WG-CONTENT-WB] chunk(-7,5) hash=eb31c38679e8239d dh=3666b137d48e0dea nz=19105
[21:52:58] [CoreSwap-Fill-4/INFO] (Minecraft) [STDOUT]: [WG-CONTENT-WB] chunk(-7,2) hash=e6fe7fcf31d33aba dh=97d913fd35e05cdb nz=23284
[21:52:58] [CoreSwap-Fill-10/INFO] (Minecraft) [STDOUT]: [WG-CONTENT-WB] chunk(-8,10) hash=ff96c595776cf40c dh=f277826c22940181 nz=22316
[21:52:58] [CoreSwap-Fill-1/INFO] (Minecraft) [STDOUT]: [WG-CONTENT-WB] chunk(-7,3) hash=3b5cf8782762570e dh=eb1228c3912a2f13 nz=21636
[21:52:58] [CoreSwap-Fill-8/INFO] (Minecraft) [STDOUT]: [WG-CONTENT-WB] chunk(-8,8) hash=d4136ae12ca30f0f dh=359c7ed0d44acf59 nz=31439
[21:52:58] [CoreSwap-Fill-7/INFO] (Minecraft) [STDOUT]: [WG-CONTENT-WB] chunk(-8,9) hash=c4a4adce9e63dec5 dh=b49da8707dbe71e8 nz=30425
[21:52:58] [CoreSwap-Fill-3/INFO] (Minecraft) [STDOUT]: [WG-CONTENT-WB] chunk(-7,6) hash=6d08f44bdf23705f dh=c6629a6dd22ac511 nz=27805
[21:52:58] [CoreSwap-Fill-5/INFO] (Minecraft) [STDOUT]: [WG-CONTENT-WB] chunk(-8,6) hash=e091dbc04997e3f4 dh=64d22add27cd79f0 nz=31028
[21:52:58] [CoreSwap-Fill-6/INFO] (Minecraft) [STDOUT]: [WG-CONTENT-WB] chunk(-8,7) hash=b7414d370772528e dh=79ab3d94884115d6 nz=32551
[21:52:58] [CoreSwap-Fill-10/INFO] (Minecraft) [STDOUT]: [WG-CONTENT-WB] chunk(-7,10) hash=85e235451e6349 dh=6b9b5e08c6b09926 nz=16069
[21:52:58] [CoreSwap-Fill-4/INFO] (Minecraft) [STDOUT]: [WG-CONTENT-WB] chunk(-7,9) hash=37c01376587f9b19 dh=7f5211112f222e88 nz=26017
[21:52:58] [CoreSwap-Fill-1/INFO] (Minecraft) [STDOUT]: [WG-CONTENT-WB] chunk(-6,2) hash=55178a4c0d635383 dh=f124325e7d6940d2 nz=22794
[21:52:58] [CoreSwap-Fill-8/INFO] (Minecraft) [STDOUT]: [WG-CONTENT-WB] chunk(-6,3) hash=802a6479222381d9 dh=1c115ed6e205509a nz=20133
[21:52:58] [CoreSwap-Fill-7/INFO] (Minecraft) [STDOUT]: [WG-CONTENT-WB] chunk(-6,4) hash=65020b783031ccfc dh=ccb8e40caf6ee49f nz=18635
[21:52:58] [CoreSwap-Fill-3/INFO] (Minecraft) [STDOUT]: [WG-CONTENT-WB] chunk(-6,5) hash=998344658b045905 dh=a9717858dbf488eb nz=19341
[21:52:58] [CoreSwap-Fill-2/INFO] (Minecraft) [STDOUT]: [WG-CONTENT-WB] chunk(-7,8) hash=d46790f18d36689f dh=f04ad63aee829bd2 nz=30652
[21:52:58] [CoreSwap-Fill-9/INFO] (Minecraft) [STDOUT]: [WG-CONTENT-WB] chunk(-7,7) hash=9fc9b919a3fa13ef dh=e3d0fdfd3e23ddf6 nz=31692
[21:52:58] [CoreSwap-Fill-5/INFO] (Minecraft) [STDOUT]: [WG-CONTENT-WB] chunk(-6,6) hash=5463a800c462b516 dh=1cc6f02f137a5ff1 nz=24483
[21:52:58] [CoreSwap-Fill-6/INFO] (Minecraft) [STDOUT]: [WG-CONTENT-WB] chunk(-6,7) hash=85e358b5a830df2 dh=b9d6d561486295f4 nz=26919
[21:52:58] [CoreSwap-Fill-10/INFO] (Minecraft) [STDOUT]: [WG-CONTENT-WB] chunk(-15,2) hash=eeaa75b21f1aa6ae dh=82be840abe0745c9 nz=18668
[21:52:58] [CoreSwap-Fill-1/INFO] (Minecraft) [STDOUT]: [WG-CONTENT-WB] chunk(-15,4) hash=b59557b22a51d6d1 dh=d817f61a401b91d nz=17000
[21:52:58] [CoreSwap-Fill-4/INFO] (Minecraft) [STDOUT]: [WG-CONTENT-WB] chunk(-15,3) hash=a296917acf5e8869 dh=b1409cde1739bee6 nz=17381
[21:52:58] [CoreSwap-Fill-8/INFO] (Minecraft) [STDOUT]: [WG-CONTENT-WB] chunk(-15,5) hash=85f58a2acf4ca8a9 dh=332afe6285a86358 nz=20950
[21:52:58] [CoreSwap-Fill-2/INFO] (Minecraft) [STDOUT]: [WG-CONTENT-WB] chunk(-15,8) hash=8c2c16fb9a1747e2 dh=9092267e9ea4ae75 nz=24158
[21:52:58] [CoreSwap-Fill-3/INFO] (Minecraft) [STDOUT]: [WG-CONTENT-WB] chunk(-15,7) hash=4e9c7f49e91bdbe9 dh=57ce67c3d11100ec nz=26835
[21:52:58] [CoreSwap-Fill-9/INFO] (Minecraft) [STDOUT]: [WG-CONTENT-WB] chunk(-15,9) hash=a6c9d0b03164ebc1 dh=3d9b06cc01aa2353 nz=21005
[21:52:58] [CoreSwap-Fill-7/INFO] (Minecraft) [STDOUT]: [WG-CONTENT-WB] chunk(-15,6) hash=bfb29fd36e53935a dh=af6b96c467136cfe nz=25721
[21:52:58] [CoreSwap-Fill-5/INFO] (Minecraft) [STDOUT]: [WG-CONTENT-WB] chunk(-15,10) hash=dd9d71c18842f941 dh=42ac3b92859efde1 nz=25420
[21:52:58] [CoreSwap-Fill-6/INFO] (Minecraft) [STDOUT]: [WG-CONTENT-WB] chunk(-15,11) hash=5b082221546366e5 dh=ba785aac6e8a37e7 nz=23955
[21:52:58] [CoreSwap-Fill-10/INFO] (Minecraft) [STDOUT]: [WG-CONTENT-WB] chunk(-14,11) hash=1d0d13699df70c46 dh=c07511e0c2898b2e nz=24048
[21:52:58] [CoreSwap-Fill-2/INFO] (Minecraft) [STDOUT]: [WG-CONTENT-WB] chunk(-6,10) hash=1887ab11ee67d44c dh=f1f434c7a99b3f45 nz=18443
[21:52:58] [CoreSwap-Fill-7/INFO] (Minecraft) [STDOUT]: [WG-CONTENT-WB] chunk(-5,4) hash=88d5a8aa09265ea0 dh=1157afcb0b899254 nz=17165
[21:52:58] [CoreSwap-Fill-10/INFO] (Minecraft) [STDOUT]: [WG-CONTENT-WB] chunk(-12,11) hash=ec3c945158da76f6 dh=4bd690f299ed44db nz=20665
[21:52:58] [CoreSwap-Fill-1/INFO] (Minecraft) [STDOUT]: [WG-CONTENT-WB] chunk(-13,11) hash=d13e4e8d3e5a98a9 dh=ff1a15fb329026a6 nz=23224
[21:52:58] [CoreSwap-Fill-8/INFO] (Minecraft) [STDOUT]: [WG-CONTENT-WB] chunk(-6,9) hash=69aacf4f2be3dd5 dh=4664d7f6c3335091 nz=24798
[21:52:58] [CoreSwap-Fill-3/INFO] (Minecraft) [STDOUT]: [WG-CONTENT-WB] chunk(-5,2) hash=f189889ecf52c7a0 dh=672fc03acf23d9f1 nz=22316
[21:52:58] [CoreSwap-Fill-9/INFO] (Minecraft) [STDOUT]: [WG-CONTENT-WB] chunk(-5,3) hash=86c9560f3feab6ca dh=247e9350a5c007e9 nz=20836
[21:52:58] [CoreSwap-Fill-4/INFO] (Minecraft) [STDOUT]: [WG-CONTENT-WB] chunk(-6,8) hash=ea59630c94fdc011 dh=e2e6182d645c3ba8 nz=26565
[21:52:58] [CoreSwap-Fill-5/INFO] (Minecraft) [STDOUT]: [WG-CONTENT-WB] chunk(-5,5) hash=ff21f313734b7bbe dh=89d68111d477a3a8 nz=17713
[21:52:58] [CoreSwap-Fill-6/INFO] (Minecraft) [STDOUT]: [WG-CONTENT-WB] chunk(-5,6) hash=46ae5ad03207c58b dh=f77b92e402d58832 nz=21288
[21:52:58] [CoreSwap-Fill-1/INFO] (Minecraft) [STDOUT]: [WG-CONTENT-WB] chunk(-8,11) hash=dc8ff7f690a7705e dh=6760d2933ff81560 nz=16381
[21:52:58] [CoreSwap-Fill-2/INFO] (Minecraft) [STDOUT]: [WG-CONTENT-WB] chunk(-11,11) hash=2e93899d3835f7f6 dh=b03f97703fcd4a58 nz=20555
[21:52:58] [CoreSwap-Fill-8/INFO] (Minecraft) [STDOUT]: [WG-CONTENT-WB] chunk(-7,11) hash=e2ed38975fc46f08 dh=3c8f971319c97aad nz=14579
[21:52:58] [CoreSwap-Fill-4/INFO] (Minecraft) [STDOUT]: [WG-CONTENT-WB] chunk(-5,11) hash=fd967f1f2238cff1 dh=deba8d40c916e1b6 nz=13669
[21:52:58] [CoreSwap-Fill-3/INFO] (Minecraft) [STDOUT]: [WG-CONTENT-WB] chunk(-6,11) hash=6b08b96c9987cd2d dh=4851da5a2baf91bb nz=14302
[21:52:58] [CoreSwap-Fill-9/INFO] (Minecraft) [STDOUT]: [WG-CONTENT-WB] chunk(-5,10) hash=5bf6aae0697c463d dh=9fc802f7f116f24d nz=15250
[21:52:58] [CoreSwap-Fill-7/INFO] (Minecraft) [STDOUT]: [WG-CONTENT-WB] chunk(-10,11) hash=8343d885431975d2 dh=e75f0ea5ade33217 nz=23013
[21:52:58] [CoreSwap-Fill-10/INFO] (Minecraft) [STDOUT]: [WG-CONTENT-WB] chunk(-9,11) hash=31f31c195dcfefc5 dh=95080733033ccc52 nz=22920
[21:52:58] [CoreSwap-Fill-5/INFO] (Minecraft) [STDOUT]: [WG-CONTENT-WB] chunk(-4,2) hash=142325fbd51004db dh=57ad1154afe97d3b nz=19610
[21:52:58] [CoreSwap-Fill-6/INFO] (Minecraft) [STDOUT]: [WG-CONTENT-WB] chunk(-5,7) hash=139eeefdcd08e2fd dh=fdea7066e4ba80a nz=21235
[21:52:58] [CoreSwap-Fill-1/INFO] (Minecraft) [STDOUT]: [WG-CONTENT-WB] chunk(-5,8) hash=1abed957ad486c8b dh=78da2fdcb51a0f6f nz=21449
[21:52:58] [CoreSwap-Fill-8/INFO] (Minecraft) [STDOUT]: [WG-CONTENT-WB] chunk(-5,9) hash=1b927afdfef358ca dh=c0b2ab65526d011a nz=21153
[21:52:58] [CoreSwap-Fill-7/INFO] (Minecraft) [STDOUT]: [WG-CONTENT-WB] chunk(-4,7) hash=a1236a9b8ece64fb dh=9a2dbaa99350f067 nz=19859
[21:52:58] [CoreSwap-Fill-3/INFO] (Minecraft) [STDOUT]: [WG-CONTENT-WB] chunk(-4,5) hash=f3ce9a1871f0f65a dh=8ac580d6e47d51cd nz=19258
[21:52:58] [CoreSwap-Fill-9/INFO] (Minecraft) [STDOUT]: [WG-CONTENT-WB] chunk(-4,6) hash=540b5fbaea63aee7 dh=ad60d5fe24e38148 nz=20833
[21:52:58] [CoreSwap-Fill-4/INFO] (Minecraft) [STDOUT]: [WG-CONTENT-WB] chunk(-4,4) hash=dfe35b8c73a40bb8 dh=d49d99b73486c526 nz=24005
[21:52:58] [CoreSwap-Fill-2/INFO] (Minecraft) [STDOUT]: [WG-CONTENT-WB] chunk(-4,3) hash=d98da595cb4b3022 dh=29fb0ee61719df7e nz=24643
[21:52:58] [CoreSwap-Fill-10/INFO] (Minecraft) [STDOUT]: [WG-CONTENT-WB] chunk(-4,8) hash=9ad2828d1567da1 dh=b87aa89c36ed9bd7 nz=18810
[21:52:58] [CoreSwap-Fill-4/INFO] (Minecraft) [STDOUT]: [WG-CONTENT-WB] chunk(-3,8) hash=69c704cce71de77b dh=25bd32f4f138b3fd nz=19169
[21:52:58] [CoreSwap-Fill-9/INFO] (Minecraft) [STDOUT]: [WG-CONTENT-WB] chunk(-4,9) hash=fdc5e5285d8ad6bd dh=ded8aa09f9c15cbd nz=16486
[21:52:58] [CoreSwap-Fill-2/INFO] (Minecraft) [STDOUT]: [WG-CONTENT-WB] chunk(-3,9) hash=1c0a7afa7babab28 dh=3f71b819200336f4 nz=15520
[21:52:58] [CoreSwap-Fill-5/INFO] (Minecraft) [STDOUT]: [WG-CONTENT-WB] chunk(-3,2) hash=8eee5cf00c44ff0b dh=1e771f15f427c7eb nz=23252
[21:52:58] [CoreSwap-Fill-1/INFO] (Minecraft) [STDOUT]: [WG-CONTENT-WB] chunk(-3,4) hash=cb5ad918717db646 dh=96eb270cc6d27e0f nz=25002
[21:52:58] [CoreSwap-Fill-6/INFO] (Minecraft) [STDOUT]: [WG-CONTENT-WB] chunk(-3,3) hash=fc786da0dc9518e7 dh=7c17aa3840bdfca9 nz=23970
[21:52:58] [CoreSwap-Fill-8/INFO] (Minecraft) [STDOUT]: [WG-CONTENT-WB] chunk(-3,5) hash=c1b3c145e3d95de3 dh=b151d5202715db57 nz=24635
[21:52:58] [CoreSwap-Fill-3/INFO] (Minecraft) [STDOUT]: [WG-CONTENT-WB] chunk(-3,7) hash=b91ceed3cd4bd49d dh=adc52c08579ae571 nz=24372
[21:52:58] [CoreSwap-Fill-7/INFO] (Minecraft) [STDOUT]: [WG-CONTENT-WB] chunk(-3,6) hash=2a4b6691d343cc3a dh=eb8cfb2c57ebb4db nz=27045
[21:52:58] [CoreSwap-Fill-8/INFO] (Minecraft) [STDOUT]: [WG-CONTENT-WB] chunk(-4,10) hash=c196c467c6e07dc4 dh=88f3d4ab9e52582a nz=14904
[21:52:58] [CoreSwap-Fill-6/INFO] (Minecraft) [STDOUT]: [WG-CONTENT-WB] chunk(-2,8) hash=d0c36f0f14285841 dh=c5b953670971f021 nz=18616
[21:52:58] [CoreSwap-Fill-10/INFO] (Minecraft) [STDOUT]: [WG-CONTENT-WB] chunk(-2,2) hash=4697c69c9a0f48df dh=7a7b01a68874e26b nz=25098
[21:52:58] [CoreSwap-Fill-1/INFO] (Minecraft) [STDOUT]: [WG-CONTENT-WB] chunk(-2,7) hash=b00c50bf42b0206b dh=cadc7ad4adef0d62 nz=24310
[21:52:58] [CoreSwap-Fill-3/INFO] (Minecraft) [STDOUT]: [WG-CONTENT-WB] chunk(-2,9) hash=de43931ede1df532 dh=16e231052a8b271e nz=17217
[21:52:58] [CoreSwap-Fill-4/INFO] (Minecraft) [STDOUT]: [WG-CONTENT-WB] chunk(-2,3) hash=c76caee089ed8986 dh=9c63affb5fadc870 nz=24409
[21:52:58] [CoreSwap-Fill-9/INFO] (Minecraft) [STDOUT]: [WG-CONTENT-WB] chunk(-2,4) hash=3fcf56f545010471 dh=6c9033e921f62529 nz=25028
[21:52:58] [CoreSwap-Fill-5/INFO] (Minecraft) [STDOUT]: [WG-CONTENT-WB] chunk(-2,6) hash=fcd57ac4f871a4e6 dh=4a8f6954aed40510 nz=29443
[21:52:58] [CoreSwap-Fill-7/INFO] (Minecraft) [STDOUT]: [WG-CONTENT-WB] chunk(-3,10) hash=c07f8ed51ac8ff22 dh=9f02179f10e2fc2a nz=16927
[21:52:58] [CoreSwap-Fill-2/INFO] (Minecraft) [STDOUT]: [WG-CONTENT-WB] chunk(-2,5) hash=138075d59aa85758 dh=51067149689ddf6 nz=28163
[21:52:58] [CoreSwap-Fill-8/INFO] (Minecraft) [STDOUT]: [WG-CONTENT-WB] chunk(-2,10) hash=557c556f4a041a42 dh=dc9f2d1b4bb7e410 nz=15559
[21:52:58] [CoreSwap-Fill-6/INFO] (Minecraft) [STDOUT]: [WG-CONTENT-WB] chunk(-1,2) hash=57161d8275d014a1 dh=12bd288ca5549be8 nz=25521
[21:52:58] [CoreSwap-Fill-2/INFO] (Minecraft) [STDOUT]: [WG-CONTENT-WB] chunk(-1,10) hash=8ad7efbcfafacf2 dh=e245c8ad9cbc01a9 nz=21842
[21:52:58] [CoreSwap-Fill-7/INFO] (Minecraft) [STDOUT]: [WG-CONTENT-WB] chunk(-1,9) hash=7dd8ab30cebc4e1a dh=69506ae98b05d509 nz=21328
[21:52:58] [CoreSwap-Fill-10/INFO] (Minecraft) [STDOUT]: [WG-CONTENT-WB] chunk(-1,3) hash=2fa53257a32acbbf dh=81707d6461f6a79c nz=25659
[21:52:58] [CoreSwap-Fill-9/INFO] (Minecraft) [STDOUT]: [WG-CONTENT-WB] chunk(-1,7) hash=acb0fbaca5eefb4f dh=2c461fabb872c759 nz=27287
[21:52:58] [CoreSwap-Fill-5/INFO] (Minecraft) [STDOUT]: [WG-CONTENT-WB] chunk(-1,8) hash=4204aa84500fda18 dh=1b03d20af85ffc4a nz=23916
[21:52:58] [CoreSwap-Fill-1/INFO] (Minecraft) [STDOUT]: [WG-CONTENT-WB] chunk(-1,4) hash=6cfab0a893c72f98 dh=583c3a3250e730ff nz=25546
[21:52:58] [CoreSwap-Fill-4/INFO] (Minecraft) [STDOUT]: [WG-CONTENT-WB] chunk(-1,6) hash=4d5ed651cc266729 dh=50fef51e89b57c5 nz=29956
[21:52:58] [CoreSwap-Fill-6/INFO] (Minecraft) [STDOUT]: [WG-CONTENT-WB] chunk(-3,11) hash=43061c77ba5b7b4c dh=5a096d6f98cf3 nz=14897
[21:52:58] [CoreSwap-Fill-5/INFO] (Minecraft) [STDOUT]: [WG-CONTENT-WB] chunk(0,4) hash=8c36a42b065527c6 dh=f27d8df5701cdf54 nz=25807
[21:52:58] [CoreSwap-Fill-2/INFO] (Minecraft) [STDOUT]: [WG-CONTENT-WB] chunk(-2,11) hash=107dce238a0accb5 dh=16c9188cc3b9f035 nz=14908
[21:52:58] [CoreSwap-Fill-9/INFO] (Minecraft) [STDOUT]: [WG-CONTENT-WB] chunk(-1,11) hash=b1ea7cf48c177dd7 dh=98709fa16629bdba nz=20832
[21:52:58] [CoreSwap-Fill-8/INFO] (Minecraft) [STDOUT]: [WG-CONTENT-WB] chunk(-4,11) hash=84a489074fc36608 dh=5728bd272a46022d nz=14189
[21:52:58] [CoreSwap-Fill-3/INFO] (Minecraft) [STDOUT]: [WG-CONTENT-WB] chunk(-1,5) hash=ff9d3eef4e195ce7 dh=dc7757c4a27a5d24 nz=28828
[21:52:58] [CoreSwap-Fill-7/INFO] (Minecraft) [STDOUT]: [WG-CONTENT-WB] chunk(0,3) hash=19d10ff3ff27e4d dh=77995a0278d8d6d7 nz=25940
[21:52:58] [CoreSwap-Fill-10/INFO] (Minecraft) [STDOUT]: [WG-CONTENT-WB] chunk(0,2) hash=d71042245d8bfe62 dh=96287e932f313214 nz=26093
[21:52:58] [CoreSwap-Fill-1/INFO] (Minecraft) [STDOUT]: [WG-CONTENT-WB] chunk(0,5) hash=55cb8ea1490d14fd dh=8c5468150836cf5e nz=29031
[21:52:58] [CoreSwap-Fill-6/INFO] (Minecraft) [STDOUT]: [WG-CONTENT-WB] chunk(0,7) hash=6a6da8131601bab6 dh=d8b3bd67f4078f0a nz=30647
[21:52:58] [CoreSwap-Fill-8/INFO] (Minecraft) [STDOUT]: [WG-CONTENT-WB] chunk(0,11) hash=1bf0048542daa91 dh=b5c5477ec4e29619 nz=18856
[21:52:58] [CoreSwap-Fill-3/INFO] (Minecraft) [STDOUT]: [WG-CONTENT-WB] chunk(1,2) hash=e4100391b0c19f04 dh=93dd0f18b7ada281 nz=25734
[21:52:58] [CoreSwap-Fill-4/INFO] (Minecraft) [STDOUT]: [WG-CONTENT-WB] chunk(0,6) hash=1e05e4ff9813d988 dh=b3ada235a935d05 nz=29838
[21:52:58] [CoreSwap-Fill-5/INFO] (Minecraft) [STDOUT]: [WG-CONTENT-WB] chunk(0,8) hash=8d400d3df84dc303 dh=4053cb4ef0ac724d nz=31699
[21:52:58] [CoreSwap-Fill-9/INFO] (Minecraft) [STDOUT]: [WG-CONTENT-WB] chunk(0,10) hash=96f2e4be6161567d dh=d223132a56028f34 nz=24857
[21:52:58] [CoreSwap-Fill-2/INFO] (Minecraft) [STDOUT]: [WG-CONTENT-WB] chunk(0,9) hash=5a83e3fcfcfbb513 dh=cbca89538b637912 nz=31026
[21:52:58] [CoreSwap-Fill-7/INFO] (Minecraft) [STDOUT]: [WG-CONTENT-WB] chunk(1,3) hash=447e4ec4885a6cd3 dh=d17d48f1c1714b8c nz=27345
[21:52:58] [CoreSwap-Fill-3/INFO] (Minecraft) [STDOUT]: [WG-CONTENT-WB] chunk(1,8) hash=8e11cec04f86a420 dh=934bb8246445df10 nz=30254
[21:52:58] [CoreSwap-Fill-6/INFO] (Minecraft) [STDOUT]: [WG-CONTENT-WB] chunk(1,6) hash=9e0ae86a504bb933 dh=62363d3cccb97b5b nz=29623
[21:52:58] [CoreSwap-Fill-4/INFO] (Minecraft) [STDOUT]: [WG-CONTENT-WB] chunk(1,9) hash=a50183c1b7a429c1 dh=4f95766e5242476b nz=30872
[21:52:58] [CoreSwap-Fill-10/INFO] (Minecraft) [STDOUT]: [WG-CONTENT-WB] chunk(1,4) hash=650e19e885c7b18d dh=bf50a9d5a6cadbde nz=26759
[21:52:58] [CoreSwap-Fill-1/INFO] (Minecraft) [STDOUT]: [WG-CONTENT-WB] chunk(1,5) hash=d7512231fda7f533 dh=e64728c44bb33908 nz=27709
[21:52:58] [CoreSwap-Fill-8/INFO] (Minecraft) [STDOUT]: [WG-CONTENT-WB] chunk(1,7) hash=708f39d661db87c3 dh=bd9101358b1ee96d nz=29501
[21:52:58] [CoreSwap-Fill-5/INFO] (Minecraft) [STDOUT]: [WG-CONTENT-WB] chunk(2,2) hash=d477ec03e447bec1 dh=cc2f2c115c9987d4 nz=27377
[21:52:58] [CoreSwap-Fill-9/INFO] (Minecraft) [STDOUT]: [WG-CONTENT-WB] chunk(2,3) hash=bf0d8c82a590b0a7 dh=731540c41917b8b6 nz=27905
[21:52:58] [CoreSwap-Fill-2/INFO] (Minecraft) [STDOUT]: [WG-CONTENT-WB] chunk(2,4) hash=7e96145d49a7bd27 dh=439a9b9ce57bcb31 nz=22358
[21:52:58] [CoreSwap-Fill-7/INFO] (Minecraft) [STDOUT]: [WG-CONTENT-WB] chunk(2,5) hash=f1b0173f90fa21c3 dh=5eb517503cd6893b nz=20778
[21:52:58] [CoreSwap-Fill-5/INFO] (Minecraft) [STDOUT]: [WG-CONTENT-WB] chunk(3,2) hash=81d7cca3063d6c23 dh=bcac7cb9dd54a91c nz=24359
[21:52:58] [CoreSwap-Fill-3/INFO] (Minecraft) [STDOUT]: [WG-CONTENT-WB] chunk(2,6) hash=aaf36661437e5e38 dh=bb3ccea5792704aa nz=25340
[21:52:58] [CoreSwap-Fill-6/INFO] (Minecraft) [STDOUT]: [WG-CONTENT-WB] chunk(2,7) hash=6ffb4f9a97f679be dh=e20d3f144dbd8f94 nz=28011
[21:52:58] [CoreSwap-Fill-1/INFO] (Minecraft) [STDOUT]: [WG-CONTENT-WB] chunk(1,10) hash=23e86b0eb06b6ac6 dh=d4c786271044d282 nz=24903
[21:52:58] [CoreSwap-Fill-8/INFO] (Minecraft) [STDOUT]: [WG-CONTENT-WB] chunk(2,10) hash=f895454e7a10385 dh=57b8fe343d907a58 nz=27693
[21:52:58] [CoreSwap-Fill-4/INFO] (Minecraft) [STDOUT]: [WG-CONTENT-WB] chunk(2,8) hash=ce000d7d57d55fbf dh=88c3692147d958e3 nz=30155
[21:52:58] [CoreSwap-Fill-9/INFO] (Minecraft) [STDOUT]: [WG-CONTENT-WB] chunk(3,3) hash=d3e97a28fd847d96 dh=2392305ef83d4221 nz=26250
[21:52:58] [CoreSwap-Fill-2/INFO] (Minecraft) [STDOUT]: [WG-CONTENT-WB] chunk(3,4) hash=fd855003f9bf3cb0 dh=639bec7b0830dfcf nz=23250
[21:52:58] [CoreSwap-Fill-10/INFO] (Minecraft) [STDOUT]: [WG-CONTENT-WB] chunk(2,9) hash=ead8bfa324d5d345 dh=eb71e8c94c1e5590 nz=30337
[21:52:58] [CoreSwap-Fill-7/INFO] (Minecraft) [STDOUT]: [WG-CONTENT-WB] chunk(3,5) hash=3b619be5feda3e80 dh=35930d0d622e98b nz=22174
[21:52:58] [CoreSwap-Fill-3/INFO] (Minecraft) [STDOUT]: [WG-CONTENT-WB] chunk(1,11) hash=9c508a203c60e508 dh=797cd23630950afd nz=18015
[21:52:58] [CoreSwap-Fill-6/INFO] (Minecraft) [STDOUT]: [WG-CONTENT-WB] chunk(2,11) hash=ddc7f623b5efeb7a dh=da531eac5d07ed64 nz=22113
[21:52:58] [CoreSwap-Fill-5/INFO] (Minecraft) [STDOUT]: [WG-CONTENT-WB] chunk(3,6) hash=1b1da19ff13f1329 dh=fde7da3b71bcb12e nz=22827
[21:52:58] [CoreSwap-Fill-1/INFO] (Minecraft) [STDOUT]: [WG-CONTENT-WB] chunk(3,7) hash=544bcbf9a72530dc dh=fac6a5af31c193f2 nz=26144
[21:52:58] [CoreSwap-Fill-10/INFO] (Minecraft) [STDOUT]: [WG-CONTENT-WB] chunk(4,2) hash=786db29adc2bfe8f dh=f5bc86caf094df23 nz=22692
[21:52:58] [CoreSwap-Fill-8/INFO] (Minecraft) [STDOUT]: [WG-CONTENT-WB] chunk(3,8) hash=f9b33c4ee875f35b dh=5a88618b0bba19c6 nz=29096
[21:52:58] [CoreSwap-Fill-9/INFO] (Minecraft) [STDOUT]: [WG-CONTENT-WB] chunk(3,10) hash=54bfac8a35d1d542 dh=29d9cf21d6954073 nz=30288
[21:52:58] [CoreSwap-Fill-4/INFO] (Minecraft) [STDOUT]: [WG-CONTENT-WB] chunk(3,9) hash=a90a7f7bf2e4f282 dh=81f537d14e71ae7a nz=31171
[21:52:58] [CoreSwap-Fill-2/INFO] (Minecraft) [STDOUT]: [WG-CONTENT-WB] chunk(3,11) hash=3dee55b925b6b718 dh=fa192f61f96a3664 nz=30392
[21:52:58] [CoreSwap-Fill-7/INFO] (Minecraft) [STDOUT]: [WG-CONTENT-WB] chunk(4,3) hash=f9bf7be7740b2789 dh=4509d8e1c02f0ca1 nz=24702
[21:52:58] [CoreSwap-Fill-3/INFO] (Minecraft) [STDOUT]: [WG-CONTENT-WB] chunk(4,4) hash=ea2367c80d784d0a dh=55c6b39c5f26a42b nz=24362
[21:52:58] [CoreSwap-Fill-6/INFO] (Minecraft) [STDOUT]: [WG-CONTENT-WB] chunk(4,5) hash=d6a343f2549e16d0 dh=c69425e2e347669b nz=23430
[21:52:58] [CoreSwap-Fill-1/INFO] (Minecraft) [STDOUT]: [WG-CONTENT-WB] chunk(4,7) hash=b2858370977b3b9c dh=455eec3e48a05baa nz=23600
[21:52:58] [CoreSwap-Fill-5/INFO] (Minecraft) [STDOUT]: [WG-CONTENT-WB] chunk(4,6) hash=167d3e87166f1269 dh=fec7585f2ee99836 nz=22905
[21:52:59] [CoreSwap-Fill-2/INFO] (Minecraft) [STDOUT]: [WG-CONTENT-WB] chunk(5,3) hash=1c2892bece80a09d dh=c67223dde2dad775 nz=21746
[21:52:59] [CoreSwap-Fill-4/INFO] (Minecraft) [STDOUT]: [WG-CONTENT-WB] chunk(5,2) hash=255abe02885c07da dh=cee39d780abc5fe2 nz=20435
[21:52:59] [CoreSwap-Fill-1/INFO] (Minecraft) [STDOUT]: [WG-CONTENT-WB] chunk(5,7) hash=729e66da33ac2325 dh=afbca7ce09303016 nz=22107
[21:52:59] [CoreSwap-Fill-6/INFO] (Minecraft) [STDOUT]: [WG-CONTENT-WB] chunk(5,6) hash=2c12aefb46c63a29 dh=c93c627ff930f9c6 nz=21393
[21:52:59] [CoreSwap-Fill-10/INFO] (Minecraft) [STDOUT]: [WG-CONTENT-WB] chunk(4,8) hash=e3440e77a27c2e71 dh=9fea83d6e103f35d nz=27044
[21:52:59] [CoreSwap-Fill-3/INFO] (Minecraft) [STDOUT]: [WG-CONTENT-WB] chunk(5,5) hash=1dd6a5714b11aca8 dh=1518019fca57997e nz=22759
[21:52:59] [CoreSwap-Fill-7/INFO] (Minecraft) [STDOUT]: [WG-CONTENT-WB] chunk(5,4) hash=a1befbb1eaed620 dh=cd51df299fbc617b nz=22488
[21:52:59] [CoreSwap-Fill-8/INFO] (Minecraft) [STDOUT]: [WG-CONTENT-WB] chunk(4,9) hash=3cf55abe7d4bd98b dh=dd01dca51760ea43 nz=30181
[21:52:59] [CoreSwap-Fill-5/INFO] (Minecraft) [STDOUT]: [WG-CONTENT-WB] chunk(5,8) hash=b3035efca447294d dh=c456c625b2df2b95 nz=26294
[21:52:59] [CoreSwap-Fill-9/INFO] (Minecraft) [STDOUT]: [WG-CONTENT-WB] chunk(4,10) hash=a6fab495ac85751b dh=264eff5458cfd620 nz=32514
[21:52:59] [CoreSwap-Fill-10/INFO] (Minecraft) [STDOUT]: [WG-CONTENT-WB] chunk(6,2) hash=16c7c231996b1679 dh=79f549bfebbd889d nz=21476
[21:52:59] [CoreSwap-Fill-7/INFO] (Minecraft) [STDOUT]: [WG-CONTENT-WB] chunk(6,4) hash=fdb3a2a7a796421b dh=4fba945cf7281383 nz=21888
[21:52:59] [CoreSwap-Fill-3/INFO] (Minecraft) [STDOUT]: [WG-CONTENT-WB] chunk(6,3) hash=8eea5cd596dcded1 dh=3a4d0fa21c22cc5d nz=21050
[21:52:59] [CoreSwap-Fill-2/INFO] (Minecraft) [STDOUT]: [WG-CONTENT-WB] chunk(5,9) hash=d8579da6c874aaec dh=78256699680ccd73 nz=27889
[21:52:59] [CoreSwap-Fill-8/INFO] (Minecraft) [STDOUT]: [WG-CONTENT-WB] chunk(6,5) hash=7548b751bff51d7c dh=5ed9c0a8d3f8a019 nz=21476
[21:52:59] [CoreSwap-Fill-4/INFO] (Minecraft) [STDOUT]: [WG-CONTENT-WB] chunk(5,10) hash=89dd503f69946051 dh=5b4fa5cce50699f8 nz=30879
[21:52:59] [CoreSwap-Fill-5/INFO] (Minecraft) [STDOUT]: [WG-CONTENT-WB] chunk(6,6) hash=4bba58b77a39596f dh=97fda43750e3c90a nz=22103
[21:52:59] [CoreSwap-Fill-6/INFO] (Minecraft) [STDOUT]: [WG-CONTENT-WB] chunk(5,11) hash=d7ba305942050584 dh=64622be54d0191da nz=32046
[21:52:59] [CoreSwap-Fill-9/INFO] (Minecraft) [STDOUT]: [WG-CONTENT-WB] chunk(6,7) hash=2ef1547423cd69c3 dh=6a1d125fb4d89aff nz=26815
[21:52:59] [CoreSwap-Fill-1/INFO] (Minecraft) [STDOUT]: [WG-CONTENT-WB] chunk(4,11) hash=c26a92d64085f7b1 dh=24dd986ec9d3413b nz=32732
[21:52:59] [CoreSwap-Fill-10/INFO] (Minecraft) [STDOUT]: [WG-CONTENT-WB] chunk(6,8) hash=84d31e40f969a769 dh=6e9eb6150bbc5f10 nz=28279
[21:52:59] [CoreSwap-Fill-8/INFO] (Minecraft) [STDOUT]: [WG-CONTENT-WB] chunk(7,2) hash=e1628a9d67e4599 dh=c4838b7369690c7d nz=23666
[21:52:59] [CoreSwap-Fill-7/INFO] (Minecraft) [STDOUT]: [WG-CONTENT-WB] chunk(6,9) hash=ad1ca3f1b44c4b5c dh=6ec1c9982baf1aef nz=29681
[21:52:59] [CoreSwap-Fill-3/INFO] (Minecraft) [STDOUT]: [WG-CONTENT-WB] chunk(6,10) hash=6a586687e62aae3f dh=6ee91662498ea286 nz=30388
[21:52:59] [CoreSwap-Fill-2/INFO] (Minecraft) [STDOUT]: [WG-CONTENT-WB] chunk(6,11) hash=9a78f4d8c3d8301b dh=394ac9630048ee53 nz=31115
[21:52:59] [CoreSwap-Fill-4/INFO] (Minecraft) [STDOUT]: [WG-CONTENT-WB] chunk(7,3) hash=a517dd950f405315 dh=f6e6a7d2008a1a7 nz=23192
[21:52:59] [CoreSwap-Fill-6/INFO] (Minecraft) [STDOUT]: [WG-CONTENT-WB] chunk(7,5) hash=b98db421fd85f131 dh=a718eed4629c2edc nz=24347
[21:52:59] [CoreSwap-Fill-5/INFO] (Minecraft) [STDOUT]: [WG-CONTENT-WB] chunk(7,4) hash=cc4152720ee9a6ff dh=fd01103f00d07d6f nz=23366
[21:52:59] [CoreSwap-Fill-9/INFO] (Minecraft) [STDOUT]: [WG-CONTENT-WB] chunk(7,6) hash=54350dcce0637252 dh=74a510453f00a028 nz=27077
[21:52:59] [CoreSwap-Fill-2/INFO] (Minecraft) [STDOUT]: [WG-CONTENT-WB] chunk(8,3) hash=a1880c93880cfcfa dh=cee8970d38fc5c7 nz=23416
[21:52:59] [CoreSwap-Fill-3/INFO] (Minecraft) [STDOUT]: [WG-CONTENT-WB] chunk(8,2) hash=ff591fed2fd93657 dh=1b9fd30b069af33c nz=24675
[21:52:59] [CoreSwap-Fill-1/INFO] (Minecraft) [STDOUT]: [WG-CONTENT-WB] chunk(7,7) hash=3ac71185270946e6 dh=abb543bb7eb0d7a8 nz=28875
[21:52:59] [CoreSwap-Fill-8/INFO] (Minecraft) [STDOUT]: [WG-CONTENT-WB] chunk(7,9) hash=28f2b6d380966015 dh=cbb568f04a1eed5e nz=27751
[21:52:59] [CoreSwap-Fill-10/INFO] (Minecraft) [STDOUT]: [WG-CONTENT-WB] chunk(7,8) hash=83cccd6ec241477f dh=55e6981e7ce91cc8 nz=27932
[21:52:59] [CoreSwap-Fill-7/INFO] (Minecraft) [STDOUT]: [WG-CONTENT-WB] chunk(7,10) hash=f19c7cabcd8f0cf5 dh=c40325275391e76 nz=28707
[21:52:59] [CoreSwap-Fill-4/INFO] (Minecraft) [STDOUT]: [WG-CONTENT-WB] chunk(8,4) hash=7d53166b29fefb54 dh=7b6947967c8b155a nz=23291
[21:52:59] [CoreSwap-Fill-6/INFO] (Minecraft) [STDOUT]: [WG-CONTENT-WB] chunk(8,5) hash=d656ef53aebfefd3 dh=d53738cd09b353a0 nz=24833
[21:52:59] [CoreSwap-Fill-5/INFO] (Minecraft) [STDOUT]: [WG-CONTENT-WB] chunk(8,6) hash=d8a553f7ee96a5fd dh=d7b4c8d9dbeb715e nz=26628
[21:52:59] [CoreSwap-Fill-2/INFO] (Minecraft) [STDOUT]: [WG-CONTENT-WB] chunk(8,8) hash=dae5f8bb0d061cf8 dh=8e1481341cd3637a nz=28820
[21:52:59] [CoreSwap-Fill-3/INFO] (Minecraft) [STDOUT]: [WG-CONTENT-WB] chunk(7,11) hash=26e2714c62c69b84 dh=8eaa99706b25d7de nz=29782
[21:52:59] [CoreSwap-Fill-9/INFO] (Minecraft) [STDOUT]: [WG-CONTENT-WB] chunk(8,7) hash=d602673e5f5015f8 dh=6049587a165fd068 nz=27384
[21:52:59] [CoreSwap-Fill-8/INFO] (Minecraft) [STDOUT]: [WG-CONTENT-WB] chunk(8,10) hash=6e8f890093f1e1ba dh=a15ef49fbe8e12f4 nz=29949
[21:52:59] [CoreSwap-Fill-10/INFO] (Minecraft) [STDOUT]: [WG-CONTENT-WB] chunk(8,11) hash=1e433f22d86fc05e dh=db58147c66285a3a nz=29115
[21:52:59] [CoreSwap-Fill-7/INFO] (Minecraft) [STDOUT]: [WG-CONTENT-WB] chunk(9,2) hash=e1fb03ae5d6652e4 dh=d18da20427084d1b nz=25314
[21:52:59] [CoreSwap-Fill-1/INFO] (Minecraft) [STDOUT]: [WG-CONTENT-WB] chunk(8,9) hash=bba67bfc644e6925 dh=8e450ff599e9aa39 nz=29428
[21:52:59] [CoreSwap-Fill-6/INFO] (Minecraft) [STDOUT]: [WG-CONTENT-WB] chunk(9,4) hash=e9ce162e35356af4 dh=2a1132b8646e5b95 nz=21784
[21:52:59] [CoreSwap-Fill-4/INFO] (Minecraft) [STDOUT]: [WG-CONTENT-WB] chunk(9,3) hash=b5a296d6f9f0efa4 dh=2d2f1f80915ada8 nz=22465
[21:52:59] [CoreSwap-Fill-5/INFO] (Minecraft) [STDOUT]: [WG-CONTENT-WB] chunk(9,5) hash=d2588e546bb33fd9 dh=e9ef13590220a57f nz=21983
[21:52:59] [CoreSwap-Fill-2/INFO] (Minecraft) [STDOUT]: [WG-CONTENT-WB] chunk(9,6) hash=11699e6657cc2df3 dh=82e947100f5014ae nz=25481
[21:52:59] [CoreSwap-Fill-9/INFO] (Minecraft) [STDOUT]: [WG-CONTENT-WB] chunk(9,8) hash=3d92145d6fdc539e dh=b19b441c61ba652b nz=27250
[21:52:59] [CoreSwap-Fill-3/INFO] (Minecraft) [STDOUT]: [WG-CONTENT-WB] chunk(9,7) hash=bd340e38d4ce13f1 dh=29db67bd5515fbf4 nz=27975
[21:52:59] [CoreSwap-Fill-8/INFO] (Minecraft) [STDOUT]: [WG-CONTENT-WB] chunk(9,9) hash=bb01f45e8e84d836 dh=4678840447a3054d nz=26984
[21:52:59] [CoreSwap-Fill-10/INFO] (Minecraft) [STDOUT]: [WG-CONTENT-WB] chunk(9,10) hash=df537dae767caed7 dh=ca7dc1af556c59e6 nz=27600
[21:52:59] [CoreSwap-Fill-7/INFO] (Minecraft) [STDOUT]: [WG-CONTENT-WB] chunk(9,11) hash=155d18c8230a5fbe dh=37aa73eb5e8fe13e nz=28481
[21:52:59] [Server thread/INFO] (Minecraft) [Chunky] Task finished for minecraft:the_nether. Processed: 441 chunks (100.00%), Total time: 0:00:03
[21:53:10] [RCON Listener #1/INFO] (Minecraft) Thread RCON Client /127.0.0.1 started
[21:53:10] [RCON Client /127.0.0.1 #7/INFO] (Minecraft) Thread RCON Client /127.0.0.1 shutting down
[21:53:11] [RCON Listener #1/INFO] (Minecraft) Thread RCON Client /127.0.0.1 started
[21:53:11] [Server thread/INFO] (Minecraft) [Rcon: Stopping the server]
[21:53:11] [RCON Client /127.0.0.1 #8/INFO] (Minecraft) Thread RCON Client /127.0.0.1 shutting down
[21:53:11] [Server thread/INFO] (Minecraft) [STDOUT]: [WG-BULKWB] calls=625 sections_replaced=4815 air_sections_skipped=5185 idlist_hits=0 max_distinct=7 ns/section: build=107850 (incl. readPacket=3896) counts_set=87 ns/call(total)=859626 (per-section ns; compare against per-block setBlockState path)
[21:53:11] [Server thread/INFO] (Minecraft) [STDOUT]: [WG-PERBLOCK] calls=0 ns/call(total)=-1 (旧逐块路径写回分项，与 [WG-BULKWB] ns/call(total) 同仪器)
[21:53:11] [Server thread/INFO] (Minecraft) Stopping server
[21:53:11] [Server thread/INFO] (Minecraft) Saving players
[21:53:11] [Server thread/INFO] (Minecraft) Saving worlds
[21:53:12] [Server thread/INFO] (Minecraft) Saving chunks for level 'ServerLevel[world]'/minecraft:overworld
[21:53:15] [Server thread/INFO] (Minecraft) Saving chunks for level 'ServerLevel[world]'/minecraft:the_nether
[21:53:15] [Server thread/INFO] (Minecraft) Saving chunks for level 'ServerLevel[world]'/minecraft:the_end
[21:53:15] [Server thread/INFO] (Minecraft) ThreadedAnvilChunkStorage (world): All chunks are saved
[21:53:15] [Server thread/INFO] (Minecraft) ThreadedAnvilChunkStorage (DIM-1): All chunks are saved
[21:53:15] [Server thread/INFO] (Minecraft) ThreadedAnvilChunkStorage (DIM1): All chunks are saved
[21:53:15] [Server thread/INFO] (Minecraft) ThreadedAnvilChunkStorage: All dimensions are saved
[21:53:15] [Server thread/INFO] (Minecraft) Thread RCON Listener stopped

BUILD SUCCESSFUL in 1m 14s
6 actionable tasks: 1 executed, 5 up-to-date
