Starting a Gradle Daemon, 16 stopped Daemons could not be reused, use --status for details

> Configure project :
Fabric Loom: 1.10.5

> Configure project :content-test
Fabric Loom: 1.10.5

> Task :compileJava UP-TO-DATE
> Task :processResources UP-TO-DATE
> Task :classes UP-TO-DATE
> Task :generateLog4jConfig UP-TO-DATE
> Task :generateRemapClasspath UP-TO-DATE
> Task :generateDLIConfig UP-TO-DATE
> Task :configureLaunch UP-TO-DATE

> Task :runServer
[21:54:59] [main/INFO] (FabricLoader/GameProvider) Loading Minecraft 1.20.1 with Fabric Loader 0.15.11
[21:55:00] [main/INFO] (FabricLoader) Loading 48 mods:
	- chunky 1.3.146
	- coreswap 1.20.1-1.0.29
	- fabric-api 0.92.0+1.20.1
	- fabric-api-base 0.4.31+1802ada577
	- fabric-api-lookup-api-v1 1.6.36+1802ada577
	- fabric-biome-api-v1 13.0.13+1802ada577
	- fabric-block-api-v1 1.0.11+1802ada577
	- fabric-block-view-api-v2 1.0.1+1802ada577
	- fabric-command-api-v1 1.2.34+f71b366f77
	- fabric-command-api-v2 2.2.13+1802ada577
	- fabric-commands-v0 0.2.51+df3654b377
	- fabric-containers-v0 0.1.64+df3654b377
	- fabric-content-registries-v0 4.0.11+1802ada577
	- fabric-convention-tags-v1 1.5.5+1802ada577
	- fabric-crash-report-info-v1 0.2.19+1802ada577
	- fabric-data-attachment-api-v1 1.0.0+de0fd6d177
	- fabric-data-generation-api-v1 12.3.4+1802ada577
	- fabric-dimensions-v1 2.1.54+1802ada577
	- fabric-entity-events-v1 1.6.0+1c78457f77
	- fabric-events-interaction-v0 0.6.2+1802ada577
	- fabric-events-lifecycle-v0 0.2.63+df3654b377
	- fabric-game-rule-api-v1 1.0.40+1802ada577
	- fabric-gametest-api-v1 1.2.13+1802ada577
	- fabric-item-api-v1 2.1.28+1802ada577
	- fabric-item-group-api-v1 4.0.12+1802ada577
	- fabric-lifecycle-events-v1 2.2.22+1802ada577
	- fabric-loot-api-v2 1.2.1+1802ada577
	- fabric-loot-tables-v1 1.1.45+9e7660c677
	- fabric-message-api-v1 5.1.9+1802ada577
	- fabric-mining-level-api-v1 2.1.50+1802ada577
	- fabric-networking-api-v1 1.3.11+1802ada577
	- fabric-networking-v0 0.3.51+df3654b377
	- fabric-object-builder-api-v1 11.1.3+1802ada577
	- fabric-particles-v1 1.1.2+1802ada577
	- fabric-recipe-api-v1 1.0.21+1802ada577
	- fabric-registry-sync-v0 2.3.3+1802ada577
	- fabric-rendering-data-attachment-v1 0.3.37+92a0d36777
	- fabric-rendering-fluids-v1 3.0.28+1802ada577
	- fabric-resource-conditions-api-v1 2.3.8+1802ada577
	- fabric-resource-loader-v0 0.11.10+1802ada577
	- fabric-screen-handler-api-v1 1.3.30+1802ada577
	- fabric-transfer-api-v1 3.3.4+1802ada577
	- fabric-transitive-access-wideners-v1 4.3.1+1802ada577
	- fabricloader 0.15.11
	- java 17
	- minecraft 1.20.1
	- mixinextras 0.3.5
	- testcontent 1.0.0
[21:55:03] [main/INFO] (FabricLoader/Mixin) SpongePowered MIXIN Subsystem Version=0.8.5 Source=file:/E:/PYTHON/CoreSwap/.gradle-home/caches/modules-2/files-2.1/net.fabricmc/sponge-mixin/0.13.3+mixin.0.8.5/9527e6b0d2449408958fd1302594dc65ec5ade9c/sponge-mixin-0.13.3+mixin.0.8.5.jar Service=Knot/Fabric Env=SERVER
[21:55:03] [main/INFO] (FabricLoader/Mixin) Loaded Fabric development mappings for mixin remapper!
[21:55:03] [main/INFO] (FabricLoader/Mixin) Compatibility level set to JAVA_16
[21:55:03] [main/INFO] (FabricLoader/Mixin) Compatibility level set to JAVA_17
[21:55:03] [main/INFO] (FabricLoader/MixinExtras|Service) Initializing MixinExtras via com.llamalad7.mixinextras.service.MixinExtrasServiceImpl(version=0.3.5).
[21:55:05] [main/WARN] (WmiQueryHandler) COM exception querying Win32_Processor, which might not be on your system. Will not attempt to query it again. Error was -2147217405: (HRESULT: 80041003)
[21:55:05] [main/WARN] (WmiQueryHandler) COM exception querying Win32_Processor, which might not be on your system. Will not attempt to query it again. Error was -2147217405: (HRESULT: 80041003)
[21:55:05] [main/WARN] (WmiQueryHandler) COM exception querying Win32_VideoController, which might not be on your system. Will not attempt to query it again. Error was -2147217405: (HRESULT: 80041003)
[21:55:05] [main/WARN] (WmiQueryHandler) COM exception querying Win32_PhysicalMemory, which might not be on your system. Will not attempt to query it again. Error was -2147217405: (HRESULT: 80041003)
[21:55:13] [main/INFO] (Minecraft) [STDOUT]: [TestContent] registered testcontent:test_brick raw=1003 testcontent:test_lamp raw=1004
[21:55:13] [main/INFO] (Minecraft) Environment: authHost='https://authserver.mojang.com', accountsHost='https://api.mojang.com', sessionHost='https://sessionserver.mojang.com', servicesHost='https://api.minecraftservices.com', name='PROD'
[21:55:15] [main/INFO] (Minecraft) Loaded 7 recipes
[21:55:15] [main/INFO] (Minecraft) Loaded 1271 advancements
[21:55:15] [main/INFO] (BiomeModificationImpl) Applied 0 biome modifications to 0 of 64 new biomes in 2.359 ms
[21:55:15] [Server thread/INFO] (Minecraft) Starting minecraft server version 1.20.1
[21:55:15] [Server thread/INFO] (Minecraft) Loading properties
[21:55:15] [Server thread/INFO] (Minecraft) Default game type: SURVIVAL
[21:55:15] [Server thread/INFO] (Minecraft) Generating keypair
[21:55:15] [Server thread/INFO] (Minecraft) Starting Minecraft server on *:25565
[21:55:16] [Server thread/INFO] (Minecraft) Using default channel type
[21:55:16] [Server thread/INFO] (Minecraft) Preparing level "world"
[21:55:19] [Server thread/INFO] (Minecraft) Preparing start region for dimension minecraft:overworld
[21:55:19] [Worker-Main-12/INFO] (Minecraft) Preparing spawn area: 0%
[21:55:19] [Worker-Main-21/INFO] (Minecraft) Preparing spawn area: 0%
[21:55:20] [Worker-Main-8/INFO] (Minecraft) Preparing spawn area: 0%
[21:55:20] [Worker-Main-21/INFO] (Minecraft) Preparing spawn area: 2%
[21:55:21] [Worker-Main-8/INFO] (Minecraft) Preparing spawn area: 4%
[21:55:21] [Worker-Main-19/INFO] (Minecraft) Preparing spawn area: 9%
[21:55:22] [Worker-Main-15/INFO] (Minecraft) Preparing spawn area: 13%
[21:55:22] [Worker-Main-4/INFO] (Minecraft) Preparing spawn area: 18%
[21:55:23] [Worker-Main-9/INFO] (Minecraft) Preparing spawn area: 25%
[21:55:23] [Worker-Main-23/INFO] (Minecraft) Preparing spawn area: 33%
[21:55:24] [Worker-Main-14/INFO] (Minecraft) Preparing spawn area: 37%
[21:55:24] [Worker-Main-9/INFO] (Minecraft) Preparing spawn area: 42%
[21:55:25] [Worker-Main-1/INFO] (Minecraft) Preparing spawn area: 46%
[21:55:25] [Worker-Main-4/INFO] (Minecraft) Preparing spawn area: 54%
[21:55:26] [Worker-Main-4/INFO] (Minecraft) Preparing spawn area: 60%
[21:55:26] [Worker-Main-10/INFO] (Minecraft) Preparing spawn area: 69%
[21:55:27] [Worker-Main-17/INFO] (Minecraft) Preparing spawn area: 74%
[21:55:27] [Worker-Main-12/INFO] (Minecraft) Preparing spawn area: 83%
[21:55:28] [Worker-Main-8/INFO] (Minecraft) Preparing spawn area: 89%
[21:55:28] [Worker-Main-2/INFO] (Minecraft) Preparing spawn area: 94%
[21:55:28] [Server thread/INFO] (Minecraft) Time elapsed: 9762 ms
[21:55:28] [Server thread/INFO] (Minecraft) Done (12.238s)! For help, type "help"
[21:55:28] [Server thread/INFO] (Minecraft) Starting remote control listener
[21:55:28] [Server thread/INFO] (Minecraft) Thread RCON Listener started
[21:55:28] [Server thread/INFO] (Minecraft) RCON running on 0.0.0.0:25575
[21:55:28] [Server thread/INFO] (Minecraft) [STDOUT]: [CppBridge] init seed=417950215108767439 worldgenDir=E:\PYTHON\CoreSwap\versions\1.20.1\data\worldgen enabled=true stageMask=3 env.CORESWAP_DEFAULT_BLOCK=null
[21:55:28] [Server thread/INFO] (Minecraft) [STDOUT]: [CppBridge] dll=E:\PYTHON\CoreSwap\.tmp\java-tmp\coreswap-native\worldgen.dll size=2457600 sha256=838e89794a54e19d...
[21:55:28] [Server thread/INFO] (Minecraft) [STDOUT]: [CppBridge] initNether seed=417950215108767439 enabled=true stageMask=3
[21:55:28] [Server thread/INFO] (Minecraft) [STDOUT]: [CppBridge] initEnd seed=417950215108767439 enabled=true stageMask=3
[21:55:28] [Server thread/INFO] (Minecraft) [STDOUT]: [BenchMod] CoreSwap replace mode: C++ worldgen active
[21:55:38] [RCON Listener #1/INFO] (Minecraft) Thread RCON Client /127.0.0.1 started
[21:55:38] [RCON Client /127.0.0.1 #2/INFO] (Minecraft) Thread RCON Client /127.0.0.1 shutting down
[21:55:39] [RCON Listener #1/INFO] (Minecraft) Thread RCON Client /127.0.0.1 started
[21:55:39] [RCON Client /127.0.0.1 #3/INFO] (Minecraft) Thread RCON Client /127.0.0.1 shutting down
[21:55:39] [RCON Listener #1/INFO] (Minecraft) Thread RCON Client /127.0.0.1 started
[21:55:39] [RCON Client /127.0.0.1 #4/INFO] (Minecraft) Thread RCON Client /127.0.0.1 shutting down
[21:55:41] [RCON Listener #1/INFO] (Minecraft) Thread RCON Client /127.0.0.1 started
[21:55:41] [RCON Client /127.0.0.1 #5/INFO] (Minecraft) Thread RCON Client /127.0.0.1 shutting down
[21:55:41] [RCON Listener #1/INFO] (Minecraft) Thread RCON Client /127.0.0.1 started
[21:55:41] [RCON Client /127.0.0.1 #6/INFO] (Minecraft) Thread RCON Client /127.0.0.1 shutting down
[21:55:41] [Worker-Main-8/INFO] (Minecraft) [STDOUT]: [WG-EXEC] mode=own-pool pool=10 queue=128 rejectedPolicy=CallerRuns logical=24 syncfill=false
[21:55:41] [CoreSwap-Fill-9/INFO] (Minecraft) [STDOUT]: [WG-BULKWB] state_ids_size=24137 idlist_bits=15 (bulk section writeback active; ARRAY<=4bit, BI_MAP 5-8bit, ID_LIST=above)
[21:55:41] [CoreSwap-Fill-9/INFO] (Minecraft) [STDOUT]: [WG-CONTENT-WB] chunk(-12,-4) hash=9c735bed0a722325 dh=a09d945a1cd8d6e5 nz=0
[21:55:41] [CoreSwap-Fill-4/INFO] (Minecraft) [STDOUT]: [WG-CONTENT-WB] chunk(-12,-9) hash=9c735bed0a722325 dh=a09d945a1cd8d6e5 nz=0
[21:55:41] [CoreSwap-Fill-6/INFO] (Minecraft) [STDOUT]: [WG-CONTENT-WB] chunk(-12,-10) hash=9c735bed0a722325 dh=a09d945a1cd8d6e5 nz=0
[21:55:41] [CoreSwap-Fill-7/INFO] (Minecraft) [STDOUT]: [WG-CONTENT-WB] chunk(-11,-6) hash=9c735bed0a722325 dh=a09d945a1cd8d6e5 nz=0
[21:55:41] [CoreSwap-Fill-10/INFO] (Minecraft) [STDOUT]: [WG-CONTENT-WB] chunk(-12,-8) hash=9c735bed0a722325 dh=a09d945a1cd8d6e5 nz=0
[21:55:41] [CoreSwap-Fill-5/INFO] (Minecraft) [STDOUT]: [WG-CONTENT-WB] chunk(-11,-7) hash=9c735bed0a722325 dh=a09d945a1cd8d6e5 nz=0
[21:55:41] [CoreSwap-Fill-1/INFO] (Minecraft) [STDOUT]: [WG-CONTENT-WB] chunk(-11,-9) hash=9c735bed0a722325 dh=a09d945a1cd8d6e5 nz=0
[21:55:41] [CoreSwap-Fill-8/INFO] (Minecraft) [STDOUT]: [WG-CONTENT-WB] chunk(-11,-10) hash=9c735bed0a722325 dh=a09d945a1cd8d6e5 nz=0
[21:55:41] [CoreSwap-Fill-2/INFO] (Minecraft) [STDOUT]: [WG-CONTENT-WB] chunk(-11,-8) hash=9c735bed0a722325 dh=a09d945a1cd8d6e5 nz=0
[21:55:41] [CoreSwap-Fill-3/INFO] (Minecraft) [STDOUT]: [WG-CONTENT-WB] chunk(-12,-5) hash=9c735bed0a722325 dh=a09d945a1cd8d6e5 nz=0
[21:55:41] [CoreSwap-Fill-9/INFO] (Minecraft) [STDOUT]: [WG-CONTENT-WB] chunk(-11,-4) hash=9c735bed0a722325 dh=a09d945a1cd8d6e5 nz=0
[21:55:41] [CoreSwap-Fill-2/INFO] (Minecraft) [STDOUT]: [WG-CONTENT-WB] chunk(-12,-7) hash=9c735bed0a722325 dh=a09d945a1cd8d6e5 nz=0
[21:55:41] [CoreSwap-Fill-6/INFO] (Minecraft) [STDOUT]: [WG-CONTENT-WB] chunk(-12,-6) hash=9c735bed0a722325 dh=a09d945a1cd8d6e5 nz=0
[21:55:41] [CoreSwap-Fill-5/INFO] (Minecraft) [STDOUT]: [WG-CONTENT-WB] chunk(-10,-10) hash=9c735bed0a722325 dh=a09d945a1cd8d6e5 nz=0
[21:55:41] [CoreSwap-Fill-8/INFO] (Minecraft) [STDOUT]: [WG-CONTENT-WB] chunk(-10,-9) hash=9c735bed0a722325 dh=a09d945a1cd8d6e5 nz=0
[21:55:41] [CoreSwap-Fill-7/INFO] (Minecraft) [STDOUT]: [WG-CONTENT-WB] chunk(-11,-2) hash=9c735bed0a722325 dh=a09d945a1cd8d6e5 nz=0
[21:55:41] [CoreSwap-Fill-3/INFO] (Minecraft) [STDOUT]: [WG-CONTENT-WB] chunk(-11,-5) hash=9c735bed0a722325 dh=a09d945a1cd8d6e5 nz=0
[21:55:41] [CoreSwap-Fill-4/INFO] (Minecraft) [STDOUT]: [WG-CONTENT-WB] chunk(-12,-2) hash=9c735bed0a722325 dh=a09d945a1cd8d6e5 nz=0
[21:55:41] [CoreSwap-Fill-1/INFO] (Minecraft) [STDOUT]: [WG-CONTENT-WB] chunk(-12,-3) hash=9c735bed0a722325 dh=a09d945a1cd8d6e5 nz=0
[21:55:41] [CoreSwap-Fill-9/INFO] (Minecraft) [STDOUT]: [WG-CONTENT-WB] chunk(-10,-8) hash=9c735bed0a722325 dh=a09d945a1cd8d6e5 nz=0
[21:55:41] [CoreSwap-Fill-10/INFO] (Minecraft) [STDOUT]: [WG-CONTENT-WB] chunk(-11,-3) hash=9c735bed0a722325 dh=a09d945a1cd8d6e5 nz=0
[21:55:41] [CoreSwap-Fill-2/INFO] (Minecraft) [STDOUT]: [WG-CONTENT-WB] chunk(-10,-7) hash=9c735bed0a722325 dh=a09d945a1cd8d6e5 nz=0
[21:55:41] [CoreSwap-Fill-9/INFO] (Minecraft) [STDOUT]: [WG-CONTENT-WB] chunk(-13,-6) hash=9c735bed0a722325 dh=a09d945a1cd8d6e5 nz=0
[21:55:41] [CoreSwap-Fill-8/INFO] (Minecraft) [STDOUT]: [WG-CONTENT-WB] chunk(-11,-11) hash=9c735bed0a722325 dh=a09d945a1cd8d6e5 nz=0
[21:55:41] [CoreSwap-Fill-2/INFO] (Minecraft) [STDOUT]: [WG-CONTENT-WB] chunk(-13,-4) hash=9c735bed0a722325 dh=a09d945a1cd8d6e5 nz=0
[21:55:41] [CoreSwap-Fill-10/INFO] (Minecraft) [STDOUT]: [WG-CONTENT-WB] chunk(-13,-5) hash=9c735bed0a722325 dh=a09d945a1cd8d6e5 nz=0
[21:55:41] [CoreSwap-Fill-6/INFO] (Minecraft) [STDOUT]: [WG-CONTENT-WB] chunk(-13,-11) hash=9c735bed0a722325 dh=a09d945a1cd8d6e5 nz=0
[21:55:41] [CoreSwap-Fill-3/INFO] (Minecraft) [STDOUT]: [WG-CONTENT-WB] chunk(-13,-9) hash=9c735bed0a722325 dh=a09d945a1cd8d6e5 nz=0
[21:55:41] [CoreSwap-Fill-7/INFO] (Minecraft) [STDOUT]: [WG-CONTENT-WB] chunk(-13,-10) hash=9c735bed0a722325 dh=a09d945a1cd8d6e5 nz=0
[21:55:41] [CoreSwap-Fill-5/INFO] (Minecraft) [STDOUT]: [WG-CONTENT-WB] chunk(-12,-11) hash=9c735bed0a722325 dh=a09d945a1cd8d6e5 nz=0
[21:55:41] [CoreSwap-Fill-1/INFO] (Minecraft) [STDOUT]: [WG-CONTENT-WB] chunk(-13,-7) hash=9c735bed0a722325 dh=a09d945a1cd8d6e5 nz=0
[21:55:41] [CoreSwap-Fill-4/INFO] (Minecraft) [STDOUT]: [WG-CONTENT-WB] chunk(-13,-8) hash=9c735bed0a722325 dh=a09d945a1cd8d6e5 nz=0
[21:55:41] [CoreSwap-Fill-9/INFO] (Minecraft) [STDOUT]: [WG-CONTENT-WB] chunk(-13,-3) hash=9c735bed0a722325 dh=a09d945a1cd8d6e5 nz=0
[21:55:41] [CoreSwap-Fill-8/INFO] (Minecraft) [STDOUT]: [WG-CONTENT-WB] chunk(-13,-2) hash=9c735bed0a722325 dh=a09d945a1cd8d6e5 nz=0
[21:55:41] [CoreSwap-Fill-2/INFO] (Minecraft) [STDOUT]: [WG-CONTENT-WB] chunk(-13,-1) hash=9c735bed0a722325 dh=a09d945a1cd8d6e5 nz=0
[21:55:41] [CoreSwap-Fill-10/INFO] (Minecraft) [STDOUT]: [WG-CONTENT-WB] chunk(-12,-1) hash=9c735bed0a722325 dh=a09d945a1cd8d6e5 nz=0
[21:55:41] [CoreSwap-Fill-6/INFO] (Minecraft) [STDOUT]: [WG-CONTENT-WB] chunk(-11,-1) hash=9c735bed0a722325 dh=a09d945a1cd8d6e5 nz=0
[21:55:41] [CoreSwap-Fill-3/INFO] (Minecraft) [STDOUT]: [WG-CONTENT-WB] chunk(-10,-11) hash=9c735bed0a722325 dh=a09d945a1cd8d6e5 nz=0
[21:55:41] [CoreSwap-Fill-7/INFO] (Minecraft) [STDOUT]: [WG-CONTENT-WB] chunk(-10,-6) hash=9c735bed0a722325 dh=a09d945a1cd8d6e5 nz=0
[21:55:41] [CoreSwap-Fill-5/INFO] (Minecraft) [STDOUT]: [WG-CONTENT-WB] chunk(-10,-5) hash=9c735bed0a722325 dh=a09d945a1cd8d6e5 nz=0
[21:55:41] [CoreSwap-Fill-4/INFO] (Minecraft) [STDOUT]: [WG-CONTENT-WB] chunk(-10,-3) hash=9c735bed0a722325 dh=a09d945a1cd8d6e5 nz=0
[21:55:41] [CoreSwap-Fill-1/INFO] (Minecraft) [STDOUT]: [WG-CONTENT-WB] chunk(-10,-4) hash=9c735bed0a722325 dh=a09d945a1cd8d6e5 nz=0
[21:55:41] [CoreSwap-Fill-9/INFO] (Minecraft) [STDOUT]: [WG-CONTENT-WB] chunk(-10,-2) hash=9c735bed0a722325 dh=a09d945a1cd8d6e5 nz=0
[21:55:41] [CoreSwap-Fill-8/INFO] (Minecraft) [STDOUT]: [WG-CONTENT-WB] chunk(-10,-1) hash=9c735bed0a722325 dh=a09d945a1cd8d6e5 nz=0
[21:55:41] [CoreSwap-Fill-2/INFO] (Minecraft) [STDOUT]: [WG-CONTENT-WB] chunk(-9,-11) hash=9c735bed0a722325 dh=a09d945a1cd8d6e5 nz=0
[21:55:41] [CoreSwap-Fill-6/INFO] (Minecraft) [STDOUT]: [WG-CONTENT-WB] chunk(-9,-9) hash=9c735bed0a722325 dh=a09d945a1cd8d6e5 nz=0
[21:55:41] [CoreSwap-Fill-10/INFO] (Minecraft) [STDOUT]: [WG-CONTENT-WB] chunk(-9,-10) hash=9c735bed0a722325 dh=a09d945a1cd8d6e5 nz=0
[21:55:41] [CoreSwap-Fill-3/INFO] (Minecraft) [STDOUT]: [WG-CONTENT-WB] chunk(-9,-8) hash=9c735bed0a722325 dh=a09d945a1cd8d6e5 nz=0
[21:55:41] [CoreSwap-Fill-4/INFO] (Minecraft) [STDOUT]: [WG-CONTENT-WB] chunk(-14,-12) hash=9c735bed0a722325 dh=a09d945a1cd8d6e5 nz=0
[21:55:41] [CoreSwap-Fill-9/INFO] (Minecraft) [STDOUT]: [WG-CONTENT-WB] chunk(-14,-11) hash=9c735bed0a722325 dh=a09d945a1cd8d6e5 nz=0
[21:55:41] [CoreSwap-Fill-8/INFO] (Minecraft) [STDOUT]: [WG-CONTENT-WB] chunk(-12,-12) hash=9c735bed0a722325 dh=a09d945a1cd8d6e5 nz=0
[21:55:41] [CoreSwap-Fill-1/INFO] (Minecraft) [STDOUT]: [WG-CONTENT-WB] chunk(-13,-12) hash=9c735bed0a722325 dh=a09d945a1cd8d6e5 nz=0
[21:55:41] [CoreSwap-Fill-2/INFO] (Minecraft) [STDOUT]: [WG-CONTENT-WB] chunk(-11,-12) hash=9c735bed0a722325 dh=a09d945a1cd8d6e5 nz=0
[21:55:41] [CoreSwap-Fill-3/INFO] (Minecraft) [STDOUT]: [WG-CONTENT-WB] chunk(-14,-8) hash=9c735bed0a722325 dh=a09d945a1cd8d6e5 nz=0
[21:55:41] [CoreSwap-Fill-5/INFO] (Minecraft) [STDOUT]: [WG-CONTENT-WB] chunk(-9,-6) hash=33edab9716fce206 dh=6f1dd9d1e6ddf698 nz=95
[21:55:41] [CoreSwap-Fill-4/INFO] (Minecraft) [STDOUT]: [WG-CONTENT-WB] chunk(-14,-7) hash=9c735bed0a722325 dh=a09d945a1cd8d6e5 nz=0
[21:55:41] [CoreSwap-Fill-10/INFO] (Minecraft) [STDOUT]: [WG-CONTENT-WB] chunk(-14,-9) hash=9c735bed0a722325 dh=a09d945a1cd8d6e5 nz=0
[21:55:41] [CoreSwap-Fill-6/INFO] (Minecraft) [STDOUT]: [WG-CONTENT-WB] chunk(-14,-10) hash=9c735bed0a722325 dh=a09d945a1cd8d6e5 nz=0
[21:55:41] [CoreSwap-Fill-2/INFO] (Minecraft) [STDOUT]: [WG-CONTENT-WB] chunk(-14,-3) hash=9c735bed0a722325 dh=a09d945a1cd8d6e5 nz=0
[21:55:41] [CoreSwap-Fill-8/INFO] (Minecraft) [STDOUT]: [WG-CONTENT-WB] chunk(-14,-5) hash=9c735bed0a722325 dh=a09d945a1cd8d6e5 nz=0
[21:55:41] [CoreSwap-Fill-1/INFO] (Minecraft) [STDOUT]: [WG-CONTENT-WB] chunk(-14,-4) hash=9c735bed0a722325 dh=a09d945a1cd8d6e5 nz=0
[21:55:41] [CoreSwap-Fill-9/INFO] (Minecraft) [STDOUT]: [WG-CONTENT-WB] chunk(-14,-6) hash=9c735bed0a722325 dh=a09d945a1cd8d6e5 nz=0
[21:55:41] [CoreSwap-Fill-7/INFO] (Minecraft) [STDOUT]: [WG-CONTENT-WB] chunk(-9,-7) hash=5bcacfa06efb7bf6 dh=777b3f6d940eeb28 nz=71
[21:55:41] [CoreSwap-Fill-3/INFO] (Minecraft) [STDOUT]: [WG-CONTENT-WB] chunk(-14,-2) hash=9c735bed0a722325 dh=a09d945a1cd8d6e5 nz=0
[21:55:41] [CoreSwap-Fill-3/INFO] (Minecraft) [STDOUT]: [WG-CONTENT-WB] chunk(-9,-4) hash=9c735bed0a722325 dh=a09d945a1cd8d6e5 nz=0
[21:55:41] [CoreSwap-Fill-5/INFO] (Minecraft) [STDOUT]: [WG-CONTENT-WB] chunk(-14,-1) hash=9c735bed0a722325 dh=a09d945a1cd8d6e5 nz=0
[21:55:41] [CoreSwap-Fill-4/INFO] (Minecraft) [STDOUT]: [WG-CONTENT-WB] chunk(-14,0) hash=9c735bed0a722325 dh=a09d945a1cd8d6e5 nz=0
[21:55:41] [CoreSwap-Fill-10/INFO] (Minecraft) [STDOUT]: [WG-CONTENT-WB] chunk(-13,0) hash=9c735bed0a722325 dh=a09d945a1cd8d6e5 nz=0
[21:55:41] [CoreSwap-Fill-6/INFO] (Minecraft) [STDOUT]: [WG-CONTENT-WB] chunk(-12,0) hash=9c735bed0a722325 dh=a09d945a1cd8d6e5 nz=0
[21:55:41] [CoreSwap-Fill-2/INFO] (Minecraft) [STDOUT]: [WG-CONTENT-WB] chunk(-11,0) hash=9c735bed0a722325 dh=a09d945a1cd8d6e5 nz=0
[21:55:41] [CoreSwap-Fill-7/INFO] (Minecraft) [STDOUT]: [WG-CONTENT-WB] chunk(-9,-5) hash=9c735bed0a722325 dh=a09d945a1cd8d6e5 nz=0
[21:55:41] [CoreSwap-Fill-1/INFO] (Minecraft) [STDOUT]: [WG-CONTENT-WB] chunk(-10,0) hash=9c735bed0a722325 dh=a09d945a1cd8d6e5 nz=0
[21:55:41] [CoreSwap-Fill-8/INFO] (Minecraft) [STDOUT]: [WG-CONTENT-WB] chunk(-10,-12) hash=9c735bed0a722325 dh=a09d945a1cd8d6e5 nz=0
[21:55:41] [CoreSwap-Fill-9/INFO] (Minecraft) [STDOUT]: [WG-CONTENT-WB] chunk(-9,-12) hash=9c735bed0a722325 dh=a09d945a1cd8d6e5 nz=0
[21:55:41] [CoreSwap-Fill-3/INFO] (Minecraft) [STDOUT]: [WG-CONTENT-WB] chunk(-9,-3) hash=9c735bed0a722325 dh=a09d945a1cd8d6e5 nz=0
[21:55:41] [CoreSwap-Fill-5/INFO] (Minecraft) [STDOUT]: [WG-CONTENT-WB] chunk(-9,-2) hash=9c735bed0a722325 dh=a09d945a1cd8d6e5 nz=0
[21:55:41] [CoreSwap-Fill-4/INFO] (Minecraft) [STDOUT]: [WG-CONTENT-WB] chunk(-9,-1) hash=9c735bed0a722325 dh=a09d945a1cd8d6e5 nz=0
[21:55:41] [CoreSwap-Fill-10/INFO] (Minecraft) [STDOUT]: [WG-CONTENT-WB] chunk(-9,0) hash=9c735bed0a722325 dh=a09d945a1cd8d6e5 nz=0
[21:55:41] [CoreSwap-Fill-6/INFO] (Minecraft) [STDOUT]: [WG-CONTENT-WB] chunk(-8,-12) hash=9c735bed0a722325 dh=a09d945a1cd8d6e5 nz=0
[21:55:41] [CoreSwap-Fill-2/INFO] (Minecraft) [STDOUT]: [WG-CONTENT-WB] chunk(-8,-11) hash=9c735bed0a722325 dh=a09d945a1cd8d6e5 nz=0
[21:55:41] [CoreSwap-Fill-1/INFO] (Minecraft) [STDOUT]: [WG-CONTENT-WB] chunk(-8,-9) hash=9c735bed0a722325 dh=a09d945a1cd8d6e5 nz=0
[21:55:41] [CoreSwap-Fill-7/INFO] (Minecraft) [STDOUT]: [WG-CONTENT-WB] chunk(-8,-10) hash=9c735bed0a722325 dh=a09d945a1cd8d6e5 nz=0
[21:55:41] [CoreSwap-Fill-9/INFO] (Minecraft) [STDOUT]: [WG-CONTENT-WB] chunk(-8,-8) hash=9c735bed0a722325 dh=a09d945a1cd8d6e5 nz=0
[21:55:41] [CoreSwap-Fill-4/INFO] (Minecraft) [STDOUT]: [WG-CONTENT-WB] chunk(-14,-13) hash=9c735bed0a722325 dh=a09d945a1cd8d6e5 nz=0
[21:55:41] [CoreSwap-Fill-10/INFO] (Minecraft) [STDOUT]: [WG-CONTENT-WB] chunk(-13,-13) hash=9c735bed0a722325 dh=a09d945a1cd8d6e5 nz=0
[21:55:41] [CoreSwap-Fill-6/INFO] (Minecraft) [STDOUT]: [WG-CONTENT-WB] chunk(-15,-13) hash=9c735bed0a722325 dh=a09d945a1cd8d6e5 nz=0
[21:55:41] [CoreSwap-Fill-3/INFO] (Minecraft) [STDOUT]: [WG-CONTENT-WB] chunk(-8,-6) hash=92c1ed82d3ca2df5 dh=284281e7688cc919 nz=1376
[21:55:41] [CoreSwap-Fill-2/INFO] (Minecraft) [STDOUT]: [WG-CONTENT-WB] chunk(-15,-12) hash=9c735bed0a722325 dh=a09d945a1cd8d6e5 nz=0
[21:55:41] [CoreSwap-Fill-1/INFO] (Minecraft) [STDOUT]: [WG-CONTENT-WB] chunk(-15,-11) hash=9c735bed0a722325 dh=a09d945a1cd8d6e5 nz=0
[21:55:41] [CoreSwap-Fill-7/INFO] (Minecraft) [STDOUT]: [WG-CONTENT-WB] chunk(-12,-13) hash=9c735bed0a722325 dh=a09d945a1cd8d6e5 nz=0
[21:55:41] [CoreSwap-Fill-4/INFO] (Minecraft) [STDOUT]: [WG-CONTENT-WB] chunk(-15,-10) hash=9c735bed0a722325 dh=a09d945a1cd8d6e5 nz=0
[21:55:41] [CoreSwap-Fill-9/INFO] (Minecraft) [STDOUT]: [WG-CONTENT-WB] chunk(-11,-13) hash=9c735bed0a722325 dh=a09d945a1cd8d6e5 nz=0
[21:55:41] [CoreSwap-Fill-5/INFO] (Minecraft) [STDOUT]: [WG-CONTENT-WB] chunk(-8,-5) hash=513b73694c257355 dh=3a0c0ecaa1a21c95 nz=80
[21:55:41] [CoreSwap-Fill-10/INFO] (Minecraft) [STDOUT]: [WG-CONTENT-WB] chunk(-15,-9) hash=9c735bed0a722325 dh=a09d945a1cd8d6e5 nz=0
[21:55:41] [CoreSwap-Fill-8/INFO] (Minecraft) [STDOUT]: [WG-CONTENT-WB] chunk(-8,-7) hash=9b72ce3aad91cc6e dh=46f38657fb6ebf00 nz=229
[21:55:41] [CoreSwap-Fill-6/INFO] (Minecraft) [STDOUT]: [WG-CONTENT-WB] chunk(-15,-8) hash=9c735bed0a722325 dh=a09d945a1cd8d6e5 nz=0
[21:55:41] [CoreSwap-Fill-3/INFO] (Minecraft) [STDOUT]: [WG-CONTENT-WB] chunk(-15,-7) hash=9c735bed0a722325 dh=a09d945a1cd8d6e5 nz=0
[21:55:41] [CoreSwap-Fill-1/INFO] (Minecraft) [STDOUT]: [WG-CONTENT-WB] chunk(-15,-5) hash=9c735bed0a722325 dh=a09d945a1cd8d6e5 nz=0
[21:55:41] [CoreSwap-Fill-5/INFO] (Minecraft) [STDOUT]: [WG-CONTENT-WB] chunk(-15,-1) hash=9c735bed0a722325 dh=a09d945a1cd8d6e5 nz=0
[21:55:41] [CoreSwap-Fill-2/INFO] (Minecraft) [STDOUT]: [WG-CONTENT-WB] chunk(-15,-6) hash=9c735bed0a722325 dh=a09d945a1cd8d6e5 nz=0
[21:55:41] [CoreSwap-Fill-7/INFO] (Minecraft) [STDOUT]: [WG-CONTENT-WB] chunk(-15,-4) hash=9c735bed0a722325 dh=a09d945a1cd8d6e5 nz=0
[21:55:41] [CoreSwap-Fill-4/INFO] (Minecraft) [STDOUT]: [WG-CONTENT-WB] chunk(-15,-3) hash=9c735bed0a722325 dh=a09d945a1cd8d6e5 nz=0
[21:55:41] [CoreSwap-Fill-9/INFO] (Minecraft) [STDOUT]: [WG-CONTENT-WB] chunk(-15,-2) hash=9c735bed0a722325 dh=a09d945a1cd8d6e5 nz=0
[21:55:41] [CoreSwap-Fill-10/INFO] (Minecraft) [STDOUT]: [WG-CONTENT-WB] chunk(-15,0) hash=9c735bed0a722325 dh=a09d945a1cd8d6e5 nz=0
[21:55:41] [CoreSwap-Fill-6/INFO] (Minecraft) [STDOUT]: [WG-CONTENT-WB] chunk(-14,1) hash=9c735bed0a722325 dh=a09d945a1cd8d6e5 nz=0
[21:55:41] [CoreSwap-Fill-8/INFO] (Minecraft) [STDOUT]: [WG-CONTENT-WB] chunk(-15,1) hash=9c735bed0a722325 dh=a09d945a1cd8d6e5 nz=0
[21:55:41] [CoreSwap-Fill-3/INFO] (Minecraft) [STDOUT]: [WG-CONTENT-WB] chunk(-13,1) hash=9c735bed0a722325 dh=a09d945a1cd8d6e5 nz=0
[21:55:41] [CoreSwap-Fill-1/INFO] (Minecraft) [STDOUT]: [WG-CONTENT-WB] chunk(-12,1) hash=9c735bed0a722325 dh=a09d945a1cd8d6e5 nz=0
[21:55:41] [CoreSwap-Fill-5/INFO] (Minecraft) [STDOUT]: [WG-CONTENT-WB] chunk(-11,1) hash=9c735bed0a722325 dh=a09d945a1cd8d6e5 nz=0
[21:55:41] [CoreSwap-Fill-2/INFO] (Minecraft) [STDOUT]: [WG-CONTENT-WB] chunk(-10,-13) hash=9c735bed0a722325 dh=a09d945a1cd8d6e5 nz=0
[21:55:41] [CoreSwap-Fill-9/INFO] (Minecraft) [STDOUT]: [WG-CONTENT-WB] chunk(-9,1) hash=9c735bed0a722325 dh=a09d945a1cd8d6e5 nz=0
[21:55:41] [CoreSwap-Fill-4/INFO] (Minecraft) [STDOUT]: [WG-CONTENT-WB] chunk(-9,-13) hash=9c735bed0a722325 dh=a09d945a1cd8d6e5 nz=0
[21:55:41] [CoreSwap-Fill-7/INFO] (Minecraft) [STDOUT]: [WG-CONTENT-WB] chunk(-10,1) hash=9c735bed0a722325 dh=a09d945a1cd8d6e5 nz=0
[21:55:41] [CoreSwap-Fill-10/INFO] (Minecraft) [STDOUT]: [WG-CONTENT-WB] chunk(-8,-13) hash=9c735bed0a722325 dh=a09d945a1cd8d6e5 nz=0
[21:55:41] [CoreSwap-Fill-6/INFO] (Minecraft) [STDOUT]: [WG-CONTENT-WB] chunk(-8,-4) hash=9c735bed0a722325 dh=a09d945a1cd8d6e5 nz=0
[21:55:41] [CoreSwap-Fill-3/INFO] (Minecraft) [STDOUT]: [WG-CONTENT-WB] chunk(-8,-2) hash=9c735bed0a722325 dh=a09d945a1cd8d6e5 nz=0
[21:55:41] [CoreSwap-Fill-1/INFO] (Minecraft) [STDOUT]: [WG-CONTENT-WB] chunk(-8,-1) hash=9c735bed0a722325 dh=a09d945a1cd8d6e5 nz=0
[21:55:41] [CoreSwap-Fill-8/INFO] (Minecraft) [STDOUT]: [WG-CONTENT-WB] chunk(-8,-3) hash=97fe8ac7d5dd26d5 dh=3338b0c48940d579 nz=4
[21:55:41] [CoreSwap-Fill-5/INFO] (Minecraft) [STDOUT]: [WG-CONTENT-WB] chunk(-8,0) hash=9c735bed0a722325 dh=a09d945a1cd8d6e5 nz=0
[21:55:41] [CoreSwap-Fill-9/INFO] (Minecraft) [STDOUT]: [WG-CONTENT-WB] chunk(-7,-13) hash=9c735bed0a722325 dh=a09d945a1cd8d6e5 nz=0
[21:55:41] [CoreSwap-Fill-7/INFO] (Minecraft) [STDOUT]: [WG-CONTENT-WB] chunk(-7,-11) hash=9c735bed0a722325 dh=a09d945a1cd8d6e5 nz=0
[21:55:41] [CoreSwap-Fill-2/INFO] (Minecraft) [STDOUT]: [WG-CONTENT-WB] chunk(-8,1) hash=9c735bed0a722325 dh=a09d945a1cd8d6e5 nz=0
[21:55:41] [CoreSwap-Fill-10/INFO] (Minecraft) [STDOUT]: [WG-CONTENT-WB] chunk(-7,-10) hash=9c735bed0a722325 dh=a09d945a1cd8d6e5 nz=0
[21:55:41] [CoreSwap-Fill-4/INFO] (Minecraft) [STDOUT]: [WG-CONTENT-WB] chunk(-7,-12) hash=9c735bed0a722325 dh=a09d945a1cd8d6e5 nz=0
[21:55:41] [CoreSwap-Fill-6/INFO] (Minecraft) [STDOUT]: [WG-CONTENT-WB] chunk(-7,-9) hash=9c735bed0a722325 dh=a09d945a1cd8d6e5 nz=0
[21:55:41] [CoreSwap-Fill-3/INFO] (Minecraft) [STDOUT]: [WG-CONTENT-WB] chunk(-7,-8) hash=9c735bed0a722325 dh=a09d945a1cd8d6e5 nz=0
[21:55:41] [CoreSwap-Fill-5/INFO] (Minecraft) [STDOUT]: [WG-CONTENT-WB] chunk(-7,-5) hash=81ce6e1ed1245e95 dh=7acf68977253ba51 nz=1484
[21:55:41] [CoreSwap-Fill-9/INFO] (Minecraft) [STDOUT]: [WG-CONTENT-WB] chunk(-7,-4) hash=11072cf744a208b6 dh=b6d3a6eec53ce5d6 nz=2015
[21:55:41] [CoreSwap-Fill-1/INFO] (Minecraft) [STDOUT]: [WG-CONTENT-WB] chunk(-7,-7) hash=451bcbce6856a46d dh=1fdc269b863ebc77 nz=10
[21:55:41] [CoreSwap-Fill-8/INFO] (Minecraft) [STDOUT]: [WG-CONTENT-WB] chunk(-7,-6) hash=365d56e5b8eb96bd dh=a404cab63d98f627 nz=1762
[21:55:41] [CoreSwap-Fill-7/INFO] (Minecraft) [STDOUT]: [WG-CONTENT-WB] chunk(-7,-3) hash=311bcfe3c68373f5 dh=e54ad0ce50d8ad5 nz=1784
[21:55:41] [CoreSwap-Fill-2/INFO] (Minecraft) [STDOUT]: [WG-CONTENT-WB] chunk(-7,-2) hash=5c6dc7cd1fea9abe dh=9411379fc3db29e nz=181
[21:55:41] [CoreSwap-Fill-10/INFO] (Minecraft) [STDOUT]: [WG-CONTENT-WB] chunk(-6,-10) hash=9c735bed0a722325 dh=a09d945a1cd8d6e5 nz=0
[21:55:41] [CoreSwap-Fill-6/INFO] (Minecraft) [STDOUT]: [WG-CONTENT-WB] chunk(-6,-8) hash=9c735bed0a722325 dh=a09d945a1cd8d6e5 nz=0
[21:55:41] [CoreSwap-Fill-4/INFO] (Minecraft) [STDOUT]: [WG-CONTENT-WB] chunk(-6,-9) hash=9c735bed0a722325 dh=a09d945a1cd8d6e5 nz=0
[21:55:41] [CoreSwap-Fill-3/INFO] (Minecraft) [STDOUT]: [WG-CONTENT-WB] chunk(-6,-7) hash=e516e14a292b9096 dh=24dafd0d527f7130 nz=1639
[21:55:41] [CoreSwap-Fill-5/INFO] (Minecraft) [STDOUT]: [WG-CONTENT-WB] chunk(-6,-6) hash=609b8d589dd81fdd dh=876346f9d15d21bf nz=8426
[21:55:41] [CoreSwap-Fill-8/INFO] (Minecraft) [STDOUT]: [WG-CONTENT-WB] chunk(-6,-3) hash=d71189b8b3c8820d dh=41743c5ea0766e0b nz=6362
[21:55:41] [CoreSwap-Fill-9/INFO] (Minecraft) [STDOUT]: [WG-CONTENT-WB] chunk(-6,-5) hash=5fb5f4d0b18426cd dh=9dafcdd8212e54d1 nz=8590
[21:55:41] [CoreSwap-Fill-7/INFO] (Minecraft) [STDOUT]: [WG-CONTENT-WB] chunk(-6,-2) hash=930fb62f92368db5 dh=2183eba145e24289 nz=6348
[21:55:41] [CoreSwap-Fill-1/INFO] (Minecraft) [STDOUT]: [WG-CONTENT-WB] chunk(-6,-4) hash=317aa68853129dd5 dh=ed79e43688973ba1 nz=8408
[21:55:41] [CoreSwap-Fill-10/INFO] (Minecraft) [STDOUT]: [WG-CONTENT-WB] chunk(-6,-11) hash=9c735bed0a722325 dh=a09d945a1cd8d6e5 nz=0
[21:55:41] [CoreSwap-Fill-2/INFO] (Minecraft) [STDOUT]: [WG-CONTENT-WB] chunk(-7,-1) hash=f348b52cd5a0f0e6 dh=4d98313933d6cb8 nz=47
[21:55:41] [CoreSwap-Fill-4/INFO] (Minecraft) [STDOUT]: [WG-CONTENT-WB] chunk(-5,-11) hash=9c735bed0a722325 dh=a09d945a1cd8d6e5 nz=0
[21:55:41] [CoreSwap-Fill-3/INFO] (Minecraft) [STDOUT]: [WG-CONTENT-WB] chunk(-5,-10) hash=9c735bed0a722325 dh=a09d945a1cd8d6e5 nz=0
[21:55:41] [CoreSwap-Fill-6/INFO] (Minecraft) [STDOUT]: [WG-CONTENT-WB] chunk(-6,-1) hash=11c79dfb30a8a6fd dh=75fc44ce84910ce9 nz=5822
[21:55:41] [CoreSwap-Fill-5/INFO] (Minecraft) [STDOUT]: [WG-CONTENT-WB] chunk(-5,-9) hash=9c735bed0a722325 dh=a09d945a1cd8d6e5 nz=0
[21:55:41] [CoreSwap-Fill-8/INFO] (Minecraft) [STDOUT]: [WG-CONTENT-WB] chunk(-5,-8) hash=9c735bed0a722325 dh=a09d945a1cd8d6e5 nz=0
[21:55:41] [Server thread/INFO] (Minecraft) [Chunky] Task running for minecraft:the_end. Processed: 53 chunks (12.02%), ETA: 0:00:00, Rate: 509.6 cps, Current: -8, -8
[21:55:41] [CoreSwap-Fill-9/INFO] (Minecraft) [STDOUT]: [WG-CONTENT-WB] chunk(-5,-7) hash=f3e9500c18c35ffe dh=cbd1d84233dc0dda nz=781
[21:55:41] [CoreSwap-Fill-5/INFO] (Minecraft) [STDOUT]: [WG-CONTENT-WB] chunk(-4,-10) hash=9c735bed0a722325 dh=a09d945a1cd8d6e5 nz=0
[21:55:41] [CoreSwap-Fill-7/INFO] (Minecraft) [STDOUT]: [WG-CONTENT-WB] chunk(-5,-6) hash=3d6cbd356de9d95e dh=10fc723a910ccd0 nz=8685
[21:55:41] [CoreSwap-Fill-6/INFO] (Minecraft) [STDOUT]: [WG-CONTENT-WB] chunk(-4,-11) hash=9c735bed0a722325 dh=a09d945a1cd8d6e5 nz=0
[21:55:41] [CoreSwap-Fill-2/INFO] (Minecraft) [STDOUT]: [WG-CONTENT-WB] chunk(-5,-3) hash=48759c1506d23c7e dh=a34f01d64342d74a nz=8557
[21:55:41] [CoreSwap-Fill-8/INFO] (Minecraft) [STDOUT]: [WG-CONTENT-WB] chunk(-4,-9) hash=9c735bed0a722325 dh=a09d945a1cd8d6e5 nz=0
[21:55:41] [CoreSwap-Fill-3/INFO] (Minecraft) [STDOUT]: [WG-CONTENT-WB] chunk(-5,-1) hash=f0348d4cebb0e77d dh=cae4abe39ac79c81 nz=9814
[21:55:41] [CoreSwap-Fill-6/INFO] (Minecraft) [STDOUT]: [WG-CONTENT-WB] chunk(-5,-12) hash=9c735bed0a722325 dh=a09d945a1cd8d6e5 nz=0
[21:55:41] [CoreSwap-Fill-1/INFO] (Minecraft) [STDOUT]: [WG-CONTENT-WB] chunk(-5,-5) hash=347f42fd26e942be dh=a68448081a4663ca nz=9885
[21:55:41] [CoreSwap-Fill-9/INFO] (Minecraft) [STDOUT]: [WG-CONTENT-WB] chunk(-7,0) hash=a6d4761f6525ddc6 dh=67c4b5204c62741c nz=3
[21:55:41] [CoreSwap-Fill-10/INFO] (Minecraft) [STDOUT]: [WG-CONTENT-WB] chunk(-5,-4) hash=1af16f8bf573d57e dh=fd74a8e38d0626ae nz=9685
[21:55:41] [CoreSwap-Fill-4/INFO] (Minecraft) [STDOUT]: [WG-CONTENT-WB] chunk(-5,-2) hash=e59411a7bde0824e dh=d27bb692b574f7da nz=9193
[21:55:41] [CoreSwap-Fill-5/INFO] (Minecraft) [STDOUT]: [WG-CONTENT-WB] chunk(-6,-12) hash=9c735bed0a722325 dh=a09d945a1cd8d6e5 nz=0
[21:55:41] [CoreSwap-Fill-8/INFO] (Minecraft) [STDOUT]: [WG-CONTENT-WB] chunk(-4,-12) hash=9c735bed0a722325 dh=a09d945a1cd8d6e5 nz=0
[21:55:41] [CoreSwap-Fill-7/INFO] (Minecraft) [STDOUT]: [WG-CONTENT-WB] chunk(-6,0) hash=34b974044ca5391e dh=67521fe8a14bb13e nz=5977
[21:55:41] [CoreSwap-Fill-3/INFO] (Minecraft) [STDOUT]: [WG-CONTENT-WB] chunk(-4,-8) hash=9c735bed0a722325 dh=a09d945a1cd8d6e5 nz=0
[21:55:41] [CoreSwap-Fill-6/INFO] (Minecraft) [STDOUT]: [WG-CONTENT-WB] chunk(-4,-7) hash=9c735bed0a722325 dh=a09d945a1cd8d6e5 nz=0
[21:55:41] [CoreSwap-Fill-2/INFO] (Minecraft) [STDOUT]: [WG-CONTENT-WB] chunk(-5,0) hash=b12dd580588d6fce dh=5d2fc79e6bfd6b72 nz=9885
[21:55:41] [CoreSwap-Fill-1/INFO] (Minecraft) [STDOUT]: [WG-CONTENT-WB] chunk(-4,-6) hash=2c850f66068ca2de dh=c9baf113021b9bf6 nz=1389
[21:55:41] [CoreSwap-Fill-9/INFO] (Minecraft) [STDOUT]: [WG-CONTENT-WB] chunk(-4,-5) hash=726c9ba56c93d1d5 dh=78d766b9ead879d nz=8840
[21:55:41] [CoreSwap-Fill-4/INFO] (Minecraft) [STDOUT]: [WG-CONTENT-WB] chunk(-4,-2) hash=508e36d63dce770e dh=b2f2d9e45e7e6c5a nz=10985
[21:55:41] [CoreSwap-Fill-5/INFO] (Minecraft) [STDOUT]: [WG-CONTENT-WB] chunk(-4,-3) hash=97ddd9149df3ed8d dh=5387aa174f47c659 nz=10610
[21:55:41] [CoreSwap-Fill-10/INFO] (Minecraft) [STDOUT]: [WG-CONTENT-WB] chunk(-4,-4) hash=c226ced8958faefd dh=32f7097a2dd9833 nz=10390
[21:55:41] [CoreSwap-Fill-8/INFO] (Minecraft) [STDOUT]: [WG-CONTENT-WB] chunk(-4,-1) hash=b457241173f7589e dh=cee01c083bb0b5b2 nz=11461
[21:55:41] [CoreSwap-Fill-7/INFO] (Minecraft) [STDOUT]: [WG-CONTENT-WB] chunk(-4,0) hash=c0aa383020372e1e dh=c80640460d0938e nz=11345
[21:55:41] [CoreSwap-Fill-3/INFO] (Minecraft) [STDOUT]: [WG-CONTENT-WB] chunk(-3,-10) hash=9c735bed0a722325 dh=a09d945a1cd8d6e5 nz=0
[21:55:41] [CoreSwap-Fill-6/INFO] (Minecraft) [STDOUT]: [WG-CONTENT-WB] chunk(-3,-11) hash=9c735bed0a722325 dh=a09d945a1cd8d6e5 nz=0
[21:55:41] [CoreSwap-Fill-2/INFO] (Minecraft) [STDOUT]: [WG-CONTENT-WB] chunk(-3,-12) hash=9c735bed0a722325 dh=a09d945a1cd8d6e5 nz=0
[21:55:41] [CoreSwap-Fill-1/INFO] (Minecraft) [STDOUT]: [WG-CONTENT-WB] chunk(-3,-9) hash=9c735bed0a722325 dh=a09d945a1cd8d6e5 nz=0
[21:55:41] [CoreSwap-Fill-9/INFO] (Minecraft) [STDOUT]: [WG-CONTENT-WB] chunk(-3,-8) hash=eeb59ccd34a458e dh=e2fff49c2cb160a2 nz=1
[21:55:41] [CoreSwap-Fill-4/INFO] (Minecraft) [STDOUT]: [WG-CONTENT-WB] chunk(-3,-7) hash=76aafe134c9e70f5 dh=46016e8d6dabf57 nz=2100
[21:55:41] [CoreSwap-Fill-5/INFO] (Minecraft) [STDOUT]: [WG-CONTENT-WB] chunk(-3,-6) hash=ea767b7a4b92b065 dh=b2a056da0c951879 nz=2844
[21:55:41] [CoreSwap-Fill-2/INFO] (Minecraft) [STDOUT]: [WG-CONTENT-WB] chunk(-2,-11) hash=9c735bed0a722325 dh=a09d945a1cd8d6e5 nz=0
[21:55:41] [CoreSwap-Fill-10/INFO] (Minecraft) [STDOUT]: [WG-CONTENT-WB] chunk(-3,-5) hash=8d207f28933580ad dh=b6f568c864db59 nz=8766
[21:55:41] [CoreSwap-Fill-1/INFO] (Minecraft) [STDOUT]: [WG-CONTENT-WB] chunk(-2,-10) hash=9c735bed0a722325 dh=a09d945a1cd8d6e5 nz=0
[21:55:41] [CoreSwap-Fill-9/INFO] (Minecraft) [STDOUT]: [WG-CONTENT-WB] chunk(-2,-9) hash=9c735bed0a722325 dh=a09d945a1cd8d6e5 nz=0
[21:55:41] [CoreSwap-Fill-8/INFO] (Minecraft) [STDOUT]: [WG-CONTENT-WB] chunk(-3,-4) hash=febb98f54c907b3e dh=14ef7d7f32af8612 nz=10801
[21:55:41] [CoreSwap-Fill-7/INFO] (Minecraft) [STDOUT]: [WG-CONTENT-WB] chunk(-3,-3) hash=a4641e01f8d728de dh=56be0026c700422a nz=11581
[21:55:41] [CoreSwap-Fill-3/INFO] (Minecraft) [STDOUT]: [WG-CONTENT-WB] chunk(-3,-2) hash=3ef107743b7ebdfd dh=e0d1d47d2b87151b nz=11870
[21:55:41] [CoreSwap-Fill-5/INFO] (Minecraft) [STDOUT]: [WG-CONTENT-WB] chunk(-2,-12) hash=9c735bed0a722325 dh=a09d945a1cd8d6e5 nz=0
[21:55:41] [CoreSwap-Fill-6/INFO] (Minecraft) [STDOUT]: [WG-CONTENT-WB] chunk(-3,-1) hash=b474b6d8573cc8c5 dh=e8713dc40e476009 nz=12276
[21:55:41] [CoreSwap-Fill-2/INFO] (Minecraft) [STDOUT]: [WG-CONTENT-WB] chunk(-2,-8) hash=9c735bed0a722325 dh=a09d945a1cd8d6e5 nz=0
[21:55:41] [CoreSwap-Fill-4/INFO] (Minecraft) [STDOUT]: [WG-CONTENT-WB] chunk(-3,0) hash=9c0c413eb09af625 dh=86278f72231b6451 nz=12236
[21:55:41] [CoreSwap-Fill-10/INFO] (Minecraft) [STDOUT]: [WG-CONTENT-WB] chunk(-2,-7) hash=158c423e051b635e dh=48a5b1e25c9fb3c0 nz=3837
[21:55:41] [CoreSwap-Fill-1/INFO] (Minecraft) [STDOUT]: [WG-CONTENT-WB] chunk(-2,-6) hash=bb390ba3fa93b266 dh=e228cbf1abb2a87e nz=9115
[21:55:41] [CoreSwap-Fill-9/INFO] (Minecraft) [STDOUT]: [WG-CONTENT-WB] chunk(-2,-5) hash=3fbcba21f84ea436 dh=c8b6a5b08e25400 nz=10175
[21:55:41] [CoreSwap-Fill-8/INFO] (Minecraft) [STDOUT]: [WG-CONTENT-WB] chunk(-2,-4) hash=34cb7f7f1c7b84ad dh=72782f3c5e426b43 nz=11318
[21:55:41] [CoreSwap-Fill-4/INFO] (Minecraft) [STDOUT]: [WG-CONTENT-WB] chunk(-1,-11) hash=9c735bed0a722325 dh=a09d945a1cd8d6e5 nz=0
[21:55:41] [CoreSwap-Fill-10/INFO] (Minecraft) [STDOUT]: [WG-CONTENT-WB] chunk(-1,-12) hash=9c735bed0a722325 dh=a09d945a1cd8d6e5 nz=0
[21:55:41] [CoreSwap-Fill-2/INFO] (Minecraft) [STDOUT]: [WG-CONTENT-WB] chunk(-1,-10) hash=9c735bed0a722325 dh=a09d945a1cd8d6e5 nz=0
[21:55:41] [CoreSwap-Fill-7/INFO] (Minecraft) [STDOUT]: [WG-CONTENT-WB] chunk(-2,-3) hash=e17b4ad0f8dc54b5 dh=16dd4db471227f59 nz=12472
[21:55:41] [CoreSwap-Fill-3/INFO] (Minecraft) [STDOUT]: [WG-CONTENT-WB] chunk(-2,-2) hash=85bf301c4ffab9de dh=4b3854153c00a560 nz=12717
[21:55:41] [CoreSwap-Fill-6/INFO] (Minecraft) [STDOUT]: [WG-CONTENT-WB] chunk(-2,0) hash=b51744c7b04bfac6 dh=a02009aea134a42a nz=12739
[21:55:41] [CoreSwap-Fill-1/INFO] (Minecraft) [STDOUT]: [WG-CONTENT-WB] chunk(-1,-9) hash=9c735bed0a722325 dh=a09d945a1cd8d6e5 nz=0
[21:55:41] [CoreSwap-Fill-9/INFO] (Minecraft) [STDOUT]: [WG-CONTENT-WB] chunk(-1,-8) hash=9c735bed0a722325 dh=a09d945a1cd8d6e5 nz=0
[21:55:41] [CoreSwap-Fill-5/INFO] (Minecraft) [STDOUT]: [WG-CONTENT-WB] chunk(-2,-1) hash=a1f020634cb2fa2e dh=1aad5cc2833a490 nz=12725
[21:55:41] [CoreSwap-Fill-4/INFO] (Minecraft) [STDOUT]: [WG-CONTENT-WB] chunk(-6,-13) hash=9c735bed0a722325 dh=a09d945a1cd8d6e5 nz=0
[21:55:41] [CoreSwap-Fill-8/INFO] (Minecraft) [STDOUT]: [WG-CONTENT-WB] chunk(-7,1) hash=36183df0815646d6 dh=ca18d5dcec254dea nz=875
[21:55:41] [CoreSwap-Fill-2/INFO] (Minecraft) [STDOUT]: [WG-CONTENT-WB] chunk(-5,-13) hash=9c735bed0a722325 dh=a09d945a1cd8d6e5 nz=0
[21:55:41] [CoreSwap-Fill-10/INFO] (Minecraft) [STDOUT]: [WG-CONTENT-WB] chunk(-6,1) hash=7521fc7e04976e56 dh=7b6d15479163269c nz=7851
[21:55:41] [CoreSwap-Fill-7/INFO] (Minecraft) [STDOUT]: [WG-CONTENT-WB] chunk(-5,1) hash=c041d7437e06bd9e dh=4d1d1b6b7a0a5586 nz=9913
[21:55:41] [CoreSwap-Fill-3/INFO] (Minecraft) [STDOUT]: [WG-CONTENT-WB] chunk(-4,-13) hash=9c735bed0a722325 dh=a09d945a1cd8d6e5 nz=0
[21:55:41] [CoreSwap-Fill-1/INFO] (Minecraft) [STDOUT]: [WG-CONTENT-WB] chunk(-1,-7) hash=a4c4fc7d4cddbcde dh=ea79e7d9cc1da320 nz=1041
[21:55:41] [CoreSwap-Fill-9/INFO] (Minecraft) [STDOUT]: [WG-CONTENT-WB] chunk(-1,-6) hash=b9d28f77ff2935bd dh=36d88937107818b3 nz=8410
[21:55:41] [CoreSwap-Fill-6/INFO] (Minecraft) [STDOUT]: [WG-CONTENT-WB] chunk(-4,1) hash=cdc31d566d7f4a0d dh=b6ddfbc6b514aec7 nz=10842
[21:55:41] [CoreSwap-Fill-7/INFO] (Minecraft) [STDOUT]: [WG-CONTENT-WB] chunk(0,-11) hash=9c735bed0a722325 dh=a09d945a1cd8d6e5 nz=0
[21:55:41] [CoreSwap-Fill-3/INFO] (Minecraft) [STDOUT]: [WG-CONTENT-WB] chunk(0,-10) hash=9c735bed0a722325 dh=a09d945a1cd8d6e5 nz=0
[21:55:41] [CoreSwap-Fill-5/INFO] (Minecraft) [STDOUT]: [WG-CONTENT-WB] chunk(-1,-5) hash=b0bb1d3ee2511fc6 dh=caab068dedf80474 nz=10171
[21:55:41] [CoreSwap-Fill-2/INFO] (Minecraft) [STDOUT]: [WG-CONTENT-WB] chunk(-1,-2) hash=e900f25f6512c7ce dh=425aeaac69778e14 nz=13133
[21:55:42] [CoreSwap-Fill-1/INFO] (Minecraft) [STDOUT]: [WG-CONTENT-WB] chunk(0,-9) hash=9c735bed0a722325 dh=a09d945a1cd8d6e5 nz=0
[21:55:42] [CoreSwap-Fill-4/INFO] (Minecraft) [STDOUT]: [WG-CONTENT-WB] chunk(-1,-4) hash=21a4bda1fdd90cde dh=2334f4529731c596 nz=11129
[21:55:42] [CoreSwap-Fill-8/INFO] (Minecraft) [STDOUT]: [WG-CONTENT-WB] chunk(-1,-3) hash=f5f26d40fc5dade5 dh=dd5c574ec7b18519 nz=12248
[21:55:42] [CoreSwap-Fill-9/INFO] (Minecraft) [STDOUT]: [WG-CONTENT-WB] chunk(0,-8) hash=9c735bed0a722325 dh=a09d945a1cd8d6e5 nz=0
[21:55:42] [CoreSwap-Fill-10/INFO] (Minecraft) [STDOUT]: [WG-CONTENT-WB] chunk(-1,-1) hash=4d7cf45a33f24b6e dh=149bc66cfb38ba30 nz=13149
[21:55:42] [CoreSwap-Fill-7/INFO] (Minecraft) [STDOUT]: [WG-CONTENT-WB] chunk(0,-7) hash=666ede2d5b26a97d dh=7c863ef9bf74d4c3 nz=6
[21:55:42] [CoreSwap-Fill-6/INFO] (Minecraft) [STDOUT]: [WG-CONTENT-WB] chunk(0,-6) hash=c52543ff192a5a9e dh=833a63677b9faa4a nz=4509
[21:55:42] [CoreSwap-Fill-3/INFO] (Minecraft) [STDOUT]: [WG-CONTENT-WB] chunk(0,-5) hash=5d58138bd63caaed dh=afed51a1a252a68d nz=9962
[21:55:42] [CoreSwap-Fill-9/INFO] (Minecraft) [STDOUT]: [WG-CONTENT-WB] chunk(0,-12) hash=9c735bed0a722325 dh=a09d945a1cd8d6e5 nz=0
[21:55:42] [CoreSwap-Fill-7/INFO] (Minecraft) [STDOUT]: [WG-CONTENT-WB] chunk(1,-10) hash=9c735bed0a722325 dh=a09d945a1cd8d6e5 nz=0
[21:55:42] [CoreSwap-Fill-5/INFO] (Minecraft) [STDOUT]: [WG-CONTENT-WB] chunk(0,-4) hash=2eeac6fbe125cad5 dh=a0760da537b07c7d nz=11064
[21:55:42] [CoreSwap-Fill-1/INFO] (Minecraft) [STDOUT]: [WG-CONTENT-WB] chunk(0,-2) hash=316b76b73523668e dh=f80d169e338fac2a nz=12673
[21:55:42] [CoreSwap-Fill-2/INFO] (Minecraft) [STDOUT]: [WG-CONTENT-WB] chunk(0,-3) hash=13968b350f4f218d dh=1b46d86681ba033f nz=12042
[21:55:42] [CoreSwap-Fill-6/INFO] (Minecraft) [STDOUT]: [WG-CONTENT-WB] chunk(1,-11) hash=9c735bed0a722325 dh=a09d945a1cd8d6e5 nz=0
[21:55:42] [CoreSwap-Fill-3/INFO] (Minecraft) [STDOUT]: [WG-CONTENT-WB] chunk(1,-12) hash=9c735bed0a722325 dh=a09d945a1cd8d6e5 nz=0
[21:55:42] [CoreSwap-Fill-8/INFO] (Minecraft) [STDOUT]: [WG-CONTENT-WB] chunk(-1,0) hash=ccbc18f3c67376be dh=2567e6e1b8c70934 nz=12961
[21:55:42] [CoreSwap-Fill-4/INFO] (Minecraft) [STDOUT]: [WG-CONTENT-WB] chunk(0,-1) hash=6e5f0c93791cb136 dh=1555504b4f521f58 nz=12759
[21:55:42] [CoreSwap-Fill-10/INFO] (Minecraft) [STDOUT]: [WG-CONTENT-WB] chunk(0,0) hash=29dee86e486d26ae dh=bf54ae8710f5592a nz=12625
[21:55:42] [CoreSwap-Fill-9/INFO] (Minecraft) [STDOUT]: [WG-CONTENT-WB] chunk(1,-9) hash=9c735bed0a722325 dh=a09d945a1cd8d6e5 nz=0
[21:55:42] [CoreSwap-Fill-7/INFO] (Minecraft) [STDOUT]: [WG-CONTENT-WB] chunk(1,-8) hash=9c735bed0a722325 dh=a09d945a1cd8d6e5 nz=0
[21:55:42] [CoreSwap-Fill-5/INFO] (Minecraft) [STDOUT]: [WG-CONTENT-WB] chunk(1,-7) hash=5c64c9cbc060f2fd dh=1a563df0fe14a193 nz=150
[21:55:42] [CoreSwap-Fill-1/INFO] (Minecraft) [STDOUT]: [WG-CONTENT-WB] chunk(1,-6) hash=6be669d3e68d2115 dh=8e3e08ffe2fa9369 nz=3884
[21:55:42] [CoreSwap-Fill-9/INFO] (Minecraft) [STDOUT]: [WG-CONTENT-WB] chunk(-3,-13) hash=9c735bed0a722325 dh=a09d945a1cd8d6e5 nz=0
[21:55:42] [CoreSwap-Fill-2/INFO] (Minecraft) [STDOUT]: [WG-CONTENT-WB] chunk(1,-5) hash=23a40f5a99b3a475 dh=99626c79eb5d5459 nz=9596
[21:55:42] [CoreSwap-Fill-5/INFO] (Minecraft) [STDOUT]: [WG-CONTENT-WB] chunk(-2,-13) hash=9c735bed0a722325 dh=a09d945a1cd8d6e5 nz=0
[21:55:42] [CoreSwap-Fill-3/INFO] (Minecraft) [STDOUT]: [WG-CONTENT-WB] chunk(1,-3) hash=5bca3c2f435c01e6 dh=505e64893243849c nz=11443
[21:55:42] [CoreSwap-Fill-6/INFO] (Minecraft) [STDOUT]: [WG-CONTENT-WB] chunk(1,-4) hash=b4e9d6370052f11e dh=dd34213ff2627062 nz=10857
[21:55:42] [CoreSwap-Fill-4/INFO] (Minecraft) [STDOUT]: [WG-CONTENT-WB] chunk(1,-1) hash=520689a2e2d72005 dh=cd99652284db4705 nz=12016
[21:55:42] [CoreSwap-Fill-8/INFO] (Minecraft) [STDOUT]: [WG-CONTENT-WB] chunk(1,-2) hash=4bbec9e6064b329e dh=31bd04b78fd6adce nz=12057
[21:55:42] [CoreSwap-Fill-10/INFO] (Minecraft) [STDOUT]: [WG-CONTENT-WB] chunk(1,0) hash=70cb6d23ab631fde dh=ab394d41f1962bc0 nz=11909
[21:55:42] [CoreSwap-Fill-7/INFO] (Minecraft) [STDOUT]: [WG-CONTENT-WB] chunk(-3,1) hash=ec8009975d4ebf45 dh=b5e715565980b3ad nz=11624
[21:55:42] [CoreSwap-Fill-9/INFO] (Minecraft) [STDOUT]: [WG-CONTENT-WB] chunk(-1,-13) hash=9c735bed0a722325 dh=a09d945a1cd8d6e5 nz=0
[21:55:42] [CoreSwap-Fill-1/INFO] (Minecraft) [STDOUT]: [WG-CONTENT-WB] chunk(-2,1) hash=2c3298746ee6244e dh=4fc9a0ff1e0db3a8 nz=12165
[21:55:42] [CoreSwap-Fill-5/INFO] (Minecraft) [STDOUT]: [WG-CONTENT-WB] chunk(0,-13) hash=9c735bed0a722325 dh=a09d945a1cd8d6e5 nz=0
[21:55:42] [CoreSwap-Fill-4/INFO] (Minecraft) [STDOUT]: [WG-CONTENT-WB] chunk(1,-13) hash=9c735bed0a722325 dh=a09d945a1cd8d6e5 nz=0
[21:55:42] [CoreSwap-Fill-8/INFO] (Minecraft) [STDOUT]: [WG-CONTENT-WB] chunk(2,-13) hash=9c735bed0a722325 dh=a09d945a1cd8d6e5 nz=0
[21:55:42] [CoreSwap-Fill-10/INFO] (Minecraft) [STDOUT]: [WG-CONTENT-WB] chunk(2,-12) hash=9c735bed0a722325 dh=a09d945a1cd8d6e5 nz=0
[21:55:42] [CoreSwap-Fill-3/INFO] (Minecraft) [STDOUT]: [WG-CONTENT-WB] chunk(0,1) hash=463011a4a9f4c85 dh=739f95ce9af9ad31 nz=12168
[21:55:42] [CoreSwap-Fill-6/INFO] (Minecraft) [STDOUT]: [WG-CONTENT-WB] chunk(1,1) hash=19f395aad1dc4f95 dh=57044a57c86948e9 nz=11512
[21:55:42] [CoreSwap-Fill-2/INFO] (Minecraft) [STDOUT]: [WG-CONTENT-WB] chunk(-1,1) hash=4c3de2e07e59bbb6 dh=2e3f7b859e2b77d4 nz=12427
[21:55:42] [CoreSwap-Fill-7/INFO] (Minecraft) [STDOUT]: [WG-CONTENT-WB] chunk(2,-11) hash=9c735bed0a722325 dh=a09d945a1cd8d6e5 nz=0
[21:55:42] [CoreSwap-Fill-5/INFO] (Minecraft) [STDOUT]: [WG-CONTENT-WB] chunk(2,-8) hash=9c735bed0a722325 dh=a09d945a1cd8d6e5 nz=0
[21:55:42] [CoreSwap-Fill-1/INFO] (Minecraft) [STDOUT]: [WG-CONTENT-WB] chunk(2,-9) hash=9c735bed0a722325 dh=a09d945a1cd8d6e5 nz=0
[21:55:42] [CoreSwap-Fill-9/INFO] (Minecraft) [STDOUT]: [WG-CONTENT-WB] chunk(2,-10) hash=9c735bed0a722325 dh=a09d945a1cd8d6e5 nz=0
[21:55:42] [CoreSwap-Fill-10/INFO] (Minecraft) [STDOUT]: [WG-CONTENT-WB] chunk(2,-5) hash=e97e80502cef3f3d dh=ea1f744fa839cd13 nz=6630
[21:55:42] [CoreSwap-Fill-8/INFO] (Minecraft) [STDOUT]: [WG-CONTENT-WB] chunk(2,-6) hash=6cc182b3eb8dc275 dh=da29160daafcaa35 nz=6832
[21:55:42] [CoreSwap-Fill-6/INFO] (Minecraft) [STDOUT]: [WG-CONTENT-WB] chunk(2,-4) hash=ed99c1697cd0030e dh=7c671ddfe611955e nz=9957
[21:55:42] [CoreSwap-Fill-5/INFO] (Minecraft) [STDOUT]: [WG-CONTENT-WB] chunk(3,-11) hash=9c735bed0a722325 dh=a09d945a1cd8d6e5 nz=0
[21:55:42] [CoreSwap-Fill-4/INFO] (Minecraft) [STDOUT]: [WG-CONTENT-WB] chunk(2,-7) hash=2b504b941d14199e dh=328872128526df7e nz=3693
[21:55:42] [CoreSwap-Fill-1/INFO] (Minecraft) [STDOUT]: [WG-CONTENT-WB] chunk(3,-10) hash=9c735bed0a722325 dh=a09d945a1cd8d6e5 nz=0
[21:55:42] [CoreSwap-Fill-9/INFO] (Minecraft) [STDOUT]: [WG-CONTENT-WB] chunk(3,-9) hash=9c735bed0a722325 dh=a09d945a1cd8d6e5 nz=0
[21:55:42] [CoreSwap-Fill-3/INFO] (Minecraft) [STDOUT]: [WG-CONTENT-WB] chunk(2,-3) hash=8906e1b53d39a3d6 dh=e06ce2d3200a6aac nz=10519
[21:55:42] [CoreSwap-Fill-7/INFO] (Minecraft) [STDOUT]: [WG-CONTENT-WB] chunk(2,-1) hash=563e1b179e465fde dh=8c3038eb03d47018 nz=11669
[21:55:42] [CoreSwap-Fill-10/INFO] (Minecraft) [STDOUT]: [WG-CONTENT-WB] chunk(3,-8) hash=9c735bed0a722325 dh=a09d945a1cd8d6e5 nz=0
[21:55:42] [CoreSwap-Fill-8/INFO] (Minecraft) [STDOUT]: [WG-CONTENT-WB] chunk(3,-7) hash=b3d5cfdbcc0cacbe dh=163e0c4cddceb9a nz=881
[21:55:42] [CoreSwap-Fill-5/INFO] (Minecraft) [STDOUT]: [WG-CONTENT-WB] chunk(3,-6) hash=752a709b5cc5acd dh=c7ac35d65498cff3 nz=1694
[21:55:42] [CoreSwap-Fill-2/INFO] (Minecraft) [STDOUT]: [WG-CONTENT-WB] chunk(2,-2) hash=4a58364e69ea21d5 dh=43abb46d296660cd nz=11332
[21:55:42] [CoreSwap-Fill-6/INFO] (Minecraft) [STDOUT]: [WG-CONTENT-WB] chunk(3,-5) hash=f330bfa830392b6e dh=28ffdd9a2956e77e nz=633
[21:55:42] [CoreSwap-Fill-4/INFO] (Minecraft) [STDOUT]: [WG-CONTENT-WB] chunk(3,-4) hash=97d4ca1a46af9e3d dh=17f7e0a64552e0d nz=6474
[21:55:42] [CoreSwap-Fill-1/INFO] (Minecraft) [STDOUT]: [WG-CONTENT-WB] chunk(3,-3) hash=e8546c94829280c6 dh=b7c368b0a6c6008c nz=9571
[21:55:42] [CoreSwap-Fill-7/INFO] (Minecraft) [STDOUT]: [WG-CONTENT-WB] chunk(4,-11) hash=9c735bed0a722325 dh=a09d945a1cd8d6e5 nz=0
[21:55:42] [CoreSwap-Fill-3/INFO] (Minecraft) [STDOUT]: [WG-CONTENT-WB] chunk(3,-1) hash=859225ccfff620be dh=9982e20189f7f9ac nz=11337
[21:55:42] [CoreSwap-Fill-5/INFO] (Minecraft) [STDOUT]: [WG-CONTENT-WB] chunk(4,-8) hash=9c735bed0a722325 dh=a09d945a1cd8d6e5 nz=0
[21:55:42] [CoreSwap-Fill-10/INFO] (Minecraft) [STDOUT]: [WG-CONTENT-WB] chunk(4,-10) hash=9c735bed0a722325 dh=a09d945a1cd8d6e5 nz=0
[21:55:42] [CoreSwap-Fill-9/INFO] (Minecraft) [STDOUT]: [WG-CONTENT-WB] chunk(3,-2) hash=e3ac8b4dd5d1d27d dh=24bc08f1064d7ee3 nz=11110
[21:55:42] [CoreSwap-Fill-8/INFO] (Minecraft) [STDOUT]: [WG-CONTENT-WB] chunk(4,-9) hash=9c735bed0a722325 dh=a09d945a1cd8d6e5 nz=0
[21:55:42] [CoreSwap-Fill-2/INFO] (Minecraft) [STDOUT]: [WG-CONTENT-WB] chunk(4,-7) hash=9c735bed0a722325 dh=a09d945a1cd8d6e5 nz=0
[21:55:42] [CoreSwap-Fill-4/INFO] (Minecraft) [STDOUT]: [WG-CONTENT-WB] chunk(4,-5) hash=5c800a9cc429bc4e dh=29e54cfd32d2adc4 nz=313
[21:55:42] [CoreSwap-Fill-6/INFO] (Minecraft) [STDOUT]: [WG-CONTENT-WB] chunk(4,-6) hash=9c735bed0a722325 dh=a09d945a1cd8d6e5 nz=0
[21:55:42] [CoreSwap-Fill-1/INFO] (Minecraft) [STDOUT]: [WG-CONTENT-WB] chunk(4,-4) hash=68ae5aa58db26a7e dh=756e723a00a335c0 nz=5009
[21:55:42] [CoreSwap-Fill-7/INFO] (Minecraft) [STDOUT]: [WG-CONTENT-WB] chunk(4,-3) hash=329eb0cde6edb7b6 dh=5dcf5ae42b84ce2a nz=7975
[21:55:42] [CoreSwap-Fill-5/INFO] (Minecraft) [STDOUT]: [WG-CONTENT-WB] chunk(4,-2) hash=b2b15a76476add06 dh=970d32aa3cef7800 nz=10175
[21:55:42] [CoreSwap-Fill-3/INFO] (Minecraft) [STDOUT]: [WG-CONTENT-WB] chunk(4,-1) hash=dfaf4c5670b15495 dh=8858e50437ff0213 nz=10156
[21:55:42] [CoreSwap-Fill-10/INFO] (Minecraft) [STDOUT]: [WG-CONTENT-WB] chunk(5,-11) hash=9c735bed0a722325 dh=a09d945a1cd8d6e5 nz=0
[21:55:42] [CoreSwap-Fill-9/INFO] (Minecraft) [STDOUT]: [WG-CONTENT-WB] chunk(5,-10) hash=9c735bed0a722325 dh=a09d945a1cd8d6e5 nz=0
[21:55:42] [CoreSwap-Fill-8/INFO] (Minecraft) [STDOUT]: [WG-CONTENT-WB] chunk(5,-9) hash=9c735bed0a722325 dh=a09d945a1cd8d6e5 nz=0
[21:55:42] [CoreSwap-Fill-2/INFO] (Minecraft) [STDOUT]: [WG-CONTENT-WB] chunk(5,-8) hash=9c735bed0a722325 dh=a09d945a1cd8d6e5 nz=0
[21:55:42] [CoreSwap-Fill-6/INFO] (Minecraft) [STDOUT]: [WG-CONTENT-WB] chunk(5,-7) hash=9c735bed0a722325 dh=a09d945a1cd8d6e5 nz=0
[21:55:42] [CoreSwap-Fill-4/INFO] (Minecraft) [STDOUT]: [WG-CONTENT-WB] chunk(5,-6) hash=9c735bed0a722325 dh=a09d945a1cd8d6e5 nz=0
[21:55:42] [CoreSwap-Fill-1/INFO] (Minecraft) [STDOUT]: [WG-CONTENT-WB] chunk(5,-5) hash=9c735bed0a722325 dh=a09d945a1cd8d6e5 nz=0
[21:55:42] [CoreSwap-Fill-7/INFO] (Minecraft) [STDOUT]: [WG-CONTENT-WB] chunk(5,-4) hash=f5093ecfcdb2e4bd dh=f215b642bdcd357 nz=10
[21:55:42] [CoreSwap-Fill-5/INFO] (Minecraft) [STDOUT]: [WG-CONTENT-WB] chunk(5,-3) hash=a7a6c62d1a0bb29e dh=3a481377949c3a9e nz=2293
[21:55:42] [CoreSwap-Fill-9/INFO] (Minecraft) [STDOUT]: [WG-CONTENT-WB] chunk(5,-1) hash=6298b890355a00be dh=15da40f374333842 nz=2781
[21:55:42] [CoreSwap-Fill-8/INFO] (Minecraft) [STDOUT]: [WG-CONTENT-WB] chunk(3,-12) hash=9c735bed0a722325 dh=a09d945a1cd8d6e5 nz=0
[21:55:42] [CoreSwap-Fill-10/INFO] (Minecraft) [STDOUT]: [WG-CONTENT-WB] chunk(5,-2) hash=4e5546ba616e03dd dh=b15fd659f2756e97 nz=5774
[21:55:42] [CoreSwap-Fill-6/INFO] (Minecraft) [STDOUT]: [WG-CONTENT-WB] chunk(4,-12) hash=9c735bed0a722325 dh=a09d945a1cd8d6e5 nz=0
[21:55:42] [CoreSwap-Fill-3/INFO] (Minecraft) [STDOUT]: [WG-CONTENT-WB] chunk(2,0) hash=3ae95923dce4b935 dh=2c58bf06ca6744af nz=11420
[21:55:42] [CoreSwap-Fill-2/INFO] (Minecraft) [STDOUT]: [WG-CONTENT-WB] chunk(3,0) hash=cc3b690aeed7f636 dh=60483cccc84bf20c nz=11115
[21:55:42] [CoreSwap-Fill-4/INFO] (Minecraft) [STDOUT]: [WG-CONTENT-WB] chunk(6,-11) hash=9c735bed0a722325 dh=a09d945a1cd8d6e5 nz=0
[21:55:42] [CoreSwap-Fill-1/INFO] (Minecraft) [STDOUT]: [WG-CONTENT-WB] chunk(6,-10) hash=9c735bed0a722325 dh=a09d945a1cd8d6e5 nz=0
[21:55:42] [CoreSwap-Fill-7/INFO] (Minecraft) [STDOUT]: [WG-CONTENT-WB] chunk(6,-9) hash=9c735bed0a722325 dh=a09d945a1cd8d6e5 nz=0
[21:55:42] [CoreSwap-Fill-5/INFO] (Minecraft) [STDOUT]: [WG-CONTENT-WB] chunk(6,-8) hash=9c735bed0a722325 dh=a09d945a1cd8d6e5 nz=0
[21:55:42] [CoreSwap-Fill-9/INFO] (Minecraft) [STDOUT]: [WG-CONTENT-WB] chunk(6,-7) hash=9c735bed0a722325 dh=a09d945a1cd8d6e5 nz=0
[21:55:42] [CoreSwap-Fill-8/INFO] (Minecraft) [STDOUT]: [WG-CONTENT-WB] chunk(6,-6) hash=9c735bed0a722325 dh=a09d945a1cd8d6e5 nz=0
[21:55:42] [CoreSwap-Fill-10/INFO] (Minecraft) [STDOUT]: [WG-CONTENT-WB] chunk(6,-5) hash=9c735bed0a722325 dh=a09d945a1cd8d6e5 nz=0
[21:55:42] [CoreSwap-Fill-3/INFO] (Minecraft) [STDOUT]: [WG-CONTENT-WB] chunk(5,-12) hash=9c735bed0a722325 dh=a09d945a1cd8d6e5 nz=0
[21:55:42] [CoreSwap-Fill-4/INFO] (Minecraft) [STDOUT]: [WG-CONTENT-WB] chunk(6,-12) hash=9c735bed0a722325 dh=a09d945a1cd8d6e5 nz=0
[21:55:42] [CoreSwap-Fill-2/INFO] (Minecraft) [STDOUT]: [WG-CONTENT-WB] chunk(5,0) hash=9ff88c1133210585 dh=e1aa7e2a72397cc9 nz=252
[21:55:42] [CoreSwap-Fill-1/INFO] (Minecraft) [STDOUT]: [WG-CONTENT-WB] chunk(6,-4) hash=9c735bed0a722325 dh=a09d945a1cd8d6e5 nz=0
[21:55:42] [CoreSwap-Fill-7/INFO] (Minecraft) [STDOUT]: [WG-CONTENT-WB] chunk(6,-3) hash=38f752e299a3707e dh=d73063572badace nz=117
[21:55:42] [CoreSwap-Fill-5/INFO] (Minecraft) [STDOUT]: [WG-CONTENT-WB] chunk(6,-2) hash=cf13b466d26e5c66 dh=487b05711edbb68c nz=1787
[21:55:42] [CoreSwap-Fill-6/INFO] (Minecraft) [STDOUT]: [WG-CONTENT-WB] chunk(4,0) hash=63104ef4a34a8755 dh=f3fd7537ba1939cd nz=8728
[21:55:42] [CoreSwap-Fill-8/INFO] (Minecraft) [STDOUT]: [WG-CONTENT-WB] chunk(6,0) hash=104510c335eb33bd dh=54406965c6a4728f nz=118
[21:55:42] [CoreSwap-Fill-9/INFO] (Minecraft) [STDOUT]: [WG-CONTENT-WB] chunk(6,-1) hash=b55060b1b7644b26 dh=ae769e5261bb003c nz=283
[21:55:42] [CoreSwap-Fill-4/INFO] (Minecraft) [STDOUT]: [WG-CONTENT-WB] chunk(7,-10) hash=9c735bed0a722325 dh=a09d945a1cd8d6e5 nz=0
[21:55:42] [CoreSwap-Fill-3/INFO] (Minecraft) [STDOUT]: [WG-CONTENT-WB] chunk(7,-11) hash=9c735bed0a722325 dh=a09d945a1cd8d6e5 nz=0
[21:55:42] [CoreSwap-Fill-2/INFO] (Minecraft) [STDOUT]: [WG-CONTENT-WB] chunk(7,-9) hash=9c735bed0a722325 dh=a09d945a1cd8d6e5 nz=0
[21:55:42] [CoreSwap-Fill-7/INFO] (Minecraft) [STDOUT]: [WG-CONTENT-WB] chunk(7,-7) hash=9c735bed0a722325 dh=a09d945a1cd8d6e5 nz=0
[21:55:42] [CoreSwap-Fill-5/INFO] (Minecraft) [STDOUT]: [WG-CONTENT-WB] chunk(7,-6) hash=9c735bed0a722325 dh=a09d945a1cd8d6e5 nz=0
[21:55:42] [CoreSwap-Fill-10/INFO] (Minecraft) [STDOUT]: [WG-CONTENT-WB] chunk(7,-12) hash=9c735bed0a722325 dh=a09d945a1cd8d6e5 nz=0
[21:55:42] [CoreSwap-Fill-6/INFO] (Minecraft) [STDOUT]: [WG-CONTENT-WB] chunk(7,-5) hash=9c735bed0a722325 dh=a09d945a1cd8d6e5 nz=0
[21:55:42] [CoreSwap-Fill-8/INFO] (Minecraft) [STDOUT]: [WG-CONTENT-WB] chunk(7,-4) hash=9c735bed0a722325 dh=a09d945a1cd8d6e5 nz=0
[21:55:42] [CoreSwap-Fill-1/INFO] (Minecraft) [STDOUT]: [WG-CONTENT-WB] chunk(7,-8) hash=9c735bed0a722325 dh=a09d945a1cd8d6e5 nz=0
[21:55:42] [CoreSwap-Fill-4/INFO] (Minecraft) [STDOUT]: [WG-CONTENT-WB] chunk(3,-13) hash=9c735bed0a722325 dh=a09d945a1cd8d6e5 nz=0
[21:55:42] [CoreSwap-Fill-2/INFO] (Minecraft) [STDOUT]: [WG-CONTENT-WB] chunk(4,-13) hash=9c735bed0a722325 dh=a09d945a1cd8d6e5 nz=0
[21:55:42] [CoreSwap-Fill-9/INFO] (Minecraft) [STDOUT]: [WG-CONTENT-WB] chunk(2,1) hash=c59f9fe2e1667c2d dh=1de72d926e4a74fb nz=10574
[21:55:42] [CoreSwap-Fill-5/INFO] (Minecraft) [STDOUT]: [WG-CONTENT-WB] chunk(5,-13) hash=9c735bed0a722325 dh=a09d945a1cd8d6e5 nz=0
[21:55:42] [CoreSwap-Fill-10/INFO] (Minecraft) [STDOUT]: [WG-CONTENT-WB] chunk(5,1) hash=374f1d0c4e71e5a6 dh=b410bd624773abbc nz=35
[21:55:42] [CoreSwap-Fill-3/INFO] (Minecraft) [STDOUT]: [WG-CONTENT-WB] chunk(3,1) hash=49d22ebcdc8743c5 dh=3b07ec88543671ed nz=9332
[21:55:42] [CoreSwap-Fill-7/INFO] (Minecraft) [STDOUT]: [WG-CONTENT-WB] chunk(4,1) hash=5513e2e654e16566 dh=92c648370fe42b24 nz=5483
[21:55:42] [CoreSwap-Fill-6/INFO] (Minecraft) [STDOUT]: [WG-CONTENT-WB] chunk(6,-13) hash=9c735bed0a722325 dh=a09d945a1cd8d6e5 nz=0
[21:55:42] [CoreSwap-Fill-8/INFO] (Minecraft) [STDOUT]: [WG-CONTENT-WB] chunk(6,1) hash=5a956cecb17d9116 dh=714e36288bc49b10 nz=7
[21:55:42] [CoreSwap-Fill-2/INFO] (Minecraft) [STDOUT]: [WG-CONTENT-WB] chunk(7,-3) hash=9c735bed0a722325 dh=a09d945a1cd8d6e5 nz=0
[21:55:42] [CoreSwap-Fill-4/INFO] (Minecraft) [STDOUT]: [WG-CONTENT-WB] chunk(7,-2) hash=2bc4e8be3c43845d dh=f215b642bdcd357 nz=10
[21:55:42] [CoreSwap-Fill-9/INFO] (Minecraft) [STDOUT]: [WG-CONTENT-WB] chunk(7,-1) hash=9de692a1131c418e dh=c306948bc11ae07e nz=101
[21:55:42] [CoreSwap-Fill-5/INFO] (Minecraft) [STDOUT]: [WG-CONTENT-WB] chunk(7,0) hash=ab1ce1e3f11ce8b6 dh=a12d06145a8ed468 nz=7
[21:55:42] [CoreSwap-Fill-10/INFO] (Minecraft) [STDOUT]: [WG-CONTENT-WB] chunk(8,-11) hash=9c735bed0a722325 dh=a09d945a1cd8d6e5 nz=0
[21:55:42] [CoreSwap-Fill-1/INFO] (Minecraft) [STDOUT]: [WG-CONTENT-WB] chunk(8,-10) hash=9c735bed0a722325 dh=a09d945a1cd8d6e5 nz=0
[21:55:42] [CoreSwap-Fill-3/INFO] (Minecraft) [STDOUT]: [WG-CONTENT-WB] chunk(8,-12) hash=9c735bed0a722325 dh=a09d945a1cd8d6e5 nz=0
[21:55:42] [CoreSwap-Fill-7/INFO] (Minecraft) [STDOUT]: [WG-CONTENT-WB] chunk(8,-9) hash=9c735bed0a722325 dh=a09d945a1cd8d6e5 nz=0
[21:55:42] [CoreSwap-Fill-8/INFO] (Minecraft) [STDOUT]: [WG-CONTENT-WB] chunk(8,-7) hash=9c735bed0a722325 dh=a09d945a1cd8d6e5 nz=0
[21:55:42] [CoreSwap-Fill-2/INFO] (Minecraft) [STDOUT]: [WG-CONTENT-WB] chunk(8,-6) hash=9c735bed0a722325 dh=a09d945a1cd8d6e5 nz=0
[21:55:42] [CoreSwap-Fill-6/INFO] (Minecraft) [STDOUT]: [WG-CONTENT-WB] chunk(8,-8) hash=9c735bed0a722325 dh=a09d945a1cd8d6e5 nz=0
[21:55:42] [CoreSwap-Fill-4/INFO] (Minecraft) [STDOUT]: [WG-CONTENT-WB] chunk(8,-5) hash=9c735bed0a722325 dh=a09d945a1cd8d6e5 nz=0
[21:55:42] [CoreSwap-Fill-5/INFO] (Minecraft) [STDOUT]: [WG-CONTENT-WB] chunk(8,-3) hash=9c735bed0a722325 dh=a09d945a1cd8d6e5 nz=0
[21:55:42] [CoreSwap-Fill-10/INFO] (Minecraft) [STDOUT]: [WG-CONTENT-WB] chunk(8,-2) hash=9c735bed0a722325 dh=a09d945a1cd8d6e5 nz=0
[21:55:42] [CoreSwap-Fill-1/INFO] (Minecraft) [STDOUT]: [WG-CONTENT-WB] chunk(8,-1) hash=9c735bed0a722325 dh=a09d945a1cd8d6e5 nz=0
[21:55:42] [CoreSwap-Fill-9/INFO] (Minecraft) [STDOUT]: [WG-CONTENT-WB] chunk(8,-4) hash=9c735bed0a722325 dh=a09d945a1cd8d6e5 nz=0
[21:55:42] [CoreSwap-Fill-3/INFO] (Minecraft) [STDOUT]: [WG-CONTENT-WB] chunk(8,0) hash=9c735bed0a722325 dh=a09d945a1cd8d6e5 nz=0
[21:55:42] [CoreSwap-Fill-7/INFO] (Minecraft) [STDOUT]: [WG-CONTENT-WB] chunk(7,-13) hash=9c735bed0a722325 dh=a09d945a1cd8d6e5 nz=0
[21:55:42] [CoreSwap-Fill-8/INFO] (Minecraft) [STDOUT]: [WG-CONTENT-WB] chunk(7,1) hash=9c735bed0a722325 dh=a09d945a1cd8d6e5 nz=0
[21:55:42] [CoreSwap-Fill-2/INFO] (Minecraft) [STDOUT]: [WG-CONTENT-WB] chunk(8,-13) hash=9c735bed0a722325 dh=a09d945a1cd8d6e5 nz=0
[21:55:42] [CoreSwap-Fill-6/INFO] (Minecraft) [STDOUT]: [WG-CONTENT-WB] chunk(8,1) hash=9c735bed0a722325 dh=a09d945a1cd8d6e5 nz=0
[21:55:42] [CoreSwap-Fill-4/INFO] (Minecraft) [STDOUT]: [WG-CONTENT-WB] chunk(9,-13) hash=9c735bed0a722325 dh=a09d945a1cd8d6e5 nz=0
[21:55:42] [CoreSwap-Fill-10/INFO] (Minecraft) [STDOUT]: [WG-CONTENT-WB] chunk(9,-11) hash=9c735bed0a722325 dh=a09d945a1cd8d6e5 nz=0
[21:55:42] [CoreSwap-Fill-5/INFO] (Minecraft) [STDOUT]: [WG-CONTENT-WB] chunk(9,-12) hash=9c735bed0a722325 dh=a09d945a1cd8d6e5 nz=0
[21:55:42] [CoreSwap-Fill-1/INFO] (Minecraft) [STDOUT]: [WG-CONTENT-WB] chunk(9,-10) hash=9c735bed0a722325 dh=a09d945a1cd8d6e5 nz=0
[21:55:42] [CoreSwap-Fill-3/INFO] (Minecraft) [STDOUT]: [WG-CONTENT-WB] chunk(9,-8) hash=9c735bed0a722325 dh=a09d945a1cd8d6e5 nz=0
[21:55:42] [CoreSwap-Fill-7/INFO] (Minecraft) [STDOUT]: [WG-CONTENT-WB] chunk(9,-7) hash=9c735bed0a722325 dh=a09d945a1cd8d6e5 nz=0
[21:55:42] [CoreSwap-Fill-6/INFO] (Minecraft) [STDOUT]: [WG-CONTENT-WB] chunk(9,-4) hash=9c735bed0a722325 dh=a09d945a1cd8d6e5 nz=0
[21:55:42] [CoreSwap-Fill-9/INFO] (Minecraft) [STDOUT]: [WG-CONTENT-WB] chunk(9,-9) hash=9c735bed0a722325 dh=a09d945a1cd8d6e5 nz=0
[21:55:42] [CoreSwap-Fill-8/INFO] (Minecraft) [STDOUT]: [WG-CONTENT-WB] chunk(9,-6) hash=9c735bed0a722325 dh=a09d945a1cd8d6e5 nz=0
[21:55:42] [CoreSwap-Fill-2/INFO] (Minecraft) [STDOUT]: [WG-CONTENT-WB] chunk(9,-5) hash=9c735bed0a722325 dh=a09d945a1cd8d6e5 nz=0
[21:55:42] [CoreSwap-Fill-4/INFO] (Minecraft) [STDOUT]: [WG-CONTENT-WB] chunk(9,-3) hash=9c735bed0a722325 dh=a09d945a1cd8d6e5 nz=0
[21:55:42] [CoreSwap-Fill-10/INFO] (Minecraft) [STDOUT]: [WG-CONTENT-WB] chunk(-11,2) hash=9c735bed0a722325 dh=a09d945a1cd8d6e5 nz=0
[21:55:42] [CoreSwap-Fill-1/INFO] (Minecraft) [STDOUT]: [WG-CONTENT-WB] chunk(-11,3) hash=9c735bed0a722325 dh=a09d945a1cd8d6e5 nz=0
[21:55:42] [CoreSwap-Fill-5/INFO] (Minecraft) [STDOUT]: [WG-CONTENT-WB] chunk(-12,2) hash=9c735bed0a722325 dh=a09d945a1cd8d6e5 nz=0
[21:55:42] [CoreSwap-Fill-7/INFO] (Minecraft) [STDOUT]: [WG-CONTENT-WB] chunk(-12,4) hash=9c735bed0a722325 dh=a09d945a1cd8d6e5 nz=0
[21:55:42] [CoreSwap-Fill-3/INFO] (Minecraft) [STDOUT]: [WG-CONTENT-WB] chunk(-12,3) hash=9c735bed0a722325 dh=a09d945a1cd8d6e5 nz=0
[21:55:42] [CoreSwap-Fill-6/INFO] (Minecraft) [STDOUT]: [WG-CONTENT-WB] chunk(-12,5) hash=9c735bed0a722325 dh=a09d945a1cd8d6e5 nz=0
[21:55:42] [CoreSwap-Fill-9/INFO] (Minecraft) [STDOUT]: [WG-CONTENT-WB] chunk(-12,6) hash=9c735bed0a722325 dh=a09d945a1cd8d6e5 nz=0
[21:55:42] [CoreSwap-Fill-8/INFO] (Minecraft) [STDOUT]: [WG-CONTENT-WB] chunk(-12,7) hash=9c735bed0a722325 dh=a09d945a1cd8d6e5 nz=0
[21:55:42] [CoreSwap-Fill-2/INFO] (Minecraft) [STDOUT]: [WG-CONTENT-WB] chunk(-12,8) hash=9c735bed0a722325 dh=a09d945a1cd8d6e5 nz=0
[21:55:42] [CoreSwap-Fill-4/INFO] (Minecraft) [STDOUT]: [WG-CONTENT-WB] chunk(-11,4) hash=9c735bed0a722325 dh=a09d945a1cd8d6e5 nz=0
[21:55:42] [CoreSwap-Fill-1/INFO] (Minecraft) [STDOUT]: [WG-CONTENT-WB] chunk(-11,6) hash=9c735bed0a722325 dh=a09d945a1cd8d6e5 nz=0
[21:55:42] [CoreSwap-Fill-7/INFO] (Minecraft) [STDOUT]: [WG-CONTENT-WB] chunk(-11,8) hash=9c735bed0a722325 dh=a09d945a1cd8d6e5 nz=0
[21:55:42] [CoreSwap-Fill-10/INFO] (Minecraft) [STDOUT]: [WG-CONTENT-WB] chunk(-11,5) hash=9c735bed0a722325 dh=a09d945a1cd8d6e5 nz=0
[21:55:42] [CoreSwap-Fill-5/INFO] (Minecraft) [STDOUT]: [WG-CONTENT-WB] chunk(-11,7) hash=9c735bed0a722325 dh=a09d945a1cd8d6e5 nz=0
[21:55:42] [CoreSwap-Fill-3/INFO] (Minecraft) [STDOUT]: [WG-CONTENT-WB] chunk(-10,2) hash=9c735bed0a722325 dh=a09d945a1cd8d6e5 nz=0
[21:55:42] [CoreSwap-Fill-9/INFO] (Minecraft) [STDOUT]: [WG-CONTENT-WB] chunk(-10,4) hash=9c735bed0a722325 dh=a09d945a1cd8d6e5 nz=0
[21:55:42] [CoreSwap-Fill-6/INFO] (Minecraft) [STDOUT]: [WG-CONTENT-WB] chunk(-10,3) hash=9c735bed0a722325 dh=a09d945a1cd8d6e5 nz=0
[21:55:42] [CoreSwap-Fill-8/INFO] (Minecraft) [STDOUT]: [WG-CONTENT-WB] chunk(-13,2) hash=9c735bed0a722325 dh=a09d945a1cd8d6e5 nz=0
[21:55:42] [CoreSwap-Fill-2/INFO] (Minecraft) [STDOUT]: [WG-CONTENT-WB] chunk(-13,3) hash=9c735bed0a722325 dh=a09d945a1cd8d6e5 nz=0
[21:55:42] [CoreSwap-Fill-4/INFO] (Minecraft) [STDOUT]: [WG-CONTENT-WB] chunk(-13,4) hash=9c735bed0a722325 dh=a09d945a1cd8d6e5 nz=0
[21:55:42] [CoreSwap-Fill-1/INFO] (Minecraft) [STDOUT]: [WG-CONTENT-WB] chunk(-13,5) hash=9c735bed0a722325 dh=a09d945a1cd8d6e5 nz=0
[21:55:42] [CoreSwap-Fill-10/INFO] (Minecraft) [STDOUT]: [WG-CONTENT-WB] chunk(-13,7) hash=9c735bed0a722325 dh=a09d945a1cd8d6e5 nz=0
[21:55:42] [CoreSwap-Fill-7/INFO] (Minecraft) [STDOUT]: [WG-CONTENT-WB] chunk(-13,6) hash=9c735bed0a722325 dh=a09d945a1cd8d6e5 nz=0
[21:55:42] [CoreSwap-Fill-5/INFO] (Minecraft) [STDOUT]: [WG-CONTENT-WB] chunk(-13,8) hash=9c735bed0a722325 dh=a09d945a1cd8d6e5 nz=0
[21:55:42] [CoreSwap-Fill-3/INFO] (Minecraft) [STDOUT]: [WG-CONTENT-WB] chunk(-13,9) hash=9c735bed0a722325 dh=a09d945a1cd8d6e5 nz=0
[21:55:42] [CoreSwap-Fill-9/INFO] (Minecraft) [STDOUT]: [WG-CONTENT-WB] chunk(-12,9) hash=9c735bed0a722325 dh=a09d945a1cd8d6e5 nz=0
[21:55:42] [CoreSwap-Fill-6/INFO] (Minecraft) [STDOUT]: [WG-CONTENT-WB] chunk(-11,9) hash=9c735bed0a722325 dh=a09d945a1cd8d6e5 nz=0
[21:55:42] [CoreSwap-Fill-8/INFO] (Minecraft) [STDOUT]: [WG-CONTENT-WB] chunk(-10,5) hash=9c735bed0a722325 dh=a09d945a1cd8d6e5 nz=0
[21:55:42] [CoreSwap-Fill-7/INFO] (Minecraft) [STDOUT]: [WG-CONTENT-WB] chunk(-10,6) hash=9c735bed0a722325 dh=a09d945a1cd8d6e5 nz=0
[21:55:42] [CoreSwap-Fill-4/INFO] (Minecraft) [STDOUT]: [WG-CONTENT-WB] chunk(-10,7) hash=9c735bed0a722325 dh=a09d945a1cd8d6e5 nz=0
[21:55:42] [CoreSwap-Fill-10/INFO] (Minecraft) [STDOUT]: [WG-CONTENT-WB] chunk(-10,9) hash=9c735bed0a722325 dh=a09d945a1cd8d6e5 nz=0
[21:55:42] [CoreSwap-Fill-1/INFO] (Minecraft) [STDOUT]: [WG-CONTENT-WB] chunk(-10,8) hash=9c735bed0a722325 dh=a09d945a1cd8d6e5 nz=0
[21:55:42] [CoreSwap-Fill-2/INFO] (Minecraft) [STDOUT]: [WG-CONTENT-WB] chunk(-9,2) hash=9c735bed0a722325 dh=a09d945a1cd8d6e5 nz=0
[21:55:42] [CoreSwap-Fill-3/INFO] (Minecraft) [STDOUT]: [WG-CONTENT-WB] chunk(-9,4) hash=9c735bed0a722325 dh=a09d945a1cd8d6e5 nz=0
[21:55:42] [CoreSwap-Fill-5/INFO] (Minecraft) [STDOUT]: [WG-CONTENT-WB] chunk(-9,3) hash=9c735bed0a722325 dh=a09d945a1cd8d6e5 nz=0
[21:55:42] [CoreSwap-Fill-9/INFO] (Minecraft) [STDOUT]: [WG-CONTENT-WB] chunk(-9,5) hash=9c735bed0a722325 dh=a09d945a1cd8d6e5 nz=0
[21:55:42] [CoreSwap-Fill-6/INFO] (Minecraft) [STDOUT]: [WG-CONTENT-WB] chunk(-9,6) hash=9c735bed0a722325 dh=a09d945a1cd8d6e5 nz=0
[21:55:42] [CoreSwap-Fill-8/INFO] (Minecraft) [STDOUT]: [WG-CONTENT-WB] chunk(-9,7) hash=9c735bed0a722325 dh=a09d945a1cd8d6e5 nz=0
[21:55:42] [CoreSwap-Fill-7/INFO] (Minecraft) [STDOUT]: [WG-CONTENT-WB] chunk(-9,8) hash=9c735bed0a722325 dh=a09d945a1cd8d6e5 nz=0
[21:55:42] [CoreSwap-Fill-4/INFO] (Minecraft) [STDOUT]: [WG-CONTENT-WB] chunk(-9,9) hash=9c735bed0a722325 dh=a09d945a1cd8d6e5 nz=0
[21:55:42] [CoreSwap-Fill-10/INFO] (Minecraft) [STDOUT]: [WG-CONTENT-WB] chunk(-14,2) hash=9c735bed0a722325 dh=a09d945a1cd8d6e5 nz=0
[21:55:42] [CoreSwap-Fill-1/INFO] (Minecraft) [STDOUT]: [WG-CONTENT-WB] chunk(-14,3) hash=9c735bed0a722325 dh=a09d945a1cd8d6e5 nz=0
[21:55:42] [CoreSwap-Fill-2/INFO] (Minecraft) [STDOUT]: [WG-CONTENT-WB] chunk(-14,4) hash=9c735bed0a722325 dh=a09d945a1cd8d6e5 nz=0
[21:55:42] [CoreSwap-Fill-5/INFO] (Minecraft) [STDOUT]: [WG-CONTENT-WB] chunk(-14,6) hash=9c735bed0a722325 dh=a09d945a1cd8d6e5 nz=0
[21:55:42] [CoreSwap-Fill-3/INFO] (Minecraft) [STDOUT]: [WG-CONTENT-WB] chunk(-14,5) hash=9c735bed0a722325 dh=a09d945a1cd8d6e5 nz=0
[21:55:42] [CoreSwap-Fill-9/INFO] (Minecraft) [STDOUT]: [WG-CONTENT-WB] chunk(-14,7) hash=9c735bed0a722325 dh=a09d945a1cd8d6e5 nz=0
[21:55:42] [CoreSwap-Fill-6/INFO] (Minecraft) [STDOUT]: [WG-CONTENT-WB] chunk(-14,8) hash=9c735bed0a722325 dh=a09d945a1cd8d6e5 nz=0
[21:55:42] [CoreSwap-Fill-8/INFO] (Minecraft) [STDOUT]: [WG-CONTENT-WB] chunk(-14,9) hash=9c735bed0a722325 dh=a09d945a1cd8d6e5 nz=0
[21:55:42] [CoreSwap-Fill-7/INFO] (Minecraft) [STDOUT]: [WG-CONTENT-WB] chunk(-14,10) hash=9c735bed0a722325 dh=a09d945a1cd8d6e5 nz=0
[21:55:42] [CoreSwap-Fill-10/INFO] (Minecraft) [STDOUT]: [WG-CONTENT-WB] chunk(-12,10) hash=9c735bed0a722325 dh=a09d945a1cd8d6e5 nz=0
[21:55:42] [CoreSwap-Fill-1/INFO] (Minecraft) [STDOUT]: [WG-CONTENT-WB] chunk(-11,10) hash=9c735bed0a722325 dh=a09d945a1cd8d6e5 nz=0
[21:55:42] [CoreSwap-Fill-4/INFO] (Minecraft) [STDOUT]: [WG-CONTENT-WB] chunk(-13,10) hash=9c735bed0a722325 dh=a09d945a1cd8d6e5 nz=0
[21:55:42] [CoreSwap-Fill-2/INFO] (Minecraft) [STDOUT]: [WG-CONTENT-WB] chunk(-10,10) hash=9c735bed0a722325 dh=a09d945a1cd8d6e5 nz=0
[21:55:42] [CoreSwap-Fill-5/INFO] (Minecraft) [STDOUT]: [WG-CONTENT-WB] chunk(-9,10) hash=9c735bed0a722325 dh=a09d945a1cd8d6e5 nz=0
[21:55:42] [CoreSwap-Fill-3/INFO] (Minecraft) [STDOUT]: [WG-CONTENT-WB] chunk(-8,2) hash=9c735bed0a722325 dh=a09d945a1cd8d6e5 nz=0
[21:55:42] [CoreSwap-Fill-6/INFO] (Minecraft) [STDOUT]: [WG-CONTENT-WB] chunk(-8,4) hash=9c735bed0a722325 dh=a09d945a1cd8d6e5 nz=0
[21:55:42] [CoreSwap-Fill-9/INFO] (Minecraft) [STDOUT]: [WG-CONTENT-WB] chunk(-8,3) hash=9c735bed0a722325 dh=a09d945a1cd8d6e5 nz=0
[21:55:42] [CoreSwap-Fill-8/INFO] (Minecraft) [STDOUT]: [WG-CONTENT-WB] chunk(-8,5) hash=9c735bed0a722325 dh=a09d945a1cd8d6e5 nz=0
[21:55:42] [CoreSwap-Fill-7/INFO] (Minecraft) [STDOUT]: [WG-CONTENT-WB] chunk(-8,6) hash=9c735bed0a722325 dh=a09d945a1cd8d6e5 nz=0
[21:55:42] [CoreSwap-Fill-10/INFO] (Minecraft) [STDOUT]: [WG-CONTENT-WB] chunk(-8,7) hash=9c735bed0a722325 dh=a09d945a1cd8d6e5 nz=0
[21:55:42] [CoreSwap-Fill-4/INFO] (Minecraft) [STDOUT]: [WG-CONTENT-WB] chunk(-8,9) hash=9c735bed0a722325 dh=a09d945a1cd8d6e5 nz=0
[21:55:42] [CoreSwap-Fill-1/INFO] (Minecraft) [STDOUT]: [WG-CONTENT-WB] chunk(-8,8) hash=9c735bed0a722325 dh=a09d945a1cd8d6e5 nz=0
[21:55:42] [CoreSwap-Fill-2/INFO] (Minecraft) [STDOUT]: [WG-CONTENT-WB] chunk(-8,10) hash=9c735bed0a722325 dh=a09d945a1cd8d6e5 nz=0
[21:55:42] [CoreSwap-Fill-3/INFO] (Minecraft) [STDOUT]: [WG-CONTENT-WB] chunk(9,-2) hash=9c735bed0a722325 dh=a09d945a1cd8d6e5 nz=0
[21:55:42] [CoreSwap-Fill-5/INFO] (Minecraft) [STDOUT]: [WG-CONTENT-WB] chunk(9,-1) hash=9c735bed0a722325 dh=a09d945a1cd8d6e5 nz=0
[21:55:42] [CoreSwap-Fill-9/INFO] (Minecraft) [STDOUT]: [WG-CONTENT-WB] chunk(9,1) hash=9c735bed0a722325 dh=a09d945a1cd8d6e5 nz=0
[21:55:42] [CoreSwap-Fill-6/INFO] (Minecraft) [STDOUT]: [WG-CONTENT-WB] chunk(9,0) hash=9c735bed0a722325 dh=a09d945a1cd8d6e5 nz=0
[21:55:42] [CoreSwap-Fill-8/INFO] (Minecraft) [STDOUT]: [WG-CONTENT-WB] chunk(-15,2) hash=9c735bed0a722325 dh=a09d945a1cd8d6e5 nz=0
[21:55:42] [CoreSwap-Fill-7/INFO] (Minecraft) [STDOUT]: [WG-CONTENT-WB] chunk(-15,3) hash=9c735bed0a722325 dh=a09d945a1cd8d6e5 nz=0
[21:55:42] [CoreSwap-Fill-10/INFO] (Minecraft) [STDOUT]: [WG-CONTENT-WB] chunk(-15,4) hash=9c735bed0a722325 dh=a09d945a1cd8d6e5 nz=0
[21:55:42] [CoreSwap-Fill-4/INFO] (Minecraft) [STDOUT]: [WG-CONTENT-WB] chunk(-15,5) hash=9c735bed0a722325 dh=a09d945a1cd8d6e5 nz=0
[21:55:42] [CoreSwap-Fill-1/INFO] (Minecraft) [STDOUT]: [WG-CONTENT-WB] chunk(-15,6) hash=9c735bed0a722325 dh=a09d945a1cd8d6e5 nz=0
[21:55:42] [CoreSwap-Fill-2/INFO] (Minecraft) [STDOUT]: [WG-CONTENT-WB] chunk(-15,7) hash=9c735bed0a722325 dh=a09d945a1cd8d6e5 nz=0
[21:55:42] [CoreSwap-Fill-3/INFO] (Minecraft) [STDOUT]: [WG-CONTENT-WB] chunk(-15,8) hash=9c735bed0a722325 dh=a09d945a1cd8d6e5 nz=0
[21:55:42] [CoreSwap-Fill-5/INFO] (Minecraft) [STDOUT]: [WG-CONTENT-WB] chunk(-15,9) hash=9c735bed0a722325 dh=a09d945a1cd8d6e5 nz=0
[21:55:42] [CoreSwap-Fill-6/INFO] (Minecraft) [STDOUT]: [WG-CONTENT-WB] chunk(-15,10) hash=9c735bed0a722325 dh=a09d945a1cd8d6e5 nz=0
[21:55:42] [CoreSwap-Fill-9/INFO] (Minecraft) [STDOUT]: [WG-CONTENT-WB] chunk(-15,11) hash=9c735bed0a722325 dh=a09d945a1cd8d6e5 nz=0
[21:55:42] [CoreSwap-Fill-8/INFO] (Minecraft) [STDOUT]: [WG-CONTENT-WB] chunk(-14,11) hash=9c735bed0a722325 dh=a09d945a1cd8d6e5 nz=0
[21:55:42] [CoreSwap-Fill-7/INFO] (Minecraft) [STDOUT]: [WG-CONTENT-WB] chunk(-13,11) hash=9c735bed0a722325 dh=a09d945a1cd8d6e5 nz=0
[21:55:42] [CoreSwap-Fill-10/INFO] (Minecraft) [STDOUT]: [WG-CONTENT-WB] chunk(-12,11) hash=9c735bed0a722325 dh=a09d945a1cd8d6e5 nz=0
[21:55:42] [CoreSwap-Fill-4/INFO] (Minecraft) [STDOUT]: [WG-CONTENT-WB] chunk(-11,11) hash=9c735bed0a722325 dh=a09d945a1cd8d6e5 nz=0
[21:55:42] [CoreSwap-Fill-1/INFO] (Minecraft) [STDOUT]: [WG-CONTENT-WB] chunk(-10,11) hash=9c735bed0a722325 dh=a09d945a1cd8d6e5 nz=0
[21:55:42] [CoreSwap-Fill-2/INFO] (Minecraft) [STDOUT]: [WG-CONTENT-WB] chunk(-9,11) hash=9c735bed0a722325 dh=a09d945a1cd8d6e5 nz=0
[21:55:42] [CoreSwap-Fill-3/INFO] (Minecraft) [STDOUT]: [WG-CONTENT-WB] chunk(-8,11) hash=9c735bed0a722325 dh=a09d945a1cd8d6e5 nz=0
[21:55:42] [CoreSwap-Fill-5/INFO] (Minecraft) [STDOUT]: [WG-CONTENT-WB] chunk(-7,2) hash=ecf2b9771b52546 dh=a696808e98d876b4 nz=731
[21:55:42] [CoreSwap-Fill-9/INFO] (Minecraft) [STDOUT]: [WG-CONTENT-WB] chunk(-7,4) hash=9c735bed0a722325 dh=a09d945a1cd8d6e5 nz=0
[21:55:42] [CoreSwap-Fill-8/INFO] (Minecraft) [STDOUT]: [WG-CONTENT-WB] chunk(-7,5) hash=9c735bed0a722325 dh=a09d945a1cd8d6e5 nz=0
[21:55:42] [CoreSwap-Fill-6/INFO] (Minecraft) [STDOUT]: [WG-CONTENT-WB] chunk(-7,3) hash=519391a5301ed976 dh=dab8f22119510cd8 nz=535
[21:55:42] [CoreSwap-Fill-7/INFO] (Minecraft) [STDOUT]: [WG-CONTENT-WB] chunk(-7,6) hash=9c735bed0a722325 dh=a09d945a1cd8d6e5 nz=0
[21:55:42] [CoreSwap-Fill-10/INFO] (Minecraft) [STDOUT]: [WG-CONTENT-WB] chunk(-7,7) hash=9c735bed0a722325 dh=a09d945a1cd8d6e5 nz=0
[21:55:42] [CoreSwap-Fill-4/INFO] (Minecraft) [STDOUT]: [WG-CONTENT-WB] chunk(-7,8) hash=9c735bed0a722325 dh=a09d945a1cd8d6e5 nz=0
[21:55:42] [CoreSwap-Fill-5/INFO] (Minecraft) [STDOUT]: [WG-CONTENT-WB] chunk(-6,5) hash=9c735bed0a722325 dh=a09d945a1cd8d6e5 nz=0
[21:55:42] [CoreSwap-Fill-3/INFO] (Minecraft) [STDOUT]: [WG-CONTENT-WB] chunk(-6,4) hash=fe87cd228368a26e dh=e7e57eb8c9120bea nz=985
[21:55:42] [CoreSwap-Fill-9/INFO] (Minecraft) [STDOUT]: [WG-CONTENT-WB] chunk(-7,9) hash=9c735bed0a722325 dh=a09d945a1cd8d6e5 nz=0
[21:55:42] [CoreSwap-Fill-2/INFO] (Minecraft) [STDOUT]: [WG-CONTENT-WB] chunk(-6,3) hash=9d07aa6175e4dcde dh=fbad9e7916081154 nz=6345
[21:55:42] [CoreSwap-Fill-7/INFO] (Minecraft) [STDOUT]: [WG-CONTENT-WB] chunk(-6,8) hash=9c735bed0a722325 dh=a09d945a1cd8d6e5 nz=0
[21:55:42] [CoreSwap-Fill-8/INFO] (Minecraft) [STDOUT]: [WG-CONTENT-WB] chunk(-6,6) hash=9c735bed0a722325 dh=a09d945a1cd8d6e5 nz=0
[21:55:42] [CoreSwap-Fill-6/INFO] (Minecraft) [STDOUT]: [WG-CONTENT-WB] chunk(-6,7) hash=9c735bed0a722325 dh=a09d945a1cd8d6e5 nz=0
[21:55:42] [CoreSwap-Fill-10/INFO] (Minecraft) [STDOUT]: [WG-CONTENT-WB] chunk(-6,9) hash=9c735bed0a722325 dh=a09d945a1cd8d6e5 nz=0
[21:55:42] [CoreSwap-Fill-1/INFO] (Minecraft) [STDOUT]: [WG-CONTENT-WB] chunk(-6,2) hash=84e9fb4f7852423d dh=9fcfee2fecc21f07 nz=7822
[21:55:42] [CoreSwap-Fill-4/INFO] (Minecraft) [STDOUT]: [WG-CONTENT-WB] chunk(-5,2) hash=58d0b904504171ed dh=7ba8fb4b5e1d704b nz=10094
[21:55:42] [CoreSwap-Fill-3/INFO] (Minecraft) [STDOUT]: [WG-CONTENT-WB] chunk(-5,4) hash=69d15b6c3dc77de6 dh=eeb0912c66ced44c nz=4859
[21:55:42] [CoreSwap-Fill-9/INFO] (Minecraft) [STDOUT]: [WG-CONTENT-WB] chunk(-5,5) hash=aeac42de7c9971dd dh=ae8312da25771c07 nz=266
[21:55:42] [CoreSwap-Fill-5/INFO] (Minecraft) [STDOUT]: [WG-CONTENT-WB] chunk(-5,3) hash=2e94faef60bb7f75 dh=ea036ac2cea849f3 nz=9872
[21:55:42] [CoreSwap-Fill-7/INFO] (Minecraft) [STDOUT]: [WG-CONTENT-WB] chunk(-7,10) hash=9c735bed0a722325 dh=a09d945a1cd8d6e5 nz=0
[21:55:42] [CoreSwap-Fill-2/INFO] (Minecraft) [STDOUT]: [WG-CONTENT-WB] chunk(-5,6) hash=b1d04f48b7ea3cf6 dh=8deab94149eb0fec nz=19
[21:55:42] [CoreSwap-Fill-8/INFO] (Minecraft) [STDOUT]: [WG-CONTENT-WB] chunk(-6,10) hash=9c735bed0a722325 dh=a09d945a1cd8d6e5 nz=0
[21:55:42] [CoreSwap-Fill-6/INFO] (Minecraft) [STDOUT]: [WG-CONTENT-WB] chunk(-5,7) hash=9c735bed0a722325 dh=a09d945a1cd8d6e5 nz=0
[21:55:42] [CoreSwap-Fill-10/INFO] (Minecraft) [STDOUT]: [WG-CONTENT-WB] chunk(-5,8) hash=9c735bed0a722325 dh=a09d945a1cd8d6e5 nz=0
[21:55:42] [CoreSwap-Fill-1/INFO] (Minecraft) [STDOUT]: [WG-CONTENT-WB] chunk(-5,9) hash=9c735bed0a722325 dh=a09d945a1cd8d6e5 nz=0
[21:55:42] [CoreSwap-Fill-4/INFO] (Minecraft) [STDOUT]: [WG-CONTENT-WB] chunk(-5,10) hash=9c735bed0a722325 dh=a09d945a1cd8d6e5 nz=0
[21:55:42] [CoreSwap-Fill-6/INFO] (Minecraft) [STDOUT]: [WG-CONTENT-WB] chunk(-7,11) hash=9c735bed0a722325 dh=a09d945a1cd8d6e5 nz=0
[21:55:42] [CoreSwap-Fill-8/INFO] (Minecraft) [STDOUT]: [WG-CONTENT-WB] chunk(-4,7) hash=3933c1d376b8f9d6 dh=46901e3ab03bf5a nz=783
[21:55:42] [CoreSwap-Fill-3/INFO] (Minecraft) [STDOUT]: [WG-CONTENT-WB] chunk(-4,2) hash=74a6cc3814f269c5 dh=d1388a07f01d31f9 nz=10784
[21:55:42] [CoreSwap-Fill-1/INFO] (Minecraft) [STDOUT]: [WG-CONTENT-WB] chunk(-5,11) hash=9c735bed0a722325 dh=a09d945a1cd8d6e5 nz=0
[21:55:42] [CoreSwap-Fill-9/INFO] (Minecraft) [STDOUT]: [WG-CONTENT-WB] chunk(-4,3) hash=6f0c178b50329596 dh=42eebbefbc43c390 nz=10167
[21:55:42] [CoreSwap-Fill-10/INFO] (Minecraft) [STDOUT]: [WG-CONTENT-WB] chunk(-6,11) hash=9c735bed0a722325 dh=a09d945a1cd8d6e5 nz=0
[21:55:42] [CoreSwap-Fill-4/INFO] (Minecraft) [STDOUT]: [WG-CONTENT-WB] chunk(-4,8) hash=9c735bed0a722325 dh=a09d945a1cd8d6e5 nz=0
[21:55:42] [CoreSwap-Fill-5/INFO] (Minecraft) [STDOUT]: [WG-CONTENT-WB] chunk(-4,4) hash=22543a16a91334e5 dh=e523318e6552fd31 nz=8924
[21:55:42] [CoreSwap-Fill-2/INFO] (Minecraft) [STDOUT]: [WG-CONTENT-WB] chunk(-4,6) hash=7d71218f31dbdb9e dh=2a1efc4026206152 nz=5385
[21:55:42] [CoreSwap-Fill-7/INFO] (Minecraft) [STDOUT]: [WG-CONTENT-WB] chunk(-4,5) hash=cf68c8b2b506119e dh=af395088a6c91ace nz=4993
[21:55:42] [CoreSwap-Fill-8/INFO] (Minecraft) [STDOUT]: [WG-CONTENT-WB] chunk(-4,10) hash=9c735bed0a722325 dh=a09d945a1cd8d6e5 nz=0
[21:55:42] [CoreSwap-Fill-6/INFO] (Minecraft) [STDOUT]: [WG-CONTENT-WB] chunk(-4,9) hash=9c735bed0a722325 dh=a09d945a1cd8d6e5 nz=0
[21:55:42] [CoreSwap-Fill-3/INFO] (Minecraft) [STDOUT]: [WG-CONTENT-WB] chunk(-4,11) hash=9c735bed0a722325 dh=a09d945a1cd8d6e5 nz=0
[21:55:42] [CoreSwap-Fill-7/INFO] (Minecraft) [STDOUT]: [WG-CONTENT-WB] chunk(-3,8) hash=b6e99b5aaf99c426 dh=adc3498a8ff1da66 nz=635
[21:55:42] [CoreSwap-Fill-4/INFO] (Minecraft) [STDOUT]: [WG-CONTENT-WB] chunk(-3,5) hash=da9e5544b1ef2c4d dh=557a6274c4908903 nz=6950
[21:55:42] [CoreSwap-Fill-2/INFO] (Minecraft) [STDOUT]: [WG-CONTENT-WB] chunk(-3,7) hash=927074d05934fe9e dh=61e3b024be7417da nz=6029
[21:55:42] [CoreSwap-Fill-10/INFO] (Minecraft) [STDOUT]: [WG-CONTENT-WB] chunk(-3,4) hash=3c1960dc46527acd dh=e61435e4025acf8b nz=9022
[21:55:42] [CoreSwap-Fill-1/INFO] (Minecraft) [STDOUT]: [WG-CONTENT-WB] chunk(-3,2) hash=7b175550e3a222d dh=3743be03ae01158f nz=11354
[21:55:42] [CoreSwap-Fill-9/INFO] (Minecraft) [STDOUT]: [WG-CONTENT-WB] chunk(-3,3) hash=881621c7f45d38c5 dh=6f1accc61a76ff13 nz=10304
[21:55:42] [CoreSwap-Fill-5/INFO] (Minecraft) [STDOUT]: [WG-CONTENT-WB] chunk(-3,6) hash=d62105537deeb525 dh=238b5aec1b5bcd61 nz=8252
[21:55:42] [CoreSwap-Fill-8/INFO] (Minecraft) [STDOUT]: [WG-CONTENT-WB] chunk(-3,9) hash=9c735bed0a722325 dh=a09d945a1cd8d6e5 nz=0
[21:55:42] [CoreSwap-Fill-6/INFO] (Minecraft) [STDOUT]: [WG-CONTENT-WB] chunk(-3,10) hash=9c735bed0a722325 dh=a09d945a1cd8d6e5 nz=0
[21:55:42] [CoreSwap-Fill-3/INFO] (Minecraft) [STDOUT]: [WG-CONTENT-WB] chunk(-3,11) hash=9c735bed0a722325 dh=a09d945a1cd8d6e5 nz=0
[21:55:42] [CoreSwap-Fill-8/INFO] (Minecraft) [STDOUT]: [WG-CONTENT-WB] chunk(-2,9) hash=9c735bed0a722325 dh=a09d945a1cd8d6e5 nz=0
[21:55:42] [CoreSwap-Fill-5/INFO] (Minecraft) [STDOUT]: [WG-CONTENT-WB] chunk(-2,8) hash=d41947481b05fd45 dh=a3828aa4ae186ac3 nz=428
[21:55:42] [CoreSwap-Fill-6/INFO] (Minecraft) [STDOUT]: [WG-CONTENT-WB] chunk(-2,10) hash=9c735bed0a722325 dh=a09d945a1cd8d6e5 nz=0
[21:55:42] [CoreSwap-Fill-9/INFO] (Minecraft) [STDOUT]: [WG-CONTENT-WB] chunk(-2,7) hash=b753f90ce403a5e5 dh=32a331cd9f192b15 nz=5544
[21:55:42] [CoreSwap-Fill-10/INFO] (Minecraft) [STDOUT]: [WG-CONTENT-WB] chunk(-2,6) hash=9418b85a23df85 dh=1762b9725ea101a1 nz=7548
[21:55:42] [CoreSwap-Fill-1/INFO] (Minecraft) [STDOUT]: [WG-CONTENT-WB] chunk(-2,5) hash=6ad9a1613da72e7d dh=7b483fbb865c0e59 nz=8690
[21:55:42] [CoreSwap-Fill-2/INFO] (Minecraft) [STDOUT]: [WG-CONTENT-WB] chunk(-2,4) hash=6b856d360eb41345 dh=f326f4d9e63302e9 nz=9672
[21:55:42] [CoreSwap-Fill-4/INFO] (Minecraft) [STDOUT]: [WG-CONTENT-WB] chunk(-2,3) hash=4e78f83d7f60417e dh=257adc8692837846 nz=10869
[21:55:42] [CoreSwap-Fill-7/INFO] (Minecraft) [STDOUT]: [WG-CONTENT-WB] chunk(-2,2) hash=a3ad852ade1edee5 dh=e23d26fd200a5c55 nz=11860
[21:55:42] [CoreSwap-Fill-3/INFO] (Minecraft) [STDOUT]: [WG-CONTENT-WB] chunk(-2,11) hash=9c735bed0a722325 dh=a09d945a1cd8d6e5 nz=0
[21:55:42] [CoreSwap-Fill-4/INFO] (Minecraft) [STDOUT]: [WG-CONTENT-WB] chunk(-1,9) hash=9c735bed0a722325 dh=a09d945a1cd8d6e5 nz=0
[21:55:42] [CoreSwap-Fill-7/INFO] (Minecraft) [STDOUT]: [WG-CONTENT-WB] chunk(-1,10) hash=9c735bed0a722325 dh=a09d945a1cd8d6e5 nz=0
[21:55:42] [CoreSwap-Fill-2/INFO] (Minecraft) [STDOUT]: [WG-CONTENT-WB] chunk(-1,8) hash=9c735bed0a722325 dh=a09d945a1cd8d6e5 nz=0
[21:55:42] [CoreSwap-Fill-1/INFO] (Minecraft) [STDOUT]: [WG-CONTENT-WB] chunk(-1,7) hash=343715181dece9de dh=6f3871dd75ea94a nz=3157
[21:55:42] [CoreSwap-Fill-8/INFO] (Minecraft) [STDOUT]: [WG-CONTENT-WB] chunk(-1,2) hash=40301ea1e275064d dh=93298a3b676d4df3 nz=11918
[21:55:42] [CoreSwap-Fill-3/INFO] (Minecraft) [STDOUT]: [WG-CONTENT-WB] chunk(-1,11) hash=9c735bed0a722325 dh=a09d945a1cd8d6e5 nz=0
[21:55:42] [CoreSwap-Fill-5/INFO] (Minecraft) [STDOUT]: [WG-CONTENT-WB] chunk(-1,3) hash=c1c14f1cf9fdd42d dh=ba6fd1a0a9c19d6f nz=11314
[21:55:42] [CoreSwap-Fill-9/INFO] (Minecraft) [STDOUT]: [WG-CONTENT-WB] chunk(-1,5) hash=174160edbafbcf45 dh=ad3347b64a071033 nz=8944
[21:55:42] [CoreSwap-Fill-10/INFO] (Minecraft) [STDOUT]: [WG-CONTENT-WB] chunk(-1,6) hash=fd76a5513ccbcca6 dh=edc22f856dcb246c nz=6127
[21:55:42] [CoreSwap-Fill-6/INFO] (Minecraft) [STDOUT]: [WG-CONTENT-WB] chunk(-1,4) hash=1979a297309210ee dh=4e835145344bc70a nz=10325
[21:55:42] [CoreSwap-Fill-5/INFO] (Minecraft) [STDOUT]: [WG-CONTENT-WB] chunk(0,8) hash=9c735bed0a722325 dh=a09d945a1cd8d6e5 nz=0
[21:55:42] [CoreSwap-Fill-3/INFO] (Minecraft) [STDOUT]: [WG-CONTENT-WB] chunk(0,7) hash=2dba68eb63a4e475 dh=e95ec90a9e344631 nz=244
[21:55:42] [CoreSwap-Fill-8/INFO] (Minecraft) [STDOUT]: [WG-CONTENT-WB] chunk(0,6) hash=5281c112c82c31a6 dh=b79e0980771a6a68 nz=4579
[21:55:42] [CoreSwap-Fill-2/INFO] (Minecraft) [STDOUT]: [WG-CONTENT-WB] chunk(0,3) hash=777252cf0cc75b5 dh=b6f3f4cf19a4479d nz=11356
[21:55:42] [CoreSwap-Fill-4/INFO] (Minecraft) [STDOUT]: [WG-CONTENT-WB] chunk(0,2) hash=db86d4e5d75ed2e6 dh=42329a7dad1870c8 nz=11775
[21:55:42] [CoreSwap-Fill-1/INFO] (Minecraft) [STDOUT]: [WG-CONTENT-WB] chunk(0,5) hash=2b85a4ef298449b6 dh=a8d63aa7ce2b5a60 nz=8655
[21:55:42] [CoreSwap-Fill-7/INFO] (Minecraft) [STDOUT]: [WG-CONTENT-WB] chunk(0,4) hash=d47860f6d30c386d dh=428f5d274940b2cf nz=10498
[21:55:42] [CoreSwap-Fill-10/INFO] (Minecraft) [STDOUT]: [WG-CONTENT-WB] chunk(0,10) hash=9c735bed0a722325 dh=a09d945a1cd8d6e5 nz=0
[21:55:42] [CoreSwap-Fill-9/INFO] (Minecraft) [STDOUT]: [WG-CONTENT-WB] chunk(0,9) hash=9c735bed0a722325 dh=a09d945a1cd8d6e5 nz=0
[21:55:42] [CoreSwap-Fill-6/INFO] (Minecraft) [STDOUT]: [WG-CONTENT-WB] chunk(0,11) hash=9c735bed0a722325 dh=a09d945a1cd8d6e5 nz=0
[21:55:42] [CoreSwap-Fill-4/INFO] (Minecraft) [STDOUT]: [WG-CONTENT-WB] chunk(1,6) hash=ea98ec8eec3942b5 dh=ee4842d06b443a03 nz=5040
[21:55:42] [CoreSwap-Fill-8/INFO] (Minecraft) [STDOUT]: [WG-CONTENT-WB] chunk(1,4) hash=5eab70730f6014de dh=17c840d3b607d036 nz=9065
[21:55:42] [CoreSwap-Fill-3/INFO] (Minecraft) [STDOUT]: [WG-CONTENT-WB] chunk(1,3) hash=ac55b4bbbb34748d dh=e8ab8bafdfaad751 nz=11490
[21:55:42] [CoreSwap-Fill-5/INFO] (Minecraft) [STDOUT]: [WG-CONTENT-WB] chunk(1,2) hash=9a4cbdf16e2e6d4e dh=7565424a9abb602c nz=11773
[21:55:42] [CoreSwap-Fill-2/INFO] (Minecraft) [STDOUT]: [WG-CONTENT-WB] chunk(1,5) hash=63183e32b4c407a6 dh=668af02cc0195f48 nz=6815
[21:55:42] [CoreSwap-Fill-1/INFO] (Minecraft) [STDOUT]: [WG-CONTENT-WB] chunk(1,7) hash=be05310179eed52d dh=77f68069d03cbd97 nz=98
[21:55:42] [CoreSwap-Fill-7/INFO] (Minecraft) [STDOUT]: [WG-CONTENT-WB] chunk(1,8) hash=9c735bed0a722325 dh=a09d945a1cd8d6e5 nz=0
[21:55:42] [CoreSwap-Fill-10/INFO] (Minecraft) [STDOUT]: [WG-CONTENT-WB] chunk(1,9) hash=9c735bed0a722325 dh=a09d945a1cd8d6e5 nz=0
[21:55:42] [CoreSwap-Fill-6/INFO] (Minecraft) [STDOUT]: [WG-CONTENT-WB] chunk(1,11) hash=9c735bed0a722325 dh=a09d945a1cd8d6e5 nz=0
[21:55:42] [CoreSwap-Fill-9/INFO] (Minecraft) [STDOUT]: [WG-CONTENT-WB] chunk(1,10) hash=9c735bed0a722325 dh=a09d945a1cd8d6e5 nz=0
[21:55:42] [CoreSwap-Fill-5/INFO] (Minecraft) [STDOUT]: [WG-CONTENT-WB] chunk(2,5) hash=e73c3da58ebc219e dh=3fc409c517d3c05e nz=1837
[21:55:42] [CoreSwap-Fill-7/INFO] (Minecraft) [STDOUT]: [WG-CONTENT-WB] chunk(2,8) hash=9c735bed0a722325 dh=a09d945a1cd8d6e5 nz=0
[21:55:42] [CoreSwap-Fill-10/INFO] (Minecraft) [STDOUT]: [WG-CONTENT-WB] chunk(2,9) hash=9c735bed0a722325 dh=a09d945a1cd8d6e5 nz=0
[21:55:42] [CoreSwap-Fill-1/INFO] (Minecraft) [STDOUT]: [WG-CONTENT-WB] chunk(2,7) hash=534796b3e2b549e5 dh=60d37b4d76dd3fc9 nz=60
[21:55:42] [CoreSwap-Fill-6/INFO] (Minecraft) [STDOUT]: [WG-CONTENT-WB] chunk(2,10) hash=9c735bed0a722325 dh=a09d945a1cd8d6e5 nz=0
[21:55:42] [CoreSwap-Fill-2/INFO] (Minecraft) [STDOUT]: [WG-CONTENT-WB] chunk(2,6) hash=7a07d38c0e7f97fe dh=2ed9b8911e15742e nz=5065
[21:55:42] [CoreSwap-Fill-8/INFO] (Minecraft) [STDOUT]: [WG-CONTENT-WB] chunk(2,3) hash=d80011a2816dc1cd dh=e01a53ce7a7fa751 nz=8650
[21:55:42] [CoreSwap-Fill-3/INFO] (Minecraft) [STDOUT]: [WG-CONTENT-WB] chunk(2,4) hash=2ea2a780b5ada1b5 dh=47cfa47d2ef27549 nz=5384
[21:55:42] [CoreSwap-Fill-4/INFO] (Minecraft) [STDOUT]: [WG-CONTENT-WB] chunk(2,2) hash=473fa674c227eddd dh=7fffaaa2e93aaf0f nz=9754
[21:55:42] [CoreSwap-Fill-9/INFO] (Minecraft) [STDOUT]: [WG-CONTENT-WB] chunk(3,2) hash=36e5983e13a4dc55 dh=7a600d3bb0e27e45 nz=7084
[21:55:42] [CoreSwap-Fill-2/INFO] (Minecraft) [STDOUT]: [WG-CONTENT-WB] chunk(3,7) hash=9c735bed0a722325 dh=a09d945a1cd8d6e5 nz=0
[21:55:42] [CoreSwap-Fill-1/INFO] (Minecraft) [STDOUT]: [WG-CONTENT-WB] chunk(2,11) hash=9c735bed0a722325 dh=a09d945a1cd8d6e5 nz=0
[21:55:42] [CoreSwap-Fill-7/INFO] (Minecraft) [STDOUT]: [WG-CONTENT-WB] chunk(3,5) hash=3d5081c4c3c9d20d dh=1b907185cff49b63 nz=614
[21:55:42] [CoreSwap-Fill-10/INFO] (Minecraft) [STDOUT]: [WG-CONTENT-WB] chunk(3,4) hash=55bcf2e191d8f6b5 dh=1c86fd6e05ab2a4b nz=1028
[21:55:42] [CoreSwap-Fill-8/INFO] (Minecraft) [STDOUT]: [WG-CONTENT-WB] chunk(3,8) hash=9c735bed0a722325 dh=a09d945a1cd8d6e5 nz=0
[21:55:42] [CoreSwap-Fill-3/INFO] (Minecraft) [STDOUT]: [WG-CONTENT-WB] chunk(3,9) hash=9c735bed0a722325 dh=a09d945a1cd8d6e5 nz=0
[21:55:42] [CoreSwap-Fill-6/INFO] (Minecraft) [STDOUT]: [WG-CONTENT-WB] chunk(3,6) hash=f37af9e71fe9986e dh=da6754c401812834 nz=2561
[21:55:42] [CoreSwap-Fill-5/INFO] (Minecraft) [STDOUT]: [WG-CONTENT-WB] chunk(3,3) hash=43eb9f9ca17afd65 dh=63833441b03579d1 nz=3672
[21:55:42] [CoreSwap-Fill-4/INFO] (Minecraft) [STDOUT]: [WG-CONTENT-WB] chunk(3,10) hash=9c735bed0a722325 dh=a09d945a1cd8d6e5 nz=0
[21:55:42] [CoreSwap-Fill-1/INFO] (Minecraft) [STDOUT]: [WG-CONTENT-WB] chunk(4,4) hash=9c735bed0a722325 dh=a09d945a1cd8d6e5 nz=0
[21:55:42] [CoreSwap-Fill-2/INFO] (Minecraft) [STDOUT]: [WG-CONTENT-WB] chunk(4,3) hash=a013f2fe512c488d dh=3ef9ecd6105133b3 nz=94
[21:55:42] [CoreSwap-Fill-5/INFO] (Minecraft) [STDOUT]: [WG-CONTENT-WB] chunk(4,9) hash=9c735bed0a722325 dh=a09d945a1cd8d6e5 nz=0
[21:55:42] [CoreSwap-Fill-8/INFO] (Minecraft) [STDOUT]: [WG-CONTENT-WB] chunk(4,7) hash=9c735bed0a722325 dh=a09d945a1cd8d6e5 nz=0
[21:55:42] [CoreSwap-Fill-10/INFO] (Minecraft) [STDOUT]: [WG-CONTENT-WB] chunk(4,6) hash=834961c7195bf84d dh=ed661609c79d07df nz=154
[21:55:42] [CoreSwap-Fill-3/INFO] (Minecraft) [STDOUT]: [WG-CONTENT-WB] chunk(4,8) hash=9c735bed0a722325 dh=a09d945a1cd8d6e5 nz=0
[21:55:42] [CoreSwap-Fill-6/INFO] (Minecraft) [STDOUT]: [WG-CONTENT-WB] chunk(3,11) hash=9c735bed0a722325 dh=a09d945a1cd8d6e5 nz=0
[21:55:42] [CoreSwap-Fill-9/INFO] (Minecraft) [STDOUT]: [WG-CONTENT-WB] chunk(4,2) hash=e75234cfde1ac15d dh=c48eba21527a88cf nz=1738
[21:55:42] [CoreSwap-Fill-7/INFO] (Minecraft) [STDOUT]: [WG-CONTENT-WB] chunk(4,5) hash=ffe94faa80cd9a0e dh=12c09c77c4bf501c nz=1
[21:55:42] [CoreSwap-Fill-4/INFO] (Minecraft) [STDOUT]: [WG-CONTENT-WB] chunk(4,10) hash=9c735bed0a722325 dh=a09d945a1cd8d6e5 nz=0
[21:55:42] [CoreSwap-Fill-2/INFO] (Minecraft) [STDOUT]: [WG-CONTENT-WB] chunk(5,2) hash=9c735bed0a722325 dh=a09d945a1cd8d6e5 nz=0
[21:55:42] [CoreSwap-Fill-1/INFO] (Minecraft) [STDOUT]: [WG-CONTENT-WB] chunk(4,11) hash=9c735bed0a722325 dh=a09d945a1cd8d6e5 nz=0
[21:55:42] [CoreSwap-Fill-10/INFO] (Minecraft) [STDOUT]: [WG-CONTENT-WB] chunk(5,4) hash=9c735bed0a722325 dh=a09d945a1cd8d6e5 nz=0
[21:55:42] [CoreSwap-Fill-5/INFO] (Minecraft) [STDOUT]: [WG-CONTENT-WB] chunk(5,3) hash=9c735bed0a722325 dh=a09d945a1cd8d6e5 nz=0
[21:55:42] [CoreSwap-Fill-8/INFO] (Minecraft) [STDOUT]: [WG-CONTENT-WB] chunk(5,5) hash=9c735bed0a722325 dh=a09d945a1cd8d6e5 nz=0
[21:55:42] [CoreSwap-Fill-9/INFO] (Minecraft) [STDOUT]: [WG-CONTENT-WB] chunk(5,8) hash=9c735bed0a722325 dh=a09d945a1cd8d6e5 nz=0
[21:55:42] [CoreSwap-Fill-7/INFO] (Minecraft) [STDOUT]: [WG-CONTENT-WB] chunk(5,9) hash=9c735bed0a722325 dh=a09d945a1cd8d6e5 nz=0
[21:55:42] [CoreSwap-Fill-3/INFO] (Minecraft) [STDOUT]: [WG-CONTENT-WB] chunk(5,6) hash=9c735bed0a722325 dh=a09d945a1cd8d6e5 nz=0
[21:55:42] [CoreSwap-Fill-6/INFO] (Minecraft) [STDOUT]: [WG-CONTENT-WB] chunk(5,7) hash=9c735bed0a722325 dh=a09d945a1cd8d6e5 nz=0
[21:55:42] [CoreSwap-Fill-4/INFO] (Minecraft) [STDOUT]: [WG-CONTENT-WB] chunk(5,10) hash=9c735bed0a722325 dh=a09d945a1cd8d6e5 nz=0
[21:55:42] [CoreSwap-Fill-2/INFO] (Minecraft) [STDOUT]: [WG-CONTENT-WB] chunk(6,2) hash=9c735bed0a722325 dh=a09d945a1cd8d6e5 nz=0
[21:55:42] [CoreSwap-Fill-1/INFO] (Minecraft) [STDOUT]: [WG-CONTENT-WB] chunk(6,3) hash=9c735bed0a722325 dh=a09d945a1cd8d6e5 nz=0
[21:55:42] [CoreSwap-Fill-10/INFO] (Minecraft) [STDOUT]: [WG-CONTENT-WB] chunk(6,4) hash=9c735bed0a722325 dh=a09d945a1cd8d6e5 nz=0
[21:55:42] [CoreSwap-Fill-5/INFO] (Minecraft) [STDOUT]: [WG-CONTENT-WB] chunk(6,5) hash=9c735bed0a722325 dh=a09d945a1cd8d6e5 nz=0
[21:55:42] [CoreSwap-Fill-8/INFO] (Minecraft) [STDOUT]: [WG-CONTENT-WB] chunk(6,6) hash=9c735bed0a722325 dh=a09d945a1cd8d6e5 nz=0
[21:55:42] [CoreSwap-Fill-9/INFO] (Minecraft) [STDOUT]: [WG-CONTENT-WB] chunk(6,7) hash=9c735bed0a722325 dh=a09d945a1cd8d6e5 nz=0
[21:55:42] [CoreSwap-Fill-7/INFO] (Minecraft) [STDOUT]: [WG-CONTENT-WB] chunk(6,8) hash=9c735bed0a722325 dh=a09d945a1cd8d6e5 nz=0
[21:55:42] [CoreSwap-Fill-3/INFO] (Minecraft) [STDOUT]: [WG-CONTENT-WB] chunk(5,11) hash=9c735bed0a722325 dh=a09d945a1cd8d6e5 nz=0
[21:55:42] [CoreSwap-Fill-4/INFO] (Minecraft) [STDOUT]: [WG-CONTENT-WB] chunk(6,10) hash=9c735bed0a722325 dh=a09d945a1cd8d6e5 nz=0
[21:55:42] [CoreSwap-Fill-6/INFO] (Minecraft) [STDOUT]: [WG-CONTENT-WB] chunk(6,9) hash=9c735bed0a722325 dh=a09d945a1cd8d6e5 nz=0
[21:55:42] [CoreSwap-Fill-2/INFO] (Minecraft) [STDOUT]: [WG-CONTENT-WB] chunk(6,11) hash=9c735bed0a722325 dh=a09d945a1cd8d6e5 nz=0
[21:55:42] [CoreSwap-Fill-1/INFO] (Minecraft) [STDOUT]: [WG-CONTENT-WB] chunk(7,2) hash=9c735bed0a722325 dh=a09d945a1cd8d6e5 nz=0
[21:55:42] [CoreSwap-Fill-10/INFO] (Minecraft) [STDOUT]: [WG-CONTENT-WB] chunk(7,3) hash=9c735bed0a722325 dh=a09d945a1cd8d6e5 nz=0
[21:55:42] [CoreSwap-Fill-5/INFO] (Minecraft) [STDOUT]: [WG-CONTENT-WB] chunk(7,4) hash=9c735bed0a722325 dh=a09d945a1cd8d6e5 nz=0
[21:55:42] [CoreSwap-Fill-8/INFO] (Minecraft) [STDOUT]: [WG-CONTENT-WB] chunk(7,5) hash=9c735bed0a722325 dh=a09d945a1cd8d6e5 nz=0
[21:55:42] [CoreSwap-Fill-9/INFO] (Minecraft) [STDOUT]: [WG-CONTENT-WB] chunk(7,6) hash=9c735bed0a722325 dh=a09d945a1cd8d6e5 nz=0
[21:55:42] [CoreSwap-Fill-7/INFO] (Minecraft) [STDOUT]: [WG-CONTENT-WB] chunk(7,7) hash=9c735bed0a722325 dh=a09d945a1cd8d6e5 nz=0
[21:55:42] [CoreSwap-Fill-3/INFO] (Minecraft) [STDOUT]: [WG-CONTENT-WB] chunk(7,8) hash=9c735bed0a722325 dh=a09d945a1cd8d6e5 nz=0
[21:55:42] [CoreSwap-Fill-4/INFO] (Minecraft) [STDOUT]: [WG-CONTENT-WB] chunk(7,9) hash=9c735bed0a722325 dh=a09d945a1cd8d6e5 nz=0
[21:55:42] [CoreSwap-Fill-6/INFO] (Minecraft) [STDOUT]: [WG-CONTENT-WB] chunk(7,10) hash=9c735bed0a722325 dh=a09d945a1cd8d6e5 nz=0
[21:55:42] [CoreSwap-Fill-2/INFO] (Minecraft) [STDOUT]: [WG-CONTENT-WB] chunk(7,11) hash=9c735bed0a722325 dh=a09d945a1cd8d6e5 nz=0
[21:55:42] [CoreSwap-Fill-1/INFO] (Minecraft) [STDOUT]: [WG-CONTENT-WB] chunk(8,2) hash=9c735bed0a722325 dh=a09d945a1cd8d6e5 nz=0
[21:55:42] [CoreSwap-Fill-10/INFO] (Minecraft) [STDOUT]: [WG-CONTENT-WB] chunk(8,3) hash=9c735bed0a722325 dh=a09d945a1cd8d6e5 nz=0
[21:55:42] [CoreSwap-Fill-8/INFO] (Minecraft) [STDOUT]: [WG-CONTENT-WB] chunk(8,5) hash=9c735bed0a722325 dh=a09d945a1cd8d6e5 nz=0
[21:55:42] [CoreSwap-Fill-5/INFO] (Minecraft) [STDOUT]: [WG-CONTENT-WB] chunk(8,4) hash=9c735bed0a722325 dh=a09d945a1cd8d6e5 nz=0
[21:55:42] [CoreSwap-Fill-9/INFO] (Minecraft) [STDOUT]: [WG-CONTENT-WB] chunk(8,6) hash=9c735bed0a722325 dh=a09d945a1cd8d6e5 nz=0
[21:55:42] [CoreSwap-Fill-7/INFO] (Minecraft) [STDOUT]: [WG-CONTENT-WB] chunk(8,7) hash=9c735bed0a722325 dh=a09d945a1cd8d6e5 nz=0
[21:55:42] [CoreSwap-Fill-3/INFO] (Minecraft) [STDOUT]: [WG-CONTENT-WB] chunk(8,8) hash=9c735bed0a722325 dh=a09d945a1cd8d6e5 nz=0
[21:55:42] [CoreSwap-Fill-6/INFO] (Minecraft) [STDOUT]: [WG-CONTENT-WB] chunk(8,10) hash=9c735bed0a722325 dh=a09d945a1cd8d6e5 nz=0
[21:55:42] [CoreSwap-Fill-4/INFO] (Minecraft) [STDOUT]: [WG-CONTENT-WB] chunk(8,9) hash=9c735bed0a722325 dh=a09d945a1cd8d6e5 nz=0
[21:55:42] [CoreSwap-Fill-1/INFO] (Minecraft) [STDOUT]: [WG-CONTENT-WB] chunk(9,2) hash=9c735bed0a722325 dh=a09d945a1cd8d6e5 nz=0
[21:55:42] [CoreSwap-Fill-2/INFO] (Minecraft) [STDOUT]: [WG-CONTENT-WB] chunk(8,11) hash=9c735bed0a722325 dh=a09d945a1cd8d6e5 nz=0
[21:55:42] [CoreSwap-Fill-8/INFO] (Minecraft) [STDOUT]: [WG-CONTENT-WB] chunk(9,4) hash=9c735bed0a722325 dh=a09d945a1cd8d6e5 nz=0
[21:55:42] [CoreSwap-Fill-5/INFO] (Minecraft) [STDOUT]: [WG-CONTENT-WB] chunk(9,5) hash=9c735bed0a722325 dh=a09d945a1cd8d6e5 nz=0
[21:55:42] [CoreSwap-Fill-10/INFO] (Minecraft) [STDOUT]: [WG-CONTENT-WB] chunk(9,3) hash=9c735bed0a722325 dh=a09d945a1cd8d6e5 nz=0
[21:55:42] [CoreSwap-Fill-9/INFO] (Minecraft) [STDOUT]: [WG-CONTENT-WB] chunk(9,6) hash=9c735bed0a722325 dh=a09d945a1cd8d6e5 nz=0
[21:55:42] [CoreSwap-Fill-7/INFO] (Minecraft) [STDOUT]: [WG-CONTENT-WB] chunk(9,7) hash=9c735bed0a722325 dh=a09d945a1cd8d6e5 nz=0
[21:55:42] [CoreSwap-Fill-3/INFO] (Minecraft) [STDOUT]: [WG-CONTENT-WB] chunk(9,8) hash=9c735bed0a722325 dh=a09d945a1cd8d6e5 nz=0
[21:55:42] [CoreSwap-Fill-6/INFO] (Minecraft) [STDOUT]: [WG-CONTENT-WB] chunk(9,9) hash=9c735bed0a722325 dh=a09d945a1cd8d6e5 nz=0
[21:55:42] [CoreSwap-Fill-4/INFO] (Minecraft) [STDOUT]: [WG-CONTENT-WB] chunk(9,10) hash=9c735bed0a722325 dh=a09d945a1cd8d6e5 nz=0
[21:55:42] [CoreSwap-Fill-2/INFO] (Minecraft) [STDOUT]: [WG-CONTENT-WB] chunk(9,11) hash=9c735bed0a722325 dh=a09d945a1cd8d6e5 nz=0
[21:55:42] [Server thread/INFO] (Minecraft) [Chunky] Task finished for minecraft:the_end. Processed: 441 chunks (100.00%), Total time: 0:00:01
[21:55:55] [RCON Listener #1/INFO] (Minecraft) Thread RCON Client /127.0.0.1 started
[21:55:55] [RCON Client /127.0.0.1 #7/INFO] (Minecraft) Thread RCON Client /127.0.0.1 shutting down
[21:55:57] [RCON Listener #1/INFO] (Minecraft) Thread RCON Client /127.0.0.1 started
[21:55:57] [Server thread/INFO] (Minecraft) [Rcon: Stopping the server]
[21:55:57] [RCON Client /127.0.0.1 #8/INFO] (Minecraft) Thread RCON Client /127.0.0.1 shutting down
[21:55:57] [Server thread/INFO] (Minecraft) [STDOUT]: [WG-BULKWB] calls=625 sections_replaced=562 air_sections_skipped=4438 idlist_hits=0 max_distinct=2 ns/section: build=78695 (incl. readPacket=13343) counts_set=92 ns/call(total)=804970 (per-section ns; compare against per-block setBlockState path)
[21:55:57] [Server thread/INFO] (Minecraft) [STDOUT]: [WG-PERBLOCK] calls=0 ns/call(total)=-1 (旧逐块路径写回分项，与 [WG-BULKWB] ns/call(total) 同仪器)
[21:55:57] [Server thread/INFO] (Minecraft) Stopping server
[21:55:57] [Server thread/INFO] (Minecraft) Saving players
[21:55:57] [Server thread/INFO] (Minecraft) Saving worlds
[21:55:57] [Server thread/INFO] (Minecraft) Saving chunks for level 'ServerLevel[world]'/minecraft:overworld
[21:56:00] [Server thread/INFO] (Minecraft) Saving chunks for level 'ServerLevel[world]'/minecraft:the_end
[21:56:00] [Server thread/INFO] (Minecraft) Saving chunks for level 'ServerLevel[world]'/minecraft:the_nether
[21:56:00] [Server thread/INFO] (Minecraft) ThreadedAnvilChunkStorage (world): All chunks are saved
[21:56:00] [Server thread/INFO] (Minecraft) ThreadedAnvilChunkStorage (DIM1): All chunks are saved
[21:56:00] [Server thread/INFO] (Minecraft) ThreadedAnvilChunkStorage (DIM-1): All chunks are saved
[21:56:00] [Server thread/INFO] (Minecraft) ThreadedAnvilChunkStorage: All dimensions are saved
[21:56:00] [Server thread/INFO] (Minecraft) Thread RCON Listener stopped

BUILD SUCCESSFUL in 1m 17s
6 actionable tasks: 1 executed, 5 up-to-date
