
> Configure project :
Fabric Loom: 1.10.5

> Task :compileJava UP-TO-DATE
> Task :processResources UP-TO-DATE
> Task :classes UP-TO-DATE
> Task :generateLog4jConfig UP-TO-DATE
> Task :generateRemapClasspath UP-TO-DATE
> Task :generateDLIConfig UP-TO-DATE
> Task :configureLaunch UP-TO-DATE

> Task :runServer
[17:42:41] [main/INFO] (FabricLoader/GameProvider) Loading Minecraft 1.21.6 with Fabric Loader 0.16.14
[17:42:42] [main/INFO] (FabricLoader) Loading 42 mods:
	- chunky 1.4.40
	- coreswap1216 1.21.6-0.1.0
	- fabric-api 0.127.0+1.21.6
	- fabric-api-base 0.4.63+9ec45cd89c
	- fabric-api-lookup-api-v1 1.6.99+9ec45cd89c
	- fabric-biome-api-v1 16.0.10+fa6cb72b9c
	- fabric-block-api-v1 1.1.2+78dbe4fb9c
	- fabric-block-view-api-v2 1.0.30+d32f812d9c
	- fabric-command-api-v2 2.2.52+b39a696a9c
	- fabric-content-registries-v0 10.0.17+fa6cb72b9c
	- fabric-convention-tags-v1 2.1.37+7f945d5b9c
	- fabric-convention-tags-v2 2.15.2+d9a896309c
	- fabric-crash-report-info-v1 0.3.14+fa6cb72b9c
	- fabric-data-attachment-api-v1 1.8.8+d9a896309c
	- fabric-data-generation-api-v1 23.2.0+a12c79229c
	- fabric-dimensions-v1 4.0.18+75fa737a9c
	- fabric-entity-events-v1 2.1.0+c9e472739c
	- fabric-events-interaction-v0 4.0.22+0d4d74479c
	- fabric-game-rule-api-v1 1.0.71+9ec45cd89c
	- fabric-gametest-api-v1 3.1.8+39ce47f59c
	- fabric-item-api-v1 11.4.2+5e29f1899c
	- fabric-item-group-api-v1 4.2.12+9ec45cd89c
	- fabric-lifecycle-events-v1 2.6.2+db4dfd859c
	- fabric-loot-api-v2 3.0.54+3f89f5a59c
	- fabric-loot-api-v3 2.0.1+f40817309c
	- fabric-message-api-v1 6.1.0+8efa0e499c
	- fabric-networking-api-v1 5.0.0+d32f812d9c
	- fabric-object-builder-api-v1 21.1.5+946cf7899c
	- fabric-particles-v1 4.1.6+c1dce2189c
	- fabric-recipe-api-v1 8.1.13+39ce47f59c
	- fabric-registry-sync-v0 6.1.25+9ec45cd89c
	- fabric-rendering-fluids-v1 3.1.29+fa6cb72b9c
	- fabric-resource-conditions-api-v1 5.0.23+908cbc919c
	- fabric-resource-loader-v0 3.1.10+fa6cb72b9c
	- fabric-screen-handler-api-v1 1.3.134+d32f812d9c
	- fabric-tag-api-v1 1.2.0+75110b049c
	- fabric-transfer-api-v1 6.0.4+074c84ee9c
	- fabric-transitive-access-wideners-v1 6.4.0+ac3e15d19c
	- fabricloader 0.16.14
	- java 21
	- minecraft 1.21.6
	- mixinextras 0.4.1
[17:42:47] [main/INFO] (FabricLoader/Mixin) SpongePowered MIXIN Subsystem Version=0.8.7 Source=file:/E:/PYTHON/CoreSwap/.gradle-home/caches/modules-2/files-2.1/net.fabricmc/sponge-mixin/0.15.5+mixin.0.8.7/22f9eb729e216a091673a574a5906dc1b9027fb3/sponge-mixin-0.15.5+mixin.0.8.7.jar Service=Knot/Fabric Env=SERVER
[17:42:47] [main/INFO] (FabricLoader/Mixin) Loaded Fabric development mappings for mixin remapper!
[17:42:47] [main/INFO] (FabricLoader/Mixin) Compatibility level set to JAVA_21
[17:42:48] [main/INFO] (FabricLoader/MixinExtras|Service) Initializing MixinExtras via com.llamalad7.mixinextras.service.MixinExtrasServiceImpl(version=0.4.1).
[17:42:50] [main/WARN] (WmiQueryHandler) COM exception querying Win32_Processor, which might not be on your system. Will not attempt to query it again. Error was -2147217405: (HRESULT: 80041003)
[17:42:50] [main/WARN] (WmiQueryHandler) COM exception querying Win32_Processor, which might not be on your system. Will not attempt to query it again. Error was -2147217405: (HRESULT: 80041003)
[17:42:50] [main/WARN] (WmiQueryHandler) COM exception querying Win32_PhysicalMemory, which might not be on your system. Will not attempt to query it again. Error was -2147217405: (HRESULT: 80041003)
[17:42:57] [main/INFO] (Minecraft) Environment: Environment[sessionHost=https://sessionserver.mojang.com, servicesHost=https://api.minecraftservices.com, name=PROD]
[17:42:58] [main/INFO] (Minecraft) No existing world data, creating new world
[17:42:59] [main/INFO] (Minecraft) Loaded 1407 recipes
[17:42:59] [main/INFO] (Minecraft) Loaded 1520 advancements
[17:42:59] [main/INFO] (BiomeModificationImpl) Applied 0 biome modifications to 0 of 65 new biomes in 1.384 ms
[17:42:59] [Server thread/INFO] (Minecraft) Starting minecraft server version 1.21.6
[17:42:59] [Server thread/INFO] (Minecraft) Loading properties
[17:42:59] [Server thread/INFO] (Minecraft) Default game type: SURVIVAL
[17:42:59] [Server thread/INFO] (Minecraft) Generating keypair
[17:43:00] [Server thread/INFO] (Minecraft) Starting Minecraft server on *:25565
[17:43:00] [Server thread/INFO] (Minecraft) Using default channel type
[17:43:00] [Server thread/WARN] (Minecraft) **** SERVER IS RUNNING IN OFFLINE/INSECURE MODE!
[17:43:00] [Server thread/WARN] (Minecraft) The server will make no attempt to authenticate usernames. Beware.
[17:43:00] [Server thread/WARN] (Minecraft) While this makes the game possible to play without internet access, it also opens up the ability for hackers to connect with any username they choose.
[17:43:00] [Server thread/WARN] (Minecraft) To change this, set "online-mode" to "true" in the server.properties file.
[17:43:00] [Server thread/INFO] (Minecraft) Preparing level "world"
[17:43:03] [Server thread/INFO] (Minecraft) Preparing start region for dimension minecraft:overworld
[17:43:03] [Worker-Main-2/INFO] (Minecraft) Preparing spawn area: 2%
[17:43:03] [Worker-Main-12/INFO] (Minecraft) Preparing spawn area: 2%
[17:43:04] [Worker-Main-12/INFO] (Minecraft) Preparing spawn area: 2%
[17:43:04] [Worker-Main-23/INFO] (Minecraft) Preparing spawn area: 18%
[17:43:05] [Worker-Main-16/INFO] (Minecraft) Preparing spawn area: 18%
[17:43:05] [Worker-Main-17/INFO] (Minecraft) Preparing spawn area: 51%
[17:43:05] [Server thread/INFO] (Minecraft) Time elapsed: 2751 ms
[17:43:05] [Server thread/INFO] (Minecraft) Done (5.634s)! For help, type "help"
[17:43:05] [Server thread/INFO] (Minecraft) Starting remote control listener
[17:43:05] [Server thread/INFO] (Minecraft) Thread RCON Listener started
[17:43:05] [Server thread/INFO] (Minecraft) RCON running on 0.0.0.0:25575
[17:43:06] [Server thread/INFO] (Minecraft) [STDOUT]: [CppBridge] init seed=417950215108767439 worldgenDir=E:\PYTHON\CoreSwap\versions\1.21.6\data\worldgen enabled=true stageMask=3 env.CORESWAP_DEFAULT_BLOCK=null
[17:43:06] [Server thread/INFO] (Minecraft) [STDOUT]: [CppBridge] dll=E:\PYTHON\CoreSwap\.tmp\java-tmp\coreswap-native\worldgen.dll size=2457088 sha256=abd7d8893d22e030...
[17:43:06] [Server thread/INFO] (Minecraft) [STDOUT]: [CppBridge] initNether seed=417950215108767439 enabled=true stageMask=3
[17:43:06] [Server thread/INFO] (Minecraft) [STDOUT]: [CppBridge] initEnd seed=417950215108767439 enabled=true stageMask=3
[17:43:06] [Server thread/INFO] (Minecraft) [STDOUT]: [BenchMod] CoreSwap replace mode: C++ worldgen active
[17:43:14] [RCON Listener #1/INFO] (Minecraft) Thread RCON Client /127.0.0.1 started
[17:43:14] [Worker-Main-2/INFO] (Minecraft) [STDOUT]: [WG-BULKWB-SENTINEL] armed: concurrent same-chunk write detector active (non-reentrant, in-flight overlap only; mirrors vanilla LockHelper semantics)
[17:43:14] [Worker-Main-16/INFO] (Minecraft) [STDOUT]: [WG-CONTENT-WB] chunk(-8,-10) hash=81049857cbf8563a dh=cf5ac4efb7efdc09 nz=32512
[17:43:14] [Worker-Main-12/INFO] (Minecraft) [STDOUT]: [WG-CONTENT-WB] chunk(-7,-8) hash=a61bc48148e63904 dh=72f8d7b257531975 nz=31619
[17:43:14] [Worker-Main-14/INFO] (Minecraft) [STDOUT]: [WG-CONTENT-WB] chunk(-6,-8) hash=95854cd1e7ab8ac3 dh=1f9c4b9841d68d71 nz=31451
[17:43:14] [Worker-Main-4/INFO] (Minecraft) [STDOUT]: [WG-CONTENT-WB] chunk(-10,-6) hash=afb16f07f2192885 dh=7e7b137726341b36 nz=32109
[17:43:14] [Worker-Main-15/INFO] (Minecraft) [STDOUT]: [WG-CONTENT-WB] chunk(-9,-8) hash=2a600871a800ae36 dh=8906f5b610b16651 nz=29512
[17:43:14] [Worker-Main-19/INFO] (Minecraft) [STDOUT]: [WG-CONTENT-WB] chunk(-9,-9) hash=e8be7dfec86d3c01 dh=8b6c4f6a52cd202 nz=29776
[17:43:14] [Worker-Main-17/INFO] (Minecraft) [STDOUT]: [WG-CONTENT-WB] chunk(-7,-9) hash=32390f8987a495b1 dh=81ec3d5471c3f27b nz=31722
[17:43:14] [Worker-Main-6/INFO] (Minecraft) [STDOUT]: [WG-CONTENT-WB] chunk(-10,-9) hash=10c4b30d3cd49b41 dh=f0495eaeabd85c0e nz=29590
[17:43:14] [Worker-Main-7/INFO] (Minecraft) [STDOUT]: [WG-CONTENT-WB] chunk(-9,-6) hash=dfda342e1740e8f2 dh=3967ac399fb4ba73 nz=32512
[17:43:14] [Worker-Main-10/INFO] (Minecraft) [STDOUT]: [WG-CONTENT-WB] chunk(-7,-10) hash=abd5d56cf2e87579 dh=8dc970b5c94cad5f nz=32460
[17:43:14] [Worker-Main-23/INFO] (Minecraft) [STDOUT]: [WG-CONTENT-WB] chunk(-8,-6) hash=7a7b9b3c60301e8 dh=2ba90f5c3bfd0180 nz=30187
[17:43:14] [Worker-Main-21/INFO] (Minecraft) [STDOUT]: [WG-CONTENT-WB] chunk(-7,-7) hash=908358f8b805f02 dh=1bf0fd9c4da1db86 nz=29536
[17:43:14] [Worker-Main-16/INFO] (Minecraft) [STDOUT]: [WG-CONTENT-WB] chunk(-6,-7) hash=3fa0709c46c73b26 dh=c6ae8b9146a4e0fa nz=31976
[17:43:14] [Worker-Main-8/INFO] (Minecraft) [STDOUT]: [WG-CONTENT-WB] chunk(-8,-7) hash=561341d5cb18cfbe dh=b84aa67e711fd081 nz=29342
[17:43:14] [Worker-Main-12/INFO] (Minecraft) [STDOUT]: [WG-CONTENT-WB] chunk(-6,-6) hash=29a4ee8bf9b446a6 dh=598f56ac7e294e80 nz=32496
[17:43:14] [Worker-Main-14/INFO] (Minecraft) [STDOUT]: [WG-CONTENT-WB] chunk(-11,-10) hash=3a37d71b4610acfe dh=3c08836dbaceb1d3 nz=31072
[17:43:14] [Worker-Main-2/INFO] (Minecraft) [STDOUT]: [WG-CONTENT-WB] chunk(-8,-8) hash=aa723e30ba943705 dh=e8b7682888c15fdb nz=31346
[17:43:14] [Worker-Main-17/INFO] (Minecraft) [STDOUT]: [WG-CONTENT-WB] chunk(-11,-6) hash=53c499caaedd2312 dh=33cc3d01afdb740b nz=32512
[17:43:14] [Worker-Main-11/INFO] (Minecraft) [STDOUT]: [WG-CONTENT-WB] chunk(-9,-10) hash=8e276c440ed42741 dh=2425977bd22567d0 nz=32264
[17:43:15] [Worker-Main-13/INFO] (Minecraft) [STDOUT]: [WG-CONTENT-WB] chunk(-7,-6) hash=b94d0bf4c8ac4694 dh=d57bea046e6341f0 nz=29055
[17:43:15] [Worker-Main-19/INFO] (Minecraft) [STDOUT]: [WG-CONTENT-WB] chunk(-11,-7) hash=34e206d0ad60683a dh=5dfc3edd27c46de3 nz=32048
[17:43:15] [Worker-Main-3/INFO] (Minecraft) [STDOUT]: [WG-CONTENT-WB] chunk(-10,-7) hash=23ae4044e3538c46 dh=4aa6b669453cca76 nz=29172
[17:43:15] [Worker-Main-4/INFO] (Minecraft) [STDOUT]: [WG-CONTENT-WB] chunk(-11,-9) hash=b793a3e1b551ce53 dh=6aeec807a6d71949 nz=32169
[17:43:15] [Worker-Main-15/INFO] (Minecraft) [STDOUT]: [WG-CONTENT-WB] chunk(-11,-8) hash=ec72020d03f1f89a dh=b99c97bda4b54790 nz=26972
[17:43:15] [Worker-Main-6/INFO] (Minecraft) [STDOUT]: [WG-CONTENT-WB] chunk(-11,-11) hash=8bd8e96ed197ee37 dh=5800a9d04e1bef0f nz=30595
[17:43:15] [Worker-Main-9/INFO] (Minecraft) [STDOUT]: [WG-CONTENT-WB] chunk(-6,-9) hash=18e8647cd9041eb8 dh=d30f3b112291b8f9 nz=31357
[17:43:15] [Worker-Main-1/INFO] (Minecraft) [STDOUT]: [WG-CONTENT-WB] chunk(-8,-9) hash=a590bff907c97915 dh=a05c1ae7fb17fa19 nz=31336
[17:43:15] [Worker-Main-22/INFO] (Minecraft) [STDOUT]: [WG-CONTENT-WB] chunk(-10,-10) hash=454ceb8badc03165 dh=37c3b22f5dc00ebe nz=32430
[17:43:15] [Worker-Main-18/INFO] (Minecraft) [STDOUT]: [WG-CONTENT-WB] chunk(-10,-8) hash=dd89ffb26c0e7e2d dh=e0c55ea8836508b1 nz=27654
[17:43:15] [Worker-Main-20/INFO] (Minecraft) [STDOUT]: [WG-CONTENT-WB] chunk(-9,-7) hash=7b70a8a1103c4821 dh=285013090f425337 nz=29526
[17:43:15] [Worker-Main-5/INFO] (Minecraft) [STDOUT]: [WG-CONTENT-WB] chunk(-6,-10) hash=b79d96ab673159f7 dh=13e21ff9fd712ac5 nz=31825
[17:43:15] [Worker-Main-7/INFO] (Minecraft) [STDOUT]: [WG-CONTENT-WB] chunk(-10,-11) hash=ada2e1eddafef505 dh=88b23a6741d92e31 nz=32512
[17:43:15] [Worker-Main-10/INFO] (Minecraft) [STDOUT]: [WG-CONTENT-WB] chunk(-9,-11) hash=b84d0f4bdec8a62d dh=2e7887a42c7ea142 nz=32504
[17:43:15] [Worker-Main-23/INFO] (Minecraft) [STDOUT]: [WG-CONTENT-WB] chunk(-8,-11) hash=bcc8a625ca43ebaa dh=4c7b2d17cdb43d31 nz=32512
[17:43:15] [Worker-Main-21/INFO] (Minecraft) [STDOUT]: [WG-CONTENT-WB] chunk(-7,-11) hash=ad24ecf40739a333 dh=c701dfe56d325323 nz=32509
[17:43:15] [Worker-Main-16/INFO] (Minecraft) [STDOUT]: [WG-CONTENT-WB] chunk(-6,-11) hash=6508c6f3e6c783e4 dh=eaea6aa79cbe4036 nz=32473
[17:43:15] [Worker-Main-12/INFO] (Minecraft) [STDOUT]: [WG-CONTENT-WB] chunk(-5,-10) hash=7549a23ca308f6d5 dh=ce06954788347cd1 nz=32512
[17:43:15] [Worker-Main-8/INFO] (Minecraft) [STDOUT]: [WG-CONTENT-WB] chunk(-5,-11) hash=c5243a2e6fbd6df1 dh=cca6835dad24c75a nz=32512
[17:43:15] [Worker-Main-14/INFO] (Minecraft) [STDOUT]: [WG-CONTENT-WB] chunk(-5,-9) hash=eb4577422bae2b50 dh=7856ecb0fd1a5f50 nz=31083
[17:43:15] [Worker-Main-17/INFO] (Minecraft) [STDOUT]: [WG-CONTENT-WB] chunk(-5,-7) hash=113cad37f08f8d6 dh=e02bf7e5cff1a136 nz=32512
[17:43:15] [Worker-Main-2/INFO] (Minecraft) [STDOUT]: [WG-CONTENT-WB] chunk(-5,-8) hash=9a54426b740c4bbf dh=83a1a814cdcfd28d nz=32227
[17:43:15] [Worker-Main-19/INFO] (Minecraft) [STDOUT]: [WG-CONTENT-WB] chunk(-10,-5) hash=9accc9cec53ab55b dh=1bd43f2a4426916 nz=32467
[17:43:15] [Worker-Main-11/INFO] (Minecraft) [STDOUT]: [WG-CONTENT-WB] chunk(-5,-6) hash=9eeceebd1f791256 dh=ba94c546d5aded62 nz=32512
[17:43:15] [Worker-Main-3/INFO] (Minecraft) [STDOUT]: [WG-CONTENT-WB] chunk(-9,-5) hash=af0a27c1a467e25d dh=7bb0da53f6ca224d nz=32512
[17:43:15] [Worker-Main-6/INFO] (Minecraft) [STDOUT]: [WG-CONTENT-WB] chunk(-6,-5) hash=c3a28492859cc4c9 dh=38f32721a17891a6 nz=32512
[17:43:15] [Worker-Main-15/INFO] (Minecraft) [STDOUT]: [WG-CONTENT-WB] chunk(-7,-5) hash=794a3a00e062467e dh=d6d0b7c098b0ee40 nz=31830
[17:43:15] [Worker-Main-13/INFO] (Minecraft) [STDOUT]: [WG-CONTENT-WB] chunk(-11,-5) hash=c2e26d35d5d395c2 dh=7e22d02e07e616da nz=31754
[17:43:15] [Worker-Main-9/INFO] (Minecraft) [STDOUT]: [WG-CONTENT-WB] chunk(-5,-5) hash=b463966b68e68fdc dh=5e709de56ad2ddbb nz=32512
[17:43:15] [Worker-Main-4/INFO] (Minecraft) [STDOUT]: [WG-CONTENT-WB] chunk(-8,-5) hash=3f8ed7bf719710d9 dh=3f951705e27e594b nz=31122
[17:43:15] [Worker-Main-7/INFO] (Minecraft) [STDOUT]: [WG-CONTENT-WB] chunk(-4,-9) hash=7228358392ac15bd dh=45c7cb7009ce909 nz=31050
[17:43:15] [Worker-Main-6/INFO] (Minecraft) [STDOUT]: [WG-CONTENT-WB] chunk(-8,-12) hash=e664d1d53157d4e5 dh=c928790ff4d078e3 nz=32512
[17:43:15] [Worker-Main-21/INFO] (Minecraft) [STDOUT]: [WG-CONTENT-WB] chunk(-9,-12) hash=5ea460556e09b72d dh=8de3952a924b8153 nz=32284
[17:43:15] [Worker-Main-20/INFO] (Minecraft) [STDOUT]: [WG-CONTENT-WB] chunk(-6,-12) hash=c3b403a0eb1bf07e dh=ec72ad5e4961b5a2 nz=32512
[17:43:15] [Worker-Main-19/INFO] (Minecraft) [STDOUT]: [WG-CONTENT-WB] chunk(-12,-7) hash=a8c89595e6b166df dh=de2ff5c0e7831a02 nz=32327
[17:43:15] [Worker-Main-5/INFO] (Minecraft) [STDOUT]: [WG-CONTENT-WB] chunk(-12,-12) hash=96014cd99a554ab1 dh=c6c0aa88664d7010 nz=31396
[17:43:15] [Worker-Main-18/INFO] (Minecraft) [STDOUT]: [WG-CONTENT-WB] chunk(-5,-12) hash=8fad0100efd3d262 dh=fde39eb17c03cbb5 nz=32512
[17:43:15] [Worker-Main-13/INFO] (Minecraft) [STDOUT]: [WG-CONTENT-WB] chunk(-4,-7) hash=2ecd49362a215046 dh=71e560ee7130764f nz=32512
[17:43:15] [Worker-Main-22/INFO] (Minecraft) [STDOUT]: [WG-CONTENT-WB] chunk(-10,-12) hash=7688a2a5ebd7c94a dh=c9decc7a6136d8c8 nz=32122
[17:43:15] [Worker-Main-14/INFO] (Minecraft) [STDOUT]: [WG-CONTENT-WB] chunk(-7,-12) hash=ae4b4a8eb1ab150e dh=d8937946fdf216f5 nz=32496
[17:43:15] [Worker-Main-1/INFO] (Minecraft) [STDOUT]: [WG-CONTENT-WB] chunk(-12,-9) hash=6d35e29742d95f88 dh=782368a4e9d0a70a nz=30695
[17:43:15] [Worker-Main-16/INFO] (Minecraft) [STDOUT]: [WG-CONTENT-WB] chunk(-4,-6) hash=b8788b0c96ab3312 dh=70eb171b8397e272 nz=32512
[17:43:15] [Worker-Main-12/INFO] (Minecraft) [STDOUT]: [WG-CONTENT-WB] chunk(-4,-11) hash=ebd4ef3a11d83fe dh=64b267876abdf59b nz=32512
[17:43:15] [Worker-Main-23/INFO] (Minecraft) [STDOUT]: [WG-CONTENT-WB] chunk(-4,-8) hash=d8b37d3893ce965f dh=4e2bcdde16f59a60 nz=31401
[17:43:15] [Worker-Main-15/INFO] (Minecraft) [STDOUT]: [WG-CONTENT-WB] chunk(-4,-10) hash=8c06d79045bd6a dh=5fd44b4fd759f1ad nz=32512
[17:43:15] [Worker-Main-8/INFO] (Minecraft) [STDOUT]: [WG-CONTENT-WB] chunk(-11,-12) hash=be40d92ac0656e4c dh=96d99c7f0d68dd1e nz=30963
[17:43:15] [Worker-Main-17/INFO] (Minecraft) [STDOUT]: [WG-CONTENT-WB] chunk(-12,-11) hash=80d9435132fd6b3d dh=4da1f6780397de26 nz=31990
[17:43:15] [Worker-Main-2/INFO] (Minecraft) [STDOUT]: [WG-CONTENT-WB] chunk(-10,-4) hash=69196d2ca5931ae8 dh=46756b1619040029 nz=32512
[17:43:15] [Worker-Main-4/INFO] (Minecraft) [STDOUT]: [WG-CONTENT-WB] chunk(-12,-8) hash=25307cf56195902f dh=421aea652a0f0ee5 nz=27324
[17:43:15] [Worker-Main-10/INFO] (Minecraft) [STDOUT]: [WG-CONTENT-WB] chunk(-4,-5) hash=d96ac854d2de8e72 dh=d54ca6aa3efa3b95 nz=32512
[17:43:15] [Worker-Main-11/INFO] (Minecraft) [STDOUT]: [WG-CONTENT-WB] chunk(-9,-4) hash=723db68c590509a6 dh=f6331bb3b20bfe8b nz=32512
[17:43:15] [Worker-Main-3/INFO] (Minecraft) [STDOUT]: [WG-CONTENT-WB] chunk(-8,-4) hash=97b3fc91dd6c5bfd dh=9aaf2cf28075cd3e nz=31154
[17:43:15] [Worker-Main-9/INFO] (Minecraft) [STDOUT]: [WG-CONTENT-WB] chunk(-12,-10) hash=44a9039b14153fe8 dh=54605add05c081cc nz=31021
[17:43:15] [Worker-Main-6/INFO] (Minecraft) [STDOUT]: [WG-CONTENT-WB] chunk(-6,-4) hash=8a5956ab1cd82d9 dh=7777f632e9647393 nz=32512
[17:43:15] [Worker-Main-20/INFO] (Minecraft) [STDOUT]: [WG-CONTENT-WB] chunk(-5,-4) hash=bc3805d45f917de6 dh=6ac328e050bd35e1 nz=32512
[17:43:15] [Worker-Main-7/INFO] (Minecraft) [STDOUT]: [WG-CONTENT-WB] chunk(-7,-4) hash=8762fd5b86c07c57 dh=dfd91825e2400b3b nz=32083
[17:43:15] [Worker-Main-21/INFO] (Minecraft) [STDOUT]: [WG-CONTENT-WB] chunk(-11,-4) hash=6bd7ec8e738fae66 dh=6cbe152a99c2395e nz=32429
[17:43:15] [Worker-Main-19/INFO] (Minecraft) [STDOUT]: [WG-CONTENT-WB] chunk(-10,-3) hash=6f8cb3212015a423 dh=d2bb9f6adb1c42d7 nz=32512
[17:43:15] [Worker-Main-5/INFO] (Minecraft) [STDOUT]: [WG-CONTENT-WB] chunk(-9,-3) hash=9a5a41708adfd729 dh=c28540811704bbc nz=32512
[17:43:15] [Worker-Main-18/INFO] (Minecraft) [STDOUT]: [WG-CONTENT-WB] chunk(-8,-3) hash=14a14746ceee15c1 dh=cceee2deb955b7f2 nz=31218
[17:43:15] [Worker-Main-13/INFO] (Minecraft) [STDOUT]: [WG-CONTENT-WB] chunk(-7,-3) hash=712c41cab26a0ccf dh=ca910f497303635d nz=32149
[17:43:15] [Worker-Main-1/INFO] (Minecraft) [STDOUT]: [WG-CONTENT-WB] chunk(-11,-3) hash=5614066803ab6667 dh=fa6bffd4bf71ad45 nz=32512
[17:43:15] [Worker-Main-14/INFO] (Minecraft) [STDOUT]: [WG-CONTENT-WB] chunk(-5,-3) hash=68feeaa64835050c dh=164e91f2e5ad335f nz=32512
[17:43:15] [Worker-Main-16/INFO] (Minecraft) [STDOUT]: [WG-CONTENT-WB] chunk(-4,-4) hash=54f6a9a44f27353a dh=281571a61d1994eb nz=32512
[17:43:15] [Worker-Main-12/INFO] (Minecraft) [STDOUT]: [WG-CONTENT-WB] chunk(-4,-12) hash=fe2d55b799c00346 dh=b152a5956aa5c0cd nz=32512
[17:43:15] [Worker-Main-22/INFO] (Minecraft) [STDOUT]: [WG-CONTENT-WB] chunk(-6,-3) hash=7d6464596ac9366b dh=a6c8f9f180f51fdf nz=32512
[17:43:15] [Worker-Main-23/INFO] (Minecraft) [STDOUT]: [WG-CONTENT-WB] chunk(-12,-6) hash=2cf6c193bbe17ad5 dh=f7bb97dad123a597 nz=32414
[17:43:15] [Worker-Main-8/INFO] (Minecraft) [STDOUT]: [WG-CONTENT-WB] chunk(-4,-3) hash=e0dfb9e0da883cdc dh=f236f6a40bcef635 nz=32453
[17:43:15] [Worker-Main-15/INFO] (Minecraft) [STDOUT]: [WG-CONTENT-WB] chunk(-12,-5) hash=a64846b19193f27a dh=409e84a577720966 nz=31486
[17:43:15] [Worker-Main-17/INFO] (Minecraft) [STDOUT]: [WG-CONTENT-WB] chunk(-12,-4) hash=20aeedec17ee699f dh=c2e4392116085cf2 nz=32454
[17:43:15] [Worker-Main-23/INFO] (Minecraft) [STDOUT]: [WG-CONTENT-WB] chunk(-9,-2) hash=5c8994decaea5229 dh=bbc8c75ec3be52d5 nz=32502
[17:43:15] [Worker-Main-7/INFO] (Minecraft) [STDOUT]: [WG-CONTENT-WB] chunk(-10,-2) hash=72a131a1408bc1f7 dh=b0ea876520fc029a nz=32512
[17:43:15] [Worker-Main-17/INFO] (Minecraft) [STDOUT]: [WG-CONTENT-WB] chunk(-6,-2) hash=2f86cb2941373875 dh=d07e28b88aa79974 nz=32512
[17:43:15] [Worker-Main-13/INFO] (Minecraft) [STDOUT]: [WG-CONTENT-WB] chunk(-7,-2) hash=16d4d2ab5e0b139f dh=c3977e1018923c10 nz=32463
[17:43:15] [Worker-Main-15/INFO] (Minecraft) [STDOUT]: [WG-CONTENT-WB] chunk(-8,-2) hash=b1bf55147fee2138 dh=8e92bd0b18eb6f52 nz=31319
[17:43:15] [Worker-Main-19/INFO] (Minecraft) [STDOUT]: [WG-CONTENT-WB] chunk(-6,-1) hash=c567709912b5d1be dh=d07e28b88aa79974 nz=32512
[17:43:15] [Worker-Main-10/INFO] (Minecraft) [STDOUT]: [WG-CONTENT-WB] chunk(-5,-1) hash=22fe9ece7ee3f882 dh=d28a911991a72a80 nz=32512
[17:43:15] [Worker-Main-3/INFO] (Minecraft) [STDOUT]: [WG-CONTENT-WB] chunk(-5,-2) hash=a5eb9b7dae00e825 dh=70fd57051c577014 nz=32512
[17:43:15] [Worker-Main-11/INFO] (Minecraft) [STDOUT]: [WG-CONTENT-WB] chunk(-10,-1) hash=1a440b5adc812912 dh=a0ddf8635438e96a nz=32512
[17:43:15] [Worker-Main-5/INFO] (Minecraft) [STDOUT]: [WG-CONTENT-WB] chunk(-9,-1) hash=4bd7f291679d5a70 dh=eb590250f709ce85 nz=32483
[17:43:15] [Worker-Main-20/INFO] (Minecraft) [STDOUT]: [WG-CONTENT-WB] chunk(-7,-1) hash=906b2a2b63c30342 dh=f69dbb0e2547f999 nz=32500
[17:43:15] [Worker-Main-1/INFO] (Minecraft) [STDOUT]: [WG-CONTENT-WB] chunk(-8,-1) hash=ef2ead8aa795102e dh=56cabf6ec1d2274e nz=31352
[17:43:15] [Worker-Main-12/INFO] (Minecraft) [STDOUT]: [WG-CONTENT-WB] chunk(-12,-3) hash=a7050f00d1aabb14 dh=eb6684cbb49a4e7e nz=32379
[17:43:15] [Worker-Main-23/INFO] (Minecraft) [STDOUT]: [WG-CONTENT-WB] chunk(-11,-2) hash=da7adf4940e427c5 dh=16244674daf3df69 nz=32512
[17:43:15] [Worker-Main-13/INFO] (Minecraft) [STDOUT]: [WG-CONTENT-WB] chunk(-12,-2) hash=1d30ee538bef445d dh=dbc41213f4e6306a nz=32460
[17:43:15] [Worker-Main-7/INFO] (Minecraft) [STDOUT]: [WG-CONTENT-WB] chunk(-4,-2) hash=2e7807efb58c6930 dh=4dc592249fc5d771 nz=31179
[17:43:15] [Worker-Main-22/INFO] (Minecraft) [STDOUT]: [WG-CONTENT-WB] chunk(-9,0) hash=9b8dd00481c9784e dh=61707b9fbc4de3b9 nz=32262
[17:43:15] [Worker-Main-2/INFO] (Minecraft) [STDOUT]: [WG-CONTENT-WB] chunk(-10,0) hash=687f11bf0558953f dh=4d825662de3f30b2 nz=32512
[17:43:15] [Worker-Main-4/INFO] (Minecraft) [STDOUT]: [WG-CONTENT-WB] chunk(-7,0) hash=6bbd51f54812f766 dh=b7ea44fea00bb01e nz=31574
[17:43:15] [Worker-Main-10/INFO] (Minecraft) [STDOUT]: [WG-CONTENT-WB] chunk(-8,0) hash=26f7cd9945d8057 dh=2e4409734c9b2a5a nz=31217
[17:43:15] [Worker-Main-21/INFO] (Minecraft) [STDOUT]: [WG-CONTENT-WB] chunk(-5,0) hash=6335ef5ad99b128 dh=a0c156536bb91ecd nz=30223
[17:43:15] [Worker-Main-3/INFO] (Minecraft) [STDOUT]: [WG-CONTENT-WB] chunk(-6,0) hash=3bfa3b0b536e0ebf dh=cb27fb9d133bb147 nz=28931
[17:43:15] [Worker-Main-20/INFO] (Minecraft) [STDOUT]: [WG-CONTENT-WB] chunk(-11,-1) hash=23703f8ec3c65c40 dh=2d39f48f13b0af53 nz=32404
[17:43:15] [Worker-Main-17/INFO] (Minecraft) [STDOUT]: [WG-CONTENT-WB] chunk(-12,-1) hash=7898c798c9b5ec60 dh=20c40185918a164e nz=32422
[17:43:15] [Worker-Main-13/INFO] (Minecraft) [STDOUT]: [WG-CONTENT-WB] chunk(-10,1) hash=74f2ba374d7cec64 dh=dc72de2ffc602024 nz=32512
[17:43:15] [Worker-Main-12/INFO] (Minecraft) [STDOUT]: [WG-CONTENT-WB] chunk(-11,0) hash=5a885d9e91acc183 dh=ec1991c7fb644689 nz=32511
[17:43:15] [Worker-Main-14/INFO] (Minecraft) [STDOUT]: [WG-CONTENT-WB] chunk(-5,1) hash=1017a60b12e8186d dh=1d328cbea548fdd7 nz=32362
[17:43:15] [Worker-Main-11/INFO] (Minecraft) [STDOUT]: [WG-CONTENT-WB] chunk(-7,1) hash=1b3efa4490b6cb20 dh=ef50f3cc05d4053d nz=32198
[17:43:15] [Worker-Main-9/INFO] (Minecraft) [STDOUT]: [WG-CONTENT-WB] chunk(-6,1) hash=353e48b5dd23d9b9 dh=cb6204b4bb0e1f93 nz=31458
[17:43:15] [Worker-Main-5/INFO] (Minecraft) [STDOUT]: [WG-CONTENT-WB] chunk(-8,1) hash=ce4c876ebd90a9ba dh=5906ebce3ef7c914 nz=32034
[17:43:15] [Worker-Main-7/INFO] (Minecraft) [STDOUT]: [WG-CONTENT-WB] chunk(-9,1) hash=4dd0bffd13be5c69 dh=e8ebbc5b0c182e96 nz=31674
[17:43:15] [Worker-Main-1/INFO] (Minecraft) [STDOUT]: [WG-CONTENT-WB] chunk(-11,1) hash=c4d0848138b898e1 dh=4b8c4ee9c7c8cf2e nz=32512
[17:43:15] [Worker-Main-22/INFO] (Minecraft) [STDOUT]: [WG-CONTENT-WB] chunk(-4,-1) hash=b01c9fbbdf660933 dh=e46ca4fe5c23c7af nz=30223
[17:43:15] [Worker-Main-15/INFO] (Minecraft) [STDOUT]: [WG-CONTENT-WB] chunk(-12,0) hash=a61fdb0dfcbadcd7 dh=4006d368c0a63682 nz=32391
[17:43:15] [Worker-Main-23/INFO] (Minecraft) [STDOUT]: [WG-CONTENT-WB] chunk(-10,2) hash=e384607b06d8da46 dh=a731657f6a9255f1 nz=32512
[17:43:15] [Worker-Main-3/INFO] (Minecraft) [STDOUT]: [WG-CONTENT-WB] chunk(-4,0) hash=97be956b69119e7a dh=af2ddb6b53392b8e nz=32428
[17:43:15] [Worker-Main-16/INFO] (Minecraft) [STDOUT]: [WG-CONTENT-WB] chunk(-7,2) hash=e710249cb2ca7ac1 dh=731564de0a406435 nz=32512
[17:43:15] [Worker-Main-2/INFO] (Minecraft) [STDOUT]: [WG-CONTENT-WB] chunk(-6,2) hash=bcd102b7015483f6 dh=3b7c461129a2bb19 nz=32512
[17:43:15] [Worker-Main-8/INFO] (Minecraft) [STDOUT]: [WG-CONTENT-WB] chunk(-4,1) hash=7710d927d89b75d dh=aac65c7174223292 nz=32512
[17:43:15] [Worker-Main-21/INFO] (Minecraft) [STDOUT]: [WG-CONTENT-WB] chunk(-12,1) hash=bec779b2f40c8a5f dh=29670f2993ac6a9c nz=32512
[17:43:15] [Worker-Main-18/INFO] (Minecraft) [STDOUT]: [WG-CONTENT-WB] chunk(-8,2) hash=539210b68179ce3c dh=8a10d03c4e10d38d nz=32353
[17:43:15] [Worker-Main-19/INFO] (Minecraft) [STDOUT]: [WG-CONTENT-WB] chunk(-11,2) hash=f611694602a06a49 dh=9bfb12f674db925b nz=32512
[17:43:15] [Worker-Main-4/INFO] (Minecraft) [STDOUT]: [WG-CONTENT-WB] chunk(-9,2) hash=4d3bbb1cc7033c21 dh=a0ed655ee6a059c nz=31993
[17:43:15] [Worker-Main-20/INFO] (Minecraft) [STDOUT]: [WG-CONTENT-WB] chunk(-5,2) hash=d92c91b3c7a999d dh=af1c214f0d19fb1e nz=32512
[17:43:15] [Worker-Main-17/INFO] (Minecraft) [STDOUT]: [WG-CONTENT-WB] chunk(-4,2) hash=149486f4570f3a32 dh=2f8ebbad3b198fd6 nz=32512
[17:43:15] [Worker-Main-10/INFO] (Minecraft) [STDOUT]: [WG-CONTENT-WB] chunk(-12,2) hash=77aa7a0dee44a94c dh=7f8a778f03fa5e89 nz=32396
[17:43:15] [Worker-Main-1/INFO] (Minecraft) [STDOUT]: [WG-CONTENT-WB] chunk(-11,3) hash=b5b302e061677b25 dh=2eb1f1dff40bcc7f nz=32512
[17:43:15] [Worker-Main-9/INFO] (Minecraft) [STDOUT]: [WG-CONTENT-WB] chunk(-12,3) hash=c4ca8d98cb5f55c2 dh=54ae4bebf6390564 nz=32432
[17:43:15] [Worker-Main-12/INFO] (Minecraft) [STDOUT]: [WG-CONTENT-WB] chunk(-10,3) hash=7a860022af048a8d dh=78033ffc6059b0ce nz=32512
[17:43:15] [Worker-Main-14/INFO] (Minecraft) [STDOUT]: [WG-CONTENT-WB] chunk(-8,3) hash=fe29caabf4958d46 dh=644b0f5bdb3713da nz=32437
[17:43:15] [Worker-Main-7/INFO] (Minecraft) [STDOUT]: [WG-CONTENT-WB] chunk(-6,3) hash=aaf6f30f3ef34a65 dh=ce6824ab83b02b86 nz=32512
[17:43:16] [Worker-Main-11/INFO] (Minecraft) [STDOUT]: [WG-CONTENT-WB] chunk(-5,3) hash=80aee74c22e31bc6 dh=3cd4e333deb05ba1 nz=32512
[17:43:16] [Worker-Main-6/INFO] (Minecraft) [STDOUT]: [WG-CONTENT-WB] chunk(-7,3) hash=bcfb26f61d84907e dh=22a41c8ba9074906 nz=32512
[17:43:16] [Worker-Main-5/INFO] (Minecraft) [STDOUT]: [WG-CONTENT-WB] chunk(-4,3) hash=22df85838829e3e6 dh=6a85e7c334954247 nz=32512
[17:43:16] [Worker-Main-13/INFO] (Minecraft) [STDOUT]: [WG-CONTENT-WB] chunk(-9,3) hash=be1ded8a93fb014d dh=ee1acbbb3ebdf97a nz=32366
[17:43:16] [Worker-Main-23/INFO] (Minecraft) [STDOUT]: [WG-CONTENT-WB] chunk(-9,4) hash=d8aa879882334a1b dh=ceffdc9749bcc9a nz=32463
[17:43:16] [Worker-Main-16/INFO] (Minecraft) [STDOUT]: [WG-CONTENT-WB] chunk(-7,4) hash=f4068c2d0c8ed65e dh=85a3b83f8c24e95b nz=32512
[17:43:16] [Worker-Main-15/INFO] (Minecraft) [STDOUT]: [WG-CONTENT-WB] chunk(-10,4) hash=77d68ade700cdde dh=af9a83e7fe1b0637 nz=31892
[17:43:16] [Worker-Main-22/INFO] (Minecraft) [STDOUT]: [WG-CONTENT-WB] chunk(-8,4) hash=c091606ad549f2b1 dh=959a12cc166916f7 nz=32372
[17:43:16] [Worker-Main-2/INFO] (Minecraft) [STDOUT]: [WG-CONTENT-WB] chunk(-6,4) hash=f5003cd0d37cdf37 dh=42a773834d02bc73 nz=32463
[17:43:16] [Worker-Main-20/INFO] (Minecraft) [STDOUT]: [WG-CONTENT-WB] chunk(-5,4) hash=2425e60a4efdbfb8 dh=5f4333f9199f51dd nz=31657
[17:43:16] [Worker-Main-8/INFO] (Minecraft) [STDOUT]: [WG-CONTENT-WB] chunk(-11,4) hash=81615fc097bf98d6 dh=a47355165d0561ad nz=32048
[17:43:16] [Worker-Main-18/INFO] (Minecraft) [STDOUT]: [WG-CONTENT-WB] chunk(-12,4) hash=76549e130d4eec0c dh=a8e6cade3710c603 nz=32181
[17:43:16] [Worker-Main-3/INFO] (Minecraft) [STDOUT]: [WG-CONTENT-WB] chunk(-4,4) hash=e6476feb62385c60 dh=ccaa78007842f363 nz=31772
[17:43:16] [Worker-Main-10/INFO] (Minecraft) [STDOUT]: [WG-CONTENT-WB] chunk(-9,5) hash=9bd03caae806f479 dh=fab9757487616f3 nz=32350
[17:43:16] [Worker-Main-14/INFO] (Minecraft) [STDOUT]: [WG-CONTENT-WB] chunk(-5,5) hash=321917e18c01166d dh=503104ab909724a nz=28644
[17:43:16] [Worker-Main-17/INFO] (Minecraft) [STDOUT]: [WG-CONTENT-WB] chunk(-8,5) hash=a9f26db11135f908 dh=b5bed79911694b97 nz=32443
[17:43:16] [Worker-Main-19/INFO] (Minecraft) [STDOUT]: [WG-CONTENT-WB] chunk(-11,5) hash=93f69458732c11b9 dh=6b8198b30652e385 nz=32010
[17:43:16] [Worker-Main-12/INFO] (Minecraft) [STDOUT]: [WG-CONTENT-WB] chunk(-10,5) hash=238c2d504081605c dh=118fabd6b0ca45cd nz=32311
[17:43:16] [Worker-Main-1/INFO] (Minecraft) [STDOUT]: [WG-CONTENT-WB] chunk(-6,5) hash=73fe2cc185b6de1d dh=e132a49411e06d09 nz=31905
[17:43:16] [Worker-Main-21/INFO] (Minecraft) [STDOUT]: [WG-CONTENT-WB] chunk(-7,5) hash=899970b06a756bc6 dh=7d17748e73fe842f nz=32476
[17:43:16] [Worker-Main-4/INFO] (Minecraft) [STDOUT]: [WG-CONTENT-WB] chunk(-4,5) hash=9b9f39562fe2fa22 dh=f1604f416e640537 nz=31364
[17:43:16] [Worker-Main-7/INFO] (Minecraft) [STDOUT]: [WG-CONTENT-WB] chunk(-12,5) hash=e621979da21f2c4a dh=7cbe69752fabe8b nz=32122
[17:43:16] [Worker-Main-20/INFO] (Minecraft) [STDOUT]: [WG-CONTENT-WB] chunk(-5,6) hash=2190a82370868419 dh=c76bf768dc777ded nz=31657
[17:43:16] [Worker-Main-9/INFO] (Minecraft) [STDOUT]: [WG-CONTENT-WB] chunk(-10,6) hash=14ae18770a714c9d dh=d0a8a8f712723377 nz=31422
[17:43:16] [Worker-Main-13/INFO] (Minecraft) [STDOUT]: [WG-CONTENT-WB] chunk(-6,6) hash=88ff10f558025e57 dh=573056827f1c6efd nz=30629
[17:43:16] [Worker-Main-23/INFO] (Minecraft) [STDOUT]: [WG-CONTENT-WB] chunk(-11,6) hash=9d47530597af5ff4 dh=2d8a2dead1840d93 nz=31292
[17:43:16] [Worker-Main-2/INFO] (Minecraft) [STDOUT]: [WG-CONTENT-WB] chunk(-9,6) hash=bde43095816493d5 dh=4aabadcf43467783 nz=32512
[17:43:16] [Worker-Main-6/INFO] (Minecraft) [STDOUT]: [WG-CONTENT-WB] chunk(-7,6) hash=8c7bcf1b7cb5a707 dh=8b49810709bfd3db nz=32457
[17:43:16] [Worker-Main-3/INFO] (Minecraft) [STDOUT]: [WG-CONTENT-WB] chunk(-8,6) hash=58ad2720282bdcee dh=7cf4def867237b46 nz=32512
[17:43:16] [Worker-Main-5/INFO] (Minecraft) [STDOUT]: [WG-CONTENT-WB] chunk(-12,6) hash=2a42900a20d85826 dh=6be5e428f979353d nz=32512
[17:43:16] [Worker-Main-14/INFO] (Minecraft) [STDOUT]: [WG-CONTENT-WB] chunk(-11,7) hash=c784546a6d6c0317 dh=e132e8b75f8de122 nz=28891
[17:43:16] [Worker-Main-11/INFO] (Minecraft) [STDOUT]: [WG-CONTENT-WB] chunk(-5,7) hash=e55c643ef3e4b2b7 dh=2845606f9fa41018 nz=31955
[17:43:16] [Worker-Main-22/INFO] (Minecraft) [STDOUT]: [WG-CONTENT-WB] chunk(-8,7) hash=c96f9c8c7137fcbc dh=a35970f0b4255ac9 nz=32487
[17:43:16] [Worker-Main-12/INFO] (Minecraft) [STDOUT]: [WG-CONTENT-WB] chunk(-10,7) hash=6518700c6b85118f dh=4721168b28a53b6c nz=28439
[17:43:16] [Worker-Main-1/INFO] (Minecraft) [STDOUT]: [WG-CONTENT-WB] chunk(-9,7) hash=b4dda305b47c9a08 dh=9e15bd232221345a nz=32375
[17:43:16] [Worker-Main-10/INFO] (Minecraft) [STDOUT]: [WG-CONTENT-WB] chunk(-7,7) hash=ebd65dacebe0f26d dh=a5105513a31a4f81 nz=32498
[17:43:16] [Worker-Main-15/INFO] (Minecraft) [STDOUT]: [WG-CONTENT-WB] chunk(-4,7) hash=43ec533c87c6608e dh=795de4d85150147c nz=32348
[17:43:16] [Worker-Main-8/INFO] (Minecraft) [STDOUT]: [WG-CONTENT-WB] chunk(-12,7) hash=feb25c8bf14483f7 dh=f8eaaa42292afdfd nz=31831
[17:43:16] [Worker-Main-19/INFO] (Minecraft) [STDOUT]: [WG-CONTENT-WB] chunk(-6,7) hash=7a4299e31cae26d9 dh=9ccc92c8d8e92171 nz=30986
[17:43:16] [Worker-Main-16/INFO] (Minecraft) [STDOUT]: [WG-CONTENT-WB] chunk(-4,6) hash=6ab73331e0f9ab9b dh=88e572e346fb0826 nz=32489
[17:43:16] [Worker-Main-18/INFO] (Minecraft) [STDOUT]: [WG-CONTENT-WB] chunk(-10,8) hash=f35c9763a40765c9 dh=81725212d51ba3ff nz=28586
[17:43:16] [Worker-Main-4/INFO] (Minecraft) [STDOUT]: [WG-CONTENT-WB] chunk(-11,8) hash=78c33996b9009afb dh=68183d8bb20e8d16 nz=28459
[17:43:16] [Worker-Main-17/INFO] (Minecraft) [STDOUT]: [WG-CONTENT-WB] chunk(-12,8) hash=310bf626e541d15e dh=80f9f5bd8cf3f543 nz=29580
[17:43:16] [Worker-Main-7/INFO] (Minecraft) [STDOUT]: [WG-CONTENT-WB] chunk(-9,8) hash=9ecc898e0787f6ce dh=2569ad3a6b474e7 nz=32180
[17:43:16] [Worker-Main-21/INFO] (Minecraft) [STDOUT]: [WG-CONTENT-WB] chunk(-8,8) hash=fb9338a545d8a448 dh=a8c6b9c22120f39 nz=30394
[17:43:16] [Worker-Main-20/INFO] (Minecraft) [STDOUT]: [WG-CONTENT-WB] chunk(-7,8) hash=af167d07e1858586 dh=4b1ea72e0518196f nz=32439
[17:43:16] [Worker-Main-9/INFO] (Minecraft) [STDOUT]: [WG-CONTENT-WB] chunk(-6,8) hash=ff9c2e0583538911 dh=653999cd27477040 nz=32482
[17:43:16] [Worker-Main-13/INFO] (Minecraft) [STDOUT]: [WG-CONTENT-WB] chunk(-5,8) hash=bf4463187ffaf5c0 dh=792a8d9b164a62f7 nz=32469
[17:43:16] [Worker-Main-23/INFO] (Minecraft) [STDOUT]: [WG-CONTENT-WB] chunk(-4,8) hash=63a7b3a28642de22 dh=1fc1f5b852c25e14 nz=32472
[17:43:16] [Worker-Main-6/INFO] (Minecraft) [STDOUT]: [WG-CONTENT-WB] chunk(-6,9) hash=4f53383f56aabbc5 dh=a62ff94e46b47cb2 nz=32486
[17:43:16] [Worker-Main-1/INFO] (Minecraft) [STDOUT]: [WG-CONTENT-WB] chunk(-5,9) hash=b2d280788e8179de dh=5f4272cc923aeb2c nz=32512
[17:43:16] [Worker-Main-3/INFO] (Minecraft) [STDOUT]: [WG-CONTENT-WB] chunk(-7,9) hash=c362e91f054bc2d4 dh=c5321807151e04d4 nz=32063
[17:43:16] [Worker-Main-23/INFO] (Minecraft) [STDOUT]: [WG-CONTENT-WB] chunk(-10,9) hash=c5dac5d871458054 dh=6005ee899e4f0028 nz=28868
[17:43:16] [Worker-Main-7/INFO] (Minecraft) [STDOUT]: [WG-CONTENT-WB] chunk(-9,9) hash=528645cc0c8c2d8f dh=c7da113a45cce156 nz=30221
[17:43:16] [Worker-Main-20/INFO] (Minecraft) [STDOUT]: [WG-CONTENT-WB] chunk(-8,9) hash=e6b5eedafe335f5e dh=8d64c2ba1ec8ee6a nz=30005
[17:43:16] [Worker-Main-2/INFO] (Minecraft) [STDOUT]: [WG-CONTENT-WB] chunk(-11,9) hash=102083814258527c dh=40802bfe3be8bb2f nz=29173
[17:43:16] [Worker-Main-23/INFO] (Minecraft) [STDOUT]: [WG-CONTENT-WB] chunk(-8,10) hash=5f94067610001056 dh=8978478b7619306c nz=29268
[17:43:16] [Worker-Main-5/INFO] (Minecraft) [STDOUT]: [WG-CONTENT-WB] chunk(-6,10) hash=c3d47e5a78760899 dh=92f8429a3d41c62 nz=32512
[17:43:16] [Worker-Main-2/INFO] (Minecraft) [STDOUT]: [WG-CONTENT-WB] chunk(-5,10) hash=3857e6272dfaa96a dh=7d11ec3a486e39bf nz=32512
[17:43:16] [Worker-Main-7/INFO] (Minecraft) [STDOUT]: [WG-CONTENT-WB] chunk(-7,10) hash=b347af3a84b6c0b6 dh=20a073b010309f94 nz=32406
[17:43:16] [Worker-Main-20/INFO] (Minecraft) [STDOUT]: [WG-CONTENT-WB] chunk(-10,10) hash=101d4ec343cdfd47 dh=c831790dc973c724 nz=29608
[17:43:16] [Worker-Main-1/INFO] (Minecraft) [STDOUT]: [WG-CONTENT-WB] chunk(-9,10) hash=8dc9c6d25476d579 dh=ec1c829c04f0fb18 nz=28461
[17:43:16] [Worker-Main-22/INFO] (Minecraft) [STDOUT]: [WG-CONTENT-WB] chunk(-11,10) hash=44c06ca006deb229 dh=7c322a15745222f nz=30770
[17:43:16] [Worker-Main-9/INFO] (Minecraft) [STDOUT]: [WG-CONTENT-WB] chunk(-4,9) hash=ec5f5fca7681dab2 dh=ac3962f4987e1635 nz=32512
[17:43:16] [Worker-Main-12/INFO] (Minecraft) [STDOUT]: [WG-CONTENT-WB] chunk(-12,9) hash=756727ab7ebcb258 dh=a4362d7dc946a7c8 nz=29487
[17:43:16] [Worker-Main-4/INFO] (Minecraft) [STDOUT]: [WG-CONTENT-WB] chunk(-7,11) hash=ed6b9333cf663569 dh=bd6c86f0e7951aad nz=32467
[17:43:16] [Worker-Main-3/INFO] (Minecraft) [STDOUT]: [WG-CONTENT-WB] chunk(-6,11) hash=8a77fb6a0e798f2a dh=b1ffee78e7475588 nz=32512
[17:43:16] [Worker-Main-8/INFO] (Minecraft) [STDOUT]: [WG-CONTENT-WB] chunk(-9,11) hash=22f026c538bb4f27 dh=13790a9d4b622ed4 nz=29787
[17:43:16] [Worker-Main-21/INFO] (Minecraft) [STDOUT]: [WG-CONTENT-WB] chunk(-3,-1) hash=a05891b4306fcf4f dh=3698a109df9fa910 nz=30455
[17:43:16] [Worker-Main-17/INFO] (Minecraft) [STDOUT]: [WG-CONTENT-WB] chunk(-4,10) hash=a483b520846b1890 dh=d75e9c8f542da705 nz=32512
[17:43:16] [Worker-Main-13/INFO] (Minecraft) [STDOUT]: [WG-CONTENT-WB] chunk(-10,11) hash=7c70c461a4322adb dh=44fffbdcb7de046c nz=31611
[17:43:16] [Worker-Main-6/INFO] (Minecraft) [STDOUT]: [WG-CONTENT-WB] chunk(-3,3) hash=b0092f1051be06fe dh=e62f671db7024cfd nz=32512
[17:43:16] [Worker-Main-14/INFO] (Minecraft) [STDOUT]: [WG-CONTENT-WB] chunk(-8,11) hash=de3e8d16b601aefa dh=458e75b09aeb6ad5 nz=31826
[17:43:16] [Worker-Main-15/INFO] (Minecraft) [STDOUT]: [WG-CONTENT-WB] chunk(-3,1) hash=13031f2804843d52 dh=e190bedc873f19e7 nz=32038
[17:43:16] [Worker-Main-16/INFO] (Minecraft) [STDOUT]: [WG-CONTENT-WB] chunk(-3,4) hash=e0384a2b7dbd7c6c dh=f1012f4bf60f9473 nz=31063
[17:43:16] [Worker-Main-11/INFO] (Minecraft) [STDOUT]: [WG-CONTENT-WB] chunk(-3,0) hash=c0d07bfbe5f3b2ce dh=b89486b960a70ece nz=32512
[17:43:16] [Worker-Main-18/INFO] (Minecraft) [STDOUT]: [WG-CONTENT-WB] chunk(-3,2) hash=95cd58e033436c15 dh=461d65ea2ff697a4 nz=32390
[17:43:16] [Worker-Main-19/INFO] (Minecraft) [STDOUT]: [WG-CONTENT-WB] chunk(-3,5) hash=3ba776636d6708ae dh=1e5f968e0b67dae7 nz=32260
[17:43:16] [Worker-Main-10/INFO] (Minecraft) [STDOUT]: [WG-CONTENT-WB] chunk(-3,-3) hash=687351613fd211ed dh=8d67d7ac9a0279d9 nz=32136
[17:43:16] [Worker-Main-23/INFO] (Minecraft) [STDOUT]: [WG-CONTENT-WB] chunk(-3,-2) hash=4627df97f84d752e dh=a7115c1ce5cf2098 nz=30510
[17:43:16] [Worker-Main-7/INFO] (Minecraft) [STDOUT]: [WG-CONTENT-WB] chunk(-3,-5) hash=6730a35d3869864e dh=48efc35201e30dd4 nz=32512
[17:43:16] [Worker-Main-22/INFO] (Minecraft) [STDOUT]: [WG-CONTENT-WB] chunk(-3,-4) hash=9ddcd0964fc49e3d dh=23c517099a7e571f nz=32512
[17:43:16] [Worker-Main-20/INFO] (Minecraft) [STDOUT]: [WG-CONTENT-WB] chunk(-3,6) hash=667ca74c0513bc9d dh=f910691a27d25909 nz=32512
[17:43:16] [Worker-Main-1/INFO] (Minecraft) [STDOUT]: [WG-CONTENT-WB] chunk(-3,7) hash=88ca2d4dd4f5e1de dh=91f06e1bac69a2a5 nz=32512
[17:43:16] [Worker-Main-19/INFO] (Minecraft) [STDOUT]: [WG-CONTENT-WB] chunk(-3,8) hash=ac07f224afeed0e9 dh=5b43617cf5d498c2 nz=32174
[17:43:16] [Worker-Main-11/INFO] (Minecraft) [STDOUT]: [WG-CONTENT-WB] chunk(-3,10) hash=5c6c26435dec517 dh=5384d9702da42d0f nz=32341
[17:43:16] [Worker-Main-8/INFO] (Minecraft) [STDOUT]: [WG-CONTENT-WB] chunk(-3,9) hash=3e9812127f9fe89b dh=f837201ba4b07c9b nz=31749
[17:43:16] [Worker-Main-19/INFO] (Minecraft) [STDOUT]: [WG-CONTENT-WB] chunk(-3,-8) hash=4570504e19c66bf2 dh=9a1b3a212f0da761 nz=32060
[17:43:16] [Worker-Main-9/INFO] (Minecraft) [STDOUT]: [WG-CONTENT-WB] chunk(-2,-5) hash=c41a60d0385f187d dh=3d41f82cf23686e3 nz=32512
[17:43:16] [Worker-Main-22/INFO] (Minecraft) [STDOUT]: [WG-CONTENT-WB] chunk(-2,-10) hash=a14e721438af955a dh=93e3314f0002d9c0 nz=32512
[17:43:16] [Worker-Main-15/INFO] (Minecraft) [STDOUT]: [WG-CONTENT-WB] chunk(-2,-6) hash=76b0124bd19a0cad dh=43775082d4bd9253 nz=32512
[17:43:16] [Worker-Main-12/INFO] (Minecraft) [STDOUT]: [WG-CONTENT-WB] chunk(-3,-6) hash=7bdd984da6040f2e dh=68ba93f490ac9063 nz=32512
[17:43:16] [Worker-Main-2/INFO] (Minecraft) [STDOUT]: [WG-CONTENT-WB] chunk(-2,-7) hash=adb7b1b76c826845 dh=9bb7007a514ef0c3 nz=32512
[17:43:16] [Worker-Main-3/INFO] (Minecraft) [STDOUT]: [WG-CONTENT-WB] chunk(-3,-10) hash=33931b503925739 dh=422eff9008dd1a21 nz=32512
[17:43:16] [Worker-Main-5/INFO] (Minecraft) [STDOUT]: [WG-CONTENT-WB] chunk(-3,-9) hash=a8ad77f3dd53e02 dh=8fc019f830e1f8a nz=32510
[17:43:16] [Worker-Main-17/INFO] (Minecraft) [STDOUT]: [WG-CONTENT-WB] chunk(-3,-7) hash=239d50f6703569ae dh=ece5028c4a33cec6 nz=32512
[17:43:16] [Worker-Main-1/INFO] (Minecraft) [STDOUT]: [WG-CONTENT-WB] chunk(-2,-8) hash=bd116239cf002891 dh=9a959fec6cfbb39f nz=32512
[17:43:16] [Worker-Main-7/INFO] (Minecraft) [STDOUT]: [WG-CONTENT-WB] chunk(-2,-9) hash=e433b97dd9b5d906 dh=b83aebac3b788b2b nz=32512
[17:43:16] [Worker-Main-20/INFO] (Minecraft) [STDOUT]: [WG-CONTENT-WB] chunk(-12,10) hash=6badb5ce6610c4d0 dh=b538d75cdeaff8ea nz=29897
[17:43:16] [Worker-Main-21/INFO] (Minecraft) [STDOUT]: [WG-CONTENT-WB] chunk(-11,11) hash=388fc26cbd1fa8fd dh=176612a2e41280dc nz=31430
[17:43:16] [Worker-Main-6/INFO] (Minecraft) [STDOUT]: [WG-CONTENT-WB] chunk(-5,11) hash=8766f8bcb77d63cf dh=308b9f8f9755f748 nz=32299
[17:43:16] [Worker-Main-11/INFO] (Minecraft) [STDOUT]: [WG-CONTENT-WB] chunk(-3,-11) hash=7e814439fd1867f7 dh=562d50d228a06781 nz=32503
[17:43:16] [Worker-Main-23/INFO] (Minecraft) [STDOUT]: [WG-CONTENT-WB] chunk(-2,-11) hash=d998d848160af4fa dh=63eb2498c09fe32c nz=32512
[17:43:16] [Worker-Main-13/INFO] (Minecraft) [STDOUT]: [WG-CONTENT-WB] chunk(-2,-4) hash=50f9f571e85fa089 dh=cfe04d9893633d14 nz=32512
[17:43:16] [Worker-Main-16/INFO] (Minecraft) [STDOUT]: [WG-CONTENT-WB] chunk(-2,-1) hash=c1c2aef9c8146759 dh=f69b7e05b602c6c0 nz=32388
[17:43:16] [Worker-Main-14/INFO] (Minecraft) [STDOUT]: [WG-CONTENT-WB] chunk(-2,-2) hash=98bc798c36d72516 dh=490ca5fbe238d1e5 nz=32122
[17:43:16] [Worker-Main-10/INFO] (Minecraft) [STDOUT]: [WG-CONTENT-WB] chunk(-2,-3) hash=2d269141a2ef100b dh=867ded4e9f86ac5c nz=32399
[17:43:16] [Worker-Main-8/INFO] (Minecraft) [STDOUT]: [WG-CONTENT-WB] chunk(-12,11) hash=f5d9053d7bc8cd99 dh=140abee5881c1757 nz=28992
[17:43:16] [Worker-Main-19/INFO] (Minecraft) [STDOUT]: [WG-CONTENT-WB] chunk(-2,0) hash=56dce3fede756f11 dh=8c8fa53c5f613916 nz=32512
[17:43:16] [Worker-Main-18/INFO] (Minecraft) [STDOUT]: [WG-CONTENT-WB] chunk(-4,11) hash=72ea8a49fc057861 dh=ea5020baf5daa037 nz=32512
[17:43:16] [Worker-Main-4/INFO] (Minecraft) [STDOUT]: [WG-CONTENT-WB] chunk(-2,1) hash=8569fd9054e8b5ea dh=fa96468f1d6ce4f8 nz=31848
[17:43:16] [Worker-Main-9/INFO] (Minecraft) [STDOUT]: [WG-CONTENT-WB] chunk(-2,2) hash=8a078dfa358a270b dh=6ba1b67cd73df15c nz=32199
[17:43:16] [Worker-Main-1/INFO] (Minecraft) [STDOUT]: [WG-CONTENT-WB] chunk(-1,-10) hash=31f368450d354875 dh=ce2fe79224e2705f nz=32512
[17:43:16] [Worker-Main-3/INFO] (Minecraft) [STDOUT]: [WG-CONTENT-WB] chunk(-1,-11) hash=becb56a1b560ab0d dh=da02cf0f50453b9c nz=32512
[17:43:16] [Worker-Main-10/INFO] (Minecraft) [STDOUT]: [WG-CONTENT-WB] chunk(-1,-7) hash=7c4d4e0fb24202e dh=4c7b2d17cdb43d31 nz=32512
[17:43:16] [Worker-Main-11/INFO] (Minecraft) [STDOUT]: [WG-CONTENT-WB] chunk(-1,-8) hash=378a4ce476b39455 dh=c2b73779f9d8c9c nz=32512
[17:43:16] [Worker-Main-22/INFO] (Minecraft) [STDOUT]: [WG-CONTENT-WB] chunk(-1,-6) hash=9e8c5e2f799deb42 dh=60e6c4c93f607960 nz=32512
[17:43:16] [Worker-Main-17/INFO] (Minecraft) [STDOUT]: [WG-CONTENT-WB] chunk(-1,-5) hash=33c4d1d154b9c819 dh=e4b455fe9754c9b5 nz=32512
[17:43:16] [Worker-Main-7/INFO] (Minecraft) [STDOUT]: [WG-CONTENT-WB] chunk(-1,-9) hash=22e80c4df4d456d5 dh=367b2b1befb76d5 nz=32512
[17:43:16] [Worker-Main-14/INFO] (Minecraft) [STDOUT]: [WG-CONTENT-WB] chunk(-2,6) hash=cf88f1b7f75186fb dh=ebaed45cdfef142a nz=32285
[17:43:16] [Worker-Main-16/INFO] (Minecraft) [STDOUT]: [WG-CONTENT-WB] chunk(-2,8) hash=10e911e1175582c8 dh=675639470847e825 nz=32512
[17:43:17] [Worker-Main-5/INFO] (Minecraft) [STDOUT]: [WG-CONTENT-WB] chunk(-2,3) hash=827108810e392936 dh=ec5735f7dddc3f60 nz=32324
[17:43:17] [Worker-Main-9/INFO] (Minecraft) [STDOUT]: [WG-CONTENT-WB] chunk(-2,4) hash=14d98672329973d6 dh=68b6fe180c504b80 nz=31300
[17:43:17] [Worker-Main-2/INFO] (Minecraft) [STDOUT]: [WG-CONTENT-WB] chunk(-2,7) hash=729ddf456798f2aa dh=2bcfe14ba0dca296 nz=32379
[17:43:17] [Worker-Main-23/INFO] (Minecraft) [STDOUT]: [WG-CONTENT-WB] chunk(-1,-4) hash=5b9002a0e5d5a4b2 dh=f65d67f69dc0e276 nz=32512
[17:43:17] [Worker-Main-15/INFO] (Minecraft) [STDOUT]: [WG-CONTENT-WB] chunk(-1,-3) hash=21761eb76f6307c dh=4309d574bbff972b nz=32189
[17:43:17] [Worker-Main-6/INFO] (Minecraft) [STDOUT]: [WG-CONTENT-WB] chunk(-2,5) hash=df4de1ce8307273a dh=b5b18a798af109de nz=32274
[17:43:17] [Worker-Main-8/INFO] (Minecraft) [STDOUT]: [WG-CONTENT-WB] chunk(-1,-2) hash=ac93e0e54dc8cf8 dh=47b04ead2a0761ac nz=31295
[17:43:17] [Worker-Main-4/INFO] (Minecraft) [STDOUT]: [WG-CONTENT-WB] chunk(-1,-1) hash=cc8c9d17eda16e39 dh=a46ef76a822213e4 nz=31894
[17:43:17] [Worker-Main-12/INFO] (Minecraft) [STDOUT]: [WG-CONTENT-WB] chunk(-2,9) hash=c0fe90d91f18c86d dh=9f85e033d6ebfa0c nz=32445
[17:43:17] [Worker-Main-13/INFO] (Minecraft) [STDOUT]: [WG-CONTENT-WB] chunk(-3,-12) hash=eac64df00975bc0e dh=41ce7aa6d959fd3a nz=31628
[17:43:17] [Worker-Main-20/INFO] (Minecraft) [STDOUT]: [WG-CONTENT-WB] chunk(-3,11) hash=2a34e77175aa870a dh=81cdb6f2598bdf16 nz=32371
[17:43:17] [Worker-Main-21/INFO] (Minecraft) [STDOUT]: [WG-CONTENT-WB] chunk(-2,10) hash=51b0a652bdd8b315 dh=8173dca1d28c2881 nz=32363
[17:43:17] [Worker-Main-19/INFO] (Minecraft) [STDOUT]: [WG-CONTENT-WB] chunk(-1,0) hash=dbcfa65d09ab12a2 dh=6a358f8f9a2e512a nz=32512
[17:43:17] [Worker-Main-18/INFO] (Minecraft) [STDOUT]: [WG-CONTENT-WB] chunk(-1,1) hash=de8337f627fa07e1 dh=21bdd1a22736f041 nz=32512
[17:43:17] [Worker-Main-8/INFO] (Minecraft) [STDOUT]: [WG-CONTENT-WB] chunk(-1,-12) hash=16f69993c8e23875 dh=d5a7ab96e30e70ed nz=32360
[17:43:17] [Worker-Main-9/INFO] (Minecraft) [STDOUT]: [WG-CONTENT-WB] chunk(-2,-12) hash=601ff6eab1c9c352 dh=24eabba0bff9047d nz=29828
[17:43:17] [Worker-Main-10/INFO] (Minecraft) [STDOUT]: [WG-CONTENT-WB] chunk(-2,11) hash=b505dbc603dfea14 dh=7c2355eb0f287a86 nz=32512
[17:43:17] [Worker-Main-2/INFO] (Minecraft) [STDOUT]: [WG-CONTENT-WB] chunk(-1,2) hash=fbf66a698b210bdf dh=411635a26ccfe01a nz=32512
[17:43:17] [Worker-Main-15/INFO] (Minecraft) [STDOUT]: [WG-CONTENT-WB] chunk(-1,4) hash=30e29677969563c dh=97a46628f820fdfa nz=30690
[17:43:17] [Worker-Main-11/INFO] (Minecraft) [STDOUT]: [WG-CONTENT-WB] chunk(-1,5) hash=34b9407c57861407 dh=2e1252f1163a5af nz=31136
[17:43:17] [Worker-Main-21/INFO] (Minecraft) [STDOUT]: [WG-CONTENT-WB] chunk(0,-3) hash=b66c731326432309 dh=757baec54dbaa91d nz=32512
[17:43:17] [Worker-Main-23/INFO] (Minecraft) [STDOUT]: [WG-CONTENT-WB] chunk(-1,9) hash=336599a476e37dd7 dh=42bc216143ca578 nz=32208
[17:43:17] [Worker-Main-7/INFO] (Minecraft) [STDOUT]: [WG-CONTENT-WB] chunk(0,-5) hash=90d2369cef14765 dh=cc0e6c1285d08954 nz=30608
[17:43:17] [Worker-Main-18/INFO] (Minecraft) [STDOUT]: [WG-CONTENT-WB] chunk(-1,3) hash=de6087c58ea9181 dh=9ff267cb70191002 nz=31802
[17:43:17] [Worker-Main-5/INFO] (Minecraft) [STDOUT]: [WG-CONTENT-WB] chunk(0,-10) hash=28ab12f57fba37a6 dh=349562883bc5363b nz=32512
[17:43:17] [Worker-Main-16/INFO] (Minecraft) [STDOUT]: [WG-CONTENT-WB] chunk(-1,8) hash=a24dc1862b2ffa06 dh=50607330928638e2 nz=32270
[17:43:17] [Worker-Main-19/INFO] (Minecraft) [STDOUT]: [WG-CONTENT-WB] chunk(0,-6) hash=8f54cfc93824130a dh=296f950fe4621077 nz=32192
[17:43:17] [Worker-Main-17/INFO] (Minecraft) [STDOUT]: [WG-CONTENT-WB] chunk(0,-9) hash=1c3f5053f84f5fb9 dh=bd3363794f170da nz=32512
[17:43:17] [Worker-Main-1/INFO] (Minecraft) [STDOUT]: [WG-CONTENT-WB] chunk(0,-4) hash=858a38113f6abe85 dh=209b01fefcd414d8 nz=31908
[17:43:17] [Worker-Main-13/INFO] (Minecraft) [STDOUT]: [WG-CONTENT-WB] chunk(0,-8) hash=d726d9e19a6e93aa dh=608952b3b9284b58 nz=32512
[17:43:17] [Worker-Main-4/INFO] (Minecraft) [STDOUT]: [WG-CONTENT-WB] chunk(0,-7) hash=8a89c0eb4ad2d89e dh=df4ae0026353193b nz=32512
[17:43:17] [Worker-Main-6/INFO] (Minecraft) [STDOUT]: [WG-CONTENT-WB] chunk(-1,10) hash=fef95961653fa872 dh=92cdd39d5ca72eb0 nz=32292
[17:43:17] [Worker-Main-14/INFO] (Minecraft) [STDOUT]: [WG-CONTENT-WB] chunk(0,-11) hash=fb4d14a6f4535bd1 dh=18b7cf06e410e7a9 nz=32512
[17:43:17] [Worker-Main-3/INFO] (Minecraft) [STDOUT]: [WG-CONTENT-WB] chunk(0,-2) hash=fe3e1e24faf5ffae dh=3aa8c8d52a9a30e2 nz=32512
[17:43:17] [Worker-Main-15/INFO] (Minecraft) [STDOUT]: [WG-CONTENT-WB] chunk(0,-12) hash=2ade4d92645c7036 dh=bc2d25ed1972302f nz=32512
[17:43:17] [Worker-Main-22/INFO] (Minecraft) [STDOUT]: [WG-CONTENT-WB] chunk(0,-1) hash=dea0558a747a45da dh=a92acacc9609f07d nz=30494
[17:43:17] [Worker-Main-8/INFO] (Minecraft) [STDOUT]: [WG-CONTENT-WB] chunk(0,0) hash=494dc10ba8d0be54 dh=adc1948a67b6624 nz=32505
[17:43:17] [Worker-Main-20/INFO] (Minecraft) [STDOUT]: [WG-CONTENT-WB] chunk(-1,6) hash=11851b56f09d9c49 dh=14febc26ff426073 nz=32356
[17:43:17] [Worker-Main-12/INFO] (Minecraft) [STDOUT]: [WG-CONTENT-WB] chunk(-1,7) hash=1c98906e787e8a80 dh=b1d096862cb574c8 nz=31994
[17:43:17] [Worker-Main-9/INFO] (Minecraft) [STDOUT]: [WG-CONTENT-WB] chunk(0,1) hash=eae2e4ceea6429c9 dh=e5e1cead43f91f39 nz=32512
[17:43:17] [Worker-Main-10/INFO] (Minecraft) [STDOUT]: [WG-CONTENT-WB] chunk(0,2) hash=5a88ef658960508e dh=920aa18c52d887fb nz=32422
[17:43:17] [Worker-Main-11/INFO] (Minecraft) [STDOUT]: [WG-CONTENT-WB] chunk(-1,11) hash=cee88f0f10937813 dh=3de9c444b3764555 nz=32512
[17:43:17] [Worker-Main-2/INFO] (Minecraft) [STDOUT]: [WG-CONTENT-WB] chunk(0,3) hash=3a58b391dbfd51c1 dh=4832f5a2179fea1d nz=32512
[17:43:17] [Worker-Main-14/INFO] (Minecraft) [STDOUT]: [WG-CONTENT-WB] chunk(0,4) hash=2d16ea5e528554cf dh=4dcc3274c9daf93b nz=32416
[17:43:17] [Worker-Main-20/INFO] (Minecraft) [STDOUT]: [WG-CONTENT-WB] chunk(0,5) hash=326332c78ad11a6f dh=6f94e4bcd7bd3dc1 nz=31973
[17:43:17] [Worker-Main-7/INFO] (Minecraft) [STDOUT]: [WG-CONTENT-WB] chunk(0,7) hash=4c5c738787615cd3 dh=dcf3d89190649aac nz=32165
[17:43:17] [Worker-Main-13/INFO] (Minecraft) [STDOUT]: [WG-CONTENT-WB] chunk(1,-9) hash=c2be476c60e67f81 dh=254bd0ff0109ff4c nz=32512
[17:43:17] [Worker-Main-6/INFO] (Minecraft) [STDOUT]: [WG-CONTENT-WB] chunk(0,6) hash=3da70fbb213a97a5 dh=97c1c77da5d4c67e nz=32067
[17:43:17] [Worker-Main-9/INFO] (Minecraft) [STDOUT]: [WG-CONTENT-WB] chunk(1,-8) hash=16e507e9918450fa dh=c2b73779f9d8c9c nz=32512
[17:43:17] [Worker-Main-21/INFO] (Minecraft) [STDOUT]: [WG-CONTENT-WB] chunk(1,-1) hash=2bc6bb28cc069dc4 dh=2438703fd72caa02 nz=31063
[17:43:17] [Worker-Main-18/INFO] (Minecraft) [STDOUT]: [WG-CONTENT-WB] chunk(1,-7) hash=954a8e16af6ac7c2 dh=ba68c6b0923ac278 nz=32512
[17:43:17] [Worker-Main-15/INFO] (Minecraft) [STDOUT]: [WG-CONTENT-WB] chunk(0,10) hash=92fd35c4f7144953 dh=8a861cea51462f08 nz=32511
[17:43:17] [Worker-Main-4/INFO] (Minecraft) [STDOUT]: [WG-CONTENT-WB] chunk(1,-3) hash=61b7ef40eba79cd8 dh=6bffd6271e3d42f5 nz=31359
[17:43:17] [Worker-Main-8/INFO] (Minecraft) [STDOUT]: [WG-CONTENT-WB] chunk(1,-10) hash=8d43f850060febb0 dh=29d456dbb5f37c0b nz=32507
[17:43:17] [Worker-Main-10/INFO] (Minecraft) [STDOUT]: [WG-CONTENT-WB] chunk(1,-6) hash=1994c20e46a896a dh=23121aaa98d39cfc nz=32386
[17:43:17] [Worker-Main-2/INFO] (Minecraft) [STDOUT]: [WG-CONTENT-WB] chunk(1,-4) hash=8817c573f890191c dh=d661845bfab91fba nz=30335
[17:43:17] [Worker-Main-16/INFO] (Minecraft) [STDOUT]: [WG-CONTENT-WB] chunk(0,8) hash=a9ebc6287e973fa6 dh=2ab394d1aad26e12 nz=30862
[17:43:17] [Worker-Main-1/INFO] (Minecraft) [STDOUT]: [WG-CONTENT-WB] chunk(1,0) hash=3857fa732bcb6ed8 dh=5d841b49a4218c82 nz=32183
[17:43:17] [Worker-Main-17/INFO] (Minecraft) [STDOUT]: [WG-CONTENT-WB] chunk(1,1) hash=5f0269b09771ce69 dh=13f01d520b70d7dd nz=32380
[17:43:17] [Worker-Main-3/INFO] (Minecraft) [STDOUT]: [WG-CONTENT-WB] chunk(0,9) hash=715f51b961b044c0 dh=1300da346deb5954 nz=31347
[17:43:17] [Worker-Main-23/INFO] (Minecraft) [STDOUT]: [WG-CONTENT-WB] chunk(1,3) hash=fe8efd95594fd274 dh=7727c679220e8c4d nz=32447
[17:43:17] [Worker-Main-5/INFO] (Minecraft) [STDOUT]: [WG-CONTENT-WB] chunk(1,4) hash=8b89dac55317f9e7 dh=2285c5bc4452c072 nz=32502
[17:43:17] [Worker-Main-19/INFO] (Minecraft) [STDOUT]: [WG-CONTENT-WB] chunk(1,2) hash=493151fc03526264 dh=cbd925e9d5077e43 nz=32341
[17:43:17] [Worker-Main-12/INFO] (Minecraft) [STDOUT]: [WG-CONTENT-WB] chunk(1,-5) hash=99f8f5f918c1e00a dh=c28460283fe96850 nz=31294
[17:43:17] [Worker-Main-11/INFO] (Minecraft) [STDOUT]: [WG-CONTENT-WB] chunk(0,11) hash=7b9eb5c73e184c2a dh=d921d2a4861f8042 nz=32512
[17:43:17] [Worker-Main-22/INFO] (Minecraft) [STDOUT]: [WG-CONTENT-WB] chunk(1,-2) hash=28fa9dbd930e0e8b dh=e7f9af9280aca47 nz=32507
[17:43:17] [Worker-Main-20/INFO] (Minecraft) [STDOUT]: [WG-CONTENT-WB] chunk(1,-11) hash=724dc143140ab2b4 dh=b7550f9ec2db8571 nz=32503
[17:43:17] [Worker-Main-14/INFO] (Minecraft) [STDOUT]: [WG-CONTENT-WB] chunk(1,-12) hash=6f24d853ff525d0f dh=8f481390108a0d7c nz=32512
[17:43:17] [Worker-Main-13/INFO] (Minecraft) [STDOUT]: [WG-CONTENT-WB] chunk(1,5) hash=f833f35b41ac65d8 dh=ad3864bdde4c893b nz=32494
[17:43:17] [Worker-Main-15/INFO] (Minecraft) [STDOUT]: [WG-CONTENT-WB] chunk(1,6) hash=55758b1fc15d701d dh=ef10dbf77d0f001c nz=32468
[17:43:17] [Worker-Main-3/INFO] (Minecraft) [STDOUT]: [WG-CONTENT-WB] chunk(1,7) hash=7f58ca8c0403cc24 dh=491f1150e2614fcb nz=31490
[17:43:17] [Worker-Main-20/INFO] (Minecraft) [STDOUT]: [WG-CONTENT-WB] chunk(1,8) hash=159a424e9a3213a3 dh=cf4e07d8a8176f3f nz=29919
[17:43:17] [Worker-Main-19/INFO] (Minecraft) [STDOUT]: [WG-CONTENT-WB] chunk(1,9) hash=5b5501fc0647c0ca dh=5441fc3767f3745c nz=31350
[17:43:17] [Worker-Main-14/INFO] (Minecraft) [STDOUT]: [WG-CONTENT-WB] chunk(1,10) hash=b63f0878341c0a82 dh=c6a263e64a742a05 nz=32512
[17:43:17] [Worker-Main-7/INFO] (Minecraft) [STDOUT]: [WG-CONTENT-WB] chunk(2,-6) hash=de90f6a6f7f1a817 dh=3e7acd10a89bb7c0 nz=32397
[17:43:17] [Worker-Main-17/INFO] (Minecraft) [STDOUT]: [WG-CONTENT-WB] chunk(2,-5) hash=a86dbf73032e252b dh=327d61ca53cafdfc nz=32483
[17:43:17] [Worker-Main-22/INFO] (Minecraft) [STDOUT]: [WG-CONTENT-WB] chunk(2,-2) hash=c6426bcce5c38903 dh=693d5808de3c71a0 nz=32511
[17:43:17] [Worker-Main-2/INFO] (Minecraft) [STDOUT]: [WG-CONTENT-WB] chunk(2,-7) hash=4fc5f5e976f6f541 dh=bcbd06d9ed977917 nz=32512
[17:43:17] [Worker-Main-16/INFO] (Minecraft) [STDOUT]: [WG-CONTENT-WB] chunk(2,-9) hash=22c2c72ade6dba3a dh=5de5e41b4dd1dc6 nz=32512
[17:43:17] [Worker-Main-6/INFO] (Minecraft) [STDOUT]: [WG-CONTENT-WB] chunk(2,-8) hash=dd93b9c331e01a52 dh=3cf45fbc7f2d591f nz=32512
[17:43:17] [Worker-Main-4/INFO] (Minecraft) [STDOUT]: [WG-CONTENT-WB] chunk(2,-10) hash=a8f6e3d76229a8b6 dh=43775082d4bd9253 nz=32512
[17:43:17] [Worker-Main-5/INFO] (Minecraft) [STDOUT]: [WG-CONTENT-WB] chunk(2,-4) hash=3a0e29527a147e39 dh=3fd8b31135bb234c nz=31876
[17:43:17] [Worker-Main-8/INFO] (Minecraft) [STDOUT]: [WG-CONTENT-WB] chunk(2,-1) hash=4e2ddcc6d6e3f318 dh=8bbcea9045fbc4ea nz=32351
[17:43:17] [Worker-Main-1/INFO] (Minecraft) [STDOUT]: [WG-CONTENT-WB] chunk(2,1) hash=b6016c094594e366 dh=6cad2717a39747ac nz=32512
[17:43:17] [Worker-Main-15/INFO] (Minecraft) [STDOUT]: [WG-CONTENT-WB] chunk(2,-3) hash=603de1aa0ddbadd2 dh=d8a37ac74a492fa2 nz=31754
[17:43:17] [Worker-Main-18/INFO] (Minecraft) [STDOUT]: [WG-CONTENT-WB] chunk(1,11) hash=3d1f2244c4372907 dh=f0aa32812a429721 nz=32488
[17:43:17] [Worker-Main-11/INFO] (Minecraft) [STDOUT]: [WG-CONTENT-WB] chunk(2,-12) hash=9d7a4df36df3c87a dh=aa822ea23f523f45 nz=32491
[17:43:17] [Worker-Main-13/INFO] (Minecraft) [STDOUT]: [WG-CONTENT-WB] chunk(2,-11) hash=30eeea26ab194c42 dh=b23ee21ca25a2e17 nz=32498
[17:43:17] [Worker-Main-12/INFO] (Minecraft) [STDOUT]: [WG-CONTENT-WB] chunk(2,3) hash=ff3eb7025c6a8f7a dh=f576d1e5c5a7faf1 nz=32512
[17:43:17] [Worker-Main-10/INFO] (Minecraft) [STDOUT]: [WG-CONTENT-WB] chunk(2,4) hash=de0433ed59cd9408 dh=def9082c1586f669 nz=32512
[17:43:17] [Worker-Main-21/INFO] (Minecraft) [STDOUT]: [WG-CONTENT-WB] chunk(2,0) hash=3ade631fba89c6ef dh=3a5b0f98b8b1f450 nz=31541
[17:43:17] [Worker-Main-9/INFO] (Minecraft) [STDOUT]: [WG-CONTENT-WB] chunk(2,7) hash=7139649dd23614fc dh=e83b4a41dbb5189 nz=32439
[17:43:17] [Worker-Main-3/INFO] (Minecraft) [STDOUT]: [WG-CONTENT-WB] chunk(2,5) hash=f0d4838aae8d6c71 dh=1f299fda5239caa4 nz=32266
[17:43:17] [Worker-Main-20/INFO] (Minecraft) [STDOUT]: [WG-CONTENT-WB] chunk(2,8) hash=2aa6d73306864752 dh=c6931633ad72224f nz=31534
[17:43:17] [Worker-Main-23/INFO] (Minecraft) [STDOUT]: [WG-CONTENT-WB] chunk(2,2) hash=b3458c9592e74c40 dh=41265a5bf91699b7 nz=32363
[17:43:17] [Worker-Main-14/INFO] (Minecraft) [STDOUT]: [WG-CONTENT-WB] chunk(2,6) hash=d67f8e8edbfd1dee dh=93401b789eb4b579 nz=32096
[17:43:18] [Worker-Main-12/INFO] (Minecraft) [STDOUT]: [WG-CONTENT-WB] chunk(3,-9) hash=6411b1783f9bc012 dh=5af8dc8fbafb08f7 nz=32208
[17:43:18] [Worker-Main-14/INFO] (Minecraft) [STDOUT]: [WG-CONTENT-WB] chunk(3,-10) hash=dc45c027b0f2de69 dh=cfef270c5a83678a nz=31286
[17:43:18] [Worker-Main-9/INFO] (Minecraft) [STDOUT]: [WG-CONTENT-WB] chunk(3,-8) hash=1848c3597121789 dh=fc9176f65dc2c85d nz=32512
[17:43:18] [Worker-Main-21/INFO] (Minecraft) [STDOUT]: [WG-CONTENT-WB] chunk(3,-7) hash=36290a62c72e672d dh=32f48b6df6df3168 nz=32512
[17:43:18] [Worker-Main-10/INFO] (Minecraft) [STDOUT]: [WG-CONTENT-WB] chunk(3,-6) hash=8572afe11af9dd67 dh=a4dbaa642a0b2e2f nz=32097
[17:43:18] [Worker-Main-20/INFO] (Minecraft) [STDOUT]: [WG-CONTENT-WB] chunk(2,9) hash=e740210f023ed9f0 dh=122184ec9c64947c nz=31183
[17:43:18] [Worker-Main-1/INFO] (Minecraft) [STDOUT]: [WG-CONTENT-WB] chunk(3,-5) hash=8681449a3520cd7 dh=c96ef23cd2479408 nz=32512
[17:43:18] [Worker-Main-23/INFO] (Minecraft) [STDOUT]: [WG-CONTENT-WB] chunk(2,10) hash=68358ab35f46b232 dh=65b6a0a14e041a35 nz=32455
[17:43:18] [Worker-Main-22/INFO] (Minecraft) [STDOUT]: [WG-CONTENT-WB] chunk(3,-11) hash=e5dbd94d2277d073 dh=f22c5a5eaf80d985 nz=30893
[17:43:18] [Worker-Main-6/INFO] (Minecraft) [STDOUT]: [WG-CONTENT-WB] chunk(3,-3) hash=980ceeaea1058d5b dh=6d4857f889a9a334 nz=32512
[17:43:18] [Worker-Main-9/INFO] (Minecraft) [STDOUT]: [WG-CONTENT-WB] chunk(3,-4) hash=c7c4c2fecc528a47 dh=e5d8764fa305ca32 nz=32512
[17:43:18] [Worker-Main-20/INFO] (Minecraft) [STDOUT]: [WG-CONTENT-WB] chunk(3,-1) hash=a00b897021f6f3f1 dh=d69d598d7725f02 nz=32512
[17:43:18] [Worker-Main-21/INFO] (Minecraft) [STDOUT]: [WG-CONTENT-WB] chunk(3,1) hash=1c4a780982a07402 dh=ae448fd1b1ea102e nz=32512
[17:43:18] [Worker-Main-17/INFO] (Minecraft) [STDOUT]: [WG-CONTENT-WB] chunk(3,10) hash=835e1bbd7fd41fb0 dh=1cfb82e5dbd0e506 nz=30905
[17:43:18] [Worker-Main-10/INFO] (Minecraft) [STDOUT]: [WG-CONTENT-WB] chunk(3,-2) hash=94a77372c7960eb9 dh=9ebaca735ecf65b0 nz=32512
[17:43:18] [Worker-Main-18/INFO] (Minecraft) [STDOUT]: [WG-CONTENT-WB] chunk(3,6) hash=679cbbb7085953ce dh=6674b869f13978e8 nz=32440
[17:43:18] [Worker-Main-16/INFO] (Minecraft) [STDOUT]: [WG-CONTENT-WB] chunk(3,0) hash=532f6add7ae2dc65 dh=814ea83159a05387 nz=31880
[17:43:18] [Worker-Main-22/INFO] (Minecraft) [STDOUT]: [WG-CONTENT-WB] chunk(3,7) hash=4b4848afba0e775f dh=dbebf113a8d90ed7 nz=32512
[17:43:18] [Worker-Main-14/INFO] (Minecraft) [STDOUT]: [WG-CONTENT-WB] chunk(3,8) hash=44df4974ca6d94c4 dh=b4bb75a6c9c7dd6f nz=32461
[17:43:18] [Worker-Main-15/INFO] (Minecraft) [STDOUT]: [WG-CONTENT-WB] chunk(3,-12) hash=f51817f68a6f5303 dh=7e68067f86ac628e nz=32487
[17:43:18] [Worker-Main-11/INFO] (Minecraft) [STDOUT]: [WG-CONTENT-WB] chunk(3,9) hash=1bcbe3d76011739a dh=f819e6ad54929670 nz=32092
[17:43:18] [Worker-Main-2/INFO] (Minecraft) [STDOUT]: [WG-CONTENT-WB] chunk(3,5) hash=990246e10ea44b63 dh=360529f0d669942d nz=32304
[17:43:18] [Worker-Main-4/INFO] (Minecraft) [STDOUT]: [WG-CONTENT-WB] chunk(2,11) hash=61201cbf70122fbb dh=43efc3fbde75b0d nz=32374
[17:43:18] [Worker-Main-1/INFO] (Minecraft) [STDOUT]: [WG-CONTENT-WB] chunk(3,2) hash=547d4dcde2c010f1 dh=4498706532aaa8cf nz=32348
[17:43:18] [Worker-Main-13/INFO] (Minecraft) [STDOUT]: [WG-CONTENT-WB] chunk(3,3) hash=4f8252946953bc06 dh=ee6baefd75778932 nz=32512
[17:43:18] [Worker-Main-8/INFO] (Minecraft) [STDOUT]: [WG-CONTENT-WB] chunk(3,4) hash=33768673a119e712 dh=dccd6f8e29cbc83c nz=32433
[17:43:18] [Worker-Main-12/INFO] (Minecraft) [STDOUT]: [WG-CONTENT-WB] chunk(3,11) hash=7d86d557a0c2773a dh=46acc02e457f9e9b nz=30070
[17:43:18] [Worker-Main-5/INFO] (Minecraft) [STDOUT]: [WG-CONTENT-WB] chunk(4,-7) hash=587aa4b23c0179e2 dh=79a42d77ae54db1b nz=32464
[17:43:18] [Worker-Main-19/INFO] (Minecraft) [STDOUT]: [WG-CONTENT-WB] chunk(4,-8) hash=d23735bd7eca6d46 dh=6841d2a49eee3b7e nz=32512
[17:43:18] [Worker-Main-3/INFO] (Minecraft) [STDOUT]: [WG-CONTENT-WB] chunk(4,-10) hash=3c18b57bac330d6b dh=7184288e75e7f88d nz=30945
[17:43:18] [Worker-Main-23/INFO] (Minecraft) [STDOUT]: [WG-CONTENT-WB] chunk(4,-9) hash=76e12adfe833135c dh=392189687dfda950 nz=31745
[17:43:18] [Worker-Main-7/INFO] (Minecraft) [STDOUT]: [WG-CONTENT-WB] chunk(4,-6) hash=d1c860356f9ce24d dh=c09ff7191f7d9478 nz=32282
[17:43:18] [Worker-Main-9/INFO] (Minecraft) [STDOUT]: [WG-CONTENT-WB] chunk(4,-4) hash=2816126579ae9b95 dh=290272894496019b nz=32512
[17:43:18] [Worker-Main-20/INFO] (Minecraft) [STDOUT]: [WG-CONTENT-WB] chunk(4,-5) hash=60b76b46269fd321 dh=ec2ee3e32eb98e0f nz=32512
[17:43:18] [Worker-Main-6/INFO] (Minecraft) [STDOUT]: [WG-CONTENT-WB] chunk(4,-11) hash=621e4146986b9376 dh=ce5ae6fdc43794c2 nz=28812
[17:43:18] [Worker-Main-21/INFO] (Minecraft) [STDOUT]: [WG-CONTENT-WB] chunk(4,-3) hash=1747d7b6d2a85b0f dh=9937de3749329eca nz=32511
[17:43:18] [Worker-Main-5/INFO] (Minecraft) [STDOUT]: [WG-CONTENT-WB] chunk(4,-2) hash=1ad9e289feb1ef92 dh=c0a52c737a70d926 nz=32512
[17:43:18] [Worker-Main-4/INFO] (Minecraft) [STDOUT]: [WG-CONTENT-WB] chunk(4,-1) hash=b37761812364fdf4 dh=d672bb67bb95c16 nz=32512
[17:43:18] [Worker-Main-17/INFO] (Minecraft) [STDOUT]: [WG-CONTENT-WB] chunk(4,0) hash=52b5307212821504 dh=343439de9786fbf6 nz=31569
[17:43:18] [Worker-Main-7/INFO] (Minecraft) [STDOUT]: [WG-CONTENT-WB] chunk(4,1) hash=d8ebf760320100f6 dh=46e5fb148d49fdfa nz=31560
[17:43:18] [Worker-Main-19/INFO] (Minecraft) [STDOUT]: [WG-CONTENT-WB] chunk(4,2) hash=f311b035d30646ff dh=f44b3761f8c5d113 nz=32505
[17:43:18] [Worker-Main-23/INFO] (Minecraft) [STDOUT]: [WG-CONTENT-WB] chunk(4,5) hash=945a364445990eba dh=4916c709a24daf8e nz=32040
[17:43:18] [Worker-Main-20/INFO] (Minecraft) [STDOUT]: [WG-CONTENT-WB] chunk(4,9) hash=8cc92706f9723925 dh=e224fd7e73026a67 nz=32488
[17:43:18] [Worker-Main-3/INFO] (Minecraft) [STDOUT]: [WG-CONTENT-WB] chunk(5,-8) hash=e3d92ede363176f6 dh=83857607726b8d5a nz=32512
[17:43:18] [Worker-Main-12/INFO] (Minecraft) [STDOUT]: [WG-CONTENT-WB] chunk(4,6) hash=c134b1d23939d973 dh=38338172ddecb84 nz=32446
[17:43:18] [Worker-Main-14/INFO] (Minecraft) [STDOUT]: [WG-CONTENT-WB] chunk(5,-9) hash=266edef7d05553b5 dh=20210cb0c944c16e nz=31312
[17:43:18] [Worker-Main-1/INFO] (Minecraft) [STDOUT]: [WG-CONTENT-WB] chunk(5,-10) hash=f5fc21111954a4d dh=bb7d90f35350fd18 nz=30076
[17:43:18] [Worker-Main-17/INFO] (Minecraft) [STDOUT]: [WG-CONTENT-WB] chunk(5,-4) hash=dcc04ae8a146bcbb dh=9d68e856ecce1e92 nz=32512
[17:43:18] [Worker-Main-13/INFO] (Minecraft) [STDOUT]: [WG-CONTENT-WB] chunk(5,-3) hash=b1f6cac0c405c212 dh=38a9fc505b5ede2e nz=32184
[17:43:18] [Worker-Main-21/INFO] (Minecraft) [STDOUT]: [WG-CONTENT-WB] chunk(5,-5) hash=e5b8587666c63f36 dh=c5f41d19a3f7f532 nz=32512
[17:43:18] [Worker-Main-18/INFO] (Minecraft) [STDOUT]: [WG-CONTENT-WB] chunk(4,7) hash=98addb1ef685607a dh=b91eca2623a015b nz=32512
[17:43:18] [Worker-Main-9/INFO] (Minecraft) [STDOUT]: [WG-CONTENT-WB] chunk(5,-2) hash=a4ff62f958806d9c dh=66185cce885c9dba nz=32411
[17:43:18] [Worker-Main-16/INFO] (Minecraft) [STDOUT]: [WG-CONTENT-WB] chunk(4,-12) hash=85e94c6c28428cf1 dh=cd5948087f8eb068 nz=31608
[17:43:18] [Worker-Main-8/INFO] (Minecraft) [STDOUT]: [WG-CONTENT-WB] chunk(5,-11) hash=9a6fd782b000b3d2 dh=578b8fcb9d192a5a nz=29366
[17:43:18] [Worker-Main-5/INFO] (Minecraft) [STDOUT]: [WG-CONTENT-WB] chunk(4,4) hash=1165c5f35847662c dh=bb1725bf635fc3be nz=32406
[17:43:18] [Worker-Main-15/INFO] (Minecraft) [STDOUT]: [WG-CONTENT-WB] chunk(4,8) hash=20c408a0fa46e91d dh=9a2ac012281a46fd nz=32512
[17:43:18] [Worker-Main-4/INFO] (Minecraft) [STDOUT]: [WG-CONTENT-WB] chunk(5,-7) hash=dc0c7ddb5981e74a dh=5eb77c81865d9fb nz=32158
[17:43:18] [Worker-Main-10/INFO] (Minecraft) [STDOUT]: [WG-CONTENT-WB] chunk(4,3) hash=4f810a5d3e5d7739 dh=f1448bdb3560dfde nz=32509
[17:43:18] [Worker-Main-22/INFO] (Minecraft) [STDOUT]: [WG-CONTENT-WB] chunk(4,10) hash=b32332d7e846f7e6 dh=feef0f156c33f801 nz=31898
[17:43:18] [Worker-Main-11/INFO] (Minecraft) [STDOUT]: [WG-CONTENT-WB] chunk(5,-6) hash=42f447630e7766b7 dh=912913ce1b80cab8 nz=31936
[17:43:18] [Worker-Main-2/INFO] (Minecraft) [STDOUT]: [WG-CONTENT-WB] chunk(5,-1) hash=6d83375f65c22d0b dh=f8627350f091f812 nz=32229
[17:43:18] [Worker-Main-14/INFO] (Minecraft) [STDOUT]: [WG-CONTENT-WB] chunk(5,-12) hash=82541be79d8863b7 dh=64e03f7b71762824 nz=31481
[17:43:18] [Worker-Main-6/INFO] (Minecraft) [STDOUT]: [WG-CONTENT-WB] chunk(4,11) hash=20ca9c1203016c8 dh=5ae55161edeea8ea nz=32249
[17:43:18] [Worker-Main-1/INFO] (Minecraft) [STDOUT]: [WG-CONTENT-WB] chunk(5,0) hash=38df5943f24062eb dh=bae10dd97af31511 nz=31327
[17:43:18] [Worker-Main-12/INFO] (Minecraft) [STDOUT]: [WG-CONTENT-WB] chunk(5,2) hash=24c2590b6fb69e1d dh=5c0df1fac0a82516 nz=31384
[17:43:18] [Worker-Main-20/INFO] (Minecraft) [STDOUT]: [WG-CONTENT-WB] chunk(5,1) hash=9eee99086d0c2904 dh=506d9938471c179b nz=30249
[17:43:18] [Worker-Main-23/INFO] (Minecraft) [STDOUT]: [WG-CONTENT-WB] chunk(5,3) hash=26ec5c33e76d025e dh=bb2fa09751537d78 nz=31660
[17:43:18] [Worker-Main-18/INFO] (Minecraft) [STDOUT]: [WG-CONTENT-WB] chunk(5,4) hash=6ba7cbbae423d345 dh=d83eb24b49a3cb06 nz=31914
[17:43:19] [Worker-Main-23/INFO] (Minecraft) [STDOUT]: [WG-CONTENT-WB] chunk(5,5) hash=edeacfdcbf9d5d04 dh=81d33e1cd33f62d6 nz=32133
[17:43:19] [Worker-Main-22/INFO] (Minecraft) [STDOUT]: [WG-CONTENT-WB] chunk(6,-7) hash=c908fa62c40f400b dh=2084bd38b3f6e079 nz=32508
[17:43:19] [Worker-Main-7/INFO] (Minecraft) [STDOUT]: [WG-CONTENT-WB] chunk(6,-9) hash=94fe4a7522c78c2 dh=686d2ffaff7972ae nz=31150
[17:43:19] [Worker-Main-3/INFO] (Minecraft) [STDOUT]: [WG-CONTENT-WB] chunk(6,-8) hash=b54830a820b6c9a dh=93c84386ca9af491 nz=32512
[17:43:19] [Worker-Main-11/INFO] (Minecraft) [STDOUT]: [WG-CONTENT-WB] chunk(6,-11) hash=b01f23aa40683990 dh=45ef460eeac1bd91 nz=32507
[17:43:19] [Worker-Main-5/INFO] (Minecraft) [STDOUT]: [WG-CONTENT-WB] chunk(6,-10) hash=d457b81278165176 dh=5b6915481075d29e nz=31740
[17:43:19] [Worker-Main-8/INFO] (Minecraft) [STDOUT]: [WG-CONTENT-WB] chunk(6,-6) hash=a969c621b7d7dd6e dh=c7f5313c075efb48 nz=30174
[17:43:19] [Worker-Main-14/INFO] (Minecraft) [STDOUT]: [WG-CONTENT-WB] chunk(5,7) hash=57b1ea8a5188e65e dh=86da45edbaf1190a nz=32284
[17:43:19] [Worker-Main-2/INFO] (Minecraft) [STDOUT]: [WG-CONTENT-WB] chunk(6,-4) hash=18250f00db17e509 dh=4c1b255de906da6b nz=32509
[17:43:19] [Worker-Main-1/INFO] (Minecraft) [STDOUT]: [WG-CONTENT-WB] chunk(5,8) hash=c75ad7edcf8dcc79 dh=7d6f23e2ab100f92 nz=32070
[17:43:19] [Worker-Main-15/INFO] (Minecraft) [STDOUT]: [WG-CONTENT-WB] chunk(5,6) hash=edddacd37d164a3a dh=cf738ab15820de37 nz=32336
[17:43:19] [Worker-Main-6/INFO] (Minecraft) [STDOUT]: [WG-CONTENT-WB] chunk(5,9) hash=bf1d603b43f440c9 dh=df69cb75b02907e9 nz=29002
[17:43:19] [Worker-Main-10/INFO] (Minecraft) [STDOUT]: [WG-CONTENT-WB] chunk(6,-2) hash=cbd9c7684428a42b dh=6dcb9559090cb5f2 nz=32110
[17:43:19] [Worker-Main-13/INFO] (Minecraft) [STDOUT]: [WG-CONTENT-WB] chunk(6,-5) hash=218ea16777b3452f dh=92aeb7cf1d71f500 nz=32410
[17:43:19] [Worker-Main-16/INFO] (Minecraft) [STDOUT]: [WG-CONTENT-WB] chunk(6,-1) hash=c1c7b98975cd2f28 dh=5a08af1066ec9bc nz=32283
[17:43:19] [Worker-Main-17/INFO] (Minecraft) [STDOUT]: [WG-CONTENT-WB] chunk(5,10) hash=78b7c6077bb7558d dh=e9797877e545260d nz=32280
[17:43:19] [Worker-Main-9/INFO] (Minecraft) [STDOUT]: [WG-CONTENT-WB] chunk(6,-12) hash=87adce93b24eb6b1 dh=e5a56c7ad3bdaea2 nz=32512
[17:43:19] [Worker-Main-12/INFO] (Minecraft) [STDOUT]: [WG-CONTENT-WB] chunk(5,11) hash=7390bb7973e5490e dh=bc7beb23c39e9e6c nz=32512
[17:43:19] [Worker-Main-20/INFO] (Minecraft) [STDOUT]: [WG-CONTENT-WB] chunk(6,3) hash=302f6dd9f21a09f4 dh=7942c50cb231f8cf nz=32453
[17:43:19] [Worker-Main-19/INFO] (Minecraft) [STDOUT]: [WG-CONTENT-WB] chunk(6,1) hash=df3a3a7af2b55d1d dh=841dfe77dd5c7ba6 nz=32510
[17:43:19] [Worker-Main-4/INFO] (Minecraft) [STDOUT]: [WG-CONTENT-WB] chunk(6,2) hash=f0bf902df323a62 dh=75748acfc65a45c0 nz=32512
[17:43:19] [Worker-Main-18/INFO] (Minecraft) [STDOUT]: [WG-CONTENT-WB] chunk(6,-3) hash=24ce3cad2f7c51b8 dh=a22a669391fada85 nz=32173
[17:43:19] [Worker-Main-21/INFO] (Minecraft) [STDOUT]: [WG-CONTENT-WB] chunk(6,0) hash=86b24ff60d9ebc0f dh=ef5e496dcdf23dbe nz=32511
[17:43:19] [Worker-Main-22/INFO] (Minecraft) [STDOUT]: [WG-CONTENT-WB] chunk(6,5) hash=5822c8d4e49184a9 dh=35a0b24c4015ed25 nz=31218
[17:43:19] [Worker-Main-23/INFO] (Minecraft) [STDOUT]: [WG-CONTENT-WB] chunk(6,4) hash=86a13389369904d0 dh=23b85295f60f1429 nz=31489
[17:43:19] [Worker-Main-7/INFO] (Minecraft) [STDOUT]: [WG-CONTENT-WB] chunk(6,6) hash=896d4d7a1beb72d9 dh=b411f018bae79e9c nz=31398
[17:43:19] [Worker-Main-21/INFO] (Minecraft) [STDOUT]: [WG-CONTENT-WB] chunk(6,9) hash=c9336358ef74003f dh=bf78bb47a3da3833 nz=32349
[17:43:19] [Worker-Main-4/INFO] (Minecraft) [STDOUT]: [WG-CONTENT-WB] chunk(6,7) hash=59bbf0fe08d328fc dh=32367d438a8374d2 nz=32429
[17:43:19] [Worker-Main-8/INFO] (Minecraft) [STDOUT]: [WG-CONTENT-WB] chunk(6,8) hash=ed702ef2bd74b601 dh=4977adba4273c0db nz=32238
[17:43:19] [Worker-Main-2/INFO] (Minecraft) [STDOUT]: [WG-CONTENT-WB] chunk(7,-6) hash=4cc03d2229469075 dh=c7f6af4fd429bbf3 nz=32029
[17:43:19] [Worker-Main-9/INFO] (Minecraft) [STDOUT]: [WG-CONTENT-WB] chunk(7,-7) hash=5ecceb7178079a98 dh=dc8fd0dc7e145fcb nz=32512
[17:43:19] [Worker-Main-1/INFO] (Minecraft) [STDOUT]: [WG-CONTENT-WB] chunk(7,-8) hash=96d3b4971ecfbf25 dh=f22e60a8a670cf21 nz=32512
[17:43:19] [Worker-Main-19/INFO] (Minecraft) [STDOUT]: [WG-CONTENT-WB] chunk(7,-4) hash=46d917e94d92e4eb dh=e19984fecfa7b5ae nz=32503
[17:43:19] [Worker-Main-10/INFO] (Minecraft) [STDOUT]: [WG-CONTENT-WB] chunk(7,-3) hash=702bcaaf063a7d79 dh=46ba3ab72a8711f nz=32376
[17:43:19] [Worker-Main-20/INFO] (Minecraft) [STDOUT]: [WG-CONTENT-WB] chunk(7,-11) hash=82eb5fe62a703183 dh=98159466f5a4f4ab nz=32512
[17:43:19] [Worker-Main-22/INFO] (Minecraft) [STDOUT]: [WG-CONTENT-WB] chunk(7,-10) hash=8bdea4cb0b38d2a0 dh=2b06ab5e8011484e nz=32503
[17:43:19] [Worker-Main-11/INFO] (Minecraft) [STDOUT]: [WG-CONTENT-WB] chunk(7,-5) hash=6e7232cfaf5bb47f dh=b614835ae44ba064 nz=31742
[17:43:19] [Worker-Main-7/INFO] (Minecraft) [STDOUT]: [WG-CONTENT-WB] chunk(7,-9) hash=34bf688dcf31032d dh=35c19135d4beda5 nz=32496
[17:43:19] [Worker-Main-5/INFO] (Minecraft) [STDOUT]: [WG-CONTENT-WB] chunk(7,-2) hash=77493ae005d1c07a dh=a4a79250c4655bfa nz=32039
[17:43:19] [Worker-Main-3/INFO] (Minecraft) [STDOUT]: [WG-CONTENT-WB] chunk(7,-1) hash=b117ffedf4a38244 dh=e499dfacf47f2e3a nz=32507
[17:43:19] [Worker-Main-17/INFO] (Minecraft) [STDOUT]: [WG-CONTENT-WB] chunk(7,0) hash=1eceace0b39be841 dh=4d40160185b2607c nz=32332
[17:43:19] [Worker-Main-12/INFO] (Minecraft) [STDOUT]: [WG-CONTENT-WB] chunk(7,1) hash=60726de17fc8fb63 dh=5e93abe4ca6b5d0c nz=32339
[17:43:19] [Worker-Main-4/INFO] (Minecraft) [STDOUT]: [WG-CONTENT-WB] chunk(7,4) hash=c3680306ba4859b6 dh=7a811fd2055a32af nz=32465
[17:43:19] [Worker-Main-23/INFO] (Minecraft) [STDOUT]: [WG-CONTENT-WB] chunk(7,3) hash=9ef3a31e31478d10 dh=412edbd36eb52f4e nz=32175
[17:43:19] [Worker-Main-15/INFO] (Minecraft) [STDOUT]: [WG-CONTENT-WB] chunk(7,6) hash=d33350884733b38b dh=8d95b8556f831ab2 nz=30283
[17:43:19] [Worker-Main-18/INFO] (Minecraft) [STDOUT]: [WG-CONTENT-WB] chunk(7,5) hash=38a66022f470f76c dh=2bf379e105b1b6f2 nz=31659
[17:43:19] [Worker-Main-21/INFO] (Minecraft) [STDOUT]: [WG-CONTENT-WB] chunk(7,2) hash=1479c29bbbbf5843 dh=5540d53963ef5138 nz=31341
[17:43:19] [Worker-Main-6/INFO] (Minecraft) [STDOUT]: [WG-CONTENT-WB] chunk(6,10) hash=67bea5b7178d2f90 dh=137ef9fa3f385a14 nz=32112
[17:43:19] [Worker-Main-14/INFO] (Minecraft) [STDOUT]: [WG-CONTENT-WB] chunk(7,8) hash=29d5ed9c8c63fd86 dh=693b22f54404a5cc nz=32276
[17:43:19] [Worker-Main-8/INFO] (Minecraft) [STDOUT]: [WG-CONTENT-WB] chunk(7,7) hash=af4a652769f9abc7 dh=8a2bd2152ee3b181 nz=31797
[17:43:19] [Worker-Main-9/INFO] (Minecraft) [STDOUT]: [WG-CONTENT-WB] chunk(8,-10) hash=588879df1a42b3ec dh=7f4d9f90f0b1171e nz=32512
[17:43:19] [Worker-Main-1/INFO] (Minecraft) [STDOUT]: [WG-CONTENT-WB] chunk(8,-9) hash=488c3d9b2fa3444b dh=61ef340473bc7b2a nz=32512
[17:43:19] [Worker-Main-19/INFO] (Minecraft) [STDOUT]: [WG-CONTENT-WB] chunk(8,-8) hash=b15d0bb93f334f0a dh=1038756b7dfdfc58 nz=32431
[17:43:19] [Worker-Main-20/INFO] (Minecraft) [STDOUT]: [WG-CONTENT-WB] chunk(8,-11) hash=e4f9d9cbbb04a2bb dh=5911ce0d6611dfe5 nz=32512
[17:43:19] [Worker-Main-13/INFO] (Minecraft) [STDOUT]: [WG-CONTENT-WB] chunk(8,-6) hash=7811125444e1fd29 dh=4594b0cc4f1a72b3 nz=31244
[17:43:19] [Worker-Main-10/INFO] (Minecraft) [STDOUT]: [WG-CONTENT-WB] chunk(8,-7) hash=140dbcf8c11dd734 dh=628e0e8fb0576e3b nz=31725
[17:43:19] [Worker-Main-22/INFO] (Minecraft) [STDOUT]: [WG-CONTENT-WB] chunk(7,-12) hash=2f158156d11297a9 dh=f09ccc9eb45b9f26 nz=32512
[17:43:19] [Worker-Main-16/INFO] (Minecraft) [STDOUT]: [WG-CONTENT-WB] chunk(8,-5) hash=2246994db3dbac41 dh=1d9915f2bc37db08 nz=29289
[17:43:19] [Worker-Main-2/INFO] (Minecraft) [STDOUT]: [WG-CONTENT-WB] chunk(7,9) hash=17e372f1cf95babc dh=5b868eedc63e0be0 nz=32303
[17:43:19] [Worker-Main-10/INFO] (Minecraft) [STDOUT]: [WG-CONTENT-WB] chunk(8,-4) hash=2a9c730fa5961740 dh=b91c550e05da3 nz=31219
[17:43:19] [Worker-Main-5/INFO] (Minecraft) [STDOUT]: [WG-CONTENT-WB] chunk(8,-3) hash=4882cbeb2eb6d24d dh=9a5dcac537a7c917 nz=31926
[17:43:19] [Worker-Main-6/INFO] (Minecraft) [STDOUT]: [WG-CONTENT-WB] chunk(8,-2) hash=f541b5b57cd457ea dh=cbc5c9a6c5c2343a nz=31735
[17:43:19] [Worker-Main-11/INFO] (Minecraft) [STDOUT]: [WG-CONTENT-WB] chunk(8,-1) hash=ac84f763ceaf6ee dh=4b1304d50ab86911 nz=32198
[17:43:19] [Worker-Main-4/INFO] (Minecraft) [STDOUT]: [WG-CONTENT-WB] chunk(8,6) hash=b1a5eebd98f5dd1e dh=e511368cb366242b nz=32292
[17:43:19] [Worker-Main-9/INFO] (Minecraft) [STDOUT]: [WG-CONTENT-WB] chunk(8,3) hash=8cf6f534e99eca3c dh=57aebbc59120e3cf nz=32293
[17:43:19] [Worker-Main-16/INFO] (Minecraft) [STDOUT]: [WG-CONTENT-WB] chunk(8,2) hash=dd65792016e8494b dh=a5482cf3869e69cf nz=32511
[17:43:19] [Worker-Main-7/INFO] (Minecraft) [STDOUT]: [WG-CONTENT-WB] chunk(8,5) hash=dcb61bb494487517 dh=4683e2c20f1dff52 nz=31841
[17:43:19] [Worker-Main-1/INFO] (Minecraft) [STDOUT]: [WG-CONTENT-WB] chunk(8,4) hash=d84582900bc85617 dh=ab29380ab3b89465 nz=32053
[17:43:19] [Worker-Main-15/INFO] (Minecraft) [STDOUT]: [WG-CONTENT-WB] chunk(8,7) hash=a8dda7ce4c7899a0 dh=80f8e904c666830d nz=31987
[17:43:19] [Worker-Main-3/INFO] (Minecraft) [STDOUT]: [WG-CONTENT-WB] chunk(8,0) hash=26d0bee63f87a889 dh=53c0663087ad93fa nz=32034
[17:43:19] [Worker-Main-18/INFO] (Minecraft) [STDOUT]: [WG-CONTENT-WB] chunk(8,1) hash=a952af8601e6a481 dh=f89127e40f5e51dd nz=32244
[17:43:19] [Worker-Main-22/INFO] (Minecraft) [STDOUT]: [WG-CONTENT-WB] chunk(8,8) hash=9f1237e89af75b00 dh=b6f9fc1b8ccadad2 nz=31935
[17:43:19] [Worker-Main-14/INFO] (Minecraft) [STDOUT]: [WG-CONTENT-WB] chunk(6,11) hash=7ada9555a34c8e4b dh=da93d57f315c7275 nz=31977
[17:43:19] [Worker-Main-21/INFO] (Minecraft) [STDOUT]: [WG-CONTENT-WB] chunk(7,10) hash=fe52aa736c5e086a dh=38ef06334166c08a nz=29686
[17:43:19] [Worker-Main-16/INFO] (Minecraft) [STDOUT]: [WG-CONTENT-WB] chunk(8,9) hash=555217a618a33803 dh=4eb782a6d027abc7 nz=29155
[17:43:19] [Worker-Main-6/INFO] (Minecraft) [STDOUT]: [WG-CONTENT-WB] chunk(9,-8) hash=b6cf35a595c7c39d dh=a77580656d4239d7 nz=32496
[17:43:19] [Worker-Main-15/INFO] (Minecraft) [STDOUT]: [WG-CONTENT-WB] chunk(8,10) hash=22a774b23ad32ea9 dh=d1b51ab47dd8f1da nz=25322
[17:43:19] [Worker-Main-1/INFO] (Minecraft) [STDOUT]: [WG-CONTENT-WB] chunk(9,-6) hash=ce38763e0aba476c dh=a13f6c80854bd506 nz=32512
[17:43:19] [Worker-Main-13/INFO] (Minecraft) [STDOUT]: [WG-CONTENT-WB] chunk(9,-9) hash=c6a8704003a324a3 dh=d34a60075e6a7ea nz=32512
[17:43:19] [Worker-Main-17/INFO] (Minecraft) [STDOUT]: [WG-CONTENT-WB] chunk(9,-5) hash=357d40e4e658b280 dh=da68f03e5a437aeb nz=32393
[17:43:19] [Worker-Main-18/INFO] (Minecraft) [STDOUT]: [WG-CONTENT-WB] chunk(9,3) hash=45af160e54e47356 dh=744f16d7b3189fec nz=32256
[17:43:19] [Worker-Main-23/INFO] (Minecraft) [STDOUT]: [WG-CONTENT-WB] chunk(9,2) hash=2f0734f0fd3b0d2e dh=92ab637599234530 nz=32496
[17:43:19] [Worker-Main-11/INFO] (Minecraft) [STDOUT]: [WG-CONTENT-WB] chunk(9,-7) hash=e616b5fc11fcd7a6 dh=807ec4dbf0fd0e89 nz=32504
[17:43:19] [Worker-Main-16/INFO] (Minecraft) [STDOUT]: [WG-CONTENT-WB] chunk(9,0) hash=a910d1aa1bdafb3c dh=91b65edddc389265 nz=31483
[17:43:19] [Worker-Main-12/INFO] (Minecraft) [STDOUT]: [WG-CONTENT-WB] chunk(9,8) hash=4deea116c256443d dh=72f7b12bfe792a5d nz=31620
[17:43:19] [Worker-Main-10/INFO] (Minecraft) [STDOUT]: [WG-CONTENT-WB] chunk(9,-11) hash=ce98e990b50bca5a dh=5be0e71dac904c86 nz=32512
[17:43:19] [Worker-Main-5/INFO] (Minecraft) [STDOUT]: [WG-CONTENT-WB] chunk(9,-12) hash=4aa4ae011f129f75 dh=a388ac929514ea6a nz=32512
[17:43:19] [Worker-Main-19/INFO] (Minecraft) [STDOUT]: [WG-CONTENT-WB] chunk(8,-12) hash=aae695c6e5e31a03 dh=a1781a14551d4931 nz=32512
[17:43:19] [Worker-Main-22/INFO] (Minecraft) [STDOUT]: [WG-CONTENT-WB] chunk(8,11) hash=b90a22752d56963a dh=4be8ed1faa81e073 nz=24588
[17:43:19] [Worker-Main-2/INFO] (Minecraft) [STDOUT]: [WG-CONTENT-WB] chunk(9,-3) hash=5c1db0654afb8a90 dh=2a67fc5952976f93 nz=31553
[17:43:19] [Worker-Main-9/INFO] (Minecraft) [STDOUT]: [WG-CONTENT-WB] chunk(9,1) hash=1ab082d2182311e2 dh=31556783c446cbe5 nz=32509
[17:43:19] [Worker-Main-8/INFO] (Minecraft) [STDOUT]: [WG-CONTENT-WB] chunk(9,-10) hash=fc1f726a9c59e901 dh=e9f4cba41cd3ba16 nz=32512
[17:43:19] [Worker-Main-3/INFO] (Minecraft) [STDOUT]: [WG-CONTENT-WB] chunk(9,4) hash=16d8d02911e1fc62 dh=9c43ba28266926a2 nz=32170
[17:43:19] [Worker-Main-20/INFO] (Minecraft) [STDOUT]: [WG-CONTENT-WB] chunk(9,-2) hash=4ff63d65a457cad6 dh=996c5f5430280216 nz=32440
[17:43:19] [Worker-Main-7/INFO] (Minecraft) [STDOUT]: [WG-CONTENT-WB] chunk(9,-1) hash=ea11e6fe1c6ba41 dh=770e5bddd095bed5 nz=32100
[17:43:19] [Worker-Main-4/INFO] (Minecraft) [STDOUT]: [WG-CONTENT-WB] chunk(9,-4) hash=4c9a46ad05ff2ca9 dh=6f2c54909f88384a nz=31691
[17:43:19] [Worker-Main-21/INFO] (Minecraft) [STDOUT]: [WG-CONTENT-WB] chunk(7,11) hash=b0996aa582028d1 dh=2e6db5be5c307b36 nz=28020
[17:43:19] [Worker-Main-14/INFO] (Minecraft) [STDOUT]: [WG-CONTENT-WB] chunk(9,9) hash=de24224ce675d122 dh=c5c08cb4f10573ad nz=26244
[17:43:19] [Worker-Main-6/INFO] (Minecraft) [STDOUT]: [WG-CONTENT-WB] chunk(9,10) hash=7bb2fac2a3496466 dh=d72871d3da436883 nz=25642
[17:43:19] [Worker-Main-15/INFO] (Minecraft) [STDOUT]: [WG-CONTENT-WB] chunk(9,5) hash=92726467876b0bd8 dh=ec12e0d0db0508fe nz=32109
[17:43:19] [Worker-Main-13/INFO] (Minecraft) [STDOUT]: [WG-CONTENT-WB] chunk(9,6) hash=d9f2ef6a71aed872 dh=de69f7683e157ef5 nz=32132
[17:43:19] [Worker-Main-17/INFO] (Minecraft) [STDOUT]: [WG-CONTENT-WB] chunk(9,7) hash=c7ba9338a8e6bc83 dh=b91840df3dca3f33 nz=30809
[17:43:19] [Worker-Main-3/INFO] (Minecraft) [STDOUT]: [WG-CONTENT-WB] chunk(10,-8) hash=c85675c6e71c3bc4 dh=59bca08551988ec5 nz=32512
[17:43:19] [Worker-Main-19/INFO] (Minecraft) [STDOUT]: [WG-CONTENT-WB] chunk(10,-10) hash=941963b3d03e5845 dh=810a562fa7079b9d nz=32512
[17:43:19] [Worker-Main-22/INFO] (Minecraft) [STDOUT]: [WG-CONTENT-WB] chunk(10,-7) hash=a2b9966b12735aec dh=14eb0ff9c67e5ebd nz=32512
[17:43:19] [Worker-Main-9/INFO] (Minecraft) [STDOUT]: [WG-CONTENT-WB] chunk(10,-11) hash=dd9ceefcb5d065c0 dh=688991e29ca45aa5 nz=32512
[17:43:19] [Worker-Main-2/INFO] (Minecraft) [STDOUT]: [WG-CONTENT-WB] chunk(10,-9) hash=c8b830888c141039 dh=dccead265c78b411 nz=32512
[17:43:19] [Worker-Main-13/INFO] (Minecraft) [STDOUT]: [WG-CONTENT-WB] chunk(10,-6) hash=c351da22fb2b373d dh=e7b22ea0ae348a75 nz=32512
[17:43:19] [Worker-Main-18/INFO] (Minecraft) [STDOUT]: [WG-CONTENT-WB] chunk(10,-4) hash=98f0982e219cdaa5 dh=bc2ed3ef72c79a9 nz=32512
[17:43:19] [Worker-Main-8/INFO] (Minecraft) [STDOUT]: [WG-CONTENT-WB] chunk(10,-5) hash=d96d2669743b1d0c dh=9becefaaf42ddd84 nz=32512
[17:43:19] [Server thread/INFO] (Minecraft) [Rcon: Marked 256 chunks in minecraft:overworld from [-8, -8] to [7, 7] to be force loaded]
[17:43:19] [Server thread/WARN] (Minecraft) Can't keep up! Is the server overloaded? Running 5437ms or 108 ticks behind
[17:43:19] [RCON Client /127.0.0.1 #2/INFO] (Minecraft) Thread RCON Client /127.0.0.1 shutting down
[17:43:19] [Worker-Main-11/INFO] (Minecraft) [STDOUT]: [WG-CONTENT-WB] chunk(10,-3) hash=49b1de8da6cb4722 dh=8c9dea8b8c6a58ed nz=32386
[17:43:20] [Worker-Main-7/INFO] (Minecraft) [STDOUT]: [WG-CONTENT-WB] chunk(10,-1) hash=4d837790340c2a3d dh=a244dcb200e7d nz=32133
[17:43:20] [Worker-Main-14/INFO] (Minecraft) [STDOUT]: [WG-CONTENT-WB] chunk(10,1) hash=3185554c25f21fde dh=f8f53f56826ab761 nz=32156
[17:43:20] [Worker-Main-3/INFO] (Minecraft) [STDOUT]: [WG-CONTENT-WB] chunk(10,-2) hash=98b100312a8e72b9 dh=5bb6a25da6d051e2 nz=32388
[17:43:20] [Worker-Main-4/INFO] (Minecraft) [STDOUT]: [WG-CONTENT-WB] chunk(10,2) hash=df011161527ede74 dh=a725bc2789ee0957 nz=31992
[17:43:20] [Worker-Main-18/INFO] (Minecraft) [STDOUT]: [WG-CONTENT-WB] chunk(10,3) hash=906b9839567bf dh=b893dfa75d2dbbb1 nz=32075
[17:43:20] [Worker-Main-23/INFO] (Minecraft) [STDOUT]: [WG-CONTENT-WB] chunk(9,11) hash=1e96f6c2fb1cd3f0 dh=f9d1a0970e91644c nz=25715
[17:43:20] [Worker-Main-13/INFO] (Minecraft) [STDOUT]: [WG-CONTENT-WB] chunk(10,5) hash=c3d91449fae967c6 dh=cfd48f3e365955ae nz=32512
[17:43:20] [Worker-Main-1/INFO] (Minecraft) [STDOUT]: [WG-CONTENT-WB] chunk(10,4) hash=e47bc0855a6fa275 dh=ce59c0d8a051a88f nz=32318
[17:43:20] [Worker-Main-12/INFO] (Minecraft) [STDOUT]: [WG-CONTENT-WB] chunk(10,0) hash=c615ba80dde6ebb5 dh=34770e869800d666 nz=31698
[17:43:20] [Worker-Main-10/INFO] (Minecraft) [STDOUT]: [WG-CONTENT-WB] chunk(10,8) hash=c613d9f7eba6e6b1 dh=bd10b63e49e51ba6 nz=31390
[17:43:20] [Worker-Main-2/INFO] (Minecraft) [STDOUT]: [WG-CONTENT-WB] chunk(10,7) hash=d03878852163d746 dh=6a6929dd2267b15f nz=30594
[17:43:20] [Worker-Main-9/INFO] (Minecraft) [STDOUT]: [WG-CONTENT-WB] chunk(10,9) hash=201b2014057df259 dh=b09be53da4e470f1 nz=29960
[17:43:20] [Worker-Main-19/INFO] (Minecraft) [STDOUT]: [WG-CONTENT-WB] chunk(10,10) hash=823d9f5d47b3f66c dh=c86ce7c2e290812a nz=29299
[17:43:20] [Worker-Main-8/INFO] (Minecraft) [STDOUT]: [WG-CONTENT-WB] chunk(10,-12) hash=c93469f710bf221 dh=20f4c7171c03c8a6 nz=32512
[17:43:20] [Worker-Main-5/INFO] (Minecraft) [STDOUT]: [WG-CONTENT-WB] chunk(10,6) hash=1a81c0ed3b184ae9 dh=32ccf44b1c10c98b nz=32370
[17:43:20] [Worker-Main-21/INFO] (Minecraft) [STDOUT]: [WG-CONTENT-WB] chunk(11,-7) hash=cdb060fc6980c0d7 dh=7fc2053cdb27236b nz=32512
[17:43:20] [Worker-Main-17/INFO] (Minecraft) [STDOUT]: [WG-CONTENT-WB] chunk(11,-6) hash=3eb754354517624e dh=c45d91fe8c287b90 nz=32512
[17:43:20] [Worker-Main-22/INFO] (Minecraft) [STDOUT]: [WG-CONTENT-WB] chunk(11,-9) hash=9cfafe5ee9a90384 dh=8c8fa53c5f613916 nz=32512
[17:43:20] [Worker-Main-6/INFO] (Minecraft) [STDOUT]: [WG-CONTENT-WB] chunk(11,-8) hash=9d8bb64c174b69eb dh=525fbc1510039914 nz=32512
[17:43:20] [Worker-Main-16/INFO] (Minecraft) [STDOUT]: [WG-CONTENT-WB] chunk(10,11) hash=2b1cce88fe5b1618 dh=6e82d31a2db8ea26 nz=28899
[17:43:20] [Worker-Main-20/INFO] (Minecraft) [STDOUT]: [WG-CONTENT-WB] chunk(11,-12) hash=a0f37976e2457799 dh=b447d5f713872cd0 nz=32512
[17:43:20] [Worker-Main-15/INFO] (Minecraft) [STDOUT]: [WG-CONTENT-WB] chunk(11,-10) hash=8ac356340fcda60a dh=e64b36a1d913bc5 nz=32512
[17:43:20] [Worker-Main-11/INFO] (Minecraft) [STDOUT]: [WG-CONTENT-WB] chunk(11,-11) hash=c4648af0e8bff9c1 dh=e64b36a1d913bc5 nz=32512
[17:43:20] [Worker-Main-7/INFO] (Minecraft) [STDOUT]: [WG-CONTENT-WB] chunk(11,-5) hash=c0cc0c16c9850c0d dh=e57435234412efe2 nz=32512
[17:43:20] [Worker-Main-14/INFO] (Minecraft) [STDOUT]: [WG-CONTENT-WB] chunk(11,-4) hash=2caef5ffd5ff2c03 dh=e2e8490a7317e7d8 nz=32397
[17:43:20] [Worker-Main-3/INFO] (Minecraft) [STDOUT]: [WG-CONTENT-WB] chunk(11,-3) hash=7a10759b82ffe5b9 dh=700b7cce39e381bf nz=31878
[17:43:20] [Worker-Main-23/INFO] (Minecraft) [STDOUT]: [WG-CONTENT-WB] chunk(11,-2) hash=4bb50158e046ff71 dh=4246088b19aaa3be nz=31238
[17:43:20] [Worker-Main-10/INFO] (Minecraft) [STDOUT]: [WG-CONTENT-WB] chunk(11,-1) hash=af8a9a73b4f92b6b dh=451dc928da8cf20f nz=32165
[17:43:20] [Worker-Main-11/INFO] (Minecraft) [STDOUT]: [WG-CONTENT-WB] chunk(11,0) hash=2a0eee6588d8aa21 dh=fdbfd250842c2085 nz=32284
[17:43:20] [Worker-Main-12/INFO] (Minecraft) [STDOUT]: [WG-CONTENT-WB] chunk(11,1) hash=8d83b00c4238b120 dh=419ff60bedc8d812 nz=32117
[17:43:20] [Worker-Main-13/INFO] (Minecraft) [STDOUT]: [WG-CONTENT-WB] chunk(11,5) hash=a95d35aa66206dd4 dh=822ad5dd611c9152 nz=31577
[17:43:20] [Worker-Main-18/INFO] (Minecraft) [STDOUT]: [WG-CONTENT-WB] chunk(11,6) hash=97e14584569b2442 dh=ab190fc176eafeef nz=31842
[17:43:20] [Worker-Main-23/INFO] (Minecraft) [STDOUT]: [WG-CONTENT-WB] chunk(11,2) hash=b1ca990b393884ff dh=4bb7671268f4a787 nz=31720
[17:43:20] [Worker-Main-2/INFO] (Minecraft) [STDOUT]: [WG-CONTENT-WB] chunk(11,4) hash=ce0efba783e16d7f dh=b4ace8d5d3b8dd0e nz=32511
[17:43:20] [Worker-Main-16/INFO] (Minecraft) [STDOUT]: [WG-CONTENT-WB] chunk(11,10) hash=33e8229fefa83142 dh=64b78de3e0b71ae7 nz=31264
[17:43:20] [Worker-Main-22/INFO] (Minecraft) [STDOUT]: [WG-CONTENT-WB] chunk(11,7) hash=68dab2323a747a91 dh=8c6d0f8fee9b4da9 nz=30539
[17:43:20] [Worker-Main-15/INFO] (Minecraft) [STDOUT]: [WG-CONTENT-WB] chunk(11,8) hash=89f56c19fdc724da dh=ad07377439d58b6f nz=31654
[17:43:20] [Worker-Main-9/INFO] (Minecraft) [STDOUT]: [WG-CONTENT-WB] chunk(11,3) hash=9151e4634e7ea064 dh=17700d90725f8d2d nz=32003
[17:43:20] [Worker-Main-20/INFO] (Minecraft) [STDOUT]: [WG-CONTENT-WB] chunk(11,11) hash=9ad8997bfc849028 dh=551799b15407c836 nz=30291
[17:43:20] [Worker-Main-5/INFO] (Minecraft) [STDOUT]: [WG-CONTENT-WB] chunk(11,9) hash=6c42346338acba5f dh=beb58f255998ad2b nz=31597
[17:43:34] [RCON Listener #1/INFO] (Minecraft) Thread RCON Client /127.0.0.1 started
[17:43:34] [Server thread/INFO] (Minecraft) [Rcon: Stopping the server]
[17:43:34] [RCON Client /127.0.0.1 #3/INFO] (Minecraft) Thread RCON Client /127.0.0.1 shutting down
[17:43:34] [Server thread/INFO] (Minecraft) Stopping server
[17:43:34] [Server thread/INFO] (Minecraft) Saving players
[17:43:34] [Server thread/INFO] (Minecraft) Saving worlds
[17:43:34] [Server thread/INFO] (Minecraft) Saving chunks for level 'ServerLevel[world]'/minecraft:overworld
[17:43:36] [Server thread/INFO] (Minecraft) Saving chunks for level 'ServerLevel[world]'/minecraft:the_end
[17:43:36] [Server thread/INFO] (Minecraft) Saving chunks for level 'ServerLevel[world]'/minecraft:the_nether
[17:43:36] [Server thread/INFO] (Minecraft) ThreadedAnvilChunkStorage (world): All chunks are saved
[17:43:36] [Server thread/INFO] (Minecraft) ThreadedAnvilChunkStorage (DIM1): All chunks are saved
[17:43:36] [Server thread/INFO] (Minecraft) ThreadedAnvilChunkStorage (DIM-1): All chunks are saved
[17:43:36] [Server thread/INFO] (Minecraft) ThreadedAnvilChunkStorage: All dimensions are saved
[17:43:36] [Server thread/INFO] (Minecraft) Thread RCON Listener stopped

[Incubating] Problems report is available at: file:///E:/PYTHON/CoreSwap/versions/1.21.6/java/build/reports/problems/problems-report.html

Deprecated Gradle features were used in this build, making it incompatible with Gradle 9.0.

You can use '--warning-mode all' to show the individual deprecation warnings and determine if they come from your own scripts or plugins.

For more on this, please refer to https://docs.gradle.org/8.13/userguide/command_line_interface.html#sec:command_line_warnings in the Gradle documentation.

BUILD SUCCESSFUL in 1m 4s
6 actionable tasks: 1 executed, 5 up-to-date
