Starting a Gradle Daemon, 9 stopped Daemons could not be reused, use --status for details

> Configure project :
Fabric Loom: 1.10.5

> Configure project :content-test
Fabric Loom: 1.10.5

> Task :compileJava UP-TO-DATE
> Task :processResources UP-TO-DATE
> Task :classes UP-TO-DATE
> Task :generateLog4jConfig UP-TO-DATE
> Task :generateRemapClasspath UP-TO-DATE
> Task :generateDLIConfig UP-TO-DATE
> Task :configureLaunch UP-TO-DATE

> Task :runServer
[21:07:37] [main/INFO] (FabricLoader/GameProvider) Loading Minecraft 1.20.1 with Fabric Loader 0.15.11
[21:07:37] [main/INFO] (FabricLoader) Loading 48 mods:
	- chunky 1.3.146
	- coreswap 1.20.1-1.0.27
	- fabric-api 0.92.0+1.20.1
	- fabric-api-base 0.4.31+1802ada577
	- fabric-api-lookup-api-v1 1.6.36+1802ada577
	- fabric-biome-api-v1 13.0.13+1802ada577
	- fabric-block-api-v1 1.0.11+1802ada577
	- fabric-block-view-api-v2 1.0.1+1802ada577
	- fabric-command-api-v1 1.2.34+f71b366f77
	- fabric-command-api-v2 2.2.13+1802ada577
	- fabric-commands-v0 0.2.51+df3654b377
	- fabric-containers-v0 0.1.64+df3654b377
	- fabric-content-registries-v0 4.0.11+1802ada577
	- fabric-convention-tags-v1 1.5.5+1802ada577
	- fabric-crash-report-info-v1 0.2.19+1802ada577
	- fabric-data-attachment-api-v1 1.0.0+de0fd6d177
	- fabric-data-generation-api-v1 12.3.4+1802ada577
	- fabric-dimensions-v1 2.1.54+1802ada577
	- fabric-entity-events-v1 1.6.0+1c78457f77
	- fabric-events-interaction-v0 0.6.2+1802ada577
	- fabric-events-lifecycle-v0 0.2.63+df3654b377
	- fabric-game-rule-api-v1 1.0.40+1802ada577
	- fabric-gametest-api-v1 1.2.13+1802ada577
	- fabric-item-api-v1 2.1.28+1802ada577
	- fabric-item-group-api-v1 4.0.12+1802ada577
	- fabric-lifecycle-events-v1 2.2.22+1802ada577
	- fabric-loot-api-v2 1.2.1+1802ada577
	- fabric-loot-tables-v1 1.1.45+9e7660c677
	- fabric-message-api-v1 5.1.9+1802ada577
	- fabric-mining-level-api-v1 2.1.50+1802ada577
	- fabric-networking-api-v1 1.3.11+1802ada577
	- fabric-networking-v0 0.3.51+df3654b377
	- fabric-object-builder-api-v1 11.1.3+1802ada577
	- fabric-particles-v1 1.1.2+1802ada577
	- fabric-recipe-api-v1 1.0.21+1802ada577
	- fabric-registry-sync-v0 2.3.3+1802ada577
	- fabric-rendering-data-attachment-v1 0.3.37+92a0d36777
	- fabric-rendering-fluids-v1 3.0.28+1802ada577
	- fabric-resource-conditions-api-v1 2.3.8+1802ada577
	- fabric-resource-loader-v0 0.11.10+1802ada577
	- fabric-screen-handler-api-v1 1.3.30+1802ada577
	- fabric-transfer-api-v1 3.3.4+1802ada577
	- fabric-transitive-access-wideners-v1 4.3.1+1802ada577
	- fabricloader 0.15.11
	- java 17
	- minecraft 1.20.1
	- mixinextras 0.3.5
	- testcontent 1.0.0
[21:07:40] [main/INFO] (FabricLoader/Mixin) SpongePowered MIXIN Subsystem Version=0.8.5 Source=file:/E:/PYTHON/CoreSwap/.gradle-home/caches/modules-2/files-2.1/net.fabricmc/sponge-mixin/0.13.3+mixin.0.8.5/9527e6b0d2449408958fd1302594dc65ec5ade9c/sponge-mixin-0.13.3+mixin.0.8.5.jar Service=Knot/Fabric Env=SERVER
[21:07:40] [main/INFO] (FabricLoader/Mixin) Loaded Fabric development mappings for mixin remapper!
[21:07:40] [main/INFO] (FabricLoader/Mixin) Compatibility level set to JAVA_17
[21:07:41] [main/INFO] (FabricLoader/MixinExtras|Service) Initializing MixinExtras via com.llamalad7.mixinextras.service.MixinExtrasServiceImpl(version=0.3.5).
[21:07:43] [main/WARN] (WmiQueryHandler) COM exception querying Win32_Processor, which might not be on your system. Will not attempt to query it again. Error was -2147217405: (HRESULT: 80041003)
[21:07:43] [main/WARN] (WmiQueryHandler) COM exception querying Win32_Processor, which might not be on your system. Will not attempt to query it again. Error was -2147217405: (HRESULT: 80041003)
[21:07:43] [main/WARN] (WmiQueryHandler) COM exception querying Win32_VideoController, which might not be on your system. Will not attempt to query it again. Error was -2147217405: (HRESULT: 80041003)
[21:07:43] [main/WARN] (WmiQueryHandler) COM exception querying Win32_PhysicalMemory, which might not be on your system. Will not attempt to query it again. Error was -2147217405: (HRESULT: 80041003)
[21:07:51] [main/INFO] (Minecraft) [STDOUT]: [TestContent] registered testcontent:test_brick raw=1003 testcontent:test_lamp raw=1004
[21:07:52] [main/INFO] (Minecraft) Environment: authHost='https://authserver.mojang.com', accountsHost='https://api.mojang.com', sessionHost='https://sessionserver.mojang.com', servicesHost='https://api.minecraftservices.com', name='PROD'
[21:07:54] [main/INFO] (Minecraft) Loaded 7 recipes
[21:07:54] [main/INFO] (Minecraft) Loaded 1271 advancements
[21:07:54] [main/INFO] (BiomeModificationImpl) Applied 0 biome modifications to 0 of 64 new biomes in 2.354 ms
[21:07:54] [Server thread/INFO] (Minecraft) Starting minecraft server version 1.20.1
[21:07:54] [Server thread/INFO] (Minecraft) Loading properties
[21:07:54] [Server thread/INFO] (Minecraft) Default game type: SURVIVAL
[21:07:54] [Server thread/INFO] (Minecraft) Generating keypair
[21:07:54] [Server thread/INFO] (Minecraft) Starting Minecraft server on *:25565
[21:07:54] [Server thread/INFO] (Minecraft) Using default channel type
[21:07:55] [Server thread/INFO] (Minecraft) Preparing level "world"
[21:07:58] [Server thread/INFO] (Minecraft) Preparing start region for dimension minecraft:overworld
[21:07:58] [Worker-Main-19/INFO] (Minecraft) Preparing spawn area: 0%
[21:07:58] [Worker-Main-21/INFO] (Minecraft) Preparing spawn area: 0%
[21:07:59] [Worker-Main-14/INFO] (Minecraft) Preparing spawn area: 0%
[21:07:59] [Worker-Main-9/INFO] (Minecraft) Preparing spawn area: 1%
[21:08:00] [Worker-Main-13/INFO] (Minecraft) Preparing spawn area: 2%
[21:08:00] [Worker-Main-16/INFO] (Minecraft) Preparing spawn area: 5%
[21:08:01] [Worker-Main-23/INFO] (Minecraft) Preparing spawn area: 9%
[21:08:01] [Worker-Main-1/INFO] (Minecraft) Preparing spawn area: 14%
[21:08:02] [Worker-Main-7/INFO] (Minecraft) Preparing spawn area: 20%
[21:08:02] [Worker-Main-3/INFO] (Minecraft) Preparing spawn area: 24%
[21:08:03] [Worker-Main-6/INFO] (Minecraft) Preparing spawn area: 31%
[21:08:03] [Worker-Main-23/INFO] (Minecraft) Preparing spawn area: 36%
[21:08:04] [Worker-Main-5/INFO] (Minecraft) Preparing spawn area: 41%
[21:08:04] [Worker-Main-5/INFO] (Minecraft) Preparing spawn area: 46%
[21:08:05] [Worker-Main-7/INFO] (Minecraft) Preparing spawn area: 53%
[21:08:05] [Worker-Main-11/INFO] (Minecraft) Preparing spawn area: 56%
[21:08:06] [Worker-Main-10/INFO] (Minecraft) Preparing spawn area: 65%
[21:08:06] [Worker-Main-20/INFO] (Minecraft) Preparing spawn area: 69%
[21:08:07] [Worker-Main-17/INFO] (Minecraft) Preparing spawn area: 76%
[21:08:07] [Worker-Main-16/INFO] (Minecraft) Preparing spawn area: 84%
[21:08:08] [Worker-Main-4/INFO] (Minecraft) Preparing spawn area: 88%
[21:08:08] [Worker-Main-4/INFO] (Minecraft) Preparing spawn area: 95%
[21:08:09] [Server thread/INFO] (Minecraft) Time elapsed: 10809 ms
[21:08:09] [Server thread/INFO] (Minecraft) Done (13.598s)! For help, type "help"
[21:08:09] [Server thread/INFO] (Minecraft) Starting remote control listener
[21:08:09] [Server thread/INFO] (Minecraft) Thread RCON Listener started
[21:08:09] [Server thread/INFO] (Minecraft) RCON running on 0.0.0.0:25575
[21:08:09] [Server thread/INFO] (Minecraft) [STDOUT]: [CppBridge] init seed=417950215108767439 worldgenDir=E:\PYTHON\CoreSwap\versions\1.20.1\data\worldgen enabled=true stageMask=3 env.CORESWAP_DEFAULT_BLOCK=null
[21:08:09] [Server thread/INFO] (Minecraft) [STDOUT]: [CppBridge] dll=E:\PYTHON\CoreSwap\.tmp\java-tmp\coreswap-native\worldgen.dll size=2457088 sha256=597e12ed2275ada5...
[21:08:09] [Server thread/INFO] (Minecraft) [STDOUT]: [CppBridge] initNether seed=417950215108767439 enabled=true stageMask=3
[21:08:09] [Server thread/INFO] (Minecraft) [STDOUT]: [CppBridge] initEnd seed=417950215108767439 enabled=true stageMask=3
[21:08:09] [Server thread/INFO] (Minecraft) [STDOUT]: [BenchMod] CoreSwap replace mode: C++ worldgen active
[21:08:18] [RCON Listener #1/INFO] (Minecraft) Thread RCON Client /127.0.0.1 started
[21:08:18] [RCON Client /127.0.0.1 #2/INFO] (Minecraft) Thread RCON Client /127.0.0.1 shutting down
[21:08:19] [RCON Listener #1/INFO] (Minecraft) Thread RCON Client /127.0.0.1 started
[21:08:19] [RCON Client /127.0.0.1 #3/INFO] (Minecraft) Thread RCON Client /127.0.0.1 shutting down
[21:08:19] [RCON Listener #1/INFO] (Minecraft) Thread RCON Client /127.0.0.1 started
[21:08:19] [RCON Client /127.0.0.1 #4/INFO] (Minecraft) Thread RCON Client /127.0.0.1 shutting down
[21:08:20] [RCON Listener #1/INFO] (Minecraft) Thread RCON Client /127.0.0.1 started
[21:08:20] [RCON Client /127.0.0.1 #5/INFO] (Minecraft) Thread RCON Client /127.0.0.1 shutting down
[21:08:21] [Server thread/INFO] (Minecraft) [Chunky] Task running for minecraft:overworld. Processed: 6 chunks (0.14%), ETA: 0:01:22, Rate: 51.3 cps, Current: -28, -27
[21:08:23] [Worker-Main-7/INFO] (Minecraft) [STDOUT]: [CHUNKTIME] n=256 perChunk(ms): mixin=95.02 gap=78.17 | sumMixin=24.3s sumGap=20.0s | inflight max=23 now=22
[21:08:25] [Worker-Main-8/INFO] (Minecraft) [STDOUT]: [CHUNKTIME] n=512 perChunk(ms): mixin=97.03 gap=91.45 | sumMixin=49.7s sumGap=46.8s | inflight max=23 now=22
[21:08:27] [Worker-Main-19/INFO] (Minecraft) [STDOUT]: [CHUNKTIME] n=768 perChunk(ms): mixin=97.64 gap=89.11 | sumMixin=75.0s sumGap=68.4s | inflight max=23 now=12
[21:08:29] [Worker-Main-9/INFO] (Minecraft) [STDOUT]: [CHUNKTIME] n=1024 perChunk(ms): mixin=95.70 gap=88.99 | sumMixin=98.0s sumGap=91.1s | inflight max=23 now=3
[21:08:31] [RCON Listener #1/INFO] (Minecraft) Thread RCON Client /127.0.0.1 started
[21:08:31] [RCON Client /127.0.0.1 #6/INFO] (Minecraft) Thread RCON Client /127.0.0.1 shutting down
[21:08:31] [Server thread/INFO] (Minecraft) [Chunky] Task running for minecraft:overworld. Processed: 956 chunks (22.63%), ETA: 0:00:34, Rate: 94.4 cps, Current: -7, -28
[21:08:32] [Worker-Main-12/INFO] (Minecraft) [STDOUT]: [CHUNKTIME] n=1280 perChunk(ms): mixin=95.11 gap=96.85 | sumMixin=121.7s sumGap=124.0s | inflight max=23 now=18
[21:08:34] [Worker-Main-17/INFO] (Minecraft) [STDOUT]: [CHUNKTIME] n=1536 perChunk(ms): mixin=94.70 gap=93.63 | sumMixin=145.5s sumGap=143.8s | inflight max=23 now=12
[21:08:36] [Worker-Main-21/INFO] (Minecraft) [STDOUT]: [CHUNKTIME] n=1792 perChunk(ms): mixin=93.26 gap=94.34 | sumMixin=167.1s sumGap=169.1s | inflight max=23 now=22
[21:08:38] [Worker-Main-14/INFO] (Minecraft) [STDOUT]: [CHUNKTIME] n=2048 perChunk(ms): mixin=92.09 gap=97.16 | sumMixin=188.6s sumGap=199.0s | inflight max=23 now=23
[21:08:41] [Worker-Main-13/INFO] (Minecraft) [STDOUT]: [CHUNKTIME] n=2304 perChunk(ms): mixin=93.50 gap=100.17 | sumMixin=215.4s sumGap=230.8s | inflight max=23 now=14
[21:08:41] [RCON Listener #1/INFO] (Minecraft) Thread RCON Client /127.0.0.1 started
[21:08:41] [RCON Client /127.0.0.1 #7/INFO] (Minecraft) Thread RCON Client /127.0.0.1 shutting down
[21:08:42] [Server thread/INFO] (Minecraft) [Chunky] Task running for minecraft:overworld. Processed: 2141 chunks (50.67%), ETA: 0:00:20, Rate: 103.0 cps, Current: -33, -1
[21:08:44] [Worker-Main-23/INFO] (Minecraft) [STDOUT]: [CHUNKTIME] n=2560 perChunk(ms): mixin=94.54 gap=108.01 | sumMixin=242.0s sumGap=276.5s | inflight max=23 now=18
[21:08:46] [Worker-Main-6/INFO] (Minecraft) [STDOUT]: [CHUNKTIME] n=2816 perChunk(ms): mixin=95.83 gap=107.68 | sumMixin=269.8s sumGap=303.2s | inflight max=23 now=23
[21:08:48] [Worker-Main-22/INFO] (Minecraft) [STDOUT]: [CHUNKTIME] n=3072 perChunk(ms): mixin=95.92 gap=105.78 | sumMixin=294.7s sumGap=324.9s | inflight max=23 now=2
[21:08:51] [Worker-Main-17/INFO] (Minecraft) [STDOUT]: [CHUNKTIME] n=3328 perChunk(ms): mixin=96.02 gap=107.36 | sumMixin=319.5s sumGap=357.3s | inflight max=23 now=2
[21:08:52] [Server thread/INFO] (Minecraft) [Chunky] Task running for minecraft:overworld. Processed: 3062 chunks (72.47%), ETA: 0:00:11, Rate: 99.4 cps, Current: -1, 8
[21:08:53] [Worker-Main-7/INFO] (Minecraft) [STDOUT]: [CHUNKTIME] n=3584 perChunk(ms): mixin=97.16 gap=106.46 | sumMixin=348.2s sumGap=381.5s | inflight max=23 now=18
[21:08:55] [Worker-Main-12/INFO] (Minecraft) [STDOUT]: [CHUNKTIME] n=3840 perChunk(ms): mixin=97.62 gap=106.37 | sumMixin=374.9s sumGap=408.5s | inflight max=23 now=18
[21:08:58] [Worker-Main-20/INFO] (Minecraft) [STDOUT]: [CHUNKTIME] n=4096 perChunk(ms): mixin=100.38 gap=108.37 | sumMixin=411.2s sumGap=443.9s | inflight max=23 now=10
[21:08:59] [Server thread/INFO] (Minecraft) [Chunky] Task finished for minecraft:overworld. Processed: 4225 chunks (100.00%), Total time: 0:00:38
[21:09:06] [RCON Listener #1/INFO] (Minecraft) Thread RCON Client /127.0.0.1 started
[21:09:06] [RCON Client /127.0.0.1 #8/INFO] (Minecraft) Thread RCON Client /127.0.0.1 shutting down
[21:09:07] [RCON Listener #1/INFO] (Minecraft) Thread RCON Client /127.0.0.1 started
[21:09:07] [Server thread/INFO] (Minecraft) [Rcon: Stopping the server]
[21:09:07] [RCON Client /127.0.0.1 #9/INFO] (Minecraft) Thread RCON Client /127.0.0.1 shutting down
[21:09:07] [Server thread/INFO] (Minecraft) Stopping server
[21:09:07] [Server thread/INFO] (Minecraft) Saving players
[21:09:07] [Server thread/INFO] (Minecraft) Saving worlds
[21:09:07] [Server thread/INFO] (Minecraft) Saving chunks for level 'ServerLevel[world]'/minecraft:overworld
[21:09:10] [Server thread/INFO] (Minecraft) Saving chunks for level 'ServerLevel[world]'/minecraft:the_end
[21:09:10] [Server thread/INFO] (Minecraft) Saving chunks for level 'ServerLevel[world]'/minecraft:the_nether
[21:09:10] [Server thread/INFO] (Minecraft) ThreadedAnvilChunkStorage (world): All chunks are saved
[21:09:10] [Server thread/INFO] (Minecraft) ThreadedAnvilChunkStorage (DIM1): All chunks are saved
[21:09:10] [Server thread/INFO] (Minecraft) ThreadedAnvilChunkStorage (DIM-1): All chunks are saved
[21:09:10] [Server thread/INFO] (Minecraft) ThreadedAnvilChunkStorage: All dimensions are saved
[21:09:10] [Server thread/INFO] (Minecraft) Thread RCON Listener stopped

BUILD SUCCESSFUL in 1m 52s
6 actionable tasks: 1 executed, 5 up-to-date
