Starting a Gradle Daemon, 11 stopped Daemons could not be reused, use --status for details

> Configure project :
Fabric Loom: 1.10.5

> Configure project :content-test
Fabric Loom: 1.10.5

> Task :compileJava UP-TO-DATE
> Task :processResources UP-TO-DATE
> Task :classes UP-TO-DATE
> Task :generateLog4jConfig UP-TO-DATE
> Task :generateRemapClasspath UP-TO-DATE
> Task :generateDLIConfig UP-TO-DATE
> Task :configureLaunch UP-TO-DATE

> Task :runServer
[21:14:48] [main/INFO] (FabricLoader/GameProvider) Loading Minecraft 1.20.1 with Fabric Loader 0.15.11
[21:14:48] [main/INFO] (FabricLoader) Loading 48 mods:
	- chunky 1.3.146
	- coreswap 1.20.1-1.0.27
	- fabric-api 0.92.0+1.20.1
	- fabric-api-base 0.4.31+1802ada577
	- fabric-api-lookup-api-v1 1.6.36+1802ada577
	- fabric-biome-api-v1 13.0.13+1802ada577
	- fabric-block-api-v1 1.0.11+1802ada577
	- fabric-block-view-api-v2 1.0.1+1802ada577
	- fabric-command-api-v1 1.2.34+f71b366f77
	- fabric-command-api-v2 2.2.13+1802ada577
	- fabric-commands-v0 0.2.51+df3654b377
	- fabric-containers-v0 0.1.64+df3654b377
	- fabric-content-registries-v0 4.0.11+1802ada577
	- fabric-convention-tags-v1 1.5.5+1802ada577
	- fabric-crash-report-info-v1 0.2.19+1802ada577
	- fabric-data-attachment-api-v1 1.0.0+de0fd6d177
	- fabric-data-generation-api-v1 12.3.4+1802ada577
	- fabric-dimensions-v1 2.1.54+1802ada577
	- fabric-entity-events-v1 1.6.0+1c78457f77
	- fabric-events-interaction-v0 0.6.2+1802ada577
	- fabric-events-lifecycle-v0 0.2.63+df3654b377
	- fabric-game-rule-api-v1 1.0.40+1802ada577
	- fabric-gametest-api-v1 1.2.13+1802ada577
	- fabric-item-api-v1 2.1.28+1802ada577
	- fabric-item-group-api-v1 4.0.12+1802ada577
	- fabric-lifecycle-events-v1 2.2.22+1802ada577
	- fabric-loot-api-v2 1.2.1+1802ada577
	- fabric-loot-tables-v1 1.1.45+9e7660c677
	- fabric-message-api-v1 5.1.9+1802ada577
	- fabric-mining-level-api-v1 2.1.50+1802ada577
	- fabric-networking-api-v1 1.3.11+1802ada577
	- fabric-networking-v0 0.3.51+df3654b377
	- fabric-object-builder-api-v1 11.1.3+1802ada577
	- fabric-particles-v1 1.1.2+1802ada577
	- fabric-recipe-api-v1 1.0.21+1802ada577
	- fabric-registry-sync-v0 2.3.3+1802ada577
	- fabric-rendering-data-attachment-v1 0.3.37+92a0d36777
	- fabric-rendering-fluids-v1 3.0.28+1802ada577
	- fabric-resource-conditions-api-v1 2.3.8+1802ada577
	- fabric-resource-loader-v0 0.11.10+1802ada577
	- fabric-screen-handler-api-v1 1.3.30+1802ada577
	- fabric-transfer-api-v1 3.3.4+1802ada577
	- fabric-transitive-access-wideners-v1 4.3.1+1802ada577
	- fabricloader 0.15.11
	- java 17
	- minecraft 1.20.1
	- mixinextras 0.3.5
	- testcontent 1.0.0
[21:14:51] [main/INFO] (FabricLoader/Mixin) SpongePowered MIXIN Subsystem Version=0.8.5 Source=file:/E:/PYTHON/CoreSwap/.gradle-home/caches/modules-2/files-2.1/net.fabricmc/sponge-mixin/0.13.3+mixin.0.8.5/9527e6b0d2449408958fd1302594dc65ec5ade9c/sponge-mixin-0.13.3+mixin.0.8.5.jar Service=Knot/Fabric Env=SERVER
[21:14:51] [main/INFO] (FabricLoader/Mixin) Loaded Fabric development mappings for mixin remapper!
[21:14:51] [main/INFO] (FabricLoader/Mixin) Compatibility level set to JAVA_16
[21:14:51] [main/INFO] (FabricLoader/Mixin) Compatibility level set to JAVA_17
[21:14:52] [main/INFO] (FabricLoader/MixinExtras|Service) Initializing MixinExtras via com.llamalad7.mixinextras.service.MixinExtrasServiceImpl(version=0.3.5).
[21:14:54] [main/WARN] (WmiQueryHandler) COM exception querying Win32_Processor, which might not be on your system. Will not attempt to query it again. Error was -2147217405: (HRESULT: 80041003)
[21:14:54] [main/WARN] (WmiQueryHandler) COM exception querying Win32_Processor, which might not be on your system. Will not attempt to query it again. Error was -2147217405: (HRESULT: 80041003)
[21:14:54] [main/WARN] (WmiQueryHandler) COM exception querying Win32_VideoController, which might not be on your system. Will not attempt to query it again. Error was -2147217405: (HRESULT: 80041003)
[21:14:54] [main/WARN] (WmiQueryHandler) COM exception querying Win32_PhysicalMemory, which might not be on your system. Will not attempt to query it again. Error was -2147217405: (HRESULT: 80041003)
[21:15:04] [main/INFO] (Minecraft) [STDOUT]: [TestContent] registered testcontent:test_brick raw=1003 testcontent:test_lamp raw=1004
[21:15:04] [main/INFO] (Minecraft) Environment: authHost='https://authserver.mojang.com', accountsHost='https://api.mojang.com', sessionHost='https://sessionserver.mojang.com', servicesHost='https://api.minecraftservices.com', name='PROD'
[21:15:06] [main/INFO] (Minecraft) Loaded 7 recipes
[21:15:06] [main/INFO] (Minecraft) Loaded 1271 advancements
[21:15:06] [main/INFO] (BiomeModificationImpl) Applied 0 biome modifications to 0 of 64 new biomes in 2.232 ms
[21:15:06] [Server thread/INFO] (Minecraft) Starting minecraft server version 1.20.1
[21:15:06] [Server thread/INFO] (Minecraft) Loading properties
[21:15:06] [Server thread/INFO] (Minecraft) Default game type: SURVIVAL
[21:15:06] [Server thread/INFO] (Minecraft) Generating keypair
[21:15:07] [Server thread/INFO] (Minecraft) Starting Minecraft server on *:25565
[21:15:07] [Server thread/INFO] (Minecraft) Using default channel type
[21:15:07] [Server thread/INFO] (Minecraft) Preparing level "world"
[21:15:10] [Server thread/INFO] (Minecraft) Preparing start region for dimension minecraft:overworld
[21:15:10] [Worker-Main-22/INFO] (Minecraft) Preparing spawn area: 0%
[21:15:10] [Worker-Main-15/INFO] (Minecraft) Preparing spawn area: 0%
[21:15:11] [Worker-Main-11/INFO] (Minecraft) Preparing spawn area: 0%
[21:15:11] [Worker-Main-14/INFO] (Minecraft) Preparing spawn area: 1%
[21:15:12] [Worker-Main-12/INFO] (Minecraft) Preparing spawn area: 3%
[21:15:12] [Worker-Main-10/INFO] (Minecraft) Preparing spawn area: 4%
[21:15:13] [Worker-Main-7/INFO] (Minecraft) Preparing spawn area: 9%
[21:15:13] [Worker-Main-4/INFO] (Minecraft) Preparing spawn area: 15%
[21:15:14] [Worker-Main-15/INFO] (Minecraft) Preparing spawn area: 20%
[21:15:14] [Worker-Main-2/INFO] (Minecraft) Preparing spawn area: 24%
[21:15:15] [Worker-Main-10/INFO] (Minecraft) Preparing spawn area: 31%
[21:15:16] [Worker-Main-7/INFO] (Minecraft) Preparing spawn area: 36%
[21:15:16] [Worker-Main-9/INFO] (Minecraft) Preparing spawn area: 36%
[21:15:16] [Worker-Main-9/INFO] (Minecraft) Preparing spawn area: 43%
[21:15:17] [Worker-Main-6/INFO] (Minecraft) Preparing spawn area: 47%
[21:15:17] [Worker-Main-23/INFO] (Minecraft) Preparing spawn area: 54%
[21:15:18] [Worker-Main-10/INFO] (Minecraft) Preparing spawn area: 58%
[21:15:18] [Worker-Main-5/INFO] (Minecraft) Preparing spawn area: 65%
[21:15:19] [Worker-Main-19/INFO] (Minecraft) Preparing spawn area: 70%
[21:15:19] [Worker-Main-1/INFO] (Minecraft) Preparing spawn area: 77%
[21:15:20] [Worker-Main-14/INFO] (Minecraft) Preparing spawn area: 83%
[21:15:20] [Worker-Main-14/INFO] (Minecraft) Preparing spawn area: 89%
[21:15:21] [Worker-Main-12/INFO] (Minecraft) Preparing spawn area: 93%
[21:15:21] [Server thread/INFO] (Minecraft) Time elapsed: 11326 ms
[21:15:21] [Server thread/INFO] (Minecraft) Done (14.060s)! For help, type "help"
[21:15:21] [Server thread/INFO] (Minecraft) Starting remote control listener
[21:15:21] [Server thread/INFO] (Minecraft) Thread RCON Listener started
[21:15:21] [Server thread/INFO] (Minecraft) RCON running on 0.0.0.0:25575
[21:15:21] [Server thread/INFO] (Minecraft) [STDOUT]: [BenchMod] vanilla mode: CoreSwap worldgen disabled (A/B comparison)
[21:15:21] [Server thread/INFO] (Minecraft) [STDOUT]: [BenchMod] CoreSwap replace mode: C++ worldgen active
[21:15:31] [RCON Listener #1/INFO] (Minecraft) Thread RCON Client /127.0.0.1 started
[21:15:31] [RCON Client /127.0.0.1 #2/INFO] (Minecraft) Thread RCON Client /127.0.0.1 shutting down
[21:15:32] [RCON Listener #1/INFO] (Minecraft) Thread RCON Client /127.0.0.1 started
[21:15:32] [RCON Client /127.0.0.1 #3/INFO] (Minecraft) Thread RCON Client /127.0.0.1 shutting down
[21:15:32] [RCON Listener #1/INFO] (Minecraft) Thread RCON Client /127.0.0.1 started
[21:15:32] [RCON Client /127.0.0.1 #4/INFO] (Minecraft) Thread RCON Client /127.0.0.1 shutting down
[21:15:33] [RCON Listener #1/INFO] (Minecraft) Thread RCON Client /127.0.0.1 started
[21:15:33] [RCON Client /127.0.0.1 #5/INFO] (Minecraft) Thread RCON Client /127.0.0.1 shutting down
[21:15:34] [Server thread/INFO] (Minecraft) [Chunky] Task running for minecraft:overworld. Processed: 9 chunks (0.21%), ETA: 0:01:03, Rate: 66.2 cps, Current: -29, -29
[21:15:44] [RCON Listener #1/INFO] (Minecraft) Thread RCON Client /127.0.0.1 started
[21:15:44] [RCON Client /127.0.0.1 #6/INFO] (Minecraft) Thread RCON Client /127.0.0.1 shutting down
[21:15:44] [Server thread/INFO] (Minecraft) [Chunky] Task running for minecraft:overworld. Processed: 678 chunks (16.05%), ETA: 0:00:53, Rate: 66.7 cps, Current: -16, -1
[21:15:54] [RCON Listener #1/INFO] (Minecraft) Thread RCON Client /127.0.0.1 started
[21:15:54] [RCON Client /127.0.0.1 #7/INFO] (Minecraft) Thread RCON Client /127.0.0.1 shutting down
[21:15:54] [Server thread/INFO] (Minecraft) [Chunky] Task running for minecraft:overworld. Processed: 1412 chunks (33.42%), ETA: 0:00:40, Rate: 69.8 cps, Current: 12, -18
[21:16:04] [Server thread/INFO] (Minecraft) [Chunky] Task running for minecraft:overworld. Processed: 2149 chunks (50.86%), ETA: 0:00:29, Rate: 71.1 cps, Current: -35, 3
[21:16:14] [Server thread/INFO] (Minecraft) [Chunky] Task running for minecraft:overworld. Processed: 2909 chunks (68.85%), ETA: 0:00:17, Rate: 74.3 cps, Current: -2, 28
[21:16:15] [RCON Listener #1/INFO] (Minecraft) Thread RCON Client /127.0.0.1 started
[21:16:15] [RCON Client /127.0.0.1 #8/INFO] (Minecraft) Thread RCON Client /127.0.0.1 shutting down
[21:16:24] [Server thread/INFO] (Minecraft) [Chunky] Task finished for minecraft:overworld. Processed: 4225 chunks (100.00%), Total time: 0:00:50
[21:16:29] [RCON Listener #1/INFO] (Minecraft) Thread RCON Client /127.0.0.1 started
[21:16:29] [RCON Client /127.0.0.1 #9/INFO] (Minecraft) Thread RCON Client /127.0.0.1 shutting down
[21:16:30] [RCON Listener #1/INFO] (Minecraft) Thread RCON Client /127.0.0.1 started
[21:16:30] [Server thread/INFO] (Minecraft) [Rcon: Stopping the server]
[21:16:30] [RCON Client /127.0.0.1 #10/INFO] (Minecraft) Thread RCON Client /127.0.0.1 shutting down
[21:16:30] [Server thread/INFO] (Minecraft) Stopping server
[21:16:30] [Server thread/INFO] (Minecraft) Saving players
[21:16:30] [Server thread/INFO] (Minecraft) Saving worlds
[21:16:31] [Server thread/INFO] (Minecraft) Saving chunks for level 'ServerLevel[world]'/minecraft:overworld
[21:16:34] [Server thread/INFO] (Minecraft) Saving chunks for level 'ServerLevel[world]'/minecraft:the_nether
[21:16:34] [Server thread/INFO] (Minecraft) Saving chunks for level 'ServerLevel[world]'/minecraft:the_end
[21:16:34] [Server thread/INFO] (Minecraft) ThreadedAnvilChunkStorage (world): All chunks are saved
[21:16:34] [Server thread/INFO] (Minecraft) ThreadedAnvilChunkStorage (DIM-1): All chunks are saved
[21:16:34] [Server thread/INFO] (Minecraft) ThreadedAnvilChunkStorage (DIM1): All chunks are saved
[21:16:34] [Server thread/INFO] (Minecraft) ThreadedAnvilChunkStorage: All dimensions are saved
[21:16:34] [Server thread/INFO] (Minecraft) Thread RCON Listener stopped

BUILD SUCCESSFUL in 2m 3s
6 actionable tasks: 1 executed, 5 up-to-date
