Starting a Gradle Daemon, 14 stopped Daemons could not be reused, use --status for details

> Configure project :
Fabric Loom: 1.10.5

> Task :compileJava UP-TO-DATE
> Task :processResources UP-TO-DATE
> Task :classes UP-TO-DATE
> Task :generateLog4jConfig UP-TO-DATE
> Task :generateRemapClasspath UP-TO-DATE
> Task :generateDLIConfig UP-TO-DATE
> Task :configureLaunch UP-TO-DATE

> Task :runServer
[19:20:18] [main/INFO] (FabricLoader/GameProvider) Loading Minecraft 1.21.6 with Fabric Loader 0.16.14
[19:20:19] [main/INFO] (FabricLoader) Loading 42 mods:
	- chunky 1.4.40
	- coreswap1216 1.21.6-0.1.0
	- fabric-api 0.127.0+1.21.6
	- fabric-api-base 0.4.63+9ec45cd89c
	- fabric-api-lookup-api-v1 1.6.99+9ec45cd89c
	- fabric-biome-api-v1 16.0.10+fa6cb72b9c
	- fabric-block-api-v1 1.1.2+78dbe4fb9c
	- fabric-block-view-api-v2 1.0.30+d32f812d9c
	- fabric-command-api-v2 2.2.52+b39a696a9c
	- fabric-content-registries-v0 10.0.17+fa6cb72b9c
	- fabric-convention-tags-v1 2.1.37+7f945d5b9c
	- fabric-convention-tags-v2 2.15.2+d9a896309c
	- fabric-crash-report-info-v1 0.3.14+fa6cb72b9c
	- fabric-data-attachment-api-v1 1.8.8+d9a896309c
	- fabric-data-generation-api-v1 23.2.0+a12c79229c
	- fabric-dimensions-v1 4.0.18+75fa737a9c
	- fabric-entity-events-v1 2.1.0+c9e472739c
	- fabric-events-interaction-v0 4.0.22+0d4d74479c
	- fabric-game-rule-api-v1 1.0.71+9ec45cd89c
	- fabric-gametest-api-v1 3.1.8+39ce47f59c
	- fabric-item-api-v1 11.4.2+5e29f1899c
	- fabric-item-group-api-v1 4.2.12+9ec45cd89c
	- fabric-lifecycle-events-v1 2.6.2+db4dfd859c
	- fabric-loot-api-v2 3.0.54+3f89f5a59c
	- fabric-loot-api-v3 2.0.1+f40817309c
	- fabric-message-api-v1 6.1.0+8efa0e499c
	- fabric-networking-api-v1 5.0.0+d32f812d9c
	- fabric-object-builder-api-v1 21.1.5+946cf7899c
	- fabric-particles-v1 4.1.6+c1dce2189c
	- fabric-recipe-api-v1 8.1.13+39ce47f59c
	- fabric-registry-sync-v0 6.1.25+9ec45cd89c
	- fabric-rendering-fluids-v1 3.1.29+fa6cb72b9c
	- fabric-resource-conditions-api-v1 5.0.23+908cbc919c
	- fabric-resource-loader-v0 3.1.10+fa6cb72b9c
	- fabric-screen-handler-api-v1 1.3.134+d32f812d9c
	- fabric-tag-api-v1 1.2.0+75110b049c
	- fabric-transfer-api-v1 6.0.4+074c84ee9c
	- fabric-transitive-access-wideners-v1 6.4.0+ac3e15d19c
	- fabricloader 0.16.14
	- java 21
	- minecraft 1.21.6
	- mixinextras 0.4.1
[19:20:22] [main/INFO] (FabricLoader/Mixin) SpongePowered MIXIN Subsystem Version=0.8.7 Source=file:/E:/PYTHON/CoreSwap/.gradle-home/caches/modules-2/files-2.1/net.fabricmc/sponge-mixin/0.15.5+mixin.0.8.7/22f9eb729e216a091673a574a5906dc1b9027fb3/sponge-mixin-0.15.5+mixin.0.8.7.jar Service=Knot/Fabric Env=SERVER
[19:20:22] [main/INFO] (FabricLoader/Mixin) Loaded Fabric development mappings for mixin remapper!
[19:20:22] [main/INFO] (FabricLoader/Mixin) Compatibility level set to JAVA_21
[19:20:23] [main/INFO] (FabricLoader/MixinExtras|Service) Initializing MixinExtras via com.llamalad7.mixinextras.service.MixinExtrasServiceImpl(version=0.4.1).
[19:20:24] [main/WARN] (WmiQueryHandler) COM exception querying Win32_Processor, which might not be on your system. Will not attempt to query it again. Error was -2147217405: (HRESULT: 80041003)
[19:20:24] [main/WARN] (WmiQueryHandler) COM exception querying Win32_Processor, which might not be on your system. Will not attempt to query it again. Error was -2147217405: (HRESULT: 80041003)
[19:20:24] [main/WARN] (WmiQueryHandler) COM exception querying Win32_PhysicalMemory, which might not be on your system. Will not attempt to query it again. Error was -2147217405: (HRESULT: 80041003)
[19:20:30] [main/INFO] (Minecraft) Environment: Environment[sessionHost=https://sessionserver.mojang.com, servicesHost=https://api.minecraftservices.com, name=PROD]
[19:20:31] [main/INFO] (Minecraft) No existing world data, creating new world
[19:20:32] [main/INFO] (Minecraft) Loaded 1407 recipes
[19:20:32] [main/INFO] (Minecraft) Loaded 1520 advancements
[19:20:32] [main/INFO] (BiomeModificationImpl) Applied 0 biome modifications to 0 of 65 new biomes in 1.169 ms
[19:20:32] [Server thread/INFO] (Minecraft) Starting minecraft server version 1.21.6
[19:20:32] [Server thread/INFO] (Minecraft) Loading properties
[19:20:32] [Server thread/INFO] (Minecraft) Default game type: SURVIVAL
[19:20:32] [Server thread/INFO] (Minecraft) Generating keypair
[19:20:32] [Server thread/INFO] (Minecraft) Starting Minecraft server on *:25565
[19:20:32] [Server thread/INFO] (Minecraft) Using default channel type
[19:20:32] [Server thread/WARN] (Minecraft) **** SERVER IS RUNNING IN OFFLINE/INSECURE MODE!
[19:20:32] [Server thread/WARN] (Minecraft) The server will make no attempt to authenticate usernames. Beware.
[19:20:32] [Server thread/WARN] (Minecraft) While this makes the game possible to play without internet access, it also opens up the ability for hackers to connect with any username they choose.
[19:20:32] [Server thread/WARN] (Minecraft) To change this, set "online-mode" to "true" in the server.properties file.
[19:20:32] [Server thread/INFO] (Minecraft) Preparing level "world"
[19:20:34] [Server thread/INFO] (Minecraft) Preparing start region for dimension minecraft:overworld
[19:20:34] [Worker-Main-18/INFO] (Minecraft) Preparing spawn area: 2%
[19:20:35] [Worker-Main-6/INFO] (Minecraft) Preparing spawn area: 2%
[19:20:35] [Worker-Main-19/INFO] (Minecraft) Preparing spawn area: 2%
[19:20:36] [Worker-Main-5/INFO] (Minecraft) Preparing spawn area: 18%
[19:20:36] [Worker-Main-16/INFO] (Minecraft) Preparing spawn area: 51%
[19:20:37] [Server thread/INFO] (Minecraft) Time elapsed: 2135 ms
[19:20:37] [Server thread/INFO] (Minecraft) Done (4.545s)! For help, type "help"
[19:20:37] [Server thread/INFO] (Minecraft) Starting remote control listener
[19:20:37] [Server thread/INFO] (Minecraft) Thread RCON Listener started
[19:20:37] [Server thread/INFO] (Minecraft) RCON running on 0.0.0.0:25575
[19:20:37] [Server thread/INFO] (Minecraft) [STDOUT]: [CppBridge] init seed=417950215108767439 worldgenDir=E:\PYTHON\CoreSwap\versions\1.21.6\data\worldgen enabled=true stageMask=3 env.CORESWAP_DEFAULT_BLOCK=null
[19:20:37] [Server thread/INFO] (Minecraft) [STDOUT]: [CppBridge] dll=E:\PYTHON\CoreSwap\.tmp\java-tmp\coreswap-native\worldgen.dll size=2457088 sha256=abd7d8893d22e030...
[19:20:37] [Server thread/INFO] (Minecraft) [STDOUT]: [CppBridge] initNether seed=417950215108767439 enabled=true stageMask=3
[19:20:37] [Server thread/INFO] (Minecraft) [STDOUT]: [CppBridge] initEnd seed=417950215108767439 enabled=true stageMask=3
[19:20:37] [Server thread/INFO] (Minecraft) [STDOUT]: [BenchMod] CoreSwap replace mode: C++ worldgen active
[19:20:46] [RCON Listener #1/INFO] (Minecraft) Thread RCON Client /127.0.0.1 started
[19:20:46] [RCON Client /127.0.0.1 #2/INFO] (Minecraft) Thread RCON Client /127.0.0.1 shutting down
[19:20:47] [RCON Listener #1/INFO] (Minecraft) Thread RCON Client /127.0.0.1 started
[19:20:47] [RCON Client /127.0.0.1 #3/INFO] (Minecraft) Thread RCON Client /127.0.0.1 shutting down
[19:20:47] [RCON Listener #1/INFO] (Minecraft) Thread RCON Client /127.0.0.1 started
[19:20:47] [RCON Client /127.0.0.1 #4/INFO] (Minecraft) Thread RCON Client /127.0.0.1 shutting down
[19:20:48] [RCON Listener #1/INFO] (Minecraft) Thread RCON Client /127.0.0.1 started
[19:20:48] [RCON Client /127.0.0.1 #5/INFO] (Minecraft) Thread RCON Client /127.0.0.1 shutting down
[19:20:49] [Server thread/INFO] (Minecraft) [Chunky] Task running for minecraft:the_end. Processed: 57 chunks (1.35%), ETA: 0:00:11, Rate: 377.5 cps, Current: -28, -32
[19:20:49] [Worker-Main-16/INFO] (Minecraft) [STDOUT]: [CHUNKTIME] n=256 perChunk(ms): mixin=27.45 [jni=0.00 write=0.00 hmap=3.83 scan=0.00 beard=0.05] gap=21.09 | stage carve=0.97 feat=3.04 | armAgnostic featInterval=596.51ms(n=256) | sumMixin=7.0s sumGap=5.4s sumCarve=0.2s sumFeat=0.8s | inflight max=23 now=14
[19:20:49] [Worker-Main-14/INFO] (Minecraft) [STDOUT]: [CHUNKTIME] n=256 perChunk(ms): mixin=28.10 [jni=0.00 write=0.00 hmap=3.83 scan=0.00 beard=0.05] gap=22.32 | stage carve=0.97 feat=3.04 | armAgnostic featInterval=591.90ms(n=258) | sumMixin=7.2s sumGap=5.7s sumCarve=0.2s sumFeat=0.8s | inflight max=23 now=23
[19:20:50] [Worker-Main-7/INFO] (Minecraft) [STDOUT]: [CHUNKTIME] n=512 perChunk(ms): mixin=24.44 [jni=0.00 write=0.00 hmap=2.67 scan=0.00 beard=0.03] gap=19.35 | stage carve=0.50 feat=1.57 | armAgnostic featInterval=338.46ms(n=476) | sumMixin=12.5s sumGap=9.9s sumCarve=0.3s sumFeat=0.8s | inflight max=23 now=23
[19:20:50] [Worker-Main-20/INFO] (Minecraft) [STDOUT]: [CHUNKTIME] n=512 perChunk(ms): mixin=25.92 [jni=0.00 write=0.00 hmap=2.67 scan=0.00 beard=0.03] gap=19.37 | stage carve=0.50 feat=1.58 | armAgnostic featInterval=318.14ms(n=512) | sumMixin=13.3s sumGap=9.9s sumCarve=0.3s sumFeat=0.8s | inflight max=23 now=14
[19:20:50] [Worker-Main-6/INFO] (Minecraft) [STDOUT]: [CHUNKTIME] n=768 perChunk(ms): mixin=22.85 [jni=0.00 write=0.00 hmap=1.80 scan=0.00 beard=0.03] gap=18.46 | stage carve=0.34 feat=1.09 | armAgnostic featInterval=236.76ms(n=719) | sumMixin=17.6s sumGap=14.2s sumCarve=0.3s sumFeat=0.8s | inflight max=23 now=23
[19:20:50] [Worker-Main-3/INFO] (Minecraft) [STDOUT]: [CHUNKTIME] n=768 perChunk(ms): mixin=23.89 [jni=0.00 write=0.00 hmap=1.80 scan=0.00 beard=0.03] gap=19.51 | stage carve=0.34 feat=1.10 | armAgnostic featInterval=224.91ms(n=768) | sumMixin=18.3s sumGap=15.0s sumCarve=0.3s sumFeat=0.8s | inflight max=23 now=9
[19:20:50] [Worker-Main-11/INFO] (Minecraft) [STDOUT]: [CHUNKTIME] n=1024 perChunk(ms): mixin=22.55 [jni=0.00 write=0.00 hmap=1.37 scan=0.00 beard=0.02] gap=17.95 | stage carve=0.26 feat=0.86 | armAgnostic featInterval=188.07ms(n=961) | sumMixin=23.1s sumGap=18.4s sumCarve=0.3s sumFeat=0.9s | inflight max=23 now=20
[19:20:50] [Worker-Main-8/INFO] (Minecraft) [STDOUT]: [CHUNKTIME] n=1024 perChunk(ms): mixin=23.96 [jni=0.00 write=0.00 hmap=1.38 scan=0.00 beard=0.02] gap=18.85 | stage carve=0.26 feat=0.87 | armAgnostic featInterval=179.53ms(n=1024) | sumMixin=24.5s sumGap=19.3s sumCarve=0.3s sumFeat=0.9s | inflight max=23 now=4
[19:20:51] [Worker-Main-8/INFO] (Minecraft) [STDOUT]: [CHUNKTIME] n=1280 perChunk(ms): mixin=22.16 [jni=0.00 write=0.00 hmap=1.11 scan=0.00 beard=0.02] gap=17.76 | stage carve=0.21 feat=0.71 | armAgnostic featInterval=158.35ms(n=1205) | sumMixin=28.4s sumGap=22.7s sumCarve=0.3s sumFeat=0.9s | inflight max=23 now=23
[19:20:51] [Worker-Main-6/INFO] (Minecraft) [STDOUT]: [CHUNKTIME] n=1280 perChunk(ms): mixin=23.18 [jni=0.00 write=0.00 hmap=1.11 scan=0.00 beard=0.02] gap=19.07 | stage carve=0.21 feat=0.71 | armAgnostic featInterval=151.17ms(n=1280) | sumMixin=29.7s sumGap=24.4s sumCarve=0.3s sumFeat=0.9s | inflight max=23 now=15
[19:20:51] [Worker-Main-3/INFO] (Minecraft) [STDOUT]: [CHUNKTIME] n=1536 perChunk(ms): mixin=21.40 [jni=0.00 write=0.00 hmap=0.94 scan=0.00 beard=0.02] gap=16.63 | stage carve=0.18 feat=0.61 | armAgnostic featInterval=136.82ms(n=1455) | sumMixin=32.9s sumGap=25.5s sumCarve=0.3s sumFeat=0.9s | inflight max=23 now=23
[19:20:51] [Worker-Main-9/INFO] (Minecraft) [STDOUT]: [CHUNKTIME] n=1536 perChunk(ms): mixin=22.64 [jni=0.00 write=0.00 hmap=0.94 scan=0.00 beard=0.02] gap=16.80 | stage carve=0.18 feat=0.61 | armAgnostic featInterval=130.75ms(n=1536) | sumMixin=34.8s sumGap=25.8s sumCarve=0.3s sumFeat=0.9s | inflight max=23 now=22
[19:20:51] [Worker-Main-16/INFO] (Minecraft) [STDOUT]: [CHUNKTIME] n=1792 perChunk(ms): mixin=21.35 [jni=0.00 write=0.00 hmap=0.81 scan=0.00 beard=0.02] gap=14.69 | stage carve=0.16 feat=0.54 | armAgnostic featInterval=121.33ms(n=1691) | sumMixin=38.3s sumGap=26.3s sumCarve=0.3s sumFeat=1.0s | inflight max=23 now=23
[19:20:51] [Worker-Main-3/INFO] (Minecraft) [STDOUT]: [CHUNKTIME] n=1792 perChunk(ms): mixin=22.48 [jni=0.00 write=0.00 hmap=0.81 scan=0.00 beard=0.02] gap=15.06 | stage carve=0.16 feat=0.54 | armAgnostic featInterval=115.75ms(n=1792) | sumMixin=40.3s sumGap=27.0s sumCarve=0.3s sumFeat=1.0s | inflight max=23 now=20
[19:20:52] [Worker-Main-17/INFO] (Minecraft) [STDOUT]: [CHUNKTIME] n=2048 perChunk(ms): mixin=21.01 [jni=0.00 write=0.00 hmap=0.72 scan=0.00 beard=0.02] gap=15.05 | stage carve=0.14 feat=0.48 | armAgnostic featInterval=109.82ms(n=1932) | sumMixin=43.0s sumGap=30.8s sumCarve=0.3s sumFeat=1.0s | inflight max=23 now=22
[19:20:52] [Worker-Main-13/INFO] (Minecraft) [STDOUT]: [CHUNKTIME] n=2048 perChunk(ms): mixin=22.51 [jni=0.00 write=0.00 hmap=0.72 scan=0.00 beard=0.02] gap=15.99 | stage carve=0.14 feat=0.48 | armAgnostic featInterval=106.68ms(n=2048) | sumMixin=46.1s sumGap=32.8s sumCarve=0.3s sumFeat=1.0s | inflight max=23 now=22
[19:20:52] [Worker-Main-5/INFO] (Minecraft) [STDOUT]: [CHUNKTIME] n=2304 perChunk(ms): mixin=21.19 [jni=0.00 write=0.00 hmap=0.64 scan=0.00 beard=0.02] gap=14.35 | stage carve=0.13 feat=0.44 | armAgnostic featInterval=101.94ms(n=2181) | sumMixin=48.8s sumGap=33.1s sumCarve=0.3s sumFeat=1.0s | inflight max=23 now=19
[19:20:52] [Worker-Main-23/INFO] (Minecraft) [STDOUT]: [CHUNKTIME] n=2304 perChunk(ms): mixin=22.20 [jni=0.00 write=0.00 hmap=0.65 scan=0.00 beard=0.02] gap=16.04 | stage carve=0.13 feat=0.44 | armAgnostic featInterval=98.42ms(n=2304) | sumMixin=51.2s sumGap=36.9s sumCarve=0.3s sumFeat=1.0s | inflight max=23 now=9
[19:20:53] [Worker-Main-23/INFO] (Minecraft) [STDOUT]: [CHUNKTIME] n=2560 perChunk(ms): mixin=21.01 [jni=0.00 write=0.00 hmap=0.58 scan=0.00 beard=0.02] gap=14.80 | stage carve=0.12 feat=0.40 | armAgnostic featInterval=95.41ms(n=2426) | sumMixin=53.8s sumGap=37.9s sumCarve=0.3s sumFeat=1.0s | inflight max=23 now=19
[19:20:53] [Worker-Main-1/INFO] (Minecraft) [STDOUT]: [CHUNKTIME] n=2560 perChunk(ms): mixin=22.37 [jni=0.00 write=0.00 hmap=0.59 scan=0.00 beard=0.02] gap=15.29 | stage carve=0.12 feat=0.40 | armAgnostic featInterval=92.26ms(n=2560) | sumMixin=57.3s sumGap=39.2s sumCarve=0.3s sumFeat=1.0s | inflight max=23 now=15
[19:20:53] [Worker-Main-6/INFO] (Minecraft) [STDOUT]: [CHUNKTIME] n=2816 perChunk(ms): mixin=20.71 [jni=0.00 write=0.00 hmap=0.54 scan=0.00 beard=0.02] gap=13.97 | stage carve=0.11 feat=0.37 | armAgnostic featInterval=91.32ms(n=2612) | sumMixin=58.3s sumGap=39.3s sumCarve=0.3s sumFeat=1.0s | inflight max=23 now=23
[19:20:53] [Worker-Main-17/INFO] (Minecraft) [STDOUT]: [CHUNKTIME] n=2816 perChunk(ms): mixin=22.18 [jni=0.00 write=0.00 hmap=0.54 scan=0.00 beard=0.02] gap=14.68 | stage carve=0.11 feat=0.37 | armAgnostic featInterval=86.56ms(n=2816) | sumMixin=62.5s sumGap=41.3s sumCarve=0.3s sumFeat=1.1s | inflight max=23 now=2
[19:20:53] [Worker-Main-23/INFO] (Minecraft) [STDOUT]: [CHUNKTIME] n=3072 perChunk(ms): mixin=20.53 [jni=0.00 write=0.00 hmap=0.49 scan=0.00 beard=0.02] gap=13.76 | stage carve=0.10 feat=0.34 | armAgnostic featInterval=85.56ms(n=2864) | sumMixin=63.1s sumGap=42.3s sumCarve=0.3s sumFeat=1.1s | inflight max=23 now=22
[19:20:53] [Worker-Main-6/INFO] (Minecraft) [STDOUT]: [CHUNKTIME] n=3072 perChunk(ms): mixin=21.77 [jni=0.00 write=0.00 hmap=0.50 scan=0.00 beard=0.02] gap=14.22 | stage carve=0.11 feat=0.35 | armAgnostic featInterval=81.74ms(n=3072) | sumMixin=66.9s sumGap=43.7s sumCarve=0.3s sumFeat=1.1s | inflight max=23 now=2
[19:20:53] [Worker-Main-22/INFO] (Minecraft) [STDOUT]: [CHUNKTIME] n=3328 perChunk(ms): mixin=20.34 [jni=0.00 write=0.00 hmap=0.46 scan=0.00 beard=0.01] gap=13.44 | stage carve=0.10 feat=0.32 | armAgnostic featInterval=81.27ms(n=3101) | sumMixin=67.7s sumGap=44.7s sumCarve=0.3s sumFeat=1.1s | inflight max=23 now=3
[19:20:54] [Worker-Main-15/INFO] (Minecraft) [STDOUT]: [CHUNKTIME] n=3328 perChunk(ms): mixin=21.56 [jni=0.00 write=0.00 hmap=0.46 scan=0.00 beard=0.02] gap=14.01 | stage carve=0.10 feat=0.33 | armAgnostic featInterval=77.87ms(n=3328) | sumMixin=71.8s sumGap=46.6s sumCarve=0.3s sumFeat=1.1s | inflight max=23 now=13
[19:20:54] [Worker-Main-10/INFO] (Minecraft) [STDOUT]: [CHUNKTIME] n=3584 perChunk(ms): mixin=20.11 [jni=0.00 write=0.00 hmap=0.43 scan=0.00 beard=0.01] gap=13.04 | stage carve=0.09 feat=0.30 | armAgnostic featInterval=77.47ms(n=3349) | sumMixin=72.1s sumGap=46.7s sumCarve=0.3s sumFeat=1.1s | inflight max=23 now=23
[19:20:54] [Worker-Main-10/INFO] (Minecraft) [STDOUT]: [CHUNKTIME] n=3584 perChunk(ms): mixin=21.04 [jni=0.00 write=0.00 hmap=0.44 scan=0.00 beard=0.01] gap=13.69 | stage carve=0.09 feat=0.31 | armAgnostic featInterval=73.96ms(n=3584) | sumMixin=75.4s sumGap=49.1s sumCarve=0.3s sumFeat=1.1s | inflight max=23 now=11
[19:20:54] [Worker-Main-13/INFO] (Minecraft) [STDOUT]: [CHUNKTIME] n=3840 perChunk(ms): mixin=19.82 [jni=0.00 write=0.00 hmap=0.41 scan=0.00 beard=0.01] gap=13.01 | stage carve=0.09 feat=0.29 | armAgnostic featInterval=73.32ms(n=3638) | sumMixin=76.1s sumGap=49.9s sumCarve=0.3s sumFeat=1.1s | inflight max=23 now=22
[19:20:54] [Worker-Main-1/INFO] (Minecraft) [STDOUT]: [CHUNKTIME] n=3840 perChunk(ms): mixin=20.71 [jni=0.00 write=0.00 hmap=0.41 scan=0.00 beard=0.01] gap=13.16 | stage carve=0.09 feat=0.29 | armAgnostic featInterval=70.51ms(n=3840) | sumMixin=79.5s sumGap=50.5s sumCarve=0.3s sumFeat=1.1s | inflight max=23 now=22
[19:20:54] [Worker-Main-5/INFO] (Minecraft) [STDOUT]: [CHUNKTIME] n=4096 perChunk(ms): mixin=19.67 [jni=0.00 write=0.00 hmap=0.39 scan=0.00 beard=0.01] gap=12.37 | stage carve=0.08 feat=0.28 | armAgnostic featInterval=69.94ms(n=3889) | sumMixin=80.6s sumGap=50.7s sumCarve=0.3s sumFeat=1.1s | inflight max=23 now=17
[19:20:54] [Worker-Main-21/INFO] (Minecraft) [STDOUT]: [CHUNKTIME] n=4096 perChunk(ms): mixin=20.80 [jni=0.00 write=0.00 hmap=0.39 scan=0.00 beard=0.01] gap=12.45 | stage carve=0.08 feat=0.28 | armAgnostic featInterval=67.73ms(n=4096) | sumMixin=85.2s sumGap=51.0s sumCarve=0.3s sumFeat=1.1s | inflight max=23 now=21
[19:20:55] [Worker-Main-12/INFO] (Minecraft) [STDOUT]: [CHUNKTIME] n=4352 perChunk(ms): mixin=19.81 [jni=0.00 write=0.00 hmap=0.37 scan=0.00 beard=0.01] gap=11.73 | stage carve=0.08 feat=0.26 | armAgnostic featInterval=66.95ms(n=4156) | sumMixin=86.2s sumGap=51.0s sumCarve=0.3s sumFeat=1.2s | inflight max=23 now=12
[19:20:55] [Worker-Main-8/INFO] (Minecraft) [STDOUT]: [CHUNKTIME] n=4352 perChunk(ms): mixin=20.59 [jni=0.00 write=0.00 hmap=0.37 scan=0.00 beard=0.01] gap=12.08 | stage carve=0.08 feat=0.27 | armAgnostic featInterval=65.07ms(n=4352) | sumMixin=89.6s sumGap=52.6s sumCarve=0.4s sumFeat=1.2s | inflight max=23 now=22
[19:20:55] [Worker-Main-12/INFO] (Minecraft) [STDOUT]: [CHUNKTIME] n=4608 perChunk(ms): mixin=19.66 [jni=0.00 write=0.00 hmap=0.35 scan=0.00 beard=0.01] gap=11.42 | stage carve=0.08 feat=0.25 | armAgnostic featInterval=64.43ms(n=4412) | sumMixin=90.6s sumGap=52.6s sumCarve=0.4s sumFeat=1.2s | inflight max=23 now=21
[19:20:55] [Server thread/INFO] (Minecraft) [Chunky] Task finished for minecraft:the_end. Processed: 4225 chunks (100.00%), Total time: 0:00:06
[19:21:03] [RCON Listener #1/INFO] (Minecraft) Thread RCON Client /127.0.0.1 started
[19:21:03] [RCON Client /127.0.0.1 #6/INFO] (Minecraft) Thread RCON Client /127.0.0.1 shutting down
[19:21:04] [RCON Listener #1/INFO] (Minecraft) Thread RCON Client /127.0.0.1 started
[19:21:04] [Server thread/INFO] (Minecraft) [Rcon: Stopping the server]
[19:21:04] [RCON Client /127.0.0.1 #7/INFO] (Minecraft) Thread RCON Client /127.0.0.1 shutting down
[19:21:04] [Server thread/INFO] (Minecraft) Stopping server
[19:21:04] [Server thread/INFO] (Minecraft) Saving players
[19:21:04] [Server thread/INFO] (Minecraft) Saving worlds
[19:21:04] [Server thread/INFO] (Minecraft) Saving chunks for level 'ServerLevel[world]'/minecraft:overworld
[19:21:04] [Server thread/INFO] (Minecraft) Saving chunks for level 'ServerLevel[world]'/minecraft:the_nether
[19:21:04] [Server thread/INFO] (Minecraft) Saving chunks for level 'ServerLevel[world]'/minecraft:the_end
[19:21:04] [Server thread/INFO] (Minecraft) ThreadedAnvilChunkStorage (world): All chunks are saved
[19:21:04] [Server thread/INFO] (Minecraft) ThreadedAnvilChunkStorage (DIM-1): All chunks are saved
[19:21:04] [Server thread/INFO] (Minecraft) ThreadedAnvilChunkStorage (DIM1): All chunks are saved
[19:21:04] [Server thread/INFO] (Minecraft) ThreadedAnvilChunkStorage: All dimensions are saved
[19:21:04] [Server thread/INFO] (Minecraft) Thread RCON Listener stopped

[Incubating] Problems report is available at: file:///E:/PYTHON/CoreSwap/runtime/1.21.6/java/build/reports/problems/problems-report.html

Deprecated Gradle features were used in this build, making it incompatible with Gradle 9.0.

You can use '--warning-mode all' to show the individual deprecation warnings and determine if they come from your own scripts or plugins.

For more on this, please refer to https://docs.gradle.org/8.13/userguide/command_line_interface.html#sec:command_line_warnings in the Gradle documentation.

BUILD SUCCESSFUL in 1m 4s
6 actionable tasks: 1 executed, 5 up-to-date
