Starting a Gradle Daemon, 14 stopped Daemons could not be reused, use --status for details

> Configure project :
Fabric Loom: 1.10.5

> Task :compileJava UP-TO-DATE
> Task :processResources UP-TO-DATE
> Task :classes UP-TO-DATE
> Task :generateLog4jConfig UP-TO-DATE
> Task :generateRemapClasspath UP-TO-DATE
> Task :generateDLIConfig UP-TO-DATE
> Task :configureLaunch UP-TO-DATE

> Task :runServer
[19:21:28] [main/INFO] (FabricLoader/GameProvider) Loading Minecraft 1.21.6 with Fabric Loader 0.16.14
[19:21:28] [main/INFO] (FabricLoader) Loading 42 mods:
	- chunky 1.4.40
	- coreswap1216 1.21.6-0.1.0
	- fabric-api 0.127.0+1.21.6
	- fabric-api-base 0.4.63+9ec45cd89c
	- fabric-api-lookup-api-v1 1.6.99+9ec45cd89c
	- fabric-biome-api-v1 16.0.10+fa6cb72b9c
	- fabric-block-api-v1 1.1.2+78dbe4fb9c
	- fabric-block-view-api-v2 1.0.30+d32f812d9c
	- fabric-command-api-v2 2.2.52+b39a696a9c
	- fabric-content-registries-v0 10.0.17+fa6cb72b9c
	- fabric-convention-tags-v1 2.1.37+7f945d5b9c
	- fabric-convention-tags-v2 2.15.2+d9a896309c
	- fabric-crash-report-info-v1 0.3.14+fa6cb72b9c
	- fabric-data-attachment-api-v1 1.8.8+d9a896309c
	- fabric-data-generation-api-v1 23.2.0+a12c79229c
	- fabric-dimensions-v1 4.0.18+75fa737a9c
	- fabric-entity-events-v1 2.1.0+c9e472739c
	- fabric-events-interaction-v0 4.0.22+0d4d74479c
	- fabric-game-rule-api-v1 1.0.71+9ec45cd89c
	- fabric-gametest-api-v1 3.1.8+39ce47f59c
	- fabric-item-api-v1 11.4.2+5e29f1899c
	- fabric-item-group-api-v1 4.2.12+9ec45cd89c
	- fabric-lifecycle-events-v1 2.6.2+db4dfd859c
	- fabric-loot-api-v2 3.0.54+3f89f5a59c
	- fabric-loot-api-v3 2.0.1+f40817309c
	- fabric-message-api-v1 6.1.0+8efa0e499c
	- fabric-networking-api-v1 5.0.0+d32f812d9c
	- fabric-object-builder-api-v1 21.1.5+946cf7899c
	- fabric-particles-v1 4.1.6+c1dce2189c
	- fabric-recipe-api-v1 8.1.13+39ce47f59c
	- fabric-registry-sync-v0 6.1.25+9ec45cd89c
	- fabric-rendering-fluids-v1 3.1.29+fa6cb72b9c
	- fabric-resource-conditions-api-v1 5.0.23+908cbc919c
	- fabric-resource-loader-v0 3.1.10+fa6cb72b9c
	- fabric-screen-handler-api-v1 1.3.134+d32f812d9c
	- fabric-tag-api-v1 1.2.0+75110b049c
	- fabric-transfer-api-v1 6.0.4+074c84ee9c
	- fabric-transitive-access-wideners-v1 6.4.0+ac3e15d19c
	- fabricloader 0.16.14
	- java 21
	- minecraft 1.21.6
	- mixinextras 0.4.1
[19:21:31] [main/INFO] (FabricLoader/Mixin) SpongePowered MIXIN Subsystem Version=0.8.7 Source=file:/E:/PYTHON/CoreSwap/.gradle-home/caches/modules-2/files-2.1/net.fabricmc/sponge-mixin/0.15.5+mixin.0.8.7/22f9eb729e216a091673a574a5906dc1b9027fb3/sponge-mixin-0.15.5+mixin.0.8.7.jar Service=Knot/Fabric Env=SERVER
[19:21:31] [main/INFO] (FabricLoader/Mixin) Loaded Fabric development mappings for mixin remapper!
[19:21:31] [main/INFO] (FabricLoader/Mixin) Compatibility level set to JAVA_21
[19:21:32] [main/INFO] (FabricLoader/MixinExtras|Service) Initializing MixinExtras via com.llamalad7.mixinextras.service.MixinExtrasServiceImpl(version=0.4.1).
[19:21:33] [main/WARN] (WmiQueryHandler) COM exception querying Win32_Processor, which might not be on your system. Will not attempt to query it again. Error was -2147217405: (HRESULT: 80041003)
[19:21:33] [main/WARN] (WmiQueryHandler) COM exception querying Win32_Processor, which might not be on your system. Will not attempt to query it again. Error was -2147217405: (HRESULT: 80041003)
[19:21:33] [main/WARN] (WmiQueryHandler) COM exception querying Win32_PhysicalMemory, which might not be on your system. Will not attempt to query it again. Error was -2147217405: (HRESULT: 80041003)
[19:21:39] [main/INFO] (Minecraft) Environment: Environment[sessionHost=https://sessionserver.mojang.com, servicesHost=https://api.minecraftservices.com, name=PROD]
[19:21:40] [main/INFO] (Minecraft) No existing world data, creating new world
[19:21:41] [main/INFO] (Minecraft) Loaded 1407 recipes
[19:21:41] [main/INFO] (Minecraft) Loaded 1520 advancements
[19:21:41] [main/INFO] (BiomeModificationImpl) Applied 0 biome modifications to 0 of 65 new biomes in 1.252 ms
[19:21:41] [Server thread/INFO] (Minecraft) Starting minecraft server version 1.21.6
[19:21:41] [Server thread/INFO] (Minecraft) Loading properties
[19:21:41] [Server thread/INFO] (Minecraft) Default game type: SURVIVAL
[19:21:41] [Server thread/INFO] (Minecraft) Generating keypair
[19:21:41] [Server thread/INFO] (Minecraft) Starting Minecraft server on *:25565
[19:21:41] [Server thread/INFO] (Minecraft) Using default channel type
[19:21:41] [Server thread/WARN] (Minecraft) **** SERVER IS RUNNING IN OFFLINE/INSECURE MODE!
[19:21:41] [Server thread/WARN] (Minecraft) The server will make no attempt to authenticate usernames. Beware.
[19:21:41] [Server thread/WARN] (Minecraft) While this makes the game possible to play without internet access, it also opens up the ability for hackers to connect with any username they choose.
[19:21:41] [Server thread/WARN] (Minecraft) To change this, set "online-mode" to "true" in the server.properties file.
[19:21:41] [Server thread/INFO] (Minecraft) Preparing level "world"
[19:21:43] [Server thread/INFO] (Minecraft) Preparing start region for dimension minecraft:overworld
[19:21:44] [Worker-Main-19/INFO] (Minecraft) Preparing spawn area: 2%
[19:21:44] [Worker-Main-20/INFO] (Minecraft) Preparing spawn area: 2%
[19:21:44] [Worker-Main-10/INFO] (Minecraft) Preparing spawn area: 18%
[19:21:45] [Worker-Main-1/INFO] (Minecraft) Preparing spawn area: 51%
[19:21:45] [Worker-Main-15/INFO] (Minecraft) Preparing spawn area: 53%
[19:21:45] [Server thread/INFO] (Minecraft) Time elapsed: 2026 ms
[19:21:45] [Server thread/INFO] (Minecraft) Done (4.286s)! For help, type "help"
[19:21:45] [Server thread/INFO] (Minecraft) Starting remote control listener
[19:21:45] [Server thread/INFO] (Minecraft) Thread RCON Listener started
[19:21:45] [Server thread/INFO] (Minecraft) RCON running on 0.0.0.0:25575
[19:21:46] [Server thread/INFO] (Minecraft) [STDOUT]: [CppBridge] init seed=417950215108767439 worldgenDir=E:\PYTHON\CoreSwap\versions\1.21.6\data\worldgen enabled=true stageMask=3 env.CORESWAP_DEFAULT_BLOCK=null
[19:21:46] [Server thread/INFO] (Minecraft) [STDOUT]: [CppBridge] dll=E:\PYTHON\CoreSwap\.tmp\java-tmp\coreswap-native\worldgen.dll size=2457088 sha256=abd7d8893d22e030...
[19:21:46] [Server thread/INFO] (Minecraft) [STDOUT]: [CppBridge] initNether seed=417950215108767439 enabled=true stageMask=3
[19:21:46] [Server thread/INFO] (Minecraft) [STDOUT]: [CppBridge] initEnd seed=417950215108767439 enabled=true stageMask=3
[19:21:46] [Server thread/INFO] (Minecraft) [STDOUT]: [BenchMod] CoreSwap replace mode: C++ worldgen active
[19:21:53] [RCON Listener #1/INFO] (Minecraft) Thread RCON Client /127.0.0.1 started
[19:21:53] [RCON Client /127.0.0.1 #2/INFO] (Minecraft) Thread RCON Client /127.0.0.1 shutting down
[19:21:55] [RCON Listener #1/INFO] (Minecraft) Thread RCON Client /127.0.0.1 started
[19:21:55] [RCON Client /127.0.0.1 #3/INFO] (Minecraft) Thread RCON Client /127.0.0.1 shutting down
[19:21:55] [RCON Listener #1/INFO] (Minecraft) Thread RCON Client /127.0.0.1 started
[19:21:55] [RCON Client /127.0.0.1 #4/INFO] (Minecraft) Thread RCON Client /127.0.0.1 shutting down
[19:21:56] [RCON Listener #1/INFO] (Minecraft) Thread RCON Client /127.0.0.1 started
[19:21:56] [RCON Client /127.0.0.1 #5/INFO] (Minecraft) Thread RCON Client /127.0.0.1 shutting down
[19:21:57] [Server thread/INFO] (Minecraft) [Chunky] Task running for minecraft:the_end. Processed: 57 chunks (1.35%), ETA: 0:00:10, Rate: 382.6 cps, Current: -28, -31
[19:21:57] [Worker-Main-19/INFO] (Minecraft) [STDOUT]: [CHUNKTIME] n=256 perChunk(ms): mixin=28.67 [jni=0.00 write=0.00 hmap=0.12 scan=0.00 beard=0.07] gap=15.46 | stage carve=0.94 feat=2.99 | armAgnostic featInterval=751.36ms(n=256) | sumMixin=7.3s sumGap=4.0s sumCarve=0.2s sumFeat=0.8s | inflight max=23 now=22
[19:21:57] [Worker-Main-2/INFO] (Minecraft) [STDOUT]: [CHUNKTIME] n=256 perChunk(ms): mixin=29.08 [jni=0.00 write=0.00 hmap=0.13 scan=0.00 beard=0.07] gap=15.49 | stage carve=0.94 feat=2.99 | armAgnostic featInterval=742.67ms(n=259) | sumMixin=7.4s sumGap=4.0s sumCarve=0.2s sumFeat=0.8s | inflight max=23 now=23
[19:21:57] [Worker-Main-21/INFO] (Minecraft) [STDOUT]: [CHUNKTIME] n=512 perChunk(ms): mixin=24.85 [jni=0.00 write=0.00 hmap=0.09 scan=0.00 beard=0.04] gap=13.68 | stage carve=0.48 feat=1.54 | armAgnostic featInterval=415.46ms(n=482) | sumMixin=12.7s sumGap=7.0s sumCarve=0.2s sumFeat=0.8s | inflight max=23 now=23
[19:21:57] [Worker-Main-15/INFO] (Minecraft) [STDOUT]: [CHUNKTIME] n=512 perChunk(ms): mixin=26.47 [jni=0.00 write=0.00 hmap=0.09 scan=0.00 beard=0.04] gap=13.73 | stage carve=0.49 feat=1.55 | armAgnostic featInterval=394.18ms(n=512) | sumMixin=13.6s sumGap=7.0s sumCarve=0.2s sumFeat=0.8s | inflight max=23 now=11
[19:21:57] [Worker-Main-21/INFO] (Minecraft) [STDOUT]: [CHUNKTIME] n=768 perChunk(ms): mixin=22.65 [jni=0.00 write=0.00 hmap=0.08 scan=0.00 beard=0.03] gap=15.01 | stage carve=0.33 feat=1.06 | armAgnostic featInterval=298.37ms(n=696) | sumMixin=17.4s sumGap=11.5s sumCarve=0.3s sumFeat=0.8s | inflight max=23 now=23
[19:21:58] [Worker-Main-21/INFO] (Minecraft) [STDOUT]: [CHUNKTIME] n=768 perChunk(ms): mixin=23.71 [jni=0.00 write=0.00 hmap=0.08 scan=0.00 beard=0.03] gap=16.06 | stage carve=0.33 feat=1.07 | armAgnostic featInterval=276.17ms(n=768) | sumMixin=18.2s sumGap=12.3s sumCarve=0.3s sumFeat=0.8s | inflight max=23 now=0
[19:21:58] [Worker-Main-12/INFO] (Minecraft) [STDOUT]: [CHUNKTIME] n=1024 perChunk(ms): mixin=22.12 [jni=0.00 write=0.00 hmap=0.08 scan=0.00 beard=0.03] gap=15.23 | stage carve=0.25 feat=0.83 | armAgnostic featInterval=231.50ms(n=948) | sumMixin=22.7s sumGap=15.6s sumCarve=0.3s sumFeat=0.9s | inflight max=23 now=9
[19:21:58] [Worker-Main-10/INFO] (Minecraft) [STDOUT]: [CHUNKTIME] n=1024 perChunk(ms): mixin=23.69 [jni=0.00 write=0.00 hmap=0.09 scan=0.00 beard=0.03] gap=16.64 | stage carve=0.26 feat=0.84 | armAgnostic featInterval=216.72ms(n=1024) | sumMixin=24.3s sumGap=17.0s sumCarve=0.3s sumFeat=0.9s | inflight max=23 now=19
[19:21:58] [Worker-Main-21/INFO] (Minecraft) [STDOUT]: [CHUNKTIME] n=1280 perChunk(ms): mixin=22.22 [jni=0.00 write=0.00 hmap=0.08 scan=0.00 beard=0.02] gap=15.20 | stage carve=0.21 feat=0.69 | armAgnostic featInterval=189.72ms(n=1205) | sumMixin=28.4s sumGap=19.5s sumCarve=0.3s sumFeat=0.9s | inflight max=23 now=17
[19:21:58] [Worker-Main-10/INFO] (Minecraft) [STDOUT]: [CHUNKTIME] n=1280 perChunk(ms): mixin=23.29 [jni=0.00 write=0.00 hmap=0.08 scan=0.00 beard=0.02] gap=16.44 | stage carve=0.21 feat=0.70 | armAgnostic featInterval=180.94ms(n=1280) | sumMixin=29.8s sumGap=21.0s sumCarve=0.3s sumFeat=0.9s | inflight max=23 now=21
[19:21:59] [Worker-Main-22/INFO] (Minecraft) [STDOUT]: [CHUNKTIME] n=1536 perChunk(ms): mixin=21.43 [jni=0.00 write=0.00 hmap=0.08 scan=0.00 beard=0.02] gap=15.39 | stage carve=0.18 feat=0.60 | armAgnostic featInterval=164.81ms(n=1433) | sumMixin=32.9s sumGap=23.6s sumCarve=0.3s sumFeat=0.9s | inflight max=23 now=22
[19:21:59] [Worker-Main-21/INFO] (Minecraft) [STDOUT]: [CHUNKTIME] n=1536 perChunk(ms): mixin=22.36 [jni=0.00 write=0.00 hmap=0.08 scan=0.00 beard=0.02] gap=16.30 | stage carve=0.18 feat=0.60 | armAgnostic featInterval=156.48ms(n=1536) | sumMixin=34.3s sumGap=25.0s sumCarve=0.3s sumFeat=0.9s | inflight max=23 now=13
[19:21:59] [Worker-Main-8/INFO] (Minecraft) [STDOUT]: [CHUNKTIME] n=1792 perChunk(ms): mixin=21.12 [jni=0.00 write=0.00 hmap=0.07 scan=0.00 beard=0.02] gap=14.25 | stage carve=0.16 feat=0.53 | armAgnostic featInterval=144.50ms(n=1697) | sumMixin=37.9s sumGap=25.5s sumCarve=0.3s sumFeat=0.9s | inflight max=23 now=8
[19:21:59] [Worker-Main-1/INFO] (Minecraft) [STDOUT]: [CHUNKTIME] n=1792 perChunk(ms): mixin=22.36 [jni=0.00 write=0.00 hmap=0.08 scan=0.00 beard=0.02] gap=14.42 | stage carve=0.16 feat=0.53 | armAgnostic featInterval=138.38ms(n=1792) | sumMixin=40.1s sumGap=25.8s sumCarve=0.3s sumFeat=1.0s | inflight max=23 now=18
[19:21:59] [Worker-Main-15/INFO] (Minecraft) [STDOUT]: [CHUNKTIME] n=2048 perChunk(ms): mixin=20.93 [jni=0.00 write=0.00 hmap=0.07 scan=0.00 beard=0.02] gap=13.84 | stage carve=0.14 feat=0.47 | armAgnostic featInterval=130.73ms(n=1931) | sumMixin=42.9s sumGap=28.3s sumCarve=0.3s sumFeat=1.0s | inflight max=23 now=23
[19:22:00] [Worker-Main-2/INFO] (Minecraft) [STDOUT]: [CHUNKTIME] n=2048 perChunk(ms): mixin=22.53 [jni=0.00 write=0.00 hmap=0.08 scan=0.00 beard=0.02] gap=15.79 | stage carve=0.14 feat=0.48 | armAgnostic featInterval=125.89ms(n=2048) | sumMixin=46.1s sumGap=32.3s sumCarve=0.3s sumFeat=1.0s | inflight max=23 now=22
[19:22:00] [Worker-Main-12/INFO] (Minecraft) [STDOUT]: [CHUNKTIME] n=2304 perChunk(ms): mixin=21.06 [jni=0.00 write=0.00 hmap=0.07 scan=0.00 beard=0.02] gap=14.71 | stage carve=0.13 feat=0.43 | armAgnostic featInterval=121.06ms(n=2178) | sumMixin=48.5s sumGap=33.9s sumCarve=0.3s sumFeat=1.0s | inflight max=23 now=23
[19:22:00] [Worker-Main-23/INFO] (Minecraft) [STDOUT]: [CHUNKTIME] n=2304 perChunk(ms): mixin=22.20 [jni=0.00 write=0.00 hmap=0.07 scan=0.00 beard=0.02] gap=16.51 | stage carve=0.15 feat=0.44 | armAgnostic featInterval=116.62ms(n=2304) | sumMixin=51.1s sumGap=38.0s sumCarve=0.3s sumFeat=1.0s | inflight max=23 now=18
[19:22:00] [Worker-Main-20/INFO] (Minecraft) [STDOUT]: [CHUNKTIME] n=2560 perChunk(ms): mixin=20.98 [jni=0.00 write=0.00 hmap=0.07 scan=0.00 beard=0.02] gap=15.12 | stage carve=0.14 feat=0.40 | armAgnostic featInterval=112.12ms(n=2426) | sumMixin=53.7s sumGap=38.7s sumCarve=0.4s sumFeat=1.0s | inflight max=23 now=23
[19:22:01] [Worker-Main-13/INFO] (Minecraft) [STDOUT]: [CHUNKTIME] n=2560 perChunk(ms): mixin=22.63 [jni=0.00 write=0.00 hmap=0.07 scan=0.00 beard=0.02] gap=15.86 | stage carve=0.14 feat=0.40 | armAgnostic featInterval=109.24ms(n=2560) | sumMixin=57.9s sumGap=40.6s sumCarve=0.4s sumFeat=1.0s | inflight max=23 now=22
[19:22:01] [Worker-Main-12/INFO] (Minecraft) [STDOUT]: [CHUNKTIME] n=2816 perChunk(ms): mixin=20.99 [jni=0.00 write=0.00 hmap=0.07 scan=0.00 beard=0.02] gap=14.73 | stage carve=0.13 feat=0.37 | armAgnostic featInterval=107.33ms(n=2618) | sumMixin=59.1s sumGap=41.5s sumCarve=0.4s sumFeat=1.0s | inflight max=23 now=21
[19:22:01] [Worker-Main-4/INFO] (Minecraft) [STDOUT]: [CHUNKTIME] n=2816 perChunk(ms): mixin=22.64 [jni=0.00 write=0.00 hmap=0.07 scan=0.00 beard=0.02] gap=14.94 | stage carve=0.13 feat=0.37 | armAgnostic featInterval=102.11ms(n=2816) | sumMixin=63.8s sumGap=42.1s sumCarve=0.4s sumFeat=1.0s | inflight max=23 now=0
[19:22:01] [Worker-Main-17/INFO] (Minecraft) [STDOUT]: [CHUNKTIME] n=3072 perChunk(ms): mixin=20.95 [jni=0.00 write=0.00 hmap=0.07 scan=0.00 beard=0.02] gap=13.92 | stage carve=0.12 feat=0.34 | armAgnostic featInterval=101.04ms(n=2853) | sumMixin=64.4s sumGap=42.8s sumCarve=0.4s sumFeat=1.0s | inflight max=23 now=19
[19:22:01] [Worker-Main-3/INFO] (Minecraft) [STDOUT]: [CHUNKTIME] n=3072 perChunk(ms): mixin=22.27 [jni=0.00 write=0.00 hmap=0.07 scan=0.00 beard=0.02] gap=14.66 | stage carve=0.12 feat=0.35 | armAgnostic featInterval=95.97ms(n=3072) | sumMixin=68.4s sumGap=45.0s sumCarve=0.4s sumFeat=1.1s | inflight max=23 now=3
[19:22:01] [Worker-Main-18/INFO] (Minecraft) [STDOUT]: [CHUNKTIME] n=3328 perChunk(ms): mixin=20.76 [jni=0.00 write=0.00 hmap=0.07 scan=0.00 beard=0.02] gap=13.68 | stage carve=0.11 feat=0.32 | armAgnostic featInterval=95.27ms(n=3098) | sumMixin=69.1s sumGap=45.5s sumCarve=0.4s sumFeat=1.1s | inflight max=23 now=23
[19:22:02] [Worker-Main-13/INFO] (Minecraft) [STDOUT]: [CHUNKTIME] n=3328 perChunk(ms): mixin=21.95 [jni=0.00 write=0.00 hmap=0.07 scan=0.00 beard=0.02] gap=14.74 | stage carve=0.11 feat=0.32 | armAgnostic featInterval=90.93ms(n=3328) | sumMixin=73.0s sumGap=49.0s sumCarve=0.4s sumFeat=1.1s | inflight max=23 now=20
[19:22:02] [Worker-Main-5/INFO] (Minecraft) [STDOUT]: [CHUNKTIME] n=3584 perChunk(ms): mixin=20.45 [jni=0.00 write=0.00 hmap=0.06 scan=0.00 beard=0.02] gap=13.68 | stage carve=0.10 feat=0.30 | armAgnostic featInterval=90.47ms(n=3353) | sumMixin=73.3s sumGap=49.0s sumCarve=0.4s sumFeat=1.1s | inflight max=23 now=4
[19:22:02] [Worker-Main-15/INFO] (Minecraft) [STDOUT]: [CHUNKTIME] n=3584 perChunk(ms): mixin=21.40 [jni=0.00 write=0.00 hmap=0.07 scan=0.00 beard=0.02] gap=14.23 | stage carve=0.11 feat=0.31 | armAgnostic featInterval=86.40ms(n=3584) | sumMixin=76.7s sumGap=51.0s sumCarve=0.4s sumFeat=1.1s | inflight max=23 now=9
[19:22:02] [Worker-Main-15/INFO] (Minecraft) [STDOUT]: [CHUNKTIME] n=3840 perChunk(ms): mixin=20.16 [jni=0.00 write=0.00 hmap=0.07 scan=0.00 beard=0.02] gap=13.78 | stage carve=0.10 feat=0.29 | armAgnostic featInterval=85.70ms(n=3636) | sumMixin=77.4s sumGap=52.9s sumCarve=0.4s sumFeat=1.1s | inflight max=23 now=22
[19:22:02] [Worker-Main-5/INFO] (Minecraft) [STDOUT]: [CHUNKTIME] n=3840 perChunk(ms): mixin=21.09 [jni=0.00 write=0.00 hmap=0.07 scan=0.00 beard=0.02] gap=13.94 | stage carve=0.10 feat=0.29 | armAgnostic featInterval=82.34ms(n=3840) | sumMixin=81.0s sumGap=53.5s sumCarve=0.4s sumFeat=1.1s | inflight max=23 now=19
[19:22:02] [Worker-Main-22/INFO] (Minecraft) [STDOUT]: [CHUNKTIME] n=4096 perChunk(ms): mixin=20.03 [jni=0.00 write=0.00 hmap=0.06 scan=0.00 beard=0.01] gap=13.29 | stage carve=0.09 feat=0.28 | armAgnostic featInterval=81.44ms(n=3898) | sumMixin=82.0s sumGap=54.5s sumCarve=0.4s sumFeat=1.1s | inflight max=23 now=23
[19:22:02] [Worker-Main-15/INFO] (Minecraft) [STDOUT]: [CHUNKTIME] n=4096 perChunk(ms): mixin=21.02 [jni=0.00 write=0.00 hmap=0.07 scan=0.00 beard=0.02] gap=13.68 | stage carve=0.10 feat=0.28 | armAgnostic featInterval=79.13ms(n=4096) | sumMixin=86.1s sumGap=56.0s sumCarve=0.4s sumFeat=1.1s | inflight max=23 now=20
[19:22:02] [Worker-Main-3/INFO] (Minecraft) [STDOUT]: [CHUNKTIME] n=4352 perChunk(ms): mixin=20.31 [jni=0.00 write=0.00 hmap=0.06 scan=0.00 beard=0.01] gap=12.89 | stage carve=0.09 feat=0.26 | armAgnostic featInterval=78.69ms(n=4127) | sumMixin=88.4s sumGap=56.1s sumCarve=0.4s sumFeat=1.1s | inflight max=23 now=7
[19:22:03] [Worker-Main-14/INFO] (Minecraft) [STDOUT]: [CHUNKTIME] n=4352 perChunk(ms): mixin=21.05 [jni=0.00 write=0.00 hmap=0.07 scan=0.00 beard=0.01] gap=13.51 | stage carve=0.09 feat=0.27 | armAgnostic featInterval=76.21ms(n=4352) | sumMixin=91.6s sumGap=58.8s sumCarve=0.4s sumFeat=1.2s | inflight max=23 now=22
[19:22:03] [Worker-Main-8/INFO] (Minecraft) [STDOUT]: [CHUNKTIME] n=4608 perChunk(ms): mixin=20.10 [jni=0.00 write=0.00 hmap=0.06 scan=0.00 beard=0.01] gap=12.77 | stage carve=0.09 feat=0.25 | armAgnostic featInterval=75.68ms(n=4403) | sumMixin=92.6s sumGap=58.8s sumCarve=0.4s sumFeat=1.2s | inflight max=23 now=18
[19:22:03] [Server thread/INFO] (Minecraft) [Chunky] Task finished for minecraft:the_end. Processed: 4225 chunks (100.00%), Total time: 0:00:06
[19:22:10] [RCON Listener #1/INFO] (Minecraft) Thread RCON Client /127.0.0.1 started
[19:22:10] [RCON Client /127.0.0.1 #6/INFO] (Minecraft) Thread RCON Client /127.0.0.1 shutting down
[19:22:12] [RCON Listener #1/INFO] (Minecraft) Thread RCON Client /127.0.0.1 started
[19:22:12] [Server thread/INFO] (Minecraft) [Rcon: Stopping the server]
[19:22:12] [RCON Client /127.0.0.1 #7/INFO] (Minecraft) Thread RCON Client /127.0.0.1 shutting down
[19:22:12] [Server thread/INFO] (Minecraft) Stopping server
[19:22:12] [Server thread/INFO] (Minecraft) Saving players
[19:22:12] [Server thread/INFO] (Minecraft) Saving worlds
[19:22:12] [Server thread/INFO] (Minecraft) Saving chunks for level 'ServerLevel[world]'/minecraft:overworld
[19:22:12] [Server thread/INFO] (Minecraft) Saving chunks for level 'ServerLevel[world]'/minecraft:the_nether
[19:22:12] [Server thread/INFO] (Minecraft) Saving chunks for level 'ServerLevel[world]'/minecraft:the_end
[19:22:12] [Server thread/INFO] (Minecraft) ThreadedAnvilChunkStorage (world): All chunks are saved
[19:22:12] [Server thread/INFO] (Minecraft) ThreadedAnvilChunkStorage (DIM-1): All chunks are saved
[19:22:12] [Server thread/INFO] (Minecraft) ThreadedAnvilChunkStorage (DIM1): All chunks are saved
[19:22:12] [Server thread/INFO] (Minecraft) ThreadedAnvilChunkStorage: All dimensions are saved
[19:22:12] [Server thread/INFO] (Minecraft) Thread RCON Listener stopped

[Incubating] Problems report is available at: file:///E:/PYTHON/CoreSwap/runtime/1.21.6/java/build/reports/problems/problems-report.html

Deprecated Gradle features were used in this build, making it incompatible with Gradle 9.0.

You can use '--warning-mode all' to show the individual deprecation warnings and determine if they come from your own scripts or plugins.

For more on this, please refer to https://docs.gradle.org/8.13/userguide/command_line_interface.html#sec:command_line_warnings in the Gradle documentation.

BUILD SUCCESSFUL in 1m 1s
6 actionable tasks: 1 executed, 5 up-to-date
