Starting a Gradle Daemon, 11 stopped Daemons could not be reused, use --status for details

> Configure project :
Fabric Loom: 1.10.5

> Task :compileJava UP-TO-DATE
> Task :processResources UP-TO-DATE
> Task :classes UP-TO-DATE
> Task :generateLog4jConfig UP-TO-DATE
> Task :generateRemapClasspath UP-TO-DATE
> Task :generateDLIConfig UP-TO-DATE
> Task :configureLaunch UP-TO-DATE

> Task :runServer
[19:10:42] [main/INFO] (FabricLoader/GameProvider) Loading Minecraft 1.21.6 with Fabric Loader 0.16.14
[19:10:42] [main/INFO] (FabricLoader) Loading 42 mods:
	- chunky 1.4.40
	- coreswap1216 1.21.6-0.1.0
	- fabric-api 0.127.0+1.21.6
	- fabric-api-base 0.4.63+9ec45cd89c
	- fabric-api-lookup-api-v1 1.6.99+9ec45cd89c
	- fabric-biome-api-v1 16.0.10+fa6cb72b9c
	- fabric-block-api-v1 1.1.2+78dbe4fb9c
	- fabric-block-view-api-v2 1.0.30+d32f812d9c
	- fabric-command-api-v2 2.2.52+b39a696a9c
	- fabric-content-registries-v0 10.0.17+fa6cb72b9c
	- fabric-convention-tags-v1 2.1.37+7f945d5b9c
	- fabric-convention-tags-v2 2.15.2+d9a896309c
	- fabric-crash-report-info-v1 0.3.14+fa6cb72b9c
	- fabric-data-attachment-api-v1 1.8.8+d9a896309c
	- fabric-data-generation-api-v1 23.2.0+a12c79229c
	- fabric-dimensions-v1 4.0.18+75fa737a9c
	- fabric-entity-events-v1 2.1.0+c9e472739c
	- fabric-events-interaction-v0 4.0.22+0d4d74479c
	- fabric-game-rule-api-v1 1.0.71+9ec45cd89c
	- fabric-gametest-api-v1 3.1.8+39ce47f59c
	- fabric-item-api-v1 11.4.2+5e29f1899c
	- fabric-item-group-api-v1 4.2.12+9ec45cd89c
	- fabric-lifecycle-events-v1 2.6.2+db4dfd859c
	- fabric-loot-api-v2 3.0.54+3f89f5a59c
	- fabric-loot-api-v3 2.0.1+f40817309c
	- fabric-message-api-v1 6.1.0+8efa0e499c
	- fabric-networking-api-v1 5.0.0+d32f812d9c
	- fabric-object-builder-api-v1 21.1.5+946cf7899c
	- fabric-particles-v1 4.1.6+c1dce2189c
	- fabric-recipe-api-v1 8.1.13+39ce47f59c
	- fabric-registry-sync-v0 6.1.25+9ec45cd89c
	- fabric-rendering-fluids-v1 3.1.29+fa6cb72b9c
	- fabric-resource-conditions-api-v1 5.0.23+908cbc919c
	- fabric-resource-loader-v0 3.1.10+fa6cb72b9c
	- fabric-screen-handler-api-v1 1.3.134+d32f812d9c
	- fabric-tag-api-v1 1.2.0+75110b049c
	- fabric-transfer-api-v1 6.0.4+074c84ee9c
	- fabric-transitive-access-wideners-v1 6.4.0+ac3e15d19c
	- fabricloader 0.16.14
	- java 21
	- minecraft 1.21.6
	- mixinextras 0.4.1
[19:10:46] [main/INFO] (FabricLoader/Mixin) SpongePowered MIXIN Subsystem Version=0.8.7 Source=file:/E:/PYTHON/CoreSwap/.gradle-home/caches/modules-2/files-2.1/net.fabricmc/sponge-mixin/0.15.5+mixin.0.8.7/22f9eb729e216a091673a574a5906dc1b9027fb3/sponge-mixin-0.15.5+mixin.0.8.7.jar Service=Knot/Fabric Env=SERVER
[19:10:46] [main/INFO] (FabricLoader/Mixin) Loaded Fabric development mappings for mixin remapper!
[19:10:46] [main/INFO] (FabricLoader/Mixin) Compatibility level set to JAVA_21
[19:10:47] [main/INFO] (FabricLoader/MixinExtras|Service) Initializing MixinExtras via com.llamalad7.mixinextras.service.MixinExtrasServiceImpl(version=0.4.1).
[19:10:48] [main/WARN] (WmiQueryHandler) COM exception querying Win32_Processor, which might not be on your system. Will not attempt to query it again. Error was -2147217405: (HRESULT: 80041003)
[19:10:48] [main/WARN] (WmiQueryHandler) COM exception querying Win32_Processor, which might not be on your system. Will not attempt to query it again. Error was -2147217405: (HRESULT: 80041003)
[19:10:48] [main/WARN] (WmiQueryHandler) COM exception querying Win32_PhysicalMemory, which might not be on your system. Will not attempt to query it again. Error was -2147217405: (HRESULT: 80041003)
[19:10:54] [main/INFO] (Minecraft) Environment: Environment[sessionHost=https://sessionserver.mojang.com, servicesHost=https://api.minecraftservices.com, name=PROD]
[19:10:55] [main/INFO] (Minecraft) No existing world data, creating new world
[19:10:56] [main/INFO] (Minecraft) Loaded 1407 recipes
[19:10:56] [main/INFO] (Minecraft) Loaded 1520 advancements
[19:10:56] [main/INFO] (BiomeModificationImpl) Applied 0 biome modifications to 0 of 65 new biomes in 1.297 ms
[19:10:56] [Server thread/INFO] (Minecraft) Starting minecraft server version 1.21.6
[19:10:56] [Server thread/INFO] (Minecraft) Loading properties
[19:10:56] [Server thread/INFO] (Minecraft) Default game type: SURVIVAL
[19:10:56] [Server thread/INFO] (Minecraft) Generating keypair
[19:10:56] [Server thread/INFO] (Minecraft) Starting Minecraft server on *:25565
[19:10:56] [Server thread/INFO] (Minecraft) Using default channel type
[19:10:56] [Server thread/WARN] (Minecraft) **** SERVER IS RUNNING IN OFFLINE/INSECURE MODE!
[19:10:56] [Server thread/WARN] (Minecraft) The server will make no attempt to authenticate usernames. Beware.
[19:10:56] [Server thread/WARN] (Minecraft) While this makes the game possible to play without internet access, it also opens up the ability for hackers to connect with any username they choose.
[19:10:56] [Server thread/WARN] (Minecraft) To change this, set "online-mode" to "true" in the server.properties file.
[19:10:56] [Server thread/INFO] (Minecraft) Preparing level "world"
[19:10:59] [Server thread/INFO] (Minecraft) Preparing start region for dimension minecraft:overworld
[19:10:59] [Worker-Main-15/INFO] (Minecraft) Preparing spawn area: 2%
[19:10:59] [Worker-Main-21/INFO] (Minecraft) Preparing spawn area: 2%
[19:11:00] [Worker-Main-2/INFO] (Minecraft) Preparing spawn area: 18%
[19:11:00] [Worker-Main-17/INFO] (Minecraft) Preparing spawn area: 24%
[19:11:01] [Worker-Main-2/INFO] (Minecraft) Preparing spawn area: 51%
[19:11:01] [Server thread/INFO] (Minecraft) Time elapsed: 2053 ms
[19:11:01] [Server thread/INFO] (Minecraft) Done (4.422s)! For help, type "help"
[19:11:01] [Server thread/INFO] (Minecraft) Starting remote control listener
[19:11:01] [Server thread/INFO] (Minecraft) Thread RCON Listener started
[19:11:01] [Server thread/INFO] (Minecraft) RCON running on 0.0.0.0:25575
[19:11:01] [Server thread/INFO] (Minecraft) [STDOUT]: [BenchMod] vanilla mode: CoreSwap worldgen disabled (A/B comparison)
[19:11:01] [Server thread/INFO] (Minecraft) [STDOUT]: [BenchMod] CoreSwap replace mode: C++ worldgen active
[19:11:08] [RCON Listener #1/INFO] (Minecraft) Thread RCON Client /127.0.0.1 started
[19:11:08] [RCON Client /127.0.0.1 #2/INFO] (Minecraft) Thread RCON Client /127.0.0.1 shutting down
[19:11:09] [RCON Listener #1/INFO] (Minecraft) Thread RCON Client /127.0.0.1 started
[19:11:09] [RCON Client /127.0.0.1 #3/INFO] (Minecraft) Thread RCON Client /127.0.0.1 shutting down
[19:11:09] [RCON Listener #1/INFO] (Minecraft) Thread RCON Client /127.0.0.1 started
[19:11:09] [RCON Client /127.0.0.1 #4/INFO] (Minecraft) Thread RCON Client /127.0.0.1 shutting down
[19:11:10] [RCON Listener #1/INFO] (Minecraft) Thread RCON Client /127.0.0.1 started
[19:11:10] [RCON Client /127.0.0.1 #5/INFO] (Minecraft) Thread RCON Client /127.0.0.1 shutting down
[19:11:12] [Server thread/INFO] (Minecraft) [Chunky] Task running for minecraft:the_nether. Processed: 31 chunks (0.73%), ETA: 0:00:13, Rate: 310.0 cps, Current: -30, -26
[19:11:22] [Server thread/INFO] (Minecraft) [Chunky] Task running for minecraft:the_nether. Processed: 745 chunks (17.63%), ETA: 0:00:47, Rate: 73.6 cps, Current: -4, -15
[19:11:32] [Server thread/INFO] (Minecraft) [Chunky] Task running for minecraft:the_nether. Processed: 1443 chunks (34.15%), ETA: 0:00:39, Rate: 71.3 cps, Current: 13, -32
[19:11:43] [Server thread/INFO] (Minecraft) [Chunky] Task running for minecraft:the_nether. Processed: 2160 chunks (51.12%), ETA: 0:00:29, Rate: 70.6 cps, Current: -34, 6
[19:11:53] [Server thread/INFO] (Minecraft) [Chunky] Task running for minecraft:the_nether. Processed: 3074 chunks (72.76%), ETA: 0:00:14, Rate: 77.1 cps, Current: -9, 14
[19:12:03] [Server thread/INFO] (Minecraft) [Chunky] Task running for minecraft:the_nether. Processed: 3968 chunks (93.92%), ETA: 0:00:03, Rate: 83.0 cps, Current: 22, 10
[19:12:06] [Server thread/INFO] (Minecraft) [Chunky] Task finished for minecraft:the_nether. Processed: 4225 chunks (100.00%), Total time: 0:00:56
[19:12:15] [RCON Listener #1/INFO] (Minecraft) Thread RCON Client /127.0.0.1 started
[19:12:15] [RCON Client /127.0.0.1 #6/INFO] (Minecraft) Thread RCON Client /127.0.0.1 shutting down
[19:12:16] [RCON Listener #1/INFO] (Minecraft) Thread RCON Client /127.0.0.1 started
[19:12:16] [Server thread/INFO] (Minecraft) [Rcon: Stopping the server]
[19:12:16] [RCON Client /127.0.0.1 #7/INFO] (Minecraft) Thread RCON Client /127.0.0.1 shutting down
[19:12:16] [Server thread/INFO] (Minecraft) Stopping server
[19:12:16] [Server thread/INFO] (Minecraft) Saving players
[19:12:16] [Server thread/INFO] (Minecraft) Saving worlds
[19:12:16] [Server thread/INFO] (Minecraft) Saving chunks for level 'ServerLevel[world]'/minecraft:overworld
[19:12:16] [Server thread/INFO] (Minecraft) Saving chunks for level 'ServerLevel[world]'/minecraft:the_end
[19:12:16] [Server thread/INFO] (Minecraft) Saving chunks for level 'ServerLevel[world]'/minecraft:the_nether
[19:12:16] [Server thread/INFO] (Minecraft) ThreadedAnvilChunkStorage (world): All chunks are saved
[19:12:16] [Server thread/INFO] (Minecraft) ThreadedAnvilChunkStorage (DIM1): All chunks are saved
[19:12:16] [Server thread/INFO] (Minecraft) ThreadedAnvilChunkStorage (DIM-1): All chunks are saved
[19:12:16] [Server thread/INFO] (Minecraft) ThreadedAnvilChunkStorage: All dimensions are saved
[19:12:16] [Server thread/INFO] (Minecraft) Thread RCON Listener stopped

[Incubating] Problems report is available at: file:///E:/PYTHON/CoreSwap/runtime/1.21.6/java/build/reports/problems/problems-report.html

Deprecated Gradle features were used in this build, making it incompatible with Gradle 9.0.

You can use '--warning-mode all' to show the individual deprecation warnings and determine if they come from your own scripts or plugins.

For more on this, please refer to https://docs.gradle.org/8.13/userguide/command_line_interface.html#sec:command_line_warnings in the Gradle documentation.

BUILD SUCCESSFUL in 1m 51s
6 actionable tasks: 1 executed, 5 up-to-date
