Starting a Gradle Daemon, 10 stopped Daemons could not be reused, use --status for details

> Configure project :
Fabric Loom: 1.10.5

> Task :compileJava UP-TO-DATE
> Task :processResources UP-TO-DATE
> Task :classes UP-TO-DATE
> Task :generateLog4jConfig UP-TO-DATE
> Task :generateRemapClasspath UP-TO-DATE
> Task :generateDLIConfig UP-TO-DATE
> Task :configureLaunch UP-TO-DATE

> Task :runServer
[18:56:24] [main/INFO] (FabricLoader/GameProvider) Loading Minecraft 1.21.6 with Fabric Loader 0.16.14
[18:56:24] [main/INFO] (FabricLoader) Loading 42 mods:
	- chunky 1.4.40
	- coreswap1216 1.21.6-0.1.0
	- fabric-api 0.127.0+1.21.6
	- fabric-api-base 0.4.63+9ec45cd89c
	- fabric-api-lookup-api-v1 1.6.99+9ec45cd89c
	- fabric-biome-api-v1 16.0.10+fa6cb72b9c
	- fabric-block-api-v1 1.1.2+78dbe4fb9c
	- fabric-block-view-api-v2 1.0.30+d32f812d9c
	- fabric-command-api-v2 2.2.52+b39a696a9c
	- fabric-content-registries-v0 10.0.17+fa6cb72b9c
	- fabric-convention-tags-v1 2.1.37+7f945d5b9c
	- fabric-convention-tags-v2 2.15.2+d9a896309c
	- fabric-crash-report-info-v1 0.3.14+fa6cb72b9c
	- fabric-data-attachment-api-v1 1.8.8+d9a896309c
	- fabric-data-generation-api-v1 23.2.0+a12c79229c
	- fabric-dimensions-v1 4.0.18+75fa737a9c
	- fabric-entity-events-v1 2.1.0+c9e472739c
	- fabric-events-interaction-v0 4.0.22+0d4d74479c
	- fabric-game-rule-api-v1 1.0.71+9ec45cd89c
	- fabric-gametest-api-v1 3.1.8+39ce47f59c
	- fabric-item-api-v1 11.4.2+5e29f1899c
	- fabric-item-group-api-v1 4.2.12+9ec45cd89c
	- fabric-lifecycle-events-v1 2.6.2+db4dfd859c
	- fabric-loot-api-v2 3.0.54+3f89f5a59c
	- fabric-loot-api-v3 2.0.1+f40817309c
	- fabric-message-api-v1 6.1.0+8efa0e499c
	- fabric-networking-api-v1 5.0.0+d32f812d9c
	- fabric-object-builder-api-v1 21.1.5+946cf7899c
	- fabric-particles-v1 4.1.6+c1dce2189c
	- fabric-recipe-api-v1 8.1.13+39ce47f59c
	- fabric-registry-sync-v0 6.1.25+9ec45cd89c
	- fabric-rendering-fluids-v1 3.1.29+fa6cb72b9c
	- fabric-resource-conditions-api-v1 5.0.23+908cbc919c
	- fabric-resource-loader-v0 3.1.10+fa6cb72b9c
	- fabric-screen-handler-api-v1 1.3.134+d32f812d9c
	- fabric-tag-api-v1 1.2.0+75110b049c
	- fabric-transfer-api-v1 6.0.4+074c84ee9c
	- fabric-transitive-access-wideners-v1 6.4.0+ac3e15d19c
	- fabricloader 0.16.14
	- java 21
	- minecraft 1.21.6
	- mixinextras 0.4.1
[18:56:28] [main/INFO] (FabricLoader/Mixin) SpongePowered MIXIN Subsystem Version=0.8.7 Source=file:/E:/PYTHON/CoreSwap/.gradle-home/caches/modules-2/files-2.1/net.fabricmc/sponge-mixin/0.15.5+mixin.0.8.7/22f9eb729e216a091673a574a5906dc1b9027fb3/sponge-mixin-0.15.5+mixin.0.8.7.jar Service=Knot/Fabric Env=SERVER
[18:56:28] [main/INFO] (FabricLoader/Mixin) Loaded Fabric development mappings for mixin remapper!
[18:56:28] [main/INFO] (FabricLoader/Mixin) Compatibility level set to JAVA_21
[18:56:29] [main/INFO] (FabricLoader/MixinExtras|Service) Initializing MixinExtras via com.llamalad7.mixinextras.service.MixinExtrasServiceImpl(version=0.4.1).
[18:56:30] [main/WARN] (WmiQueryHandler) COM exception querying Win32_Processor, which might not be on your system. Will not attempt to query it again. Error was -2147217405: (HRESULT: 80041003)
[18:56:30] [main/WARN] (WmiQueryHandler) COM exception querying Win32_Processor, which might not be on your system. Will not attempt to query it again. Error was -2147217405: (HRESULT: 80041003)
[18:56:30] [main/WARN] (WmiQueryHandler) COM exception querying Win32_PhysicalMemory, which might not be on your system. Will not attempt to query it again. Error was -2147217405: (HRESULT: 80041003)
[18:56:37] [main/INFO] (Minecraft) Environment: Environment[sessionHost=https://sessionserver.mojang.com, servicesHost=https://api.minecraftservices.com, name=PROD]
[18:56:38] [main/INFO] (Minecraft) No existing world data, creating new world
[18:56:39] [main/INFO] (Minecraft) Loaded 1407 recipes
[18:56:39] [main/INFO] (Minecraft) Loaded 1520 advancements
[18:56:39] [main/INFO] (BiomeModificationImpl) Applied 0 biome modifications to 0 of 65 new biomes in 1.426 ms
[18:56:39] [Server thread/INFO] (Minecraft) Starting minecraft server version 1.21.6
[18:56:39] [Server thread/INFO] (Minecraft) Loading properties
[18:56:39] [Server thread/INFO] (Minecraft) Default game type: SURVIVAL
[18:56:39] [Server thread/INFO] (Minecraft) Generating keypair
[18:56:39] [Server thread/INFO] (Minecraft) Starting Minecraft server on *:25565
[18:56:39] [Server thread/INFO] (Minecraft) Using default channel type
[18:56:39] [Server thread/WARN] (Minecraft) **** SERVER IS RUNNING IN OFFLINE/INSECURE MODE!
[18:56:39] [Server thread/WARN] (Minecraft) The server will make no attempt to authenticate usernames. Beware.
[18:56:39] [Server thread/WARN] (Minecraft) While this makes the game possible to play without internet access, it also opens up the ability for hackers to connect with any username they choose.
[18:56:39] [Server thread/WARN] (Minecraft) To change this, set "online-mode" to "true" in the server.properties file.
[18:56:39] [Server thread/INFO] (Minecraft) Preparing level "world"
[18:56:42] [Server thread/INFO] (Minecraft) Preparing start region for dimension minecraft:overworld
[18:56:42] [Worker-Main-22/INFO] (Minecraft) Preparing spawn area: 2%
[18:56:42] [Worker-Main-8/INFO] (Minecraft) Preparing spawn area: 2%
[18:56:43] [Worker-Main-4/INFO] (Minecraft) Preparing spawn area: 14%
[18:56:43] [Worker-Main-12/INFO] (Minecraft) Preparing spawn area: 18%
[18:56:44] [Worker-Main-9/INFO] (Minecraft) Preparing spawn area: 51%
[18:56:44] [Server thread/INFO] (Minecraft) Time elapsed: 2281 ms
[18:56:44] [Server thread/INFO] (Minecraft) Done (4.765s)! For help, type "help"
[18:56:44] [Server thread/INFO] (Minecraft) Starting remote control listener
[18:56:44] [Server thread/INFO] (Minecraft) Thread RCON Listener started
[18:56:44] [Server thread/INFO] (Minecraft) RCON running on 0.0.0.0:25575
[18:56:44] [Server thread/INFO] (Minecraft) [STDOUT]: [CppBridge] init seed=417950215108767439 worldgenDir=E:\PYTHON\CoreSwap\versions\1.21.6\data\worldgen enabled=true stageMask=5 env.CORESWAP_DEFAULT_BLOCK=null
[18:56:44] [Server thread/INFO] (Minecraft) [STDOUT]: [CppBridge] dll=E:\PYTHON\CoreSwap\.tmp\java-tmp\coreswap-native\worldgen.dll size=2457088 sha256=abd7d8893d22e030...
[18:56:44] [Server thread/INFO] (Minecraft) [STDOUT]: [CppBridge] initNether seed=417950215108767439 enabled=true stageMask=5
[18:56:44] [Server thread/INFO] (Minecraft) [STDOUT]: [CppBridge] initEnd seed=417950215108767439 enabled=true stageMask=5
[18:56:44] [Server thread/INFO] (Minecraft) [STDOUT]: [BenchMod] CoreSwap replace mode: C++ worldgen active
[18:56:51] [RCON Listener #1/INFO] (Minecraft) Thread RCON Client /127.0.0.1 started
[18:56:51] [RCON Client /127.0.0.1 #2/INFO] (Minecraft) Thread RCON Client /127.0.0.1 shutting down
[18:56:52] [RCON Listener #1/INFO] (Minecraft) Thread RCON Client /127.0.0.1 started
[18:56:52] [RCON Client /127.0.0.1 #3/INFO] (Minecraft) Thread RCON Client /127.0.0.1 shutting down
[18:56:53] [RCON Listener #1/INFO] (Minecraft) Thread RCON Client /127.0.0.1 started
[18:56:53] [RCON Client /127.0.0.1 #4/INFO] (Minecraft) Thread RCON Client /127.0.0.1 shutting down
[18:56:54] [RCON Listener #1/INFO] (Minecraft) Thread RCON Client /127.0.0.1 started
[18:56:54] [RCON Client /127.0.0.1 #5/INFO] (Minecraft) Thread RCON Client /127.0.0.1 shutting down
[18:56:56] [Worker-Main-16/INFO] (Minecraft) [STDOUT]: [Mixin] placedFeature skipped (rust takeover) count=1
[18:56:56] [Worker-Main-5/INFO] (Minecraft) [STDOUT]: [Mixin] placedFeature skipped (rust takeover) count=4096
[18:56:57] [Server thread/INFO] (Minecraft) [Chunky] Task running for minecraft:overworld. Processed: 57 chunks (1.35%), ETA: 0:01:17, Rate: 53.6 cps, Current: -27, -32
[18:56:58] [Worker-Main-19/INFO] (Minecraft) [STDOUT]: [Mixin] placedFeature skipped (rust takeover) count=8192
[18:56:58] [Worker-Main-11/INFO] (Minecraft) [STDOUT]: [CHUNKTIME] n=256 perChunk(ms): mixin=255.06 [jni=243.93 write=10.14 hmap=0.42 scan=0.36 beard=0.20] gap=68.52 | stage carve=2.69 feat=4.03 | armAgnostic featInterval=657.64ms(n=250) | sumMixin=65.3s sumGap=17.5s sumCarve=0.7s sumFeat=1.0s | inflight max=23 now=23
[18:56:58] [Worker-Main-15/INFO] (Minecraft) [STDOUT]: [CHUNKTIME] n=256 perChunk(ms): mixin=257.15 [jni=245.96 write=10.19 hmap=0.42 scan=0.36 beard=0.20] gap=68.54 | stage carve=2.72 feat=4.04 | armAgnostic featInterval=644.20ms(n=256) | sumMixin=65.8s sumGap=17.5s sumCarve=0.7s sumFeat=1.0s | inflight max=23 now=21
[18:56:59] [Worker-Main-21/INFO] (Minecraft) [STDOUT]: [Mixin] placedFeature skipped (rust takeover) count=12288
[18:57:00] [Worker-Main-20/INFO] (Minecraft) [STDOUT]: [Mixin] placedFeature skipped (rust takeover) count=16384
[18:57:01] [Worker-Main-4/INFO] (Minecraft) [STDOUT]: [CHUNKTIME] n=512 perChunk(ms): mixin=238.21 [jni=228.83 write=8.58 hmap=0.45 scan=0.22 beard=0.11] gap=46.14 | stage carve=2.15 feat=2.15 | armAgnostic featInterval=597.89ms(n=481) | sumMixin=122.0s sumGap=23.6s sumCarve=1.1s sumFeat=1.1s | inflight max=23 now=19
[18:57:01] [Worker-Main-21/INFO] (Minecraft) [STDOUT]: [Mixin] placedFeature skipped (rust takeover) count=20480
[18:57:01] [Worker-Main-13/INFO] (Minecraft) [STDOUT]: [CHUNKTIME] n=512 perChunk(ms): mixin=252.75 [jni=242.97 write=8.94 hmap=0.48 scan=0.23 beard=0.12] gap=47.07 | stage carve=2.26 feat=2.17 | armAgnostic featInterval=586.66ms(n=512) | sumMixin=129.4s sumGap=24.1s sumCarve=1.2s sumFeat=1.1s | inflight max=23 now=18
[18:57:02] [Worker-Main-16/INFO] (Minecraft) [STDOUT]: [Mixin] placedFeature skipped (rust takeover) count=24576
[18:57:03] [Worker-Main-21/INFO] (Minecraft) [STDOUT]: [Mixin] placedFeature skipped (rust takeover) count=28672
[18:57:04] [Worker-Main-18/INFO] (Minecraft) [STDOUT]: [CHUNKTIME] n=768 perChunk(ms): mixin=229.13 [jni=220.98 write=7.75 hmap=0.47 scan=0.18 beard=0.08] gap=47.09 | stage carve=1.87 feat=1.53 | armAgnostic featInterval=496.69ms(n=721) | sumMixin=176.0s sumGap=36.2s sumCarve=1.4s sumFeat=1.2s | inflight max=23 now=23
[18:57:04] [Worker-Main-14/INFO] (Minecraft) [STDOUT]: [Mixin] placedFeature skipped (rust takeover) count=32768
[18:57:04] [Worker-Main-3/INFO] (Minecraft) [STDOUT]: [CHUNKTIME] n=768 perChunk(ms): mixin=241.05 [jni=232.19 write=8.09 hmap=0.49 scan=0.18 beard=0.08] gap=47.85 | stage carve=1.95 feat=1.54 | armAgnostic featInterval=481.02ms(n=768) | sumMixin=185.1s sumGap=36.7s sumCarve=1.5s sumFeat=1.2s | inflight max=23 now=20
[18:57:05] [Worker-Main-21/INFO] (Minecraft) [STDOUT]: [Mixin] placedFeature skipped (rust takeover) count=36864
[18:57:06] [Worker-Main-23/INFO] (Minecraft) [STDOUT]: [Mixin] placedFeature skipped (rust takeover) count=40960
[18:57:06] [Worker-Main-20/INFO] (Minecraft) [STDOUT]: [CHUNKTIME] n=1024 perChunk(ms): mixin=225.64 [jni=218.10 write=7.35 hmap=0.51 scan=0.16 beard=0.07] gap=40.89 | stage carve=1.84 feat=1.19 | armAgnostic featInterval=443.59ms(n=960) | sumMixin=231.1s sumGap=41.9s sumCarve=1.9s sumFeat=1.2s | inflight max=23 now=23
[18:57:07] [Worker-Main-7/INFO] (Minecraft) [STDOUT]: [Mixin] placedFeature skipped (rust takeover) count=45056
[18:57:07] [Worker-Main-13/INFO] (Minecraft) [STDOUT]: [CHUNKTIME] n=1024 perChunk(ms): mixin=240.62 [jni=232.29 write=7.83 hmap=0.54 scan=0.16 beard=0.07] gap=42.31 | stage carve=2.01 feat=1.20 | armAgnostic featInterval=427.24ms(n=1024) | sumMixin=246.4s sumGap=43.3s sumCarve=2.1s sumFeat=1.2s | inflight max=23 now=14
[18:57:08] [Worker-Main-14/INFO] (Minecraft) [STDOUT]: [Mixin] placedFeature skipped (rust takeover) count=49152
[18:57:08] [Server thread/INFO] (Minecraft) [Chunky] Task running for minecraft:overworld. Processed: 865 chunks (20.47%), ETA: 0:00:43, Rate: 76.4 cps, Current: -9, -24
[18:57:08] [Worker-Main-11/INFO] (Minecraft) [STDOUT]: [Mixin] placedFeature skipped (rust takeover) count=53248
[18:57:09] [Worker-Main-14/INFO] (Minecraft) [STDOUT]: [CHUNKTIME] n=1280 perChunk(ms): mixin=217.78 [jni=210.30 write=7.11 hmap=0.49 scan=0.14 beard=0.06] gap=39.92 | stage carve=1.89 feat=1.00 | armAgnostic featInterval=394.33ms(n=1219) | sumMixin=278.8s sumGap=51.1s sumCarve=2.4s sumFeat=1.3s | inflight max=23 now=23
[18:57:09] [Worker-Main-20/INFO] (Minecraft) [STDOUT]: [Mixin] placedFeature skipped (rust takeover) count=57344
[18:57:09] [Worker-Main-13/INFO] (Minecraft) [STDOUT]: [CHUNKTIME] n=1280 perChunk(ms): mixin=228.26 [jni=220.07 write=7.47 hmap=0.51 scan=0.15 beard=0.06] gap=42.47 | stage carve=1.99 feat=1.01 | armAgnostic featInterval=386.99ms(n=1280) | sumMixin=292.2s sumGap=54.4s sumCarve=2.5s sumFeat=1.3s | inflight max=23 now=22
[18:57:10] [Worker-Main-9/INFO] (Minecraft) [STDOUT]: [Mixin] placedFeature skipped (rust takeover) count=61440
[18:57:11] [Worker-Main-21/INFO] (Minecraft) [STDOUT]: [Mixin] placedFeature skipped (rust takeover) count=65536
[18:57:11] [Worker-Main-16/INFO] (Minecraft) [STDOUT]: [CHUNKTIME] n=1536 perChunk(ms): mixin=208.91 [jni=201.58 write=6.95 hmap=0.48 scan=0.14 beard=0.05] gap=37.41 | stage carve=1.85 feat=0.87 | armAgnostic featInterval=365.88ms(n=1456) | sumMixin=320.9s sumGap=57.5s sumCarve=2.8s sumFeat=1.3s | inflight max=23 now=20
[18:57:11] [Worker-Main-17/INFO] (Minecraft) [STDOUT]: [Mixin] placedFeature skipped (rust takeover) count=69632
[18:57:12] [Worker-Main-11/INFO] (Minecraft) [STDOUT]: [CHUNKTIME] n=1536 perChunk(ms): mixin=217.44 [jni=209.60 write=7.29 hmap=0.50 scan=0.14 beard=0.06] gap=40.16 | stage carve=1.95 feat=0.94 | armAgnostic featInterval=356.06ms(n=1536) | sumMixin=334.0s sumGap=61.7s sumCarve=3.0s sumFeat=1.4s | inflight max=23 now=6
[18:57:12] [Worker-Main-21/INFO] (Minecraft) [STDOUT]: [Mixin] placedFeature skipped (rust takeover) count=73728
