WARNING: A restricted method in java.lang.System has been called
WARNING: java.lang.System::load has been called by net.rubygrapefruit.platform.internal.NativeLibraryLoader in an unnamed module (file:/D:/gradle/gradle-8.13/lib/native-platform-0.22-milestone-28.jar)
WARNING: Use --enable-native-access=ALL-UNNAMED to avoid a warning for callers in this module
WARNING: Restricted methods will be blocked in a future release unless native access is enabled

Starting a Gradle Daemon, 1 busy and 1 incompatible and 1 stopped Daemons could not be reused, use --status for details
Caught exception: Couldn't open current thread, error = 5
Exception in thread "File watcher server" net.rubygrapefruit.platform.NativeException: Couldn't open current thread, error = 5
	at org.gradle.fileevents.internal.AbstractNativeFileEventFunctions$NativeFileWatcher.initializeRunLoop0(Native Method)
	at org.gradle.fileevents.internal.AbstractNativeFileEventFunctions$NativeFileWatcher.initializeRunLoop(AbstractNativeFileEventFunctions.java:25)
	at org.gradle.fileevents.internal.AbstractFileEventFunctions$AbstractFileWatcher$1.run(AbstractFileEventFunctions.java:151)

> Configure project :
Fabric Loom: 1.10.5

> Task :compileJava
注: 某些输入文件使用或覆盖了已过时的 API。
注: 有关详细信息, 请使用 -Xlint:deprecation 重新编译。
注: 某些输入文件使用了未经检查或不安全的操作。
注: 有关详细信息, 请使用 -Xlint:unchecked 重新编译。

> Task :processResources
[coreswap1216] synced Rust dll: 2457088 bytes

> Task :classes
> Task :jar
> Task :compileTestJava NO-SOURCE
> Task :processIncludeJars
> Task :processTestResources NO-SOURCE
> Task :testClasses UP-TO-DATE
> Task :test NO-SOURCE
> Task :validateAccessWidener NO-SOURCE
> Task :check UP-TO-DATE
> Task :remapJar
> Task :remapSourcesJar SKIPPED
> Task :assemble
> Task :build

[Incubating] Problems report is available at: file:///E:/PYTHON/CoreSwap/versions/1.21.6/java/build/reports/problems/problems-report.html

Deprecated Gradle features were used in this build, making it incompatible with Gradle 9.0.

You can use '--warning-mode all' to show the individual deprecation warnings and determine if they come from your own scripts or plugins.

For more on this, please refer to https://docs.gradle.org/8.13/userguide/command_line_interface.html#sec:command_line_warnings in the Gradle documentation.

BUILD SUCCESSFUL in 29s
5 actionable tasks: 5 executed
